== 現行:漲幅15%/看20天/跌破20日線/冷卻20/氣候≤35%
現行 | p1: n= 387 20日命中 +7.2 平均-0.61% 扣大盤-0.12% | 40日命中 +8.0 平均-0.17% | p2: n=1253 20日命中+11.0 平均-4.13% 扣大盤-1.77% | 40日命中+14.5 平均-7.39%
== 漲幅門檻
thr=0.08 | p1: n=1167 20日命中 +6.4 平均-0.72% 扣大盤-0.11% | 40日命中 +3.6 平均-0.38% | p2: n=2465 20日命中+10.5 平均-3.01% 扣大盤-0.71% | 40日命中+11.1 平均-5.16%
thr=0.1 | p1: n= 851 20日命中 +8.6 平均-1.08% 扣大盤-0.36% | 40日命中 +5.6 平均-0.63% | p2: n=2048 20日命中+10.5 平均-3.28% 扣大盤-0.96% | 40日命中+12.8 平均-5.82%
thr=0.15 | p1: n= 387 20日命中 +7.2 平均-0.61% 扣大盤-0.12% | 40日命中 +8.0 平均-0.17% | p2: n=1253 20日命中+11.0 平均-4.13% 扣大盤-1.77% | 40日命中+14.5 平均-7.39%
thr=0.2 | p1: n= 208 20日命中 +5.3 平均+0.18% 扣大盤+0.53% | 40日命中 +4.4 平均+0.79% | p2: n= 832 20日命中+12.8 平均-5.33% 扣大盤-2.92% | 40日命中+16.2 平均-9.42%
thr=0.25 | p1: n= 122 20日命中 +7.5 平均-0.06% 扣大盤+0.45% | 40日命中 +3.0 平均+1.70% | p2: n= 595 20日命中+14.9 平均-6.76% 扣大盤-4.06% | 40日命中+20.6 平均-12.07%
thr=0.3 | p1: n=  76 20日命中 +2.5 平均+2.20% 扣大盤+2.35% | 40日命中 +0.2 平均+5.74% | p2: n= 439 20日命中+18.2 平均-8.18% 扣大盤-5.23% | 40日命中+24.3 平均-14.38%
== 回看天數
win=10 | p1: n= 316 20日命中 +7.8 平均-0.95% 扣大盤-0.30% | 40日命中 +8.9 平均-0.02% | p2: n=1103 20日命中+10.8 平均-4.18% 扣大盤-1.74% | 40日命中+14.9 平均-7.28%
win=20 | p1: n= 387 20日命中 +7.2 平均-0.61% 扣大盤-0.12% | 40日命中 +8.0 平均-0.17% | p2: n=1253 20日命中+11.0 平均-4.13% 扣大盤-1.77% | 40日命中+14.5 平均-7.39%
win=30 | p1: n= 465 20日命中 +7.1 平均-0.74% 扣大盤-0.11% | 40日命中 +7.6 平均-0.32% | p2: n=1468 20日命中+10.9 平均-3.73% 扣大盤-1.42% | 40日命中+13.5 平均-6.80%
win=40 | p1: n= 570 20日命中 +7.5 平均-0.45% 扣大盤+0.18% | 40日命中 +6.1 平均-0.04% | p2: n=1714 20日命中+10.1 平均-3.19% 扣大盤-1.03% | 40日命中+13.0 平均-6.22%
== 跌破哪條均線
ma_x=10 | p1: n= 493 20日命中 +7.2 平均-0.50% 扣大盤+0.06% | 40日命中 +4.6 平均+0.35% | p2: n=1461 20日命中 +9.8 平均-3.45% 扣大盤-1.23% | 40日命中+13.0 平均-6.40%
ma_x=20 | p1: n= 387 20日命中 +7.2 平均-0.61% 扣大盤-0.12% | 40日命中 +8.0 平均-0.17% | p2: n=1253 20日命中+11.0 平均-4.13% 扣大盤-1.77% | 40日命中+14.5 平均-7.39%
ma_x=30 | p1: n= 315 20日命中 +8.3 平均-0.37% 扣大盤-0.00% | 40日命中 +6.5 平均-0.52% | p2: n=1100 20日命中+13.1 平均-4.29% 扣大盤-1.61% | 40日命中+16.3 平均-7.26%
ma_x=50 | p1: n= 180 20日命中 +9.1 平均-0.08% 扣大盤+0.36% | 40日命中 +7.6 平均-0.94% | p2: n= 853 20日命中+13.5 平均-4.34% 扣大盤-2.18% | 40日命中+14.6 平均-6.21%
== 漲幅相對哪條均線
ma_ext=20 | p1: n= 175 20日命中 +8.8 平均-0.58% 扣大盤-0.51% | 40日命中 +5.5 平均+0.83% | p2: n= 963 20日命中+12.0 平均-4.75% 扣大盤-2.42% | 40日命中+16.4 平均-9.24%
ma_ext=50 | p1: n= 387 20日命中 +7.2 平均-0.61% 扣大盤-0.12% | 40日命中 +8.0 平均-0.17% | p2: n=1253 20日命中+11.0 平均-4.13% 扣大盤-1.77% | 40日命中+14.5 平均-7.39%
ma_ext=100 | p1: n= 736 20日命中 +7.8 平均-0.97% 扣大盤-0.07% | 40日命中 +4.8 平均-0.37% | p2: n=1694 20日命中 +9.2 平均-2.73% 扣大盤-0.71% | 40日命中+11.2 平均-4.78%
== 冷卻天數
cd=5 | p1: n= 564 20日命中 +6.5 平均+0.04% 扣大盤+0.29% | 40日命中 +7.3 平均+0.29% | p2: n=1856 20日命中+11.7 平均-4.07% 扣大盤-1.50% | 40日命中+15.3 平均-7.20%
cd=10 | p1: n= 467 20日命中 +7.9 平均-0.36% 扣大盤+0.00% | 40日命中 +8.3 平均+0.32% | p2: n=1599 20日命中+11.9 平均-4.03% 扣大盤-1.55% | 40日命中+15.4 平均-7.19%
cd=20 | p1: n= 387 20日命中 +7.2 平均-0.61% 扣大盤-0.12% | 40日命中 +8.0 平均-0.17% | p2: n=1253 20日命中+11.0 平均-4.13% 扣大盤-1.77% | 40日命中+14.5 平均-7.39%
cd=40 | p1: n= 337 20日命中 +7.2 平均-0.86% 扣大盤-0.21% | 40日命中 +8.3 平均-0.18% | p2: n=1017 20日命中+10.7 平均-3.87% 扣大盤-1.36% | 40日命中+14.5 平均-7.54%
== 氣候門檻
cut=0.1 | p1: n= 159 20日命中 +6.9 平均-0.17% 扣大盤+0.21% | 40日命中+10.5 平均-0.60% | p2: n= 619 20日命中 +9.3 平均-3.60% 扣大盤-1.68% | 40日命中+17.0 平均-9.11%
cut=0.2 | p1: n= 265 20日命中 +9.3 平均-0.90% 扣大盤+0.26% | 40日命中+10.3 平均-1.06% | p2: n= 898 20日命中 +8.5 平均-2.99% 扣大盤-1.31% | 40日命中+13.6 平均-6.75%
cut=0.35 | p1: n= 387 20日命中 +7.2 平均-0.61% 扣大盤-0.12% | 40日命中 +8.0 平均-0.17% | p2: n=1253 20日命中+11.0 平均-4.13% 扣大盤-1.77% | 40日命中+14.5 平均-7.39%
cut=0.5 | p1: n= 538 20日命中 +4.5 平均-0.40% 扣大盤-0.21% | 40日命中 +7.6 平均-0.35% | p2: n=1554 20日命中 +8.2 平均-3.05% 扣大盤-0.92% | 40日命中+12.4 平均-6.06%
cut=0.65 | p1: n= 670 20日命中 +3.7 平均-0.23% 扣大盤+0.04% | 40日命中 +7.9 平均-0.28% | p2: n=2119 20日命中 +4.9 平均-1.21% 扣大盤+0.07% | 40日命中 +9.0 平均-3.30%
cut=1.01 | p1: n=1220 20日命中 +2.1 平均+0.38% 扣大盤+0.01% | 40日命中 +4.4 平均+0.21% | p2: n=3521 20日命中 +2.4 平均-0.41% 扣大盤-0.11% | 40日命中 +3.8 平均-0.35%
== 二維:漲幅 × 氣候(20日命中差,前半/後半)
thr=0.10:  cut0.20 +11.9/ +9.1(n576/1466)  cut0.35  +8.6/+10.5(n851/2048)  cut0.50  +4.6/ +7.7(n1196/2542)  cut1.01  +1.4/ +1.8(n2714/5648)
thr=0.15:  cut0.20  +9.3/ +8.5(n265/898)  cut0.35  +7.2/+11.0(n387/1253)  cut0.50  +4.5/ +8.2(n538/1554)  cut1.01  +2.1/ +2.4(n1220/3521)
thr=0.20:  cut0.20  +6.2/+10.0(n138/601)  cut0.35  +5.3/+12.8(n208/832)  cut0.50  +2.6/+10.2(n278/1034)  cut1.01  +3.1/ +4.3(n609/2358)
thr=0.25:  cut0.20  +7.2/+10.9(n79/428)  cut0.35  +7.5/+14.9(n122/595)  cut0.50  +6.6/+11.4(n160/742)  cut1.01  +5.9/ +5.6(n340/1671)
== 四段期間(20日命中差):現行 [np.float64(8.5), np.float64(6.5), np.float64(17.6), np.float64(5.8)]  不看氣候 [np.float64(-1.2), np.float64(5.4), np.float64(2.6), np.float64(3.2)]
