
######## 出(進場:隔天開盤)  事件 前半 387 / 後半 1253
  整體 p1: 20日後較低 48.1%(基準 40.9%,差 +7.2 [+0.2,+14.1]) 平均 +0.65% 扣大盤 -0.12% | 40日 46.0%(基準 38.0%)
  整體 p2: 20日後較低 56.7%(基準 45.6%,差 +11.0 [+5.9,+16.0]) 平均 -3.23% 扣大盤 -1.77% | 40日 58.9%(基準 44.3%)
  -- 個股條件
破線爆量(量≥1.5×)               佔  21% | 前半 有 49.5%(n 105) 無 47.5% 差 +2.0 [-10.6,+13.0] | 後半 有 57.3%(n 248) 無 56.5% 差 +0.7 [ -7.4, +7.3] | 40日差  -4.3/ +1.0 | 扣大盤差 -0.04/-1.30% | 四段 3/4 [2.1, 6.9, -4.0, 3.8]
爆量(量≥2×)                   佔  10% | 前半 有 37.8%(n  45) 無 49.4% 差-11.6 [-24.8, +2.0] | 後半 有 59.8%(n 122) 無 56.3% 差 +3.5 [ -4.9,+11.0] | 40日差  -4.3/ +1.8 | 扣大盤差 +3.56/-0.18% | 四段 3/4 [-9.6, 1.6, 0.9, 2.1]
跳空跌≥2%                     佔  28% | 前半 有 49.2%(n  59) 無 47.9% 差 +1.3 [ -8.6, +9.8] | 後半 有 62.0%(n 397) 無 54.2% 差 +7.8 [ +0.9,+14.7] | 40日差 +13.7/ +9.7 | 扣大盤差 -0.54/-2.53% | 四段 3/4 [3.1, 4.8, -2.4, 18.9]
當天跌≥4%                     佔  48% | 前半 有 54.8%(n 124) 無 44.9% 差+10.0 [ -0.2,+17.4] | 後半 有 60.5%(n 659) 無 52.4% 差 +8.2 [ +1.2,+14.1] | 40日差  +4.7/+10.3 | 扣大盤差 -0.12/-4.49% | 四段 4/4 [13.8, 6.3, 4.2, 12.6]
收在當日低檔(IBS≤.25)            佔  59% | 前半 有 48.5%(n 229) 無 47.5% 差 +1.0 [ -6.0,+10.1] | 後半 有 57.7%(n 743) 無 55.1% 差 +2.6 [ -3.5, +8.4] | 40日差  -2.5/ -1.9 | 扣大盤差 -0.28/+0.29% | 四段 3/4 [0.6, 3.3, 6.0, -3.2]
跳空高開≥2%後收黑                 佔   3% | 前半 有 57.1%(n   7) 無 47.9% 差 +9.2 [-23.7,+44.4] | 後半 有 41.9%(n  43) 無 57.2% 差-15.3 [-32.0, +1.6] | 40日差  -3.2/ -1.8 | 扣大盤差 +8.09/+4.02% | 四段 0/2 [None, None, -24.2, -13.6]
當天收跌                       佔  99% | 前半 有 48.0%(n 379) 無 50.0% 差 -2.0 [-31.3,+29.0] | 後半 有 57.0%(n1241) 無 25.0% 差+32.0 [+10.6,+52.9] | 40日差 -16.9/+25.7 | 扣大盤差 +0.50/-3.33% | 四段 0/0 [None, None, None, None]
前20天有頂K                    佔  23% | 前半 有 48.2%(n  56) 無 48.0% 差 +0.2 [-11.8,+13.9] | 後半 有 65.3%(n 323) 無 53.7% 差+11.7 [ +5.4,+16.6] | 40日差  +4.7/+11.9 | 扣大盤差 +0.90/-6.04% | 四段 3/4 [7.1, -3.1, 9.1, 14.7]
漲更多(50日線上≥30%)             佔  30% | 前半 有 43.4%(n  76) 無 49.2% 差 -5.8 [-15.9, +5.1] | 後半 有 62.9%(n 421) 無 53.5% 差 +9.5 [ +3.1,+14.6] | 40日差  -9.8/+13.9 | 扣大盤差 +3.07/-5.27% | 四段 3/4 [-8.0, 12.6, 11.0, 8.1]
已跌破50日線                    佔   9% | 前半 有 27.3%(n  22) 無 49.3% 差-22.0 [-35.1,-10.9] | 後半 有 58.6%(n 128) 無 56.4% 差 +2.1 [ -8.7,+10.7] | 40日差  -0.6/ +1.3 | 扣大盤差 +6.48/-1.57% | 四段 2/4 [-25.0, -11.0, 4.1, 3.8]
高點降低(近5日高<前15日高2%)         佔  43% | 前半 有 46.6%(n 161) 無 49.1% 差 -2.5 [ -9.7, +5.9] | 後半 有 58.4%(n 550) 無 55.3% 差 +3.0 [ -2.1, +7.6] | 40日差  -2.2/ +1.6 | 扣大盤差 +1.47/-2.25% | 四段 2/4 [1.5, -4.1, 6.7, -2.4]
相對QQQ弱(10日落後≥5%)           佔  36% | 前半 有 43.1%(n 109) 無 50.0% 差 -6.9 [-14.4, +0.9] | 後半 有 59.0%(n 478) 無 55.2% 差 +3.8 [ -2.7,+10.2] | 40日差  -2.7/ +6.0 | 扣大盤差 +1.24/-1.74% | 四段 3/4 [-4.8, 1.6, 2.8, 4.9]
相對QQQ強(10日領先≥5%)           佔   7% | 前半 有 62.5%(n   8) 無 47.8% 差+14.7 [-11.8,+43.7] | 後半 有 50.0%(n 104) 無 57.3% 差 -7.3 [-15.9, +0.8] | 40日差 +29.6/ -7.0 | 扣大盤差 -1.33/+0.92% | 四段 0/2 [None, None, -2.6, -15.4]
在200日線上                    佔  79% | 前半 有 49.7%(n 332) 無 38.2% 差+11.5 [ -1.3,+23.0] | 後半 有 54.7%(n 969) 無 63.4% 差 -8.7 [-14.2, -1.9] | 40日差  -1.5/-13.1 | 扣大盤差 -4.45/+2.62% | 四段 2/4 [25.2, 5.8, -10.2, -9.0]
AI/半導體股                    佔  26% | 前半 有 50.4%(n 133) 無 46.9% 差 +3.5 [ -9.5,+14.1] | 後半 有 45.7%(n 300) 無 60.1% 差-14.5 [-24.8, -5.3] | 40日差 +12.4/-10.8 | 扣大盤差 -0.54/+6.23% | 四段 1/4 [3.9, -2.7, -5.6, -19.1]
近20天財報反應差                  佔   4% | 前半 有 60.0%(n  15) 無 47.6% 差+12.4 [-11.7,+32.7] | 後半 有 57.1%(n  56) 無 56.6% 差 +0.5 [ -8.9,+12.0] | 40日差 +14.6/ +9.5 | 扣大盤差 -1.96/+2.64% | 四段 1/2 [None, None, 6.3, -4.6]
5天內要公布財報                   佔   7% | 前半 有 43.8%(n  32) 無 48.5% 差 -4.7 [-18.9,+10.3] | 後半 有 54.4%(n  79) 無 56.8% 差 -2.4 [-13.2, +8.6] | 40日差  +4.4/ -5.2 | 扣大盤差 +2.00/+1.35% | 四段 1/3 [-4.5, None, 3.5, -7.8]
財報當天/隔天                    佔   5% | 前半 有 50.0%(n  18) 無 48.0% 差 +2.0 [-18.8,+23.1] | 後半 有 60.0%(n  65) 無 56.5% 差 +3.5 [ -7.0,+15.4] | 40日差  -1.6/ +8.8 | 扣大盤差 -3.81/+1.42% | 四段 2/3 [None, 17.6, -0.8, 4.2]
內部人近3月賣超前10%               佔  12% | 前半 有 54.4%(n  57) 無 47.0% 差 +7.4 [ -5.8,+23.0] | 後半 有 55.9%(n 145) 無 56.8% 差 -0.9 [ -9.1, +7.3] | 40日差  +1.6/ -2.6 | 扣大盤差 -0.79/-1.66% | 四段 2/4 [5.9, -0.3, -14.1, 19.2]
  -- 大盤/總經條件
SPY在20日線下                  佔  44% | 前半 有 52.0%(n 125) 無 46.2% 差 +5.8 [ -8.8,+15.6] | 後半 有 54.8%(n 586) 無 58.3% 差 -3.5 [-12.7, +3.8] | 40日差  +7.7/ -5.8 | 扣大盤差 +0.13/+1.42% | 四段 1/4 [5.6, -2.8, -5.2, -1.7] | 大盤本身  -5.1/ -3.7
QQQ在20日線下                  佔  49% | 前半 有 49.7%(n 147) 無 47.1% 差 +2.6 [ -8.1,+10.2] | 後半 有 53.7%(n 661) 無 60.0% 差 -6.3 [-14.9, +1.3] | 40日差  +2.6/ -4.9 | 扣大盤差 +1.65/+1.26% | 四段 1/4 [4.2, -6.4, -6.6, -6.9] | 大盤本身  -4.9/ -2.3
QQQ在50日線下                  佔  30% | 前半 有 44.9%(n  69) 無 48.7% 差 -3.8 [-16.1, +7.8] | 後半 有 50.7%(n 418) 無 59.6% 差 -8.9 [-16.8, -0.4] | 40日差  -4.8/-19.7 | 扣大盤差 -0.04/+2.85% | 四段 0/4 [-3.4, -4.3, -9.0, -13.4] | 大盤本身  -8.8/ -3.9
QQQ 20日報酬<0                佔  37% | 前半 有 53.1%(n  81) 無 46.7% 差 +6.4 [ -8.9,+16.9] | 後半 有 54.1%(n 525) 無 58.5% 差 -4.4 [-12.9, +3.8] | 40日差  +2.7/-10.4 | 扣大盤差 -1.39/+0.25% | 四段 2/4 [5.8, 2.8, -8.0, -3.8] | 大盤本身  -4.7/ -2.4
廣度:站上20日線<40%              佔  38% | 前半 有 48.4%(n  93) 無 48.0% 差 +0.4 [-11.4, +9.6] | 後半 有 51.3%(n 520) 無 60.4% 差 -9.1 [-17.8, -0.5] | 40日差  +0.3/ -8.8 | 扣大盤差 +0.59/+2.45% | 四段 0/4 [-1.2, -4.6, -11.5, -9.8] | 大盤本身  -6.7/ -4.3
廣度10天掉≥15點(50日)            佔  23% | 前半 有 52.5%(n 101) 無 46.5% 差 +6.0 [ -9.6,+17.5] | 後半 有 54.3%(n 291) 無 57.4% 差 -3.1 [-13.0, +8.2] | 40日差 +11.4/ -7.7 | 扣大盤差 -0.15/+0.75% | 四段 2/4 [6.3, -3.2, 3.5, -21.6] | 大盤本身  -6.0/ -4.2
VIX≥20                     佔  38% | 前半 有 49.5%(n  99) 無 47.6% 差 +1.9 [-18.7,+13.9] | 後半 有 58.3%(n 537) 無 55.4% 差 +2.8 [ -7.8,+12.3] | 40日差  +2.0/ -3.0 | 扣大盤差 +2.38/+0.75% | 四段 1/3 [1.5, None, -1.7, -1.1] | 大盤本身  -6.3/ -7.0
VIX 10日升≥20%               佔  24% | 前半 有 54.9%(n  91) 無 45.9% 差 +9.0 [ -9.0,+19.3] | 後半 有 52.0%(n 319) 無 58.2% 差 -6.2 [-14.3, +1.7] | 40日差 +10.3/ -6.7 | 扣大盤差 +0.53/+0.84% | 四段 1/4 [11.5, -4.5, -7.7, -7.3] | 大盤本身  -2.3/ -2.1
VIX倒掛(≥VIX3M)              佔   6% | 前半 有 58.1%(n  31) 無 47.2% 差+10.9 [-13.1,+32.6] | 後半 有 49.3%(n  71) 無 57.1% 差 -7.8 [-22.9,+10.1] | 40日差  -0.9/-13.2 | 扣大盤差 +2.61/-0.49% | 四段 2/4 [10.8, -3.1, 8.5, -11.9] | 大盤本身  -4.9/-10.7
QQQ出貨日≥5(25天)              佔  82% | 前半 有 51.0%(n 239) 無 43.2% 差 +7.8 [ -2.9,+18.1] | 後半 有 56.6%(n1098) 無 57.4% 差 -0.9 [-12.6, +8.4] | 40日差 +11.0/ +1.6 | 扣大盤差 -0.15/+1.10% | 四段 2/4 [19.4, -5.9, 0.3, -0.7] | 大盤本身  -0.5/ +2.3
油價20日走弱(最低1/3)             佔  33% | 前半 有 60.7%(n  89) 無 44.3% 差+16.4 [ +4.0,+26.3] | 後半 有 64.4%(n 464) 無 52.1% 差+12.3 [ +3.8,+19.6] | 40日差 +23.4/+13.5 | 扣大盤差 -2.18/-2.51% | 四段 3/4 [20.9, -23.6, 9.8, 21.5] | 大盤本身  +4.5/ -1.5
10年債殖利率20日急降(1/3)          佔  16% | 前半 有 69.1%(n  55) 無 44.6% 差+24.5 [ +3.6,+32.9] | 後半 有 64.7%(n 215) 無 55.0% 差 +9.6 [ -2.1,+20.2] | 40日差 +18.4/ +0.3 | 扣大盤差 -1.28/-4.33% | 四段 2/4 [29.7, -9.2, -6.2, 36.3] | 大盤本身  -4.2/ +0.5
信用轉弱(1/3)                  佔  25% | 前半 有 53.8%(n  80) 無 46.6% 差 +7.2 [ -3.8,+16.3] | 後半 有 57.6%(n 335) 無 56.3% 差 +1.3 [-12.4, +9.5] | 40日差  +5.0/ -2.5 | 扣大盤差 -0.90/-2.65% | 四段 2/4 [5.9, -0.3, -16.5, 22.4] | 大盤本身  -1.6/ -0.7

######## 出(不看資金)(進場:隔天開盤)  事件 前半 1220 / 後半 3521
  整體 p1: 20日後較低 43.0%(基準 40.9%,差 +2.1 [-1.6,+6.2]) 平均 +1.65% 扣大盤 +0.01% | 40日 42.4%(基準 38.0%)
  整體 p2: 20日後較低 48.1%(基準 45.6%,差 +2.4 [-1.1,+6.5]) 平均 +0.49% 扣大盤 -0.11% | 40日 48.1%(基準 44.3%)
  -- 個股條件
破線爆量(量≥1.5×)               佔  21% | 前半 有 45.6%(n 272) 無 42.3% 差 +3.3 [ -2.4, +8.6] | 後半 有 51.1%(n 710) 無 47.3% 差 +3.8 [ -0.1, +7.7] | 40日差  +0.3/ +3.8 | 扣大盤差 -0.66/-0.99% | 四段 4/4 [3.7, 2.0, 3.2, 4.5]
爆量(量≥2×)                   佔  11% | 前半 有 46.1%(n 128) 無 42.7% 差 +3.4 [ -3.5,+10.9] | 後半 有 55.9%(n 376) 無 47.1% 差 +8.7 [ +3.9,+13.2] | 40日差  +4.2/ +6.1 | 扣大盤差 -0.58/-1.57% | 四段 3/4 [-1.3, 7.7, 8.2, 9.1]
跳空跌≥2%                     佔  26% | 前半 有 46.7%(n 195) 無 42.3% 差 +4.3 [ -2.3,+11.0] | 後半 有 55.6%(n1049) 無 44.9% 差+10.7 [ +7.0,+14.2] | 40日差  +4.5/ +8.4 | 扣大盤差 -0.38/-2.37% | 四段 4/4 [9.1, 1.0, 5.7, 14.7]
當天跌≥4%                     佔  45% | 前半 有 46.1%(n 399) 無 41.5% 差 +4.6 [ -1.0, +9.6] | 後半 有 52.8%(n1733) 無 43.5% 差 +9.3 [ +5.8,+12.9] | 40日差  +4.4/+10.5 | 扣大盤差 +0.49/-1.85% | 四段 3/4 [9.3, -2.9, 9.4, 10.4]
收在當日低檔(IBS≤.25)            佔  59% | 前半 有 42.6%(n 723) 無 43.7% 差 -1.1 [ -5.4, +3.5] | 後半 有 49.1%(n2069) 無 46.6% 差 +2.4 [ -1.0, +6.0] | 40日差  -0.8/ -0.2 | 扣大盤差 +0.38/+0.20% | 四段 2/4 [-0.1, -1.4, 3.5, 1.9]
跳空高開≥2%後收黑                 佔   3% | 前半 有 45.5%(n  22) 無 43.0% 差 +2.5 [-13.1,+18.8] | 後半 有 44.4%(n 126) 無 48.2% 差 -3.7 [-14.2, +6.3] | 40日差  -1.5/ +3.2 | 扣大盤差 +9.31/+3.63% | 四段 1/3 [None, 11.1, -5.6, -3.6]
當天收跌                       佔  99% | 前半 有 43.1%(n1202) 無 38.9% 差 +4.2 [-15.9,+23.8] | 後半 有 48.1%(n3487) 無 41.2% 差 +6.9 [ -6.4,+19.9] | 40日差  -7.7/ +3.0 | 扣大盤差 -7.12/+1.34% | 四段 0/1 [None, None, None, -1.5]
前20天有頂K                    佔  23% | 前半 有 51.4%(n 140) 無 41.9% 差 +9.5 [ +1.2,+17.4] | 後半 有 54.8%(n 934) 無 45.6% 差 +9.2 [ +5.1,+13.5] | 40日差 +12.6/+10.5 | 扣大盤差 -0.30/-2.70% | 四段 4/4 [10.7, 6.7, 11.6, 7.5]
漲更多(50日線上≥30%)             佔  30% | 前半 有 45.4%(n 207) 無 42.5% 差 +2.9 [ -4.6, +9.2] | 後半 有 52.4%(n1209) 無 45.8% 差 +6.6 [ +2.3,+10.5] | 40日差  -1.0/ +9.0 | 扣大盤差 +1.79/-1.54% | 四段 4/4 [0.3, 8.2, 5.7, 6.4]
已跌破50日線                    佔   8% | 前半 有 37.9%(n  58) 無 43.3% 差 -5.4 [-15.4, +3.5] | 後半 有 57.5%(n 325) 無 47.1% 差+10.4 [ +4.5,+15.6] | 40日差  +2.6/ +8.8 | 扣大盤差 +1.68/-3.02% | 四段 2/4 [-9.0, -3.4, 14.8, 9.2]
高點降低(近5日高<前15日高2%)         佔  42% | 前半 有 42.2%(n 457) 無 43.5% 差 -1.3 [ -5.6, +3.3] | 後半 有 48.0%(n1555) 無 48.1% 差 -0.1 [ -3.2, +3.1] | 40日差  +0.5/ +3.2 | 扣大盤差 +1.18/-0.45% | 四段 2/4 [2.7, -3.9, 2.3, -2.6]
相對QQQ弱(10日落後≥5%)           佔  37% | 前半 有 42.9%(n 336) 無 43.1% 差 -0.2 [ -4.8, +4.5] | 後半 有 51.0%(n1417) 無 46.1% 差 +4.9 [ +1.3, +8.8] | 40日差  +1.1/ +5.0 | 扣大盤差 +0.90/-1.48% | 四段 4/4 [0.3, 0.8, 2.9, 6.0]
相對QQQ強(10日領先≥5%)           佔   5% | 前半 有 42.4%(n  33) 無 43.0% 差 -0.6 [-15.9,+11.1] | 後半 有 50.2%(n 215) 無 47.9% 差 +2.3 [ -4.5, +8.8] | 40日差  +6.3/ +2.5 | 扣大盤差 -0.01/+0.36% | 四段 2/4 [3.3, -10.3, 8.0, -0.4]
在200日線上                    佔  79% | 前半 有 42.9%(n 992) 無 43.4% 差 -0.5 [ -6.6, +6.2] | 後半 有 45.8%(n2738) 無 55.8% 差-10.0 [-14.8, -4.6] | 40日差  -4.5/ -6.4 | 扣大盤差 -0.48/+2.68% | 四段 1/4 [6.2, -1.5, -18.2, -3.8]
AI/半導體股                    佔  25% | 前半 有 43.8%(n 397) 無 42.6% 差 +1.2 [ -5.6, +7.6] | 後半 有 41.2%(n 791) 無 50.0% 差 -8.8 [-13.9, -3.3] | 40日差  +2.2/ -5.8 | 扣大盤差 +1.12/+3.04% | 四段 1/4 [4.7, -3.6, -9.6, -9.3]
近20天財報反應差                  佔   5% | 前半 有 39.6%(n  53) 無 43.2% 差 -3.6 [-14.6, +7.6] | 後半 有 51.2%(n 205) 無 47.9% 差 +3.4 [ -2.1, +9.9] | 40日差  -0.9/ +5.7 | 扣大盤差 +0.56/+0.01% | 四段 2/4 [-3.5, 0.9, -0.3, 4.5]
5天內要公布財報                   佔   7% | 前半 有 45.8%(n  83) 無 42.8% 差 +3.0 [ -7.8,+13.0] | 後半 有 50.2%(n 237) 無 47.9% 差 +2.3 [ -4.3,+10.0] | 40日差  +4.9/ +2.5 | 扣大盤差 -0.08/+1.27% | 四段 2/4 [4.9, -0.4, -0.6, 4.2]
財報當天/隔天                    佔   5% | 前半 有 32.7%(n  52) 無 43.5% 差-10.8 [-19.7, -0.4] | 後半 有 54.2%(n 192) 無 47.7% 差 +6.5 [ +0.1,+13.3] | 40日差  -4.1/ +6.7 | 扣大盤差 +1.46/-1.37% | 四段 2/4 [-9.0, -0.8, 2.7, 7.0]
內部人近3月賣超前10%               佔  14% | 前半 有 50.0%(n 174) 無 41.9% 差 +8.1 [ +0.8,+15.4] | 後半 有 44.3%(n 474) 無 48.6% 差 -4.3 [ -9.1, +0.8] | 40日差  +6.2/ -4.4 | 扣大盤差 -1.45/+1.17% | 四段 2/4 [9.4, -0.1, -9.2, 0.6]
  -- 大盤/總經條件
SPY在20日線下                  佔  40% | 前半 有 42.2%(n 524) 無 43.7% 差 -1.5 [ -7.9, +3.9] | 後半 有 46.9%(n1344) 無 48.8% 差 -1.9 [ -7.7, +3.4] | 40日差  -1.7/ +1.4 | 扣大盤差 -0.71/+0.31% | 四段 1/4 [0.9, -7.4, -1.8, -0.5] | 大盤本身  -5.1/ -3.7
QQQ在20日線下                  佔  42% | 前半 有 40.7%(n 570) 無 45.1% 差 -4.4 [-10.5, +1.1] | 後半 有 48.1%(n1427) 無 48.0% 差 +0.0 [ -5.7, +5.4] | 40日差  -3.1/ +3.2 | 扣大盤差 +0.44/+0.19% | 四段 1/4 [-0.8, -10.2, 3.4, -1.3] | 大盤本身  -4.9/ -2.3
QQQ在50日線下                  佔  22% | 前半 有 41.6%(n 250) 無 43.4% 差 -1.8 [ -9.7, +4.6] | 後半 有 46.4%(n 793) 無 48.5% 差 -2.1 [ -9.0, +5.5] | 40日差  -0.5/ -6.3 | 扣大盤差 -0.40/-0.14% | 四段 2/4 [1.2, -9.1, 1.5, -4.3] | 大盤本身  -8.8/ -3.9
QQQ 20日報酬<0                佔  29% | 前半 有 43.3%(n 344) 無 42.9% 差 +0.4 [ -7.7, +6.6] | 後半 有 49.1%(n1012) 無 47.6% 差 +1.5 [ -4.6, +8.0] | 40日差  +2.1/ +0.5 | 扣大盤差 -0.76/-0.93% | 四段 3/4 [0.9, -3.8, 2.5, 1.6] | 大盤本身  -4.7/ -2.4
廣度:站上20日線<40%              佔  32% | 前半 有 38.1%(n 409) 無 45.5% 差 -7.4 [-14.2, -1.2] | 後半 有 44.8%(n1118) 無 49.6% 差 -4.8 [-10.4, +0.5] | 40日差  -8.6/ -0.1 | 扣大盤差 +0.02/+0.34% | 四段 0/4 [-5.2, -11.0, -3.9, -4.3] | 大盤本身  -6.7/ -4.3
廣度10天掉≥15點(50日)            佔  25% | 前半 有 39.7%(n 363) 無 44.5% 差 -4.8 [-12.5, +2.4] | 後半 有 40.9%(n 831) 無 50.3% 差 -9.3 [-15.9, -3.1] | 40日差  -2.3/ -4.3 | 扣大盤差 -0.44/+1.08% | 四段 1/4 [1.7, -13.6, -4.8, -13.5] | 大盤本身  -6.0/ -4.2
VIX≥20                     佔  40% | 前半 有 37.2%(n 419) 無 46.1% 差 -8.8 [-17.8, -0.4] | 後半 有 44.9%(n1486) 無 50.4% 差 -5.5 [-12.3, +1.2] | 40日差 -10.7/-10.3 | 扣大盤差 +0.88/+0.14% | 四段 0/4 [-5.0, -10.1, -7.0, -4.8] | 大盤本身  -6.3/ -7.0
VIX 10日升≥20%               佔  23% | 前半 有 44.6%(n 260) 無 42.6% 差 +2.0 [ -6.9, +9.8] | 後半 有 44.0%(n 827) 無 49.3% 差 -5.3 [-12.0, +1.2] | 40日差  +7.2/ -5.1 | 扣大盤差 -0.70/+0.68% | 四段 1/4 [11.3, -12.2, -2.6, -7.1] | 大盤本身  -2.3/ -2.1
VIX倒掛(≥VIX3M)              佔   9% | 前半 有 44.0%(n 125) 無 42.9% 差 +1.1 [-11.7,+10.6] | 後半 有 42.2%(n 287) 無 48.6% 差 -6.4 [-17.7, +2.6] | 40日差  +4.5/-11.8 | 扣大盤差 +0.01/+0.92% | 四段 1/4 [10.5, -14.0, -1.8, -11.1] | 大盤本身  -4.9/-10.7
QQQ出貨日≥5(25天)              佔  69% | 前半 有 45.1%(n 689) 無 40.3% 差 +4.8 [ -1.8,+10.6] | 後半 有 48.6%(n2583) 無 46.5% 差 +2.1 [ -4.8, +9.5] | 40日差  +7.3/ +6.1 | 扣大盤差 -0.58/-0.38% | 四段 2/4 [7.6, -0.3, 8.2, -1.8] | 大盤本身  -0.5/ +2.3
油價20日走弱(最低1/3)             佔  31% | 前半 有 46.0%(n 350) 無 41.8% 差 +4.2 [ -2.4,+10.7] | 後半 有 52.5%(n1144) 無 45.9% 差 +6.6 [ -0.5,+13.1] | 40日差  +8.7/ +6.6 | 扣大盤差 -0.69/-0.80% | 四段 3/4 [7.0, -6.1, 14.8, 2.4] | 大盤本身  +4.5/ -1.5
10年債殖利率20日急降(1/3)          佔  29% | 前半 有 44.3%(n 325) 無 42.6% 差 +1.7 [ -7.2, +9.9] | 後半 有 53.6%(n1063) 無 45.6% 差 +8.0 [ +2.1,+13.1] | 40日差  -2.4/ +1.5 | 扣大盤差 -0.05/-1.69% | 四段 3/4 [8.9, -7.6, 5.5, 10.5] | 大盤本身  -4.2/ +0.5
信用轉弱(1/3)                  佔  30% | 前半 有 44.8%(n 324) 無 42.4% 差 +2.3 [ -5.4, +8.9] | 後半 有 50.2%(n1112) 無 47.1% 差 +3.1 [ -3.8, +9.2] | 40日差  -1.4/ -1.6 | 扣大盤差 -0.36/-1.00% | 四段 2/4 [2.8, -0.7, -2.6, 7.8] | 大盤本身  -1.6/ -0.7
資金偏緊≤35%                   佔  35% | 前半 有 48.1%(n 387) 無 40.7% 差 +7.4 [ -1.4,+15.6] | 後半 有 56.7%(n1253) 無 43.3% 差+13.4 [ +7.3,+19.7] | 40日差  +5.3/+16.4 | 扣大盤差 -0.18/-2.57% | 四段 4/4 [15.3, 1.6, 25.0, 3.8] | 大盤本身  +0.9/+10.4
資金寬鬆≥65%                   佔  41% | 前半 有 41.1%(n 550) 無 44.6% 差 -3.5 [-10.8, +3.8] | 後半 有 44.4%(n1402) 無 50.5% 差 -6.1 [-12.7, +0.4] | 40日差  -7.6/-12.8 | 扣大盤差 -0.07/-0.46% | 四段 2/4 [-10.0, 3.4, -20.5, 4.1] | 大盤本身  -0.7/ -7.3

######## 頂K(進場:當晚收盤)  事件 前半 393 / 後半 2962
  整體 p1: 20日後較低 56.2%(基準 40.7%,差 +15.5 [+9.0,+20.8]) 平均 -1.35% 扣大盤 -2.89% | 40日 52.4%(基準 37.8%)
  整體 p2: 20日後較低 51.1%(基準 45.4%,差 +5.8 [+1.5,+10.9]) 平均 +1.09% 扣大盤 -0.43% | 40日 52.6%(基準 44.2%)
  -- 個股條件
破線爆量(量≥1.5×)               佔  71% | 前半 有 56.1%(n 305) 無 56.8% 差 -0.8 [-11.5, +9.3] | 後半 有 50.4%(n2068) 無 52.9% 差 -2.5 [ -7.9, +2.9] | 40日差 -13.0/ -1.8 | 扣大盤差 +3.73/+1.04% | 四段 2/4 [0.2, 3.7, -3.3, -3.1]
爆量(量≥2×)                   佔  54% | 前半 有 54.9%(n 264) 無 58.9% 差 -4.0 [-13.3, +4.3] | 後半 有 51.5%(n1554) 無 50.8% 差 +0.7 [ -3.7, +5.6] | 40日差 -13.1/ -1.8 | 扣大盤差 +3.21/-0.48% | 四段 1/4 [-0.2, -0.9, -1.4, 1.2]
跳空跌≥2%                     佔  12% | 前半 有 50.0%(n  32) 無 56.8% 差 -6.8 [-19.9, +7.8] | 後半 有 55.8%(n 380) 無 50.5% 差 +5.3 [ +0.8, +9.0] | 40日差  -9.4/ +0.5 | 扣大盤差 -0.16/-1.91% | 四段 3/4 [16.1, -29.1, 4.5, 6.4]
當天跌≥4%                     佔  30% | 前半 有 49.5%(n 103) 無 58.6% 差 -9.1 [-18.0, -0.4] | 後半 有 53.3%(n 919) 無 50.2% 差 +3.1 [ -0.3, +6.9] | 40日差  -5.2/ -0.1 | 扣大盤差 +1.14/-0.77% | 四段 2/4 [-12.4, -4.3, 3.8, 2.6]
收在當日低檔(IBS≤.25)            佔  50% | 前半 有 49.5%(n 184) 無 62.2% 差-12.7 [-20.7, -5.4] | 後半 有 51.4%(n1505) 無 50.9% 差 +0.6 [ -2.4, +3.6] | 40日差  -5.6/ -2.7 | 扣大盤差 +5.78/+0.72% | 四段 2/4 [-26.5, 3.4, 3.1, -1.7]
跳空高開≥2%後收黑                 佔  33% | 前半 有 57.9%(n 107) 無 55.6% 差 +2.3 [ -7.7,+10.8] | 後半 有 51.7%(n1015) 無 50.8% 差 +0.9 [ -2.9, +4.7] | 40日差  -4.0/ +1.2 | 扣大盤差 +2.69/-0.64% | 四段 3/4 [2.4, 4.2, -1.3, 2.1]
當天收跌                       佔  51% | 前半 有 52.1%(n 169) 無 59.4% 差 -7.3 [-16.1, +1.5] | 後半 有 51.2%(n1540) 無 51.1% 差 +0.0 [ -3.2, +4.0] | 40日差  -3.7/ -2.2 | 扣大盤差 +1.60/+1.31% | 四段 1/4 [-10.2, -2.7, -1.7, 1.0]
漲更多(50日線上≥30%)             佔  79% | 前半 有 56.5%(n 271) 無 55.7% 差 +0.7 [-10.0,+11.3] | 後半 有 51.1%(n2378) 無 51.4% 差 -0.3 [ -5.7, +4.8] | 40日差  -2.4/ +1.0 | 扣大盤差 +1.05/+0.58% | 四段 2/4 [9.5, -3.1, 1.0, -1.5]
已跌破50日線                    佔   1% | 前半 有  nan%(n   2) 無  nan% 差    — [    —,    —] | 後半 有 52.3%(n  44) 無 51.1% 差 +1.1 [-14.0,+23.3] | 40日差     —/-20.4 | 扣大盤差     —/-3.54% | 四段 1/2 [None, None, -12.6, 23.5]
高點降低(近5日高<前15日高2%)         佔   2% | 前半 有 33.3%(n   9) 無 56.8% 差-23.4 [-48.1,+18.6] | 後半 有 47.1%(n  68) 無 51.2% 差 -4.2 [-15.6, +5.4] | 40日差 -19.5/-10.2 | 扣大盤差 +36.44/+12.44% | 四段 1/2 [None, None, 2.6, -10.9]
相對QQQ弱(10日落後≥5%)           佔   1% | 前半 有  nan%(n   2) 無  nan% 差    — [    —,    —] | 後半 有 52.6%(n  19) 無 51.1% 差 +1.5 [-21.0,+22.0] | 40日差     —/ +0.0 | 扣大盤差     —/-1.55% | 四段 0/0 [None, None, None, None]
相對QQQ強(10日領先≥5%)           佔  96% | 前半 有 56.5%(n 382) 無 45.5% 差+11.1 [-15.4,+35.5] | 後半 有 51.2%(n2822) 無 50.7% 差 +0.5 [ -6.9, +8.5] | 40日差 +25.9/ +2.7 | 扣大盤差 -17.29/-2.70% | 四段 1/2 [None, None, 8.4, -3.3]
在200日線上                    佔  75% | 前半 有 50.7%(n 284) 無 70.6% 差-19.9 [-29.9, -7.7] | 後半 有 51.5%(n2234) 無 50.0% 差 +1.5 [ -6.6, +8.6] | 40日差 -17.6/ -2.9 | 扣大盤差 +10.41/-0.09% | 四段 1/4 [-3.2, -21.4, -6.6, 8.7]
AI/半導體股                    佔  15% | 前半 有 46.1%(n 102) 無 59.8% 差-13.7 [-25.8, -1.2] | 後半 有 46.0%(n 391) 無 51.9% 差 -5.9 [-15.4, +2.8] | 40日差  -8.6/ -9.2 | 扣大盤差 +4.08/+7.10% | 四段 1/4 [-4.2, -23.0, 5.8, -10.5]
近20天財報反應差                  佔   3% | 前半 有 33.3%(n   9) 無 56.8% 差-23.4 [-58.5, +8.2] | 後半 有 44.8%(n  87) 無 51.3% 差 -6.5 [-20.9, +7.2] | 40日差  -8.2/ -8.0 | 扣大盤差 +6.59/+11.03% | 四段 0/2 [None, None, -14.6, -4.1]
5天內要公布財報                   佔   6% | 前半 有 55.0%(n  20) 無 56.3% 差 -1.3 [-26.3,+22.9] | 後半 有 58.2%(n 170) 無 50.7% 差 +7.5 [ -2.8,+16.6] | 40日差  +2.7/ +4.7 | 扣大盤差 -1.94/-3.33% | 四段 2/2 [None, None, 4.6, 11.2]
財報當天/隔天                    佔   6% | 前半 有 51.7%(n  29) 無 56.6% 差 -4.9 [-19.4, +9.6] | 後半 有 47.1%(n 172) 無 51.4% 差 -4.3 [-12.0, +3.3] | 40日差  -8.2/ +1.3 | 扣大盤差 +1.84/+3.19% | 四段 0/3 [None, -9.1, -2.9, -3.2]
內部人近3月賣超前10%               佔   8% | 前半 有 64.7%(n  17) 無 55.9% 差 +8.9 [-13.3,+32.1] | 後半 有 44.9%(n 265) 無 51.8% 差 -6.9 [-15.2, +2.7] | 40日差 +25.1/ -9.7 | 扣大盤差 -5.49/+1.39% | 四段 0/3 [None, -17.8, -3.3, -7.4]
  -- 大盤/總經條件
SPY在20日線下                  佔  14% | 前半 有 64.9%(n  74) 無 54.2% 差+10.6 [ -2.8,+20.9] | 後半 有 56.5%(n 400) 無 50.3% 差 +6.2 [ -2.8,+15.4] | 40日差  +8.7/ +6.4 | 扣大盤差 -5.94/-7.45% | 四段 3/4 [8.2, 5.8, -3.7, 13.6] | 大盤本身  -5.5/ -3.5
QQQ在20日線下                  佔  16% | 前半 有 63.9%(n  97) 無 53.7% 差+10.2 [ -2.0,+20.8] | 後半 有 55.8%(n 434) 無 50.4% 差 +5.4 [ -1.8,+12.6] | 40日差  +4.3/ +7.8 | 扣大盤差 -6.91/-6.61% | 四段 3/4 [8.2, 8.9, -3.9, 11.1] | 大盤本身  -5.0/ -2.1
QQQ在50日線下                  佔   9% | 前半 有 59.0%(n  61) 無 55.7% 差 +3.3 [-16.1,+18.7] | 後半 有 45.8%(n 249) 無 51.6% 差 -5.9 [-15.4, +4.1] | 40日差  -1.9/ -8.4 | 扣大盤差 -1.27/+0.22% | 四段 1/4 [-9.3, 11.7, -10.7, -0.7] | 大盤本身  -9.0/ -3.8
QQQ 20日報酬<0                佔  12% | 前半 有 71.4%(n  63) 無 53.3% 差+18.1 [ +3.7,+29.6] | 後半 有 53.6%(n 347) 無 50.8% 差 +2.8 [ -4.8,+11.4] | 40日差 +15.1/ +1.4 | 扣大盤差 -10.60/-3.56% | 四段 3/4 [11.6, 16.7, -8.8, 11.6] | 大盤本身  -4.9/ -2.2
廣度:站上20日線<40%              佔   9% | 前半 有 67.4%(n  43) 無 54.9% 差+12.6 [ -4.8,+26.2] | 後半 有 53.5%(n 269) 無 50.9% 差 +2.6 [ -5.9,+11.6] | 40日差  +9.0/ +1.0 | 扣大盤差 -5.22/-7.15% | 四段 3/4 [8.8, 17.1, -4.9, 7.4] | 大盤本身  -6.9/ -4.0
廣度10天掉≥15點(50日)            佔   7% | 前半 有 65.2%(n  46) 無 55.0% 差+10.2 [ -4.6,+22.7] | 後半 有 53.2%(n 186) 無 51.0% 差 +2.2 [ -7.9,+11.2] | 40日差 +12.0/ +2.1 | 扣大盤差 -4.32/-5.74% | 四段 4/4 [3.7, 20.5, 3.2, 0.5] | 大盤本身  -6.2/ -4.1
VIX≥20                     佔  33% | 前半 有 56.4%(n  78) 無 56.2% 差 +0.2 [-13.2,+14.4] | 後半 有 47.8%(n1043) 無 52.9% 差 -5.1 [-13.9, +3.2] | 40日差  +5.0/ -8.0 | 扣大盤差 +3.27/-0.83% | 四段 2/4 [-2.5, 13.3, -12.2, 2.6] | 大盤本身  -6.5/ -7.0
VIX 10日升≥20%               佔   8% | 前半 有 48.1%(n  27) 無 56.8% 差 -8.7 [-30.4, +9.7] | 後半 有 60.7%(n 244) 無 50.3% 差+10.4 [ -1.3,+19.4] | 40日差  -8.6/ +4.7 | 扣大盤差 +2.04/-11.04% | 四段 2/3 [None, -3.7, 1.3, 18.1] | 大盤本身  -2.8/ -2.3
VIX倒掛(≥VIX3M)              佔   4% | 前半 有 80.0%(n  10) 無 55.6% 差+24.4 [ -4.9,+45.1] | 後半 有 42.6%(n 122) 無 51.5% 差 -8.9 [-20.0, +3.9] | 40日差 +18.0/-13.0 | 扣大盤差 -11.77/-5.28% | 四段 1/3 [None, 6.5, -14.7, -0.5] | 大盤本身  -5.2/-10.7
QQQ出貨日≥5(25天)              佔  62% | 前半 有 61.4%(n 202) 無 50.8% 差+10.6 [ -0.3,+23.0] | 後半 有 53.2%(n1880) 無 47.6% 差 +5.6 [ -2.5,+14.7] | 40日差  +0.1/ +0.3 | 扣大盤差 -5.53/-1.31% | 四段 2/4 [-2.5, 22.6, 16.1, -0.4] | 大盤本身  -0.7/ +2.2
油價20日走弱(最低1/3)             佔  26% | 前半 有 57.6%(n  99) 無 55.8% 差 +1.8 [-11.3,+12.1] | 後半 有 54.6%(n 764) 無 50.0% 差 +4.6 [ -3.8,+12.8] | 40日差  +2.8/ +5.2 | 扣大盤差 -1.35/-4.34% | 四段 3/4 [-1.8, 2.6, 7.1, 3.5] | 大盤本身  +4.5/ -1.5
10年債殖利率20日急降(1/3)          佔  30% | 前半 有 60.3%(n  78) 無 55.2% 差 +5.0 [ -6.1,+17.2] | 後半 有 54.3%(n 933) 無 49.7% 差 +4.7 [ -3.3,+12.0] | 40日差 +13.0/ +6.0 | 扣大盤差 -1.08/-2.06% | 四段 4/4 [8.8, 0.2, 8.2, 2.9] | 大盤本身  -4.0/ +0.4
信用轉弱(1/3)                  佔  23% | 前半 有 66.7%(n  69) 無 54.0% 差+12.7 [ -2.1,+27.9] | 後半 有 51.6%(n 707) 無 51.0% 差 +0.6 [ -9.2, +9.9] | 40日差 +13.8/ +0.0 | 扣大盤差 +0.24/-1.89% | 四段 3/4 [19.1, 7.8, -12.1, 5.4] | 大盤本身  -1.4/ -0.7
資金偏緊≤35%                   佔  26% | 前半 有 50.7%(n 150) 無 59.7% 差 -9.0 [-19.1, +3.3] | 後半 有 61.0%(n 731) 無 47.9% 差+13.1 [ +2.6,+21.6] | 40日差 -12.5/+18.8 | 扣大盤差 +6.95/-5.21% | 四段 3/4 [-13.5, 2.9, 14.7, 11.3] | 大盤本身  +0.9/+10.6
資金寬鬆≥65%                   佔  45% | 前半 有 60.6%(n 142) 無 53.8% 差 +6.8 [ -5.5,+18.9] | 後半 有 47.3%(n1375) 無 54.5% 差 -7.2 [-15.9, +0.4] | 40日差  -0.5/-15.1 | 扣大盤差 -6.35/+1.74% | 四段 2/4 [15.7, -3.7, -19.6, 1.1] | 大盤本身  -0.5/ -7.6

######## 減碼(進場:當晚收盤)  事件 前半 90 / 後半 870
  整體 p1: 20日後較低 56.7%(基準 40.7%,差 +16.0 [+7.1,+23.9]) 平均 -1.80% 扣大盤 -3.33% | 40日 64.4%(基準 37.8%)
  整體 p2: 20日後較低 52.9%(基準 45.4%,差 +7.5 [+1.1,+14.5]) 平均 +1.54% 扣大盤 +0.11% | 40日 55.9%(基準 44.2%)
  -- 個股條件
破線爆量(量≥1.5×)               佔  45% | 前半 有 56.6%(n  53) 無 56.8% 差 -0.2 [-15.8,+16.6] | 後半 有 50.5%(n 380) 無 54.7% 差 -4.2 [-10.3, +2.2] | 40日差  +3.9/ -5.3 | 扣大盤差 -0.01/+2.88% | 四段 1/4 [9.3, -12.7, -2.9, -4.2]
爆量(量≥2×)                   佔  29% | 前半 有 53.2%(n  47) 無 60.5% 差 -7.3 [-21.5, +7.2] | 後半 有 52.8%(n 235) 無 52.9% 差 -0.1 [ -6.9, +7.5] | 40日差  +3.2/ -2.0 | 扣大盤差 +1.56/+1.17% | 四段 2/4 [0.4, -13.1, -2.9, 1.6]
跳空跌≥2%                     佔  40% | 前半 有 58.6%(n  29) 無 55.7% 差 +2.9 [-11.2,+18.4] | 後半 有 55.4%(n 354) 無 51.2% 差 +4.2 [ -2.5,+10.6] | 40日差  +6.7/ +9.4 | 扣大盤差 -4.44/-4.21% | 四段 2/3 [None, -6.8, 5.7, 5.2]
當天跌≥4%                     佔  73% | 前半 有 59.7%(n  62) 無 50.0% 差 +9.7 [ -6.5,+26.3] | 後半 有 53.9%(n 638) 無 50.0% 差 +3.9 [ -3.3,+10.1] | 40日差  +0.2/ +3.3 | 扣大盤差 -8.19/-1.69% | 四段 2/3 [None, 7.5, -2.9, 7.2]
收在當日低檔(IBS≤.25)            佔  58% | 前半 有 50.0%(n  50) 無 65.0% 差-15.0 [-32.9, -0.6] | 後半 有 52.2%(n 504) 無 53.8% 差 -1.6 [ -7.3, +3.3] | 40日差 -19.0/ -1.7 | 扣大盤差 +0.26/+1.04% | 四段 1/4 [-28.2, -9.0, -7.4, 2.1]
跳空高開≥2%後收黑                 佔  15% | 前半 有 61.1%(n  18) 無 55.6% 差 +5.6 [-15.6,+27.1] | 後半 有 50.0%(n 130) 無 53.4% 差 -3.4 [-11.9, +4.6] | 40日差  +9.7/ -5.1 | 扣大盤差 +1.79/+1.06% | 四段 1/2 [None, None, 1.0, -4.8]
當天收跌                       佔 100% | 前半 有  nan%(n  90) 無  nan% 差    — [    —,    —] | 後半 有  nan%(n 870) 無  nan% 差    — [    —,    —] | 40日差     —/    — | 扣大盤差     —/    —% | 四段 0/0 [None, None, None, None]
漲更多(50日線上≥30%)             佔  79% | 前半 有 54.5%(n  66) 無 62.5% 差 -8.0 [-27.3,+14.3] | 後半 有 53.3%(n 691) 無 51.4% 差 +1.9 [ -8.3,+11.7] | 40日差  -8.7/ +4.5 | 扣大盤差 +2.78/+0.95% | 四段 1/3 [None, -20.5, 7.4, -0.1]
已跌破50日線                    佔   3% | 前半 有  nan%(n   1) 無  nan% 差    — [    —,    —] | 後半 有 44.8%(n  29) 無 53.2% 差 -8.3 [-25.5,+14.4] | 40日差     —/-13.5 | 扣大盤差     —/-3.42% | 四段 0/1 [None, None, -15.4, None]
高點降低(近5日高<前15日高2%)         佔   4% | 前半 有 40.0%(n   5) 無 57.6% 差-17.6 [-55.3,+37.9] | 後半 有 44.8%(n  29) 無 53.2% 差 -8.3 [-24.4, +7.5] | 40日差  -4.7/ -7.9 | 扣大盤差 +14.64/+2.14% | 四段 0/1 [None, None, None, -6.1]
相對QQQ弱(10日落後≥5%)           佔   4% | 前半 有  nan%(n   1) 無  nan% 差    — [    —,    —] | 後半 有 51.4%(n  37) 無 52.9% 差 -1.6 [-16.1,+11.7] | 40日差     —/ +0.9 | 扣大盤差     —/+1.11% | 四段 1/1 [None, None, None, 0.4]
相對QQQ強(10日領先≥5%)           佔  86% | 前半 有 54.2%(n  83) 無 85.7% 差-31.5 [-51.9, -3.0] | 後半 有 52.4%(n 740) 無 55.4% 差 -3.0 [ -9.4, +3.7] | 40日差 -23.1/ -2.1 | 扣大盤差 -3.97/+0.69% | 四段 0/2 [None, None, -4.0, -1.1]
在200日線上                    佔  74% | 前半 有 50.8%(n  63) 無 70.4% 差-19.6 [-37.1, -3.0] | 後半 有 53.3%(n 651) 無 51.6% 差 +1.7 [ -8.6,+12.3] | 40日差 -13.8/ -1.4 | 扣大盤差 +8.90/-0.32% | 四段 1/3 [None, -7.8, 4.8, -0.7]
AI/半導體股                    佔  13% | 前半 有 47.6%(n  21) 無 59.4% 差-11.8 [-29.2, +3.8] | 後半 有 44.2%(n 104) 無 54.0% 差 -9.8 [-21.4, +1.6] | 40日差  -3.3/-16.5 | 扣大盤差 -3.43/+6.53% | 四段 1/2 [None, None, 4.8, -13.9]
近20天財報反應差                  佔   5% | 前半 有  nan%(n   2) 無  nan% 差    — [    —,    —] | 後半 有 31.1%(n  45) 無 54.1% 差-22.9 [-37.5, -9.9] | 40日差     —/ -7.4 | 扣大盤差     —/+9.06% | 四段 0/1 [None, None, None, -27.8]
5天內要公布財報                   佔   6% | 前半 有  nan%(n   4) 無  nan% 差    — [    —,    —] | 後半 有 62.7%(n  51) 無 52.3% 差+10.5 [ -2.4,+22.3] | 40日差     —/ +9.4 | 扣大盤差     —/-8.86% | 四段 2/2 [None, None, 3.2, 15.7]
財報當天/隔天                    佔   4% | 前半 有100.0%(n   5) 無 54.1% 差+45.9 [+37.6,+55.1] | 後半 有 54.3%(n  35) 無 52.8% 差 +1.5 [-11.5,+15.7] | 40日差 +37.6/ +1.3 | 扣大盤差 -18.25/-8.88% | 四段 0/1 [None, None, None, -5.5]
內部人近3月賣超前10%               佔  10% | 前半 有  nan%(n   2) 無  nan% 差    — [    —,    —] | 後半 有 37.2%(n  94) 無 54.8% 差-17.5 [-30.0, -3.7] | 40日差     —/-16.2 | 扣大盤差     —/+4.75% | 四段 0/2 [None, None, -14.0, -18.6]
  -- 大盤/總經條件
SPY在20日線下                  佔  22% | 前半 有 65.0%(n  20) 無 54.3% 差+10.7 [-10.4,+30.3] | 後半 有 59.4%(n 192) 無 51.0% 差 +8.3 [ -2.4,+19.4] | 40日差  +7.1/ +4.5 | 扣大盤差 -6.95/-7.15% | 四段 2/3 [None, 9.8, -3.7, 16.5] | 大盤本身  -5.5/ -3.5
QQQ在20日線下                  佔  24% | 前半 有 71.4%(n  21) 無 52.2% 差+19.3 [ -3.7,+39.1] | 後半 有 60.3%(n 214) 無 50.5% 差 +9.8 [ +0.3,+19.3] | 40日差  +9.1/ +7.4 | 扣大盤差 -8.89/-5.05% | 四段 3/3 [None, 31.3, 5.4, 10.8] | 大盤本身  -5.0/ -2.1
QQQ在50日線下                  佔  12% | 前半 有 64.3%(n  14) 無 55.3% 差 +9.0 [-20.6,+35.1] | 後半 有 47.6%(n 105) 無 53.6% 差 -6.0 [-17.5, +7.2] | 40日差  -0.2/ -6.2 | 扣大盤差 -1.77/-0.23% | 四段 1/2 [None, None, 0.8, -14.1] | 大盤本身  -9.0/ -3.8
QQQ 20日報酬<0                佔  18% | 前半 有 61.9%(n  21) 無 55.1% 差 +6.8 [-19.2,+25.8] | 後半 有 61.5%(n 148) 無 51.1% 差+10.4 [ -0.9,+20.3] | 40日差  +2.9/+10.0 | 扣大盤差 -3.17/-7.09% | 四段 3/3 [None, 31.3, 3.7, 15.1] | 大盤本身  -4.9/ -2.2
廣度:站上20日線<40%              佔  13% | 前半 有 61.5%(n  13) 無 55.8% 差 +5.7 [-18.6,+28.2] | 後半 有 53.1%(n 113) 無 52.8% 差 +0.3 [ -9.0,+10.6] | 40日差  +5.6/ -3.2 | 扣大盤差 -5.17/-3.45% | 四段 1/2 [None, None, -2.4, 0.8] | 大盤本身  -6.9/ -4.0
廣度10天掉≥15點(50日)            佔   9% | 前半 有 66.7%(n  12) 無 55.1% 差+11.5 [ -9.7,+33.2] | 後半 有 52.6%(n  76) 無 52.9% 差 -0.3 [-10.5,+11.0] | 40日差 +12.2/ -7.2 | 扣大盤差 -8.18/-1.65% | 四段 1/2 [None, None, 0.5, -1.5] | 大盤本身  -6.2/ -4.1
VIX≥20                     佔  35% | 前半 有 60.0%(n  20) 無 55.7% 差 +4.3 [-14.3,+20.3] | 後半 有 49.2%(n 319) 無 55.0% 差 -5.8 [-17.3, +6.2] | 40日差  +0.7/ -9.1 | 扣大盤差 +2.26/-1.04% | 四段 0/3 [-4.8, None, -10.0, -5.4] | 大盤本身  -6.5/ -7.0
VIX 10日升≥20%               佔  11% | 前半 有 50.0%(n   8) 無 57.3% 差 -7.3 [-39.1,+23.6] | 後半 有 64.7%(n 102) 無 51.3% 差+13.4 [ -3.5,+25.2] | 40日差  -2.1/ +4.4 | 扣大盤差 -3.70/-11.62% | 四段 1/2 [None, None, -4.0, 22.4] | 大盤本身  -2.8/ -2.3
VIX倒掛(≥VIX3M)              佔   4% | 前半 有  nan%(n   3) 無  nan% 差    — [    —,    —] | 後半 有 53.1%(n  32) 無 52.9% 差 +0.3 [-33.8,+23.9] | 40日差     —/ -9.4 | 扣大盤差     —/-7.78% | 四段 1/1 [None, None, None, 19.9] | 大盤本身  -5.2/-10.7
QQQ出貨日≥5(25天)              佔  67% | 前半 有 51.1%(n  45) 無 62.2% 差-11.1 [-28.2, +5.1] | 後半 有 54.9%(n 601) 無 48.3% 差 +6.6 [ -3.3,+16.4] | 40日差 -17.8/ +7.2 | 扣大盤差 -0.69/-0.82% | 四段 3/4 [-19.6, 2.9, 13.5, 3.5] | 大盤本身  -0.7/ +2.2
油價20日走弱(最低1/3)             佔  26% | 前半 有 52.0%(n  25) 無 58.5% 差 -6.5 [-25.7,+11.4] | 後半 有 63.3%(n 229) 無 49.1% 差+14.2 [ +2.1,+25.7] | 40日差 -17.2/ +7.7 | 扣大盤差 +2.72/-10.37% | 四段 2/3 [-9.3, None, 16.1, 13.8] | 大盤本身  +4.5/ -1.5
10年債殖利率20日急降(1/3)          佔  29% | 前半 有 42.9%(n  21) 無 60.9% 差-18.0 [-37.3, +0.6] | 後半 有 57.3%(n 255) 無 51.1% 差 +6.2 [ -4.8,+16.0] | 40日差  -9.5/ +5.8 | 扣大盤差 +8.93/-4.14% | 四段 2/2 [None, None, 12.2, 4.4] | 大盤本身  -4.0/ +0.4
信用轉弱(1/3)                  佔  27% | 前半 有 55.0%(n  20) 無 57.1% 差 -2.1 [-22.2,+15.6] | 後半 有 56.8%(n 236) 無 51.4% 差 +5.4 [ -6.5,+16.9] | 40日差  +7.1/ +4.7 | 扣大盤差 +3.98/-4.16% | 四段 1/2 [None, None, -6.8, 10.4] | 大盤本身  -1.4/ -0.7
資金偏緊≤35%                   佔  29% | 前半 有 57.7%(n  26) 無 56.2% 差 +1.4 [-18.9,+18.5] | 後半 有 61.3%(n 248) 無 49.5% 差+11.8 [ -1.1,+23.0] | 40日差  -4.1/+16.9 | 扣大盤差 +5.11/-6.60% | 四段 3/3 [None, 11.5, 22.3, 3.9] | 大盤本身  +0.9/+10.6
資金寬鬆≥65%                   佔  41% | 前半 有 55.6%(n  36) 無 57.4% 差 -1.9 [-20.5,+16.7] | 後半 有 47.5%(n 362) 無 56.7% 差 -9.2 [-22.1, +4.1] | 40日差  -5.6/-14.9 | 扣大盤差 -4.77/+2.86% | 四段 2/4 [0.7, -2.9, -28.1, 0.1] | 大盤本身  -0.5/ -7.6
