
######## 抄底  事件 前半 400 / 後半 851
  整體 p1: 20日後較高 53.2%(基準 58.9%,差 -5.6 [-14.4,+5.4]) 平均 +0.32% 扣大盤 -0.64% 中途再跌≥10% 55% | 40日 65.0%(基準 61.9%)
  整體 p2: 20日後較高 61.6%(基準 54.2%,差 +7.3 [-8.4,+18.9]) 平均 +5.18% 扣大盤 +0.62% 中途再跌≥10% 50% | 40日 73.0%(基準 55.6%)
  -- 個股條件
20天內爆量長黑(≥3×且跌≥5%)         佔  21% | 前半 有 53.7%(n  95) 無 53.1% 差 +0.6 [-14.0,+16.6] | 後半 有 61.8%(n 173) 無 61.5% 差 +0.3 [ -9.3,+11.0] | 40日差  -5.2/ +4.2 | 扣大盤差 -0.10/-1.64% | 四段 2/4 [-28.0, 16.3, -6.0, 3.6]
20天內爆量下跌(≥2×且跌≥3%)         佔  52% | 前半 有 51.3%(n 238) 無 56.2% 差 -4.9 [-14.4, +9.0] | 後半 有 62.9%(n 415) 無 60.3% 差 +2.6 [ -7.0, +8.4] | 40日差  -0.7/ +3.4 | 扣大盤差 -0.68/-2.89% | 四段 2/4 [-16.3, 1.7, 4.0, -0.2]
當天量≥1.5×                   佔  19% | 前半 有 52.2%(n  67) 無 53.5% 差 -1.2 [-16.4,+10.2] | 後半 有 64.2%(n 176) 無 60.9% 差 +3.3 [ -6.2,+11.3] | 40日差  +0.8/ -0.3 | 扣大盤差 -0.60/+0.70% | 四段 2/4 [2.4, -3.7, 1.8, -1.1]
當天跳空≥2%                    佔  35% | 前半 有 42.0%(n  81) 無 56.1% 差-14.1 [-25.7, -5.2] | 後半 有 63.0%(n 357) 無 60.5% 差 +2.5 [ -5.7, +9.6] | 40日差  -4.1/ +5.1 | 扣大盤差 -4.54/+1.31% | 四段 2/4 [-5.1, -17.7, 3.4, 1.8]
當天漲≥4%                     佔  54% | 前半 有 54.2%(n 166) 無 52.6% 差 +1.7 [ -7.3,+11.0] | 後半 有 64.0%(n 511) 無 57.9% 差 +6.1 [ +0.0,+11.9] | 40日差  +2.2/ +3.5 | 扣大盤差 +0.68/+1.76% | 四段 3/4 [8.6, -1.7, 10.1, 3.0]
收在當日高檔(IBS≥.75)            佔  61% | 前半 有 54.4%(n 272) 無 50.8% 差 +3.6 [ -5.2,+15.3] | 後半 有 62.0%(n 487) 無 61.0% 差 +1.0 [ -4.4, +8.2] | 40日差  +6.0/ +6.1 | 扣大盤差 +2.23/-0.67% | 四段 3/4 [5.1, 4.6, 5.1, -0.5]
打底≥10天(低點在10天前)            佔  43% | 前半 有 47.7%(n 155) 無 56.7% 差 -9.0 [-17.7, -0.2] | 後半 有 65.8%(n 386) 無 58.1% 差 +7.7 [ -9.4,+23.1] | 40日差 -12.4/ +8.7 | 扣大盤差 -0.95/+1.93% | 四段 1/4 [-13.0, -7.2, -7.3, 19.4]
二次探底守住(離低點≤8%)             佔  31% | 前半 有 48.8%(n 125) 無 55.3% 差 -6.5 [-14.8, +1.6] | 後半 有 60.8%(n 260) 無 61.9% 差 -1.2 [-18.3,+10.7] | 40日差  -6.1/ -0.4 | 扣大盤差 -0.88/-1.08% | 四段 1/4 [-10.0, -4.0, -13.4, 8.9]
V型(低點在5天內)                 佔  20% | 前半 有 56.5%(n  85) 無 52.4% 差 +4.1 [ -6.8,+12.9] | 後半 有 60.1%(n 163) 無 61.9% 差 -1.8 [-14.5, +9.7] | 40日差  +4.1/ -9.8 | 扣大盤差 +0.38/+0.66% | 四段 2/4 [0.8, 4.1, -3.5, -1.5]
在200日線上                    佔  20% | 前半 有 64.3%(n  56) 無 51.5% 差+12.8 [ -1.1,+22.9] | 後半 有 50.3%(n 189) 無 64.8% 差-14.5 [-22.0, -0.1] | 40日差  -2.9/ +0.7 | 扣大盤差 +0.29/+0.23% | 四段 3/4 [16.5, 12.1, 0.8, -14.9]
跌更深(50日線下≥25%)             佔  38% | 前半 有 49.0%(n  98) 無 54.6% 差 -5.7 [-16.9, +2.7] | 後半 有 65.7%(n 382) 無 58.2% 差 +7.5 [ -5.5,+14.2] | 40日差  -9.1/+12.0 | 扣大盤差 -1.59/+0.47% | 四段 2/4 [-4.1, -8.1, 5.8, 4.4]
20天內RSI14<30               佔  69% | 前半 有 51.1%(n 325) 無 62.7% 差-11.6 [-24.3, +3.2] | 後半 有 62.5%(n 542) 無 59.9% 差 +2.7 [ -6.3, +9.8] | 40日差  +9.4/ +2.3 | 扣大盤差 -2.97/-4.66% | 四段 1/4 [-8.6, -15.3, -5.4, 4.6]
相對QQQ強(10日領先≥5%)           佔  35% | 前半 有 56.0%(n 125) 無 52.0% 差 +4.0 [ -9.7,+15.7] | 後半 有 57.5%(n 313) 無 63.9% 差 -6.4 [-19.5, +7.9] | 40日差  -2.6/ +0.3 | 扣大盤差 +0.67/-0.49% | 四段 2/4 [18.8, -4.3, 3.2, -12.3]
相對QQQ弱(10日落後≥5%)           佔   9% | 前半 有 42.9%(n  28) 無 54.0% 差-11.2 [-41.2, +4.6] | 後半 有 65.9%(n  82) 無 61.1% 差 +4.7 [ -7.2,+17.2] | 40日差 -20.0/+11.0 | 扣大盤差 -0.93/+0.89% | 四段 2/3 [8.6, None, -13.6, 13.9]
5天內要公布財報                   佔   9% | 前半 有 71.8%(n  39) 無 51.2% 差+20.5 [ +5.4,+31.5] | 後半 有 70.0%(n  70) 無 60.8% 差 +9.2 [ -6.3,+20.2] | 40日差 +13.2/ +3.0 | 扣大盤差 +2.45/+4.62% | 四段 2/2 [None, 20.2, None, 17.2]
近20天財報反應好                  佔   5% | 前半 有 65.2%(n  23) 無 52.5% 差+12.7 [-10.1,+31.3] | 後半 有 74.4%(n  39) 無 61.0% 差+13.4 [ +1.3,+27.4] | 40日差  +9.5/ +9.5 | 扣大盤差 +1.78/+5.33% | 四段 2/2 [None, 0.8, None, 14.0]
近20天財報反應差                  佔  15% | 前半 有 60.0%(n  65) 無 51.9% 差 +8.1 [ -0.9,+18.7] | 後半 有 57.0%(n 121) 無 62.3% 差 -5.3 [-16.2, +9.7] | 40日差  -7.8/ +2.6 | 扣大盤差 +1.07/+1.58% | 四段 3/4 [6.9, 7.1, 11.7, -4.4]
近3月內部人買                    佔  22% | 前半 有 51.5%(n 101) 無 53.8% 差 -2.4 [-10.8, +7.0] | 後半 有 65.5%(n 168) 無 60.6% 差 +4.9 [ -3.2,+15.4] | 40日差  +3.1/ +4.0 | 扣大盤差 -0.43/+0.44% | 四段 2/4 [1.1, -5.4, -1.3, 5.2]
AI/半導體股                    佔  23% | 前半 有 45.8%(n 118) 無 56.4% 差-10.6 [-30.6, +6.6] | 後半 有 69.0%(n 171) 無 59.7% 差 +9.3 [ -0.2,+18.9] | 40日差  -2.0/ +6.0 | 扣大盤差 -1.30/-0.47% | 四段 2/4 [-6.4, -11.4, 18.7, 4.1]
  -- 大盤/總經條件
SPY在20日線上                  佔  68% | 前半 有 56.4%(n 287) 無 45.1% 差+11.3 [ +0.2,+25.2] | 後半 有 54.8%(n 569) 無 75.2% 差-20.3 [-33.5, +6.1] | 40日差  +5.5/-21.3 | 扣大盤差 +1.16/+0.91% | 四段 2/4 [4.7, 14.2, -19.9, -13.9] | 大盤本身  -5.1/ -3.8
QQQ在20日線上                  佔  76% | 前半 有 53.2%(n 252) 無 53.4% 差 -0.2 [-12.1,+14.5] | 後半 有 62.3%(n 698) 無 58.2% 差 +4.2 [-17.2,+26.6] | 40日差  +2.4/ -9.0 | 扣大盤差 +0.33/+2.09% | 四段 3/4 [-5.9, 4.1, 6.5, 4.9] | 大盤本身  -4.9/ -2.4
QQQ在50日線上                  佔  41% | 前半 有 56.2%(n 130) 無 51.9% 差 +4.3 [-16.3,+19.8] | 後半 有 53.1%(n 384) 無 68.5% 差-15.4 [-34.3,+12.9] | 40日差 -14.2/-25.7 | 扣大盤差 +0.95/+2.02% | 四段 1/4 [20.3, -6.1, -20.3, -9.0] | 大盤本身  -8.8/ -4.0
QQQ從一年高點回檔≥10%             佔  40% | 前半 有 70.2%(n 114) 無 46.5% 差+23.7 [ +5.8,+33.0] | 後半 有 74.0%(n 385) 無 51.3% 差+22.7 [-15.7,+34.2] | 40日差 +14.6/+25.2 | 扣大盤差 +2.17/-2.27% | 四段 4/4 [28.8, 23.0, 22.1, 20.9] | 大盤本身 +16.9/ -0.1
20天內廣度洗盤(站上50日線≤20%)       佔  68% | 前半 有 50.5%(n 281) 無 59.7% 差 -9.1 [-23.6, +9.1] | 後半 有 68.4%(n 573) 無 47.5% 差+20.9 [ -0.1,+37.6] | 40日差 +13.6/+28.8 | 扣大盤差 -3.17/-1.79% | 四段 3/4 [-41.4, 10.6, 21.4, 20.1] | 大盤本身  +3.9/ +7.3
廣度衝刺(10天內≤30%→≥60%)        佔  35% | 前半 有 55.2%(n 163) 無 51.9% 差 +3.3 [ -9.5,+22.0] | 後半 有 57.7%(n 272) 無 63.4% 差 -5.7 [-24.6,+11.8] | 40日差 +11.4/ +4.1 | 扣大盤差 +0.43/-1.22% | 四段 2/4 [-1.5, 10.6, -13.6, 1.5] | 大盤本身  +2.5/ -1.4
廣度已回升(站上20日線≥50%)          佔  70% | 前半 有 54.7%(n 274) 無 50.0% 差 +4.7 [ -7.6,+18.7] | 後半 有 59.3%(n 602) 無 67.1% 差 -7.8 [-26.6,+21.5] | 40日差  +3.4/-14.9 | 扣大盤差 +0.44/+1.30% | 四段 2/4 [-4.5, 9.7, -12.9, 5.8] | 大盤本身  -5.1/ -3.4
VIX 20天內≥30且已回落15%         佔  49% | 前半 有 42.7%(n 185) 無 62.3% 差-19.6 [-29.5, -2.1] | 後半 有 80.4%(n 428) 無 42.6% 差+37.8 [+16.1,+54.1] | 40日差  +6.8/+29.9 | 扣大盤差 +0.27/+1.62% | 四段 2/4 [-25.2, -26.5, 31.9, 37.2] | 大盤本身  -3.7/ +8.0
VIX 20天內≥25且已回落15%         佔  68% | 前半 有 52.2%(n 289) 無 55.9% 差 -3.6 [-17.2,+12.4] | 後半 有 65.6%(n 556) 無 53.9% 差+11.7 [-10.9,+28.8] | 40日差 +18.9/+32.8 | 扣大盤差 -1.05/-0.93% | 四段 3/4 [-23.1, 5.0, 31.4, 1.7] | 大盤本身  +5.2/ +4.5
VIX倒掛已解除(20天內)             佔  38% | 前半 有 57.9%(n 202) 無 48.5% 差 +9.4 [ -6.2,+19.4] | 後半 有 47.3%(n 277) 無 68.5% 差-21.2 [-40.6, +8.2] | 40日差  +6.7/ +1.5 | 扣大盤差 -0.80/+0.20% | 四段 1/4 [-10.1, 11.5, -5.4, -30.3] | 大盤本身  +3.8/ +0.2
VIX<20                     佔  48% | 前半 有 56.2%(n 144) 無 51.6% 差 +4.7 [-11.9,+16.7] | 後半 有 43.8%(n 454) 無 81.9% 差-38.0 [-48.7,-20.6] | 40日差 -15.8/-27.5 | 扣大盤差 -0.10/-1.04% | 四段 0/3 [None, -4.8, -33.5, -36.0] | 大盤本身  -6.4/ -7.0
資金氣候20天升≥0.2               佔  40% | 前半 有 54.5%(n 154) 無 52.4% 差 +2.1 [-17.5,+16.8] | 後半 有 64.4%(n 351) 無 59.6% 差 +4.8 [-18.3,+29.2] | 40日差  -0.1/ -6.4 | 扣大盤差 -0.41/-1.97% | 四段 2/4 [20.1, -11.0, 17.1, -7.8] | 大盤本身  +2.9/ +3.1
資金≥90%                     佔  55% | 前半 有 59.5%(n 232) 無 44.6% 差+14.8 [ -1.0,+25.6] | 後半 有 68.3%(n 454) 無 53.9% 差+14.4 [ -0.4,+26.3] | 40日差 +10.5/ +3.2 | 扣大盤差 +3.49/+1.54% | 四段 4/4 [17.4, 7.7, 10.9, 16.2] | 大盤本身  +5.3/ +9.6
信用改善(最高1/3)                佔  10% | 前半 有 57.4%(n  47) 無 52.7% 差 +4.8 [-23.9,+23.4] | 後半 有 62.7%(n  75) 無 61.5% 差 +1.2 [-14.5,+19.6] | 40日差  -6.1/ -2.5 | 扣大盤差 +4.01/-0.45% | 四段 1/4 [19.0, -5.5, -2.4, -2.3] | 大盤本身  -2.0/ +1.1
油價20日走強(最高1/3)             佔  13% | 前半 有 52.1%(n  96) 無 53.6% 差 -1.5 [-17.2,+11.8] | 後半 有 55.7%(n  70) 無 62.1% 差 -6.4 [-27.6,+16.5] | 40日差  +2.2/-17.2 | 扣大盤差 +1.07/+1.97% | 四段 0/3 [None, -6.3, -5.2, -19.4] | 大盤本身  +0.9/ -1.4
殖利率20日急降(最低1/3)            佔  61% | 前半 有 57.2%(n 269) 無 45.0% 差+12.2 [ -1.9,+30.3] | 後半 有 58.7%(n 494) 無 65.5% 差 -6.8 [-26.5,+17.0] | 40日差 +10.4/ -8.4 | 扣大盤差 -1.05/-2.92% | 四段 2/4 [-20.2, 34.1, 15.3, -23.3] | 大盤本身  +4.2/ -0.5

######## 深跌站回(不看資金)  事件 前半 892 / 後半 2977
  整體 p1: 20日後較高 53.0%(基準 58.9%,差 -5.9 [-10.9,+0.2]) 平均 +0.58% 扣大盤 -0.51% 中途再跌≥10% 56% | 40日 59.9%(基準 61.9%)
  整體 p2: 20日後較高 52.9%(基準 54.2%,差 -1.3 [-7.0,+4.3]) 平均 +1.67% 扣大盤 -0.14% 中途再跌≥10% 60% | 40日 56.6%(基準 55.6%)
  -- 個股條件
20天內爆量長黑(≥3×且跌≥5%)         佔  20% | 前半 有 52.0%(n 227) 無 53.4% 差 -1.4 [ -9.5, +7.0] | 後半 有 53.0%(n 555) 無 52.9% 差 +0.1 [ -4.7, +5.1] | 40日差  -4.1/ +2.6 | 扣大盤差 +0.04/-0.22% | 四段 2/4 [-13.4, 7.4, -4.0, 4.6]
20天內爆量下跌(≥2×且跌≥3%)         佔  44% | 前半 有 51.4%(n 492) 無 55.0% 差 -3.6 [-10.2, +4.7] | 後半 有 54.8%(n1238) 無 51.6% 差 +3.2 [ -0.8, +6.9] | 40日差  -3.0/ +4.6 | 扣大盤差 -1.45/-0.48% | 四段 2/4 [-5.3, -0.1, 2.0, 4.6]
當天量≥1.5×                   佔  21% | 前半 有 48.3%(n 180) 無 54.2% 差 -5.9 [-14.7, +1.4] | 後半 有 52.1%(n 635) 無 53.1% 差 -1.0 [ -5.8, +3.5] | 40日差  -5.4/ -4.4 | 扣大盤差 -1.28/-0.42% | 四段 2/4 [0.9, -6.0, 1.4, -5.1]
當天跳空≥2%                    佔  33% | 前半 有 46.4%(n 222) 無 55.2% 差 -8.8 [-15.5, -2.8] | 後半 有 55.7%(n1033) 無 51.4% 差 +4.2 [ -0.8, +8.4] | 40日差  -0.5/ +5.7 | 扣大盤差 -0.95/+1.28% | 四段 2/4 [-7.4, -10.3, 7.5, 2.4]
當天漲≥4%                     佔  57% | 前半 有 52.9%(n 412) 無 53.1% 差 -0.2 [ -5.9, +5.7] | 後半 有 52.1%(n1782) 無 54.1% 差 -2.1 [ -5.6, +1.5] | 40日差  -2.1/ -2.1 | 扣大盤差 +0.23/-0.52% | 四段 2/4 [1.1, 1.4, -2.2, -3.8]
收在當日高檔(IBS≥.75)            佔  63% | 前半 有 54.3%(n 582) 無 50.6% 差 +3.7 [ -2.5, +9.6] | 後半 有 52.7%(n1838) 無 53.3% 差 -0.6 [ -4.4, +3.4] | 40日差  +3.3/ +0.4 | 扣大盤差 +1.54/-0.25% | 四段 3/4 [3.4, 8.1, -5.2, 0.9]
打底≥10天(低點在10天前)            佔  36% | 前半 有 51.3%(n 304) 無 53.9% 差 -2.6 [ -9.0, +4.9] | 後半 有 54.6%(n1087) 無 51.9% 差 +2.7 [ -4.0,+10.3] | 40日差  -7.5/ +8.2 | 扣大盤差 +0.97/-0.45% | 四段 2/4 [-4.4, 0.6, -4.6, 9.7]
二次探底守住(離低點≤8%)             佔  26% | 前半 有 53.0%(n 249) 無 53.0% 差 -0.0 [ -6.4, +6.7] | 後半 有 52.9%(n 758) 無 52.9% 差 -0.0 [ -6.5, +7.0] | 40日差  -3.9/ +3.5 | 扣大盤差 +0.87/-0.85% | 四段 1/4 [-0.6, -0.1, -5.9, 5.9]
V型(低點在5天內)                 佔  27% | 前半 有 52.9%(n 244) 無 53.1% 差 -0.2 [ -8.3, +6.4] | 後半 有 51.1%(n 779) 無 53.5% 差 -2.5 [ -7.5, +3.2] | 40日差  +2.8/-10.8 | 扣大盤差 -1.09/-1.30% | 四段 2/4 [2.6, 1.2, -3.6, -3.3]
在200日線上                    佔  19% | 前半 有 60.3%(n 136) 無 51.7% 差 +8.6 [ -0.4,+16.6] | 後半 有 46.2%(n 608) 無 54.6% 差 -8.4 [-13.9, -2.2] | 40日差  +0.5/ -2.1 | 扣大盤差 +0.78/-1.67% | 四段 3/4 [9.0, 1.1, 0.2, -12.7]
跌更深(50日線下≥25%)             佔  37% | 前半 有 48.4%(n 213) 無 54.5% 差 -6.1 [-12.9, -0.1] | 後半 有 51.1%(n1227) 無 54.2% 差 -3.1 [ -8.9, +2.3] | 40日差  -9.6/ +1.7 | 扣大盤差 -2.21/-0.60% | 四段 0/4 [-6.1, -5.5, -5.8, -1.4]
20天內RSI14<30               佔  64% | 前半 有 51.8%(n 678) 無 57.0% 差 -5.2 [-13.0, +2.6] | 後半 有 53.5%(n1789) 無 52.0% 差 +1.5 [ -3.8, +6.1] | 40日差  +7.4/ +4.2 | 扣大盤差 -2.48/-1.12% | 四段 1/4 [-7.5, -4.0, -0.2, 4.0]
相對QQQ強(10日領先≥5%)           佔  36% | 前半 有 52.6%(n 274) 無 53.2% 差 -0.7 [ -9.6, +7.0] | 後半 有 50.4%(n1120) 無 54.4% 差 -3.9 [ -9.2, +1.0] | 40日差  -2.7/ -0.9 | 扣大盤差 -1.42/-0.18% | 四段 1/4 [7.0, -7.8, -3.4, -4.3]
相對QQQ弱(10日落後≥5%)           佔   7% | 前半 有 53.2%(n  47) 無 53.0% 差 +0.2 [-12.1,+15.0] | 後半 有 51.9%(n 212) 無 53.0% 差 -1.1 [ -7.9, +6.4] | 40日差  -9.3/ +3.5 | 扣大盤差 +3.71/+0.49% | 四段 2/4 [11.8, -14.5, -12.2, 9.0]
5天內要公布財報                   佔   7% | 前半 有 67.7%(n  65) 無 51.9% 差+15.8 [ +3.5,+25.6] | 後半 有 59.5%(n 222) 無 52.4% 差 +7.1 [ +0.2,+13.1] | 40日差  +8.4/ +3.8 | 扣大盤差 +0.80/+3.49% | 四段 4/4 [9.7, 14.9, 7.4, 8.6]
近20天財報反應好                  佔   5% | 前半 有 58.5%(n  41) 無 52.8% 差 +5.8 [ -9.5,+20.8] | 後半 有 51.2%(n 164) 無 53.0% 差 -1.8 [ -8.5, +5.4] | 40日差  +1.2/ -8.0 | 扣大盤差 -0.47/+0.63% | 四段 1/3 [None, 8.4, -1.7, -4.2]
近20天財報反應差                  佔  15% | 前半 有 53.5%(n 142) 無 52.9% 差 +0.6 [ -5.9, +8.5] | 後半 有 49.9%(n 425) 無 53.4% 差 -3.5 [ -9.4, +3.8] | 40日差  +2.5/ +3.9 | 扣大盤差 -0.21/+0.83% | 四段 2/4 [1.3, -6.0, -6.2, 1.2]
近3月內部人買                    佔  18% | 前半 有 53.2%(n 216) 無 53.0% 差 +0.3 [ -5.8, +6.7] | 後半 有 56.2%(n 504) 無 52.2% 差 +3.9 [ -0.9, +9.0] | 40日差  +2.9/ +7.1 | 扣大盤差 -0.40/+0.74% | 四段 4/4 [0.4, 4.5, 2.2, 3.7]
AI/半導體股                    佔  21% | 前半 有 47.6%(n 271) 無 55.4% 差 -7.8 [-17.4, +1.3] | 後半 有 59.5%(n 526) 無 51.5% 差 +8.0 [ +1.1,+14.4] | 40日差  -0.7/ +5.8 | 扣大盤差 -0.63/+0.87% | 四段 2/4 [-4.1, -5.4, 11.6, 5.1]
  -- 大盤/總經條件
SPY在20日線上                  佔  70% | 前半 有 54.3%(n 665) 無 49.3% 差 +4.9 [ -3.4,+13.2] | 後半 有 49.2%(n2051) 無 61.1% 差-11.9 [-20.2, -3.5] | 40日差  -0.7/-12.1 | 扣大盤差 +1.95/-0.86% | 四段 2/4 [3.1, 1.3, -14.4, -8.9] | 大盤本身  -5.1/ -3.8
QQQ在20日線上                  佔  71% | 前半 有 53.2%(n 639) 無 52.6% 差 +0.6 [ -7.2, +8.6] | 後半 有 51.8%(n2084) 無 55.5% 差 -3.8 [-12.5, +4.3] | 40日差  -2.0/ -2.1 | 扣大盤差 +0.83/-1.23% | 四段 1/4 [-0.4, 2.8, -2.7, -6.1] | 大盤本身  -4.9/ -2.4
QQQ在50日線上                  佔  49% | 前半 有 53.7%(n 469) 無 52.2% 差 +1.5 [ -9.3,+10.8] | 後半 有 48.1%(n1415) 無 57.2% 差 -9.1 [-18.8, +1.2] | 40日差 -12.5/ -9.6 | 扣大盤差 +0.28/-0.74% | 四段 1/4 [13.7, -5.9, -10.7, -8.8] | 大盤本身  -8.8/ -4.0
QQQ從一年高點回檔≥10%             佔  34% | 前半 有 70.5%(n 132) 無 50.0% 差+20.5 [ +7.5,+29.4] | 後半 有 61.3%(n1206) 無 47.2% 差+14.1 [ +3.6,+24.6] | 40日差 +17.8/+10.8 | 扣大盤差 +1.50/+1.30% | 四段 4/4 [15.6, 22.3, 7.6, 24.4] | 大盤本身 +16.9/ -0.1
20天內廣度洗盤(站上50日線≤20%)       佔  51% | 前半 有 53.3%(n 469) 無 52.7% 差 +0.6 [ -9.3,+11.1] | 後半 有 58.4%(n1517) 無 47.2% 差+11.2 [ +0.3,+21.4] | 40日差 +12.7/+12.0 | 扣大盤差 -0.58/-0.08% | 四段 3/4 [-11.5, 5.5, 9.1, 15.7] | 大盤本身  +3.9/ +7.3
廣度衝刺(10天內≤30%→≥60%)        佔  28% | 前半 有 55.8%(n 321) 無 51.5% 差 +4.3 [ -5.1,+15.1] | 後半 有 51.1%(n 788) 無 53.5% 差 -2.4 [-10.2, +6.6] | 40日差 +11.6/ +2.4 | 扣大盤差 +1.61/+0.28% | 四段 2/4 [-1.0, 4.0, -10.5, 7.7] | 大盤本身  +2.5/ -1.4
廣度已回升(站上20日線≥50%)          佔  68% | 前半 有 53.2%(n 654) 無 52.5% 差 +0.7 [ -8.2, +9.5] | 後半 有 50.5%(n2014) 無 57.9% 差 -7.4 [-15.7, +2.1] | 40日差  -0.9/-10.5 | 扣大盤差 +0.80/-1.14% | 四段 0/4 [-2.3, -1.8, -9.4, -3.6] | 大盤本身  -5.1/ -3.4
VIX 20天內≥30且已回落15%         佔  37% | 前半 有 47.7%(n 298) 無 55.7% 差 -8.1 [-18.0, +6.4] | 後半 有 62.5%(n1147) 無 46.9% 差+15.6 [ +3.5,+29.1] | 40日差 +10.9/+13.8 | 扣大盤差 +0.99/+1.07% | 四段 2/4 [-8.2, -13.4, 6.2, 30.0] | 大盤本身  -3.7/ +8.0
VIX 20天內≥25且已回落15%         佔  53% | 前半 有 54.7%(n 475) 無 51.1% 差 +3.7 [ -6.0,+13.9] | 後半 有 56.5%(n1587) 無 48.8% 差 +7.7 [ -3.3,+18.4] | 40日差 +16.5/+10.6 | 扣大盤差 +0.27/+0.43% | 四段 3/4 [-3.5, 4.5, 7.7, 8.2] | 大盤本身  +5.2/ +4.5
VIX倒掛已解除(20天內)             佔  39% | 前半 有 57.8%(n 391) 無 49.3% 差 +8.5 [ -1.0,+16.7] | 後半 有 46.9%(n1127) 無 56.5% 差 -9.6 [-19.0, +1.1] | 40日差 +10.4/ -6.5 | 扣大盤差 +0.24/-0.33% | 四段 2/4 [4.1, 5.8, -8.7, -10.7] | 大盤本身  +3.8/ +0.2
VIX<20                     佔  53% | 前半 有 50.9%(n 460) 無 55.3% 差 -4.5 [-15.4, +4.2] | 後半 有 44.1%(n1573) 無 62.7% 差-18.6 [-27.8, -9.3] | 40日差 -18.6/-13.8 | 扣大盤差 -1.05/-2.34% | 四段 0/4 [-3.4, -12.4, -15.8, -26.1] | 大盤本身  -6.4/ -7.0
資金氣候20天升≥0.2               佔  24% | 前半 有 52.4%(n 208) 無 53.2% 差 -0.8 [-10.5, +8.5] | 後半 有 56.7%(n 728) 無 51.7% 差 +5.1 [ -9.2,+18.6] | 40日差  +2.2/ +9.6 | 扣大盤差 -1.26/-0.76% | 四段 2/4 [1.8, -0.9, 13.2, -7.3] | 大盤本身  +2.9/ +3.1
資金≥90%                     佔  18% | 前半 有 59.5%(n 232) 無 50.8% 差 +8.7 [ -4.1,+18.8] | 後半 有 68.3%(n 454) 無 50.1% 差+18.1 [ +6.3,+27.4] | 40日差 +12.9/+21.1 | 扣大盤差 +1.82/+1.74% | 四段 4/4 [5.1, 13.0, 28.1, 13.9] | 大盤本身  +5.3/ +9.6
資金≥65%                     佔  43% | 前半 有 52.4%(n 510) 無 53.9% 差 -1.6 [-11.7, +8.5] | 後半 有 59.3%(n1178) 無 48.7% 差+10.5 [ -2.3,+22.3] | 40日差  +6.3/+21.1 | 扣大盤差 -0.89/+1.23% | 四段 3/4 [-7.8, 9.3, 18.6, 6.6] | 大盤本身  +0.8/ +7.4
信用改善(最高1/3)                佔  22% | 前半 有 54.7%(n 181) 無 52.6% 差 +2.1 [ -8.0,+11.7] | 後半 有 52.2%(n 657) 無 53.1% 差 -0.9 [ -9.9, +8.4] | 40日差  -5.1/-12.2 | 扣大盤差 +0.91/+0.11% | 四段 2/4 [8.6, -7.8, -7.4, 6.4] | 大盤本身  -2.0/ +1.1
油價20日走強(最高1/3)             佔  27% | 前半 有 48.3%(n 232) 無 54.7% 差 -6.4 [-15.1, +1.3] | 後半 有 37.8%(n 806) 無 58.5% 差-20.7 [-29.1,-10.4] | 40日差  -1.7/-18.5 | 扣大盤差 +0.79/-2.84% | 四段 1/4 [-12.3, 2.0, -29.5, -15.2] | 大盤本身  +0.9/ -1.4
殖利率20日急降(最低1/3)            佔  36% | 前半 有 56.7%(n 381) 無 50.3% 差 +6.4 [ -4.3,+19.4] | 後半 有 54.7%(n1021) 無 52.0% 差 +2.7 [ -9.0,+12.5] | 40日差  +8.7/ +8.5 | 扣大盤差 -0.77/-0.80% | 四段 2/4 [-11.7, 21.0, 15.4, -10.8] | 大盤本身  +4.2/ -0.5

######## ★(資金≥65%)  事件 前半 1063 / 後半 1286
  整體 p1: 20日後較高 62.0%(基準 58.9%,差 +3.1 [-4.0,+11.1]) 平均 +2.08% 扣大盤 +0.18% 中途再跌≥10% 33% | 40日 65.5%(基準 61.9%)
  整體 p2: 20日後較高 59.7%(基準 54.2%,差 +5.5 [-2.4,+13.2]) 平均 +3.52% 扣大盤 +0.39% 中途再跌≥10% 47% | 40日 66.8%(基準 55.6%)
  -- 個股條件
20天內爆量長黑(≥3×且跌≥5%)         佔  27% | 前半 有 60.2%(n 231) 無 62.5% 差 -2.3 [-10.5, +6.0] | 後半 有 56.4%(n 397) 無 61.2% 差 -4.8 [-13.0, +2.9] | 40日差  -6.8/ -9.5 | 扣大盤差 +0.58/+0.88% | 四段 1/4 [-14.4, 2.0, -4.2, -5.3]
20天內爆量下跌(≥2×且跌≥3%)         佔  62% | 前半 有 61.1%(n 640) 無 63.4% 差 -2.3 [ -8.5, +4.2] | 後半 有 58.9%(n 813) 無 61.1% 差 -2.2 [ -8.2, +2.6] | 40日差  -7.1/ -5.4 | 扣大盤差 +0.31/+0.21% | 四段 0/4 [-0.2, -1.8, -2.5, -2.8]
當天量≥1.5×                   佔  86% | 前半 有 61.6%(n 925) 無 64.5% 差 -2.9 [-11.8, +6.9] | 後半 有 60.1%(n1104) 無 57.1% 差 +3.0 [-10.2,+12.5] | 40日差  -6.4/ -4.1 | 扣大盤差 -2.44/-1.50% | 四段 2/4 [-7.6, 2.5, -17.3, 12.7]
當天跳空≥2%                    佔   7% | 前半 有 56.6%(n  53) 無 62.3% 差 -5.7 [-21.3, +8.0] | 後半 有 57.5%(n 120) 無 59.9% 差 -2.4 [-13.6, +7.7] | 40日差  -3.4/ -2.0 | 扣大盤差 -2.13/+0.23% | 四段 1/4 [16.7, -15.9, -3.2, -0.9]
當天漲≥4%                     佔   8% | 前半 有 53.7%(n  41) 無 62.3% 差 -8.7 [-26.1, +4.9] | 後半 有 61.6%(n 138) 無 59.5% 差 +2.1 [-11.9, +9.9] | 40日差  -4.7/ -1.0 | 扣大盤差 -2.33/-0.30% | 四段 1/3 [None, -6.2, -5.9, 8.4]
收在當日高檔(IBS≥.75)            佔  19% | 前半 有 61.7%(n 196) 無 62.1% 差 -0.3 [ -9.0, +8.6] | 後半 有 57.6%(n 243) 無 60.2% 差 -2.6 [ -9.4, +7.4] | 40日差  +5.4/ -2.7 | 扣大盤差 +0.15/+1.77% | 四段 1/4 [-7.2, -2.9, -6.7, 3.8]
打底≥10天(低點在10天前)            佔  30% | 前半 有 66.9%(n 266) 無 60.4% 差 +6.6 [ -1.9,+12.7] | 後半 有 59.5%(n 437) 無 59.8% 差 -0.3 [ -8.3, +8.1] | 40日差  -1.1/ +0.7 | 扣大盤差 -0.36/+0.45% | 四段 3/4 [7.3, 6.2, 6.3, -6.3]
二次探底守住(離低點≤8%)             佔  19% | 前半 有 70.2%(n 191) 無 60.2% 差+10.0 [ +0.7,+16.2] | 後半 有 57.5%(n 261) 無 60.3% 差 -2.8 [ -9.4, +4.2] | 40日差  +1.2/ -1.6 | 扣大盤差 +0.18/-0.17% | 四段 2/4 [7.3, 9.9, -4.9, -4.0]
V型(低點在5天內)                 佔  68% | 前半 有 60.4%(n 773) 無 66.2% 差 -5.8 [-11.7, +2.4] | 後半 有 60.0%(n 829) 無 59.3% 差 +0.7 [ -7.5, +8.6] | 40日差  -0.1/ -0.9 | 扣大盤差 +0.62/-0.13% | 四段 1/4 [-4.8, -6.2, -6.2, 7.1]
在200日線上                    佔  24% | 前半 有 67.7%(n 260) 無 60.1% 差 +7.5 [ +0.7,+13.1] | 後半 有 54.3%(n 304) 無 61.4% 差 -7.1 [-12.8, +1.9] | 40日差  +5.5/ -4.8 | 扣大盤差 +0.61/+0.45% | 四段 2/4 [4.8, 7.5, -6.9, -8.6]
跌更深(50日線下≥25%)             佔  13% | 前半 有 51.4%(n  70) 無 62.7% 差-11.3 [-24.4, -0.2] | 後半 有 61.2%(n 242) 無 59.4% 差 +1.8 [-11.6, +9.2] | 40日差 -15.0/ +4.3 | 扣大盤差 -0.42/+1.12% | 四段 1/4 [-17.6, -8.6, 3.3, 0.0]
20天內RSI14<30               佔  48% | 前半 有 61.2%(n 541) 無 62.8% 差 -1.7 [ -6.7, +3.6] | 後半 有 62.3%(n 589) 無 57.5% 差 +4.8 [ -4.2,+12.1] | 40日差  -7.6/ +7.4 | 扣大盤差 -0.19/-0.94% | 四段 2/4 [4.6, -1.5, -8.6, 11.3]
相對QQQ強(10日領先≥5%)           佔   4% | 前半 有 65.4%(n  26) 無 61.9% 差 +3.5 [-17.4,+26.3] | 後半 有 64.9%(n  57) 無 59.5% 差 +5.4 [ -9.0,+16.3] | 40日差 +19.6/ -0.1 | 扣大盤差 +1.89/+1.62% | 四段 2/3 [None, -0.7, 1.2, 7.4]
相對QQQ弱(10日落後≥5%)           佔  59% | 前半 有 59.8%(n 537) 無 64.3% 差 -4.5 [-15.3, +6.3] | 後半 有 57.5%(n 854) 無 64.1% 差 -6.6 [-12.6, -0.5] | 40日差 -13.8/-11.3 | 扣大盤差 +0.71/-0.81% | 四段 1/4 [-19.5, 0.6, -2.2, -10.4]
5天內要公布財報                   佔   6% | 前半 有 62.7%(n  67) 無 61.9% 差 +0.7 [-12.6,+14.8] | 後半 有 51.4%(n  70) 無 60.2% 差 -8.8 [-19.4, +0.4] | 40日差  +0.2/ +0.4 | 扣大盤差 -0.92/-1.73% | 四段 0/3 [None, -2.4, -2.2, -12.3]
近20天財報反應好                  佔   6% | 前半 有 58.7%(n  75) 無 62.2% 差 -3.6 [ -9.6, +6.6] | 後半 有 56.0%(n  75) 無 60.0% 差 -4.0 [-13.5,+12.7] | 40日差  +2.7/ -1.6 | 扣大盤差 +0.90/+1.35% | 四段 0/4 [-4.2, -1.5, -1.1, -7.4]
近20天財報反應差                  佔  17% | 前半 有 55.6%(n 171) 無 63.2% 差 -7.7 [-15.4, +0.6] | 後半 有 56.7%(n 233) 無 60.4% 差 -3.7 [-10.1, +4.8] | 40日差 -12.5/ -6.1 | 扣大盤差 -0.54/+2.29% | 四段 0/4 [-12.2, -3.6, -4.9, -3.9]
近3月內部人買                    佔  16% | 前半 有 59.0%(n 166) 無 62.5% 差 -3.5 [ -9.2, +2.2] | 後半 有 59.9%(n 202) 無 59.7% 差 +0.2 [ -6.7, +6.9] | 40日差  -2.6/ +1.2 | 扣大盤差 -0.52/-0.35% | 四段 1/4 [-2.2, -1.5, 1.4, -3.4]
AI/半導體股                    佔  20% | 前半 有 63.4%(n 232) 無 61.6% 差 +1.7 [ -4.5, +8.4] | 後半 有 61.6%(n 242) 無 59.3% 差 +2.3 [ -5.7,+10.2] | 40日差  +3.4/ -0.3 | 扣大盤差 +1.51/+1.02% | 四段 2/4 [-13.3, 5.6, 12.1, -0.5]
  -- 大盤/總經條件
SPY在20日線上                  佔  37% | 前半 有 53.2%(n 314) 無 65.7% 差-12.5 [-22.7, -2.7] | 後半 有 54.1%(n 553) 無 64.0% 差 -9.9 [-24.5, +4.9] | 40日差 -11.1/-15.3 | 扣大盤差 -1.03/-0.35% | 四段 0/4 [-6.2, -14.4, -11.4, -9.4] | 大盤本身  -5.1/ -3.8
QQQ在20日線上                  佔  37% | 前半 有 51.7%(n 296) 無 66.0% 差-14.3 [-25.7, -3.8] | 後半 有 56.9%(n 576) 無 62.0% 差 -5.0 [-20.1, +9.9] | 40日差 -14.4/-13.4 | 扣大盤差 -1.18/-0.51% | 四段 0/4 [-8.3, -15.9, -7.8, -3.6] | 大盤本身  -4.9/ -2.4
QQQ在50日線上                  佔  41% | 前半 有 52.8%(n 356) 無 66.6% 差-13.8 [-25.9, -1.6] | 後半 有 57.2%(n 610) 無 62.0% 差 -4.8 [-20.1,+10.7] | 40日差 -16.1/-15.7 | 扣大盤差 -0.07/+0.20% | 四段 0/4 [-8.2, -15.1, -8.6, -3.0] | 大盤本身  -8.8/ -4.0
QQQ從一年高點回檔≥10%             佔  34% | 前半 有 65.9%(n 258) 無 60.7% 差 +5.1 [-10.1,+19.2] | 後半 有 66.4%(n 530) 無 55.0% 差+11.4 [ -2.6,+23.3] | 40日差 +15.4/+17.3 | 扣大盤差 -0.12/-0.04% | 四段 3/4 [8.4, 3.8, -3.8, 20.7] | 大盤本身 +16.9/ -0.1
20天內廣度洗盤(站上50日線≤20%)       佔  46% | 前半 有 62.2%(n 548) 無 61.7% 差 +0.5 [-11.1,+15.9] | 後半 有 66.8%(n 521) 無 54.9% 差+11.9 [ -2.9,+23.5] | 40日差  +6.5/+21.9 | 扣大盤差 -0.44/-0.09% | 四段 3/4 [0.5, 2.1, -1.1, 19.5] | 大盤本身  +3.9/ +7.3
廣度衝刺(10天內≤30%→≥60%)        佔   4% | 前半 有 74.4%(n  43) 無 61.5% 差+12.9 [ +1.6,+22.0] | 後半 有 59.6%(n  47) 無 59.7% 差 -0.2 [-14.0,+13.6] | 40日差 +21.4/ +3.5 | 扣大盤差 +5.05/-1.96% | 四段 2/3 [None, 5.1, -0.1, 9.4] | 大盤本身  +2.5/ -1.4
廣度已回升(站上20日線≥50%)          佔  34% | 前半 有 51.0%(n 290) 無 66.1% 差-15.1 [-26.6, -4.9] | 後半 有 54.0%(n 498) 無 63.3% 差 -9.3 [-23.2, +5.1] | 40日差 -11.8/-14.3 | 扣大盤差 -1.03/-0.25% | 四段 0/4 [-1.3, -19.1, -9.5, -9.3] | 大盤本身  -5.1/ -3.4
VIX 20天內≥30且已回落15%         佔  11% | 前半 有 50.0%(n  68) 無 62.8% 差-12.8 [-34.9, -0.9] | 後半 有 75.0%(n 200) 無 56.9% 差+18.1 [ +4.8,+29.7] | 40日差  +0.7/+16.8 | 扣大盤差 -1.58/-0.05% | 四段 2/4 [-14.8, -9.4, 25.4, 9.8] | 大盤本身  -3.7/ +8.0
VIX 20天內≥25且已回落15%         佔  19% | 前半 有 59.9%(n 172) 無 62.4% 差 -2.5 [-14.7, +7.2] | 後半 有 65.3%(n 285) 無 58.1% 差 +7.1 [ -6.7,+18.2] | 40日差  +7.2/+15.6 | 扣大盤差 -1.37/-0.69% | 四段 1/4 [-3.9, -1.6, 16.4, -2.1] | 大盤本身  +5.2/ +4.5
VIX倒掛已解除(20天內)             佔  24% | 前半 有 60.3%(n 335) 無 62.8% 差 -2.5 [-12.9, +6.9] | 後半 有 61.7%(n 235) 無 59.3% 差 +2.4 [ -7.4,+13.8] | 40日差  -0.6/ +5.2 | 扣大盤差 -0.15/+0.46% | 四段 2/4 [4.6, -5.5, 21.3, -16.7] | 大盤本身  +3.8/ +0.2
VIX<20                     佔  42% | 前半 有 58.8%(n 451) 無 64.4% 差 -5.6 [-19.6, +5.8] | 後半 有 53.8%(n 533) 無 63.9% 差-10.0 [-20.6, +0.3] | 40日差 -16.7/-20.2 | 扣大盤差 +0.25/-0.44% | 四段 1/4 [0.1, -7.9, -4.5, -13.6] | 大盤本身  -6.4/ -7.0
資金氣候20天升≥0.2               佔  41% | 前半 有 59.0%(n 473) 無 64.4% 差 -5.4 [-20.0,+11.2] | 後半 有 55.0%(n 493) 無 62.7% 差 -7.7 [-17.6, +3.7] | 40日差  -6.0/ -7.3 | 扣大盤差 -0.14/+0.35% | 四段 1/4 [7.1, -8.2, -10.7, -7.2] | 大盤本身  +2.9/ +3.1
資金≥90%                     佔  43% | 前半 有 57.8%(n 592) 無 67.3% 差 -9.5 [-21.4, +3.4] | 後半 有 65.3%(n 426) 無 57.0% 差 +8.3 [ -6.1,+21.5] | 40日差  +0.5/+11.4 | 扣大盤差 -0.11/+0.42% | 四段 3/4 [10.1, -11.9, 21.6, 1.9] | 大盤本身  +5.3/ +9.6
信用改善(最高1/3)                佔  14% | 前半 有 52.8%(n 123) 無 63.2% 差-10.3 [-21.7, -0.1] | 後半 有 55.2%(n 210) 無 60.6% 差 -5.4 [-16.9, +6.6] | 40日差 -16.1/ -5.3 | 扣大盤差 +0.14/-2.63% | 四段 0/4 [-15.6, -6.6, -3.8, -9.2] | 大盤本身  -2.0/ +1.1
油價20日走強(最高1/3)             佔  17% | 前半 有 59.9%(n 187) 無 62.4% 差 -2.5 [-15.4, +7.6] | 後半 有 60.6%(n 208) 無 59.6% 差 +1.0 [-11.5,+13.2] | 40日差  -2.9/ -4.0 | 扣大盤差 +0.03/+0.42% | 四段 1/4 [-12.2, -0.1, 10.0, -8.0] | 大盤本身  +0.9/ -1.4
殖利率20日急降(最低1/3)            佔  65% | 前半 有 66.3%(n 751) 無 51.6% 差+14.7 [ +6.2,+24.8] | 後半 有 57.8%(n 772) 無 62.6% 差 -4.9 [-15.3, +7.2] | 40日差 +13.7/ -4.8 | 扣大盤差 +0.46/-0.24% | 四段 2/4 [6.0, 18.3, -4.3, -7.8] | 大盤本身  +4.2/ -0.5

######## ★(不看資金)  事件 前半 1726 / 後半 3378
  整體 p1: 20日後較高 58.1%(基準 58.9%,差 -0.8 [-6.4,+4.8]) 平均 +1.38% 扣大盤 -0.28% 中途再跌≥10% 36% | 40日 62.5%(基準 61.9%)
  整體 p2: 20日後較高 56.5%(基準 54.2%,差 +2.2 [-3.2,+7.2]) 平均 +1.16% 扣大盤 +0.07% 中途再跌≥10% 49% | 40日 59.4%(基準 55.6%)
  -- 個股條件
20天內爆量長黑(≥3×且跌≥5%)         佔  28% | 前半 有 53.6%(n 472) 無 59.7% 差 -6.1 [-11.9, +0.8] | 後半 有 53.1%(n 956) 無 57.8% 差 -4.7 [ -9.2, +0.5] | 40日差  -7.3/ -7.6 | 扣大盤差 -0.54/-0.56% | 四段 0/4 [-16.8, -2.1, -3.0, -5.0]
20天內爆量下跌(≥2×且跌≥3%)         佔  60% | 前半 有 56.8%(n1072) 無 60.1% 差 -3.3 [ -8.7, +2.1] | 後半 有 54.9%(n2017) 無 58.9% 差 -4.0 [ -7.8, -0.3] | 40日差  -7.2/ -6.5 | 扣大盤差 -0.10/-0.10% | 四段 0/4 [-10.6, -1.5, -3.9, -3.1]
當天量≥1.5×                   佔  85% | 前半 有 57.3%(n1526) 無 63.5% 差 -6.2 [-13.8, +1.7] | 後半 有 56.0%(n2811) 無 58.9% 差 -2.9 [-10.8, +4.4] | 40日差  -6.2/ -6.9 | 扣大盤差 -1.85/-1.17% | 四段 1/4 [-14.8, -0.9, -8.7, 2.8]
當天跳空≥2%                    佔   7% | 前半 有 53.0%(n  83) 無 58.3% 差 -5.3 [-15.5, +4.8] | 後半 有 54.1%(n 292) 無 56.7% 差 -2.6 [ -9.4, +4.5] | 40日差  -3.7/ -5.2 | 扣大盤差 -0.22/-0.42% | 四段 2/4 [1.3, -11.3, 1.0, -3.7]
當天漲≥4%                     佔   7% | 前半 有 43.7%(n  71) 無 58.7% 差-15.0 [-27.1, -2.5] | 後半 有 55.1%(n 305) 無 56.6% 差 -1.5 [ -9.3, +6.0] | 40日差  -9.4/ -5.1 | 扣大盤差 -2.89/-0.54% | 四段 1/4 [-22.6, -6.2, -3.8, 4.0]
收在當日高檔(IBS≥.75)            佔  18% | 前半 有 57.8%(n 289) 無 58.1% 差 -0.3 [ -7.3, +6.5] | 後半 有 56.1%(n 611) 無 56.6% 差 -0.4 [ -4.3, +4.3] | 40日差  +4.7/ -0.6 | 扣大盤差 +0.06/+0.85% | 四段 1/4 [-2.6, -2.0, -1.9, 4.2]
打底≥10天(低點在10天前)            佔  29% | 前半 有 61.5%(n 467) 無 56.8% 差 +4.7 [ -1.2,+10.1] | 後半 有 52.1%(n1004) 無 58.3% 差 -6.2 [-11.6, -1.1] | 40日差  +1.2/ -2.2 | 扣大盤差 -0.32/-0.69% | 四段 1/4 [6.6, -0.7, -4.0, -7.7]
二次探底守住(離低點≤8%)             佔  19% | 前半 有 64.9%(n 336) 無 56.4% 差 +8.5 [ +2.2,+14.0] | 後半 有 52.8%(n 654) 無 57.4% 差 -4.6 [ -8.9, -0.3] | 40日差  +4.0/ -0.5 | 扣大盤差 +0.73/-0.13% | 四段 2/4 [9.4, 3.0, -5.5, -3.7]
V型(低點在5天內)                 佔  69% | 前半 有 56.8%(n1225) 無 61.1% 差 -4.3 [ -9.6, +1.2] | 後半 有 58.2%(n2318) 無 52.8% 差 +5.3 [ +0.4,+10.5] | 40日差  -1.6/ +1.7 | 扣大盤差 +0.55/+0.70% | 四段 3/4 [-7.4, 0.8, 2.4, 7.6]
在200日線上                    佔  24% | 前半 有 63.9%(n 424) 無 56.1% 差 +7.8 [ +0.8,+13.1] | 後半 有 53.2%(n 818) 無 57.5% 差 -4.4 [ -9.3, +0.7] | 40日差  +6.5/ -4.7 | 扣大盤差 +0.55/+0.71% | 四段 2/4 [2.4, 6.9, -5.9, -6.0]
跌更深(50日線下≥25%)             佔  13% | 前半 有 49.1%(n 110) 無 58.7% 差 -9.6 [-18.6, -1.3] | 後半 有 57.6%(n 547) 無 56.3% 差 +1.3 [ -5.1, +7.0] | 40日差 -12.4/ +0.2 | 扣大盤差 -1.68/-0.13% | 四段 2/4 [-8.5, -9.3, 3.2, 1.5]
20天內RSI14<30               佔  48% | 前半 有 56.4%(n 832) 無 59.6% 差 -3.2 [ -8.1, +1.8] | 後半 有 58.8%(n1598) 無 54.4% 差 +4.4 [ -1.1, +9.8] | 40日差  -5.8/ +2.3 | 扣大盤差 -0.38/-0.19% | 四段 2/4 [-4.5, 0.9, -0.3, 8.3]
相對QQQ強(10日領先≥5%)           佔   3% | 前半 有 54.3%(n  35) 無 58.1% 差 -3.8 [-20.0,+16.7] | 後半 有 56.4%(n 117) 無 56.5% 差 -0.1 [ -8.7, +6.9] | 40日差 +12.0/ -3.0 | 扣大盤差 -0.19/+0.78% | 四段 2/3 [None, 5.0, 1.5, -6.3]
相對QQQ弱(10日落後≥5%)           佔  64% | 前半 有 55.2%(n1017) 無 62.2% 差 -7.0 [-14.6, +0.5] | 後半 有 54.6%(n2230) 無 60.2% 差 -5.6 [-12.3, +1.2] | 40日差 -11.2/ -6.8 | 扣大盤差 -0.08/-0.60% | 四段 1/4 [-14.5, -8.1, 2.2, -9.0]
5天內要公布財報                   佔   6% | 前半 有 59.6%(n 104) 無 58.0% 差 +1.7 [-10.5,+12.1] | 後半 有 53.5%(n 200) 無 56.7% 差 -3.2 [-10.5, +3.9] | 40日差  -0.0/ -4.7 | 扣大盤差 -0.72/+1.48% | 四段 1/4 [7.3, -1.6, 0.0, -6.5]
近20天財報反應好                  佔   6% | 前半 有 53.8%(n 106) 無 58.3% 差 -4.6 [-11.8, +2.7] | 後半 有 47.9%(n 190) 無 57.0% 差 -9.1 [-16.2, -1.2] | 40日差  +3.8/ -9.1 | 扣大盤差 -0.22/-0.66% | 四段 1/4 [0.1, -7.1, -9.0, -9.3]
近20天財報反應差                  佔  18% | 前半 有 54.5%(n 312) 無 58.8% 差 -4.4 [ -9.8, +2.6] | 後半 有 52.8%(n 606) 無 57.3% 差 -4.5 [ -8.6, -0.2] | 40日差  -6.7/ -7.3 | 扣大盤差 -0.64/+0.85% | 四段 0/4 [-9.5, -1.8, -6.3, -3.0]
近3月內部人買                    佔  15% | 前半 有 56.7%(n 270) 無 58.3% 差 -1.6 [ -6.8, +3.9] | 後半 有 54.6%(n 493) 無 56.8% 差 -2.2 [ -7.2, +2.5] | 40日差  -1.7/ -2.8 | 扣大盤差 -0.17/-1.33% | 四段 1/4 [5.8, -4.0, -1.1, -4.2]
AI/半導體股                    佔  18% | 前半 有 58.3%(n 379) 無 58.0% 差 +0.3 [ -4.6, +5.1] | 後半 有 59.9%(n 558) 無 55.8% 差 +4.0 [ -1.0, +9.1] | 40日差  +2.7/ +3.4 | 扣大盤差 +1.20/+2.15% | 四段 3/4 [-11.1, 7.0, 4.9, 2.5]
  -- 大盤/總經條件
SPY在20日線上                  佔  38% | 前半 有 51.4%(n 632) 無 61.9% 差-10.5 [-18.1, -2.3] | 後半 有 50.6%(n1283) 無 60.1% 差 -9.5 [-17.8, -1.1] | 40日差  -7.0/-10.1 | 扣大盤差 -1.18/-0.93% | 四段 0/4 [-10.2, -15.8, -7.5, -6.5] | 大盤本身  -5.1/ -3.8
QQQ在20日線上                  佔  36% | 前半 有 49.4%(n 599) 無 62.6% 差-13.2 [-21.5, -4.6] | 後半 有 52.1%(n1238) 無 59.0% 差 -6.9 [-15.1, +1.4] | 40日差 -10.3/ -5.4 | 扣大盤差 -1.20/-0.68% | 四段 0/4 [-9.6, -18.3, -5.7, -2.8] | 大盤本身  -4.9/ -2.4
QQQ在50日線上                  佔  43% | 前半 有 48.9%(n 741) 無 65.0% 差-16.1 [-25.3, -7.2] | 後半 有 52.0%(n1447) 無 59.8% 差 -7.8 [-16.4, +1.3] | 40日差 -16.1/-10.5 | 扣大盤差 -1.34/-1.28% | 四段 0/4 [-17.1, -18.3, -8.3, -2.5] | 大盤本身  -8.8/ -4.0
QQQ從一年高點回檔≥10%             佔  33% | 前半 有 65.7%(n 303) 無 56.4% 差 +9.2 [ -2.4,+22.6] | 後半 有 60.8%(n1377) 無 53.5% 差 +7.3 [ -1.3,+16.0] | 40日差 +13.8/+11.6 | 扣大盤差 +0.21/+0.88% | 四段 4/4 [9.0, 10.4, 3.1, 14.5] | 大盤本身 +16.9/ -0.1
20天內廣度洗盤(站上50日線≤20%)       佔  41% | 前半 有 62.8%(n 693) 無 54.9% 差 +7.9 [ -2.6,+18.5] | 後半 有 63.5%(n1410) 無 51.4% 差+12.1 [ +3.5,+20.1] | 40日差  +7.9/+12.4 | 扣大盤差 +0.68/+1.15% | 四段 4/4 [9.0, 9.8, 9.5, 17.5] | 大盤本身  +3.9/ +7.3
廣度衝刺(10天內≤30%→≥60%)        佔   4% | 前半 有 68.4%(n  76) 無 57.6% 差+10.8 [ +0.3,+21.0] | 後半 有 48.6%(n 107) 無 56.7% 差 -8.1 [-20.0, +4.9] | 40日差 +15.8/ -1.5 | 扣大盤差 +2.15/-1.14% | 四段 3/4 [2.0, 2.2, -8.7, 9.6] | 大盤本身  +2.5/ -1.4
廣度已回升(站上20日線≥50%)          佔  33% | 前半 有 50.3%(n 606) 無 62.2% 差-11.9 [-20.3, -3.5] | 後半 有 49.9%(n1077) 無 59.6% 差 -9.7 [-17.8, -1.2] | 40日差  -8.1/ -9.6 | 扣大盤差 -1.20/-1.07% | 四段 0/4 [-6.6, -19.6, -6.3, -6.1] | 大盤本身  -5.1/ -3.4
VIX 20天內≥30且已回落15%         佔  11% | 前半 有 56.1%(n 114) 無 58.2% 差 -2.0 [-22.6,+13.6] | 後半 有 62.1%(n 454) 無 55.6% 差 +6.5 [ -2.4,+14.0] | 40日差  +4.4/ +4.4 | 扣大盤差 +0.10/-0.60% | 四段 4/4 [0.9, 8.5, 3.3, 10.5] | 大盤本身  -3.7/ +8.0
VIX 20天內≥25且已回落15%         佔  19% | 前半 有 61.0%(n 236) 無 57.6% 差 +3.4 [ -7.3,+13.6] | 後半 有 60.0%(n 713) 無 55.5% 差 +4.5 [ -2.6,+10.7] | 40日差 +10.5/ +3.3 | 扣大盤差 -0.18/-0.22% | 四段 4/4 [3.9, 5.9, 3.8, 4.4] | 大盤本身  +5.2/ +4.5
VIX倒掛已解除(20天內)             佔  27% | 前半 有 55.1%(n 481) 無 59.2% 差 -4.1 [-12.9, +5.5] | 後半 有 56.2%(n 890) 無 56.6% 差 -0.4 [ -9.0, +7.6] | 40日差  +2.7/ -2.9 | 扣大盤差 -0.37/+0.16% | 四段 1/4 [-4.5, -7.7, 7.1, -3.1] | 大盤本身  +3.8/ +0.2
VIX<20                     佔  45% | 前半 有 54.0%(n 880) 無 62.3% 差 -8.3 [-18.4, +0.7] | 後半 有 51.2%(n1401) 無 60.2% 差 -8.9 [-17.5, -1.2] | 40日差 -13.5/-10.7 | 扣大盤差 -0.66/-0.69% | 四段 0/4 [-12.2, -12.6, -7.5, -9.0] | 大盤本身  -6.4/ -7.0
資金氣候20天升≥0.2               佔  24% | 前半 有 57.5%(n 562) 無 58.3% 差 -0.9 [-14.0,+11.6] | 後半 有 57.7%(n 683) 無 56.2% 差 +1.5 [ -5.5, +9.0] | 40日差  -1.7/ +2.1 | 扣大盤差 +0.41/+0.79% | 四段 3/4 [6.0, 0.8, 4.1, -7.4] | 大盤本身  +2.9/ +3.1
資金≥90%                     佔  20% | 前半 有 57.8%(n 592) 無 58.2% 差 -0.4 [-10.9,+12.2] | 後半 有 65.3%(n 426) 無 55.2% 差+10.0 [ -6.5,+25.5] | 40日差  +4.9/+17.2 | 扣大盤差 +0.62/+0.69% | 四段 3/4 [6.8, -2.4, 24.3, 4.4] | 大盤本身  +5.3/ +9.6
資金≥65%                     佔  46% | 前半 有 62.0%(n1063) 無 51.7% 差+10.3 [ +0.3,+21.0] | 後半 有 59.7%(n1286) 無 54.5% 差 +5.2 [ -5.3,+14.8] | 40日差  +7.7/+12.0 | 扣大盤差 +1.19/+0.52% | 四段 4/4 [1.6, 8.2, 8.7, 5.2] | 大盤本身  +0.8/ +7.4
信用改善(最高1/3)                佔  19% | 前半 有 52.3%(n 266) 無 59.1% 差 -6.9 [-14.7, +1.4] | 後半 有 54.7%(n 718) 無 57.0% 差 -2.2 [-11.1, +5.9] | 40日差  -8.6/ -3.2 | 扣大盤差 -0.71/-1.55% | 四段 1/4 [-3.8, -10.0, 2.4, -3.7] | 大盤本身  -2.0/ +1.1
油價20日走強(最高1/3)             佔  23% | 前半 有 59.8%(n 328) 無 57.7% 差 +2.1 [ -5.2,+11.0] | 後半 有 56.2%(n 826) 無 56.6% 差 -0.4 [ -8.5, +8.6] | 40日差  +4.1/ -4.0 | 扣大盤差 +1.47/+0.34% | 四段 2/4 [-3.9, 3.1, 4.1, -4.4] | 大盤本身  +0.9/ -1.4
殖利率20日急降(最低1/3)            佔  44% | 前半 有 64.3%(n 947) 無 50.4% 差+13.9 [ +6.2,+22.1] | 後半 有 53.3%(n1309) 無 58.5% 差 -5.2 [-14.0, +5.7] | 40日差  +8.9/ +3.4 | 扣大盤差 +1.00/-0.19% | 四段 2/4 [5.4, 14.1, -10.4, -4.2] | 大盤本身  +4.2/ -0.5

######## 買(任一路徑)  事件 前半 11221 / 後半 17103
  整體 p1: 20日後較高 60.1%(基準 58.9%,差 +1.2 [-2.1,+4.6]) 平均 +1.50% 扣大盤 -0.05% 中途再跌≥10% 30% | 40日 62.3%(基準 61.9%)
  整體 p2: 20日後較高 54.7%(基準 54.2%,差 +0.5 [-3.5,+3.9]) 平均 +0.74% 扣大盤 -0.24% 中途再跌≥10% 47% | 40日 55.9%(基準 55.6%)
  -- 個股條件
20天內爆量長黑(≥3×且跌≥5%)         佔   9% | 前半 有 57.1%(n 792) 無 60.3% 差 -3.2 [ -7.6, +1.0] | 後半 有 53.9%(n1629) 無 54.8% 差 -0.9 [ -3.5, +1.7] | 40日差  -6.7/ -3.0 | 扣大盤差 -0.79/-1.27% | 四段 2/4 [-10.2, 4.2, -5.3, 2.0]
20天內爆量下跌(≥2×且跌≥3%)         佔  25% | 前半 有 57.5%(n2453) 無 60.8% 差 -3.3 [ -6.3, -0.5] | 後半 有 54.6%(n4548) 無 54.7% 差 -0.1 [ -3.2, +2.9] | 40日差  -3.9/ -1.1 | 扣大盤差 -0.32/-0.19% | 四段 1/4 [-7.3, -0.0, -2.2, 2.5]
當天量≥1.5×                   佔  18% | 前半 有 59.7%(n2004) 無 60.1% 差 -0.5 [ -4.2, +3.0] | 後半 有 56.2%(n2992) 無 54.4% 差 +1.9 [ -2.1, +6.1] | 40日差  -0.9/ +1.9 | 扣大盤差 -0.22/-0.34% | 四段 2/4 [-5.1, 4.8, -3.3, 6.5]
當天跳空≥2%                    佔   9% | 前半 有 58.4%(n 671) 無 60.2% 差 -1.8 [ -6.1, +3.0] | 後半 有 52.1%(n1863) 無 55.0% 差 -3.0 [ -6.5, +0.6] | 40日差  -7.0/ -2.8 | 扣大盤差 +0.05/-1.58% | 四段 0/4 [-0.4, -7.2, -2.2, -2.2]
當天漲≥4%                     佔  10% | 前半 有 56.2%(n 769) 無 60.4% 差 -4.2 [ -8.1, -0.6] | 後半 有 52.9%(n1985) 無 54.9% 差 -2.1 [ -5.2, +1.8] | 40日差  -6.0/ -2.6 | 扣大盤差 +0.18/-1.17% | 四段 0/4 [-2.6, -7.1, -2.0, -1.7]
收在當日高檔(IBS≥.75)            佔  32% | 前半 有 59.5%(n3610) 無 60.3% 差 -0.8 [ -3.3, +1.8] | 後半 有 53.7%(n5359) 無 55.2% 差 -1.5 [ -3.6, +0.7] | 40日差  +0.2/ -1.6 | 扣大盤差 -0.14/-0.24% | 四段 2/4 [0.7, -1.6, -3.3, 0.3]
打底≥10天(低點在10天前)            佔  54% | 前半 有 61.3%(n6427) 無 58.4% 差 +2.9 [ -0.6, +6.5] | 後半 有 53.1%(n8823) 無 56.4% 差 -3.2 [ -6.7, +0.3] | 40日差  +2.9/ -2.8 | 扣大盤差 +0.09/-0.36% | 四段 1/4 [4.5, -0.6, -1.9, -3.5]
二次探底守住(離低點≤8%)             佔  32% | 前半 有 63.0%(n4467) 無 58.1% 差 +4.8 [ +2.5, +7.4] | 後半 有 54.6%(n4764) 無 54.8% 差 -0.2 [ -3.0, +2.3] | 40日差  +4.8/ -0.0 | 扣大盤差 +0.18/+0.06% | 四段 3/4 [3.5, 4.8, 1.6, -1.5]
V型(低點在5天內)                 佔  41% | 前半 有 58.5%(n4144) 無 61.0% 差 -2.5 [ -6.3, +0.9] | 後半 有 56.7%(n7319) 無 53.3% 差 +3.4 [ -0.0, +7.0] | 40日差  -3.8/ +2.7 | 扣大盤差 -0.27/+0.26% | 四段 3/4 [-3.6, 1.0, 1.5, 3.9]
在200日線上                    佔  54% | 前半 有 61.4%(n6831) 無 58.1% 差 +3.3 [ -0.9, +6.9] | 後半 有 54.3%(n8503) 無 55.2% 差 -0.9 [ -4.6, +2.9] | 40日差  +4.2/ +0.2 | 扣大盤差 +0.33/+0.41% | 四段 3/4 [0.8, 2.8, 3.1, -3.7]
跌更深(50日線下≥25%)             佔   6% | 前半 有 55.2%(n 261) 無 60.2% 差 -5.0 [-11.0, +1.8] | 後半 有 58.5%(n1584) 無 54.3% 差 +4.2 [ -2.0,+10.1] | 40日差  -9.3/ +2.1 | 扣大盤差 +0.72/-0.43% | 四段 3/4 [-16.0, 2.8, 2.9, 6.6]
20天內RSI14<30               佔  25% | 前半 有 58.1%(n2497) 無 60.6% 差 -2.6 [ -5.9, +1.0] | 後半 有 58.9%(n4528) 無 53.2% 差 +5.6 [ +1.6, +9.8] | 40日差  -2.8/ +5.1 | 扣大盤差 -0.55/+0.40% | 四段 3/4 [-3.1, 0.6, 4.3, 6.5]
相對QQQ強(10日領先≥5%)           佔   4% | 前半 有 63.6%(n 390) 無 59.9% 差 +3.7 [ -1.1, +8.1] | 後半 有 55.1%(n 824) 無 54.7% 差 +0.4 [ -3.4, +4.3] | 40日差  +3.2/ +1.4 | 扣大盤差 +0.27/+0.78% | 四段 3/4 [5.5, 1.5, 2.8, -2.9]
相對QQQ弱(10日落後≥5%)           佔  47% | 前半 有 56.0%(n3922) 無 62.3% 差 -6.3 [ -9.0, -3.9] | 後半 有 53.5%(n9241) 無 56.2% 差 -2.7 [ -5.8, +0.6] | 40日差  -9.0/ -4.0 | 扣大盤差 -0.20/-0.63% | 四段 0/4 [-9.9, -4.3, -3.2, -1.5]
5天內要公布財報                   佔   7% | 前半 有 60.9%(n 785) 無 60.0% 差 +0.9 [ -3.6, +5.6] | 後半 有 53.3%(n1226) 無 54.8% 差 -1.6 [ -5.7, +3.5] | 40日差  +1.8/ -1.8 | 扣大盤差 +0.64/+0.25% | 四段 1/4 [-4.8, 6.4, -3.7, -2.0]
近20天財報反應好                  佔   6% | 前半 有 60.6%(n 757) 無 60.0% 差 +0.6 [ -3.4, +5.2] | 後半 有 51.0%(n1040) 無 55.0% 差 -4.0 [ -7.6, -0.3] | 40日差  +0.1/ -3.8 | 扣大盤差 +0.27/-0.02% | 四段 1/4 [-3.7, 4.1, -2.5, -5.9]
近20天財報反應差                  佔  12% | 前半 有 61.0%(n1333) 無 59.9% 差 +1.0 [ -3.0, +4.8] | 後半 有 55.9%(n2124) 無 54.5% 差 +1.3 [ -2.1, +4.2] | 40日差  +1.7/ +1.3 | 扣大盤差 -0.12/+0.97% | 四段 2/4 [-4.8, 6.2, -2.4, 4.1]
近3月內部人買                    佔  13% | 前半 有 59.5%(n1592) 無 60.2% 差 -0.6 [ -3.4, +2.2] | 後半 有 53.8%(n2175) 無 54.8% 差 -1.0 [ -3.2, +1.5] | 40日差  -1.7/ -0.5 | 扣大盤差 -0.16/-0.59% | 四段 1/4 [1.4, -1.0, -1.7, -1.3]
AI/半導體股                    佔  18% | 前半 有 55.4%(n2267) 無 61.3% 差 -5.9 [ -8.9, -2.4] | 後半 有 58.5%(n2786) 無 54.0% 差 +4.5 [ +1.5, +8.0] | 40日差  -1.8/ +6.4 | 扣大盤差 -0.08/+2.74% | 四段 2/4 [-11.0, -1.4, 3.7, 7.9]
  -- 大盤/總經條件
SPY在20日線上                  佔  45% | 前半 有 56.4%(n5128) 無 63.2% 差 -6.8 [-11.7, -2.0] | 後半 有 51.1%(n7499) 無 57.6% 差 -6.5 [-12.4, -1.2] | 40日差  -3.0/ -7.9 | 扣大盤差 +0.14/-0.79% | 四段 0/4 [-7.1, -8.5, -5.7, -5.4] | 大盤本身  -5.1/ -3.8
QQQ在20日線上                  佔  44% | 前半 有 56.6%(n5036) 無 62.9% 差 -6.2 [-11.0, -1.8] | 後半 有 52.1%(n7291) 無 56.7% 差 -4.6 [-10.6, +0.7] | 40日差  -3.6/ -4.6 | 扣大盤差 +0.17/-0.42% | 四段 0/4 [-5.6, -7.9, -4.7, -3.0] | 大盤本身  -4.9/ -2.4
QQQ在50日線上                  佔  57% | 前半 有 56.9%(n6837) 無 65.1% 差 -8.2 [-14.6, -2.9] | 後半 有 52.5%(n9181) 無 57.2% 差 -4.7 [-11.7, +1.4] | 40日差  -5.5/ -7.7 | 扣大盤差 +0.10/-0.33% | 四段 0/4 [-7.5, -8.7, -6.8, -1.6] | 大盤本身  -8.8/ -4.0
QQQ從一年高點回檔≥10%             佔  19% | 前半 有 70.6%(n1196) 無 58.8% 差+11.8 [ +3.1,+22.3] | 後半 有 54.6%(n4370) 無 54.7% 差 -0.1 [ -7.7, +9.5] | 40日差  +9.8/ +4.8 | 扣大盤差 +0.06/-0.20% | 四段 3/4 [14.2, 8.0, -4.5, 6.1] | 大盤本身 +16.9/ -0.1
20天內廣度洗盤(站上50日線≤20%)       佔  23% | 前半 有 62.0%(n2303) 無 59.6% 差 +2.5 [ -4.9,+12.1] | 後半 有 59.0%(n4202) 無 53.3% 差 +5.7 [ -1.7,+12.5] | 40日差  +1.3/+10.2 | 扣大盤差 -0.07/-0.52% | 四段 3/4 [-0.6, 5.6, 3.6, 8.5] | 大盤本身  +3.9/ +7.3
廣度衝刺(10天內≤30%→≥60%)        佔   5% | 前半 有 62.0%(n 808) 無 59.9% 差 +2.1 [ -5.1, +8.9] | 後半 有 50.3%(n 688) 無 54.9% 差 -4.6 [-11.4, +2.4] | 40日差  +9.8/ -2.9 | 扣大盤差 -0.08/-1.05% | 四段 1/4 [3.6, -3.7, -2.0, -2.2] | 大盤本身  +2.5/ -1.4
廣度已回升(站上20日線≥50%)          佔  39% | 前半 有 56.4%(n5055) 無 63.1% 差 -6.7 [-11.8, -1.7] | 後半 有 51.0%(n5967) 無 56.7% 差 -5.8 [-11.1, -0.7] | 40日差  -3.1/ -6.5 | 扣大盤差 +0.11/-0.79% | 四段 0/4 [-4.7, -10.5, -4.7, -3.5] | 大盤本身  -5.1/ -3.4
VIX 20天內≥30且已回落15%         佔  10% | 前半 有 57.7%(n 852) 無 60.3% 差 -2.5 [-14.2, +8.9] | 後半 有 59.0%(n1970) 無 54.1% 差 +4.9 [ -2.8,+11.7] | 40日差  +0.7/ +6.3 | 扣大盤差 -0.04/-1.19% | 四段 3/4 [-2.0, 6.3, 0.3, 13.7] | 大盤本身  -3.7/ +8.0
VIX 20天內≥25且已回落15%         佔  17% | 前半 有 62.4%(n1443) 無 59.7% 差 +2.7 [ -5.0,+10.6] | 後半 有 58.3%(n3445) 無 53.8% 差 +4.4 [ -1.0, +9.3] | 40日差  +6.3/ +3.9 | 扣大盤差 +0.05/-0.56% | 四段 4/4 [0.4, 8.5, 4.2, 3.4] | 大盤本身  +5.2/ +4.5
VIX倒掛已解除(20天內)             佔  23% | 前半 有 61.6%(n2770) 無 59.6% 差 +2.0 [ -5.0, +8.2] | 後半 有 53.3%(n3688) 無 55.1% 差 -1.8 [ -7.8, +4.3] | 40日差  +1.6/ -2.3 | 扣大盤差 -0.05/-0.76% | 四段 2/4 [6.0, -3.1, 0.4, -1.8] | 大盤本身  +3.8/ +0.2
VIX<20                     佔  60% | 前半 有 58.1%(n7591) 無 64.2% 差 -6.2 [-13.4, -0.2] | 後半 有 52.7%(n9317) 無 57.2% 差 -4.5 [-12.1, +1.6] | 40日差  -8.5/ -7.8 | 扣大盤差 -0.08/+0.24% | 四段 0/4 [-9.2, -5.1, -2.3, -7.1] | 大盤本身  -6.4/ -7.0
資金氣候20天升≥0.2               佔  20% | 前半 有 62.7%(n3142) 無 59.0% 差 +3.7 [ -3.7,+10.0] | 後半 有 58.2%(n2572) 無 54.1% 差 +4.2 [ -2.2,+10.6] | 40日差  +2.7/ +7.3 | 扣大盤差 +0.04/-0.94% | 四段 3/4 [7.9, 3.1, 8.0, -3.2] | 大盤本身  +2.9/ +3.1
資金≥90%                     佔  14% | 前半 有 62.1%(n2196) 無 59.6% 差 +2.5 [ -3.6,+10.3] | 後半 有 56.4%(n1695) 無 54.5% 差 +1.9 [ -7.2,+10.3] | 40日差  +7.1/ +9.4 | 扣大盤差 -0.03/-0.84% | 四段 3/4 [5.3, 3.4, 11.6, -6.4] | 大盤本身  +5.3/ +9.6
資金≥65%                     佔  40% | 前半 有 63.0%(n5458) 無 57.3% 差 +5.7 [ -0.2,+11.7] | 後半 有 58.4%(n5851) 無 52.8% 差 +5.6 [ -1.9,+12.7] | 40日差  +1.8/ +9.3 | 扣大盤差 +0.06/-0.91% | 四段 4/4 [7.4, 5.2, 13.2, 0.1] | 大盤本身  +0.8/ +7.4
信用改善(最高1/3)                佔  22% | 前半 有 60.7%(n2192) 無 59.9% 差 +0.8 [ -4.5, +5.9] | 後半 有 52.3%(n4023) 無 55.4% 差 -3.1 [ -8.6, +2.9] | 40日差  -1.0/ -8.3 | 扣大盤差 -0.01/-0.20% | 四段 2/4 [1.2, -3.7, -4.8, 1.2] | 大盤本身  -2.0/ +1.1
油價20日走強(最高1/3)             佔  28% | 前半 有 63.5%(n2832) 無 58.9% 差 +4.5 [ -0.6, +9.3] | 後半 有 55.4%(n4997) 無 54.4% 差 +1.0 [ -5.2, +7.1] | 40日差  +5.5/ -3.0 | 扣大盤差 +0.37/+0.10% | 四段 3/4 [2.4, 5.4, 5.6, -3.9] | 大盤本身  +0.9/ -1.4
殖利率20日急降(最低1/3)            佔  35% | 前半 有 63.8%(n4476) 無 57.6% 差 +6.3 [ +1.0,+12.3] | 後半 有 52.7%(n5491) 無 55.6% 差 -2.9 [-10.0, +4.2] | 40日差  +3.6/ +1.7 | 扣大盤差 +0.27/-0.57% | 四段 2/4 [0.9, 11.5, -1.8, -7.0] | 大盤本身  +4.2/ -0.5
