################ A. 賣出 ################

[出的價格部分:漲多後跌破20日線]  基準(所有股票日 20 日後較低)前半 40.9% / 後半 45.6%
  全部(不看資金)                           | p1 n=1220(144/年) 43.0% 差 +2.1[-2,+6] 均 +1.6% 扣盤 +0.0% 40日42.4% | p2 n=3521(402/年) 48.1% 差 +2.4[-1,+6] 均 +0.5% 扣盤 -0.1% 40日48.1% | 四段   -1   +5   +3   +3
  現行「出」= 資金偏緊                        | p1 n= 387( 46/年) 48.1% 差 +7.2[+0,+14] 均 +0.7% 扣盤 -0.1% 40日46.0% | p2 n=1253(143/年) 56.7% 差+11.0[+6,+16] 均 -3.2% 扣盤 -1.8% 40日58.9% | 四段   +9   +6  +18   +6
  出 + (油弱或殖利率急降)                     | p1 n= 106( 12/年) 61.3% 差+20.4[+8,+29] 均 -3.0% 扣盤 -1.4% 40日63.2% | p2 n= 575( 66/年) 63.7% 差+18.0[+11,+23] 均 -6.6% 扣盤 -3.1% 40日63.9% | 四段  +25   -7  +21  +21
  出 + 當天跌≥4%                         | p1 n= 124( 15/年) 54.8% 差+14.0[+5,+23] 均 +0.4% 扣盤 -0.2% 40日49.2% | p2 n= 659( 75/年) 60.5% 差+14.9[+9,+20] 均 -5.2% 扣盤 -3.9% 40日63.7% | 四段  +18  +10  +20  +12
  出 + 前20天有頂K                        | p1 n=  56(  7/年) 48.2% 差 +7.3[-4,+21] 均 +1.6% 扣盤 +0.6% 40日50.0% | p2 n= 323( 37/年) 65.3% 差+19.7[+11,+25] 均 -8.4% 扣盤 -6.3% 40日67.6% | 四段  +15   +4  +24  +17
  出 + 以上任一                           | p1 n= 204( 24/年) 54.4% 差+13.5[+5,+21] 均 -0.0% 扣盤 -0.1% 40日52.0% | p2 n= 964(110/年) 59.0% 差+13.4[+8,+18] 均 -4.2% 扣盤 -2.3% 40日61.3% | 四段  +18   +6  +18  +10
  出 + 以上都沒有                          | p1 n= 183( 22/年) 41.0% 差 +0.1[-7,+8] 均 +1.4% 扣盤 -0.1% 40日39.3% | p2 n= 289( 33/年) 48.8% 差 +3.2[-4,+11] 均 -0.1% 扣盤 -0.1% 40日50.2% | 四段   -3   +7  +13   -4
  出 + 但大盤已超賣(廣度<40%)                 | p1 n=  93( 11/年) 48.4% 差 +7.5[-4,+18] 均 +0.6% 扣盤 +0.3% 40日46.2% | p2 n= 520( 59/年) 51.3% 差 +5.7[-2,+12] 均 -1.1% 扣盤 -0.3% 40日53.7% | 四段   +8   +3  +12   -1
  -- 分數 = 資金偏緊 + (油弱或殖利率急降) + 當天跌≥4% + 前20天有頂K − 大盤已超賣
  分數 ≤0                              | p1 n= 446( 52/年) 35.4% 差 -5.5[-12,+0] 均 +2.9% 扣盤 +0.4% 40日35.4% | p2 n= 857( 98/年) 37.3% 差 -8.3[-13,-3] 均 +3.1% 扣盤 +0.5% 40日38.9% | 四段  -11   +0  -16   -1
  分數 1                               | p1 n= 503( 59/年) 44.9% 差 +4.0[-1,+9] 均 +1.2% 扣盤 -0.3% 40日44.3% | p2 n=1290(147/年) 44.9% 差 -0.7[-4,+3] 均 +2.1% 扣盤 +1.2% 40日44.1% | 四段   -1  +11   +0   -1
  分數 2                               | p1 n= 213( 25/年) 51.6% 差+10.8[+4,+16] 均 -0.4% 扣盤 -0.8% 40日49.3% | p2 n= 944(108/年) 53.2% 差 +7.6[+4,+11] 均 +0.1% 扣盤 +0.6% 40日52.5% | 四段  +15   +4  +14   +5
  分數 ≥3                              | p1 n=  58(  7/年) 53.4% 差+12.6[-2,+25] 均 +3.1% 扣盤 +2.7% 40日53.4% | p2 n= 430( 49/年) 67.7% 差+22.1[+16,+28] 均 -8.7% 扣盤 -6.6% 40日68.9% | 四段  +19   +3  +26  +22
  不看資金、只看 當天跌≥4% + 前20天有頂K           | p1 n=  73(  9/年) 57.5% 差+16.6[+7,+28] 均 +2.0% 扣盤 +0.5% 40日52.1% | p2 n= 640( 73/年) 58.6% 差+13.0[+7,+18] 均 -2.5% 扣盤 -2.9% 40日58.6% | 四段  +16  +17  +13  +14

[頂K(當晚收盤賣)]  基準 前半 40.7% / 後半 45.4%
  全部頂K                               | p1 n= 393( 46/年) 56.2% 差+15.5[+9,+21] 均 -1.3% 扣盤 -2.9% 40日52.4% | p2 n=2962(339/年) 51.1% 差 +5.8[+2,+11] 均 +1.1% 扣盤 -0.4% 40日52.6% | 四段  +14  +17   +5   +7
  頂K + QQQ已在20日線下                    | p1 n=  97( 11/年) 63.9% 差+23.2[+12,+33] 均 -7.3% 扣盤 -8.1% 40日55.7% | p2 n= 434( 50/年) 55.8% 差+10.4[+3,+17] 均 -4.6% 扣盤 -6.1% 40日59.3% | 四段  +21  +24   +2  +16
  頂K + QQQ在20日線上                     | p1 n= 296( 35/年) 53.7% 差+13.0[+6,+20] 均 +0.6% 扣盤 -1.2% 40日51.4% | p2 n=2528(289/年) 50.4% 差 +5.0[+1,+11] 均 +2.1% 扣盤 +0.5% 40日51.5% | 四段  +12  +15   +5   +5
  頂K + 殖利率急降                         | p1 n=  78(  9/年) 60.3% 差+19.5[+10,+29] 均 -2.0% 扣盤 -3.8% 40日62.8% | p2 n= 933(107/年) 54.3% 差 +8.9[+2,+17] 均 -2.2% 扣盤 -1.8% 40日56.7% | 四段  +21  +17  +11   +8
  頂K + 5天內財報                         | p1 n=  20(  2/年) 55.0% 差+14.3 均 -4.3% 扣盤 -4.7% 40日55.0% | p2 n= 170( 19/年) 58.2% 差+12.8[+2,+23] 均 -2.4% 扣盤 -3.6% 40日57.1% | 四段  +15   +6   +9  +17
  頂K 非AI股                            | p1 n= 291( 34/年) 59.8% 差+19.1[+11,+26] 均 -2.2% 扣盤 -3.9% 40日54.6% | p2 n=2571(294/年) 51.9% 差 +6.5[+2,+12] 均 +0.3% 扣盤 -1.4% 40日53.8% | 四段  +15  +22   +4   +8
  頂K AI股                             | p1 n= 102( 12/年) 46.1% 差 +5.4[-3,+14] 均 +1.2% 扣盤 +0.1% 40日46.1% | p2 n= 391( 45/年) 46.0% 差 +0.6[-8,+10] 均 +6.4% 扣盤 +5.7% 40日44.6% | 四段  +11   -1  +10   -2
  頂K + (QQQ線下或殖利率急降) 非AI             | p1 n= 102( 12/年) 62.7% 差+22.0[+12,+31] 均 -3.8% 扣盤 -5.2% 40日59.8% | p2 n=1100(126/年) 54.4% 差 +9.0[+3,+16] 均 -2.5% 扣盤 -3.1% 40日59.0% | 四段  +12  +26   +8  +10

[減碼(頂K 隔天收破低點,當晚收盤賣)]
  全部減碼                               | p1 n=  90( 11/年) 56.7% 差+16.0[+7,+24] 均 -1.8% 扣盤 -3.3% 40日64.4% | p2 n= 870( 99/年) 52.9% 差 +7.5[+1,+14] 均 +1.5% 扣盤 +0.1% 40日55.9% | 四段  +16  +16   +8   +8
  減碼 + QQQ已在20日線下                    | p1 n=  21(  2/年) 71.4% 差+30.7[+12,+49] 均-10.3% 扣盤-10.2% 40日71.4% | p2 n= 214( 24/年) 60.3% 差+14.9[+5,+24] 均 -2.2% 扣盤 -3.7% 40日61.5% | 四段   —  +39  +12  +16
  減碼 + QQQ在20日線上                     | p1 n=  69(  8/年) 52.2% 差+11.5[+2,+21] 均 +0.8% 扣盤 -1.3% 40日62.3% | p2 n= 656( 75/年) 50.5% 差 +5.1[-1,+12] 均 +2.7% 扣盤 +1.3% 40日54.1% | 四段  +14   +7   +6   +5
  減碼 非AI股                            | p1 n=  69(  8/年) 59.4% 差+18.7[+9,+28] 均 -0.9% 扣盤 -2.5% 40日65.2% | p2 n= 766( 88/年) 54.0% 差 +8.7[+2,+15] 均 +0.7% 扣盤 -0.7% 40日57.9% | 四段  +20  +19   +7  +10
  減碼 + QQQ線下 非AI                     | p1 n=  14(  2/年) 85.7% 差+45.0 均-14.3% 扣盤-13.5% 40日78.6% | p2 n= 183( 21/年) 61.7% 差+16.4[+6,+26] 均 -1.8% 扣盤 -3.3% 40日62.6% | 四段   —  +48  +12  +18

################ B. 買進 ################

[深跌後站回20日線(抄底的價格部分)]  基準(所有股票日 20 日後較高)前半 58.9% / 後半 54.2%
  全部(不看資金)                           | p1 n= 892(105/年) 53.0% 差 -5.9[-11,+0] 均 +0.6% 扣盤 -0.5% 40日59.9% | p2 n=2977(340/年) 52.9% 差 -1.3[-7,+4] 均 +1.7% 扣盤 -0.1% 40日56.6% | 四段   -6   -6   +0   -3
  現行「抄底」= 資金≥80%(含深跌≥15%)            | p1 n= 400( 47/年) 53.2% 差 -5.6[-14,+5] 均 +0.3% 扣盤 -0.6% 40日65.0% | p2 n= 851( 97/年) 61.6% 差 +7.3[-9,+19] 均 +5.2% 扣盤 +0.6% 40日73.0% | 四段  -12   +1  +21   +0
  大盤回檔≥10%(QQQ)                      | p1 n= 132( 16/年) 70.5% 差+11.6[-2,+22] 均 +4.9% 扣盤 +0.8% 40日75.0% | p2 n=1206(138/年) 61.3% 差 +7.0[-5,+18] 均 +4.2% 扣盤 +0.6% 40日63.0% | 四段   +7  +14   +3  +16
  VIX≥20                             | p1 n= 432( 51/年) 55.3% 差 -3.6[-12,+7] 均 +1.1% 扣盤 +0.0% 40日69.4% | p2 n=1404(160/年) 62.7% 差 +8.5[-0,+18] 均 +5.4% 扣盤 +1.1% 40日63.8% | 四段   -5   +4   +5  +16
  大盤回檔或VIX≥20(=全面性下跌)                | p1 n= 440( 52/年) 55.9% 差 -3.0[-12,+8] 均 +1.3% 扣盤 +0.1% 40日69.8% | p2 n=1503(172/年) 61.1% 差 +6.8[-3,+16] 均 +4.7% 扣盤 +0.9% 40日63.9% | 四段   -5   +5   +4  +10
  都沒有(=個股自己跌)                        | p1 n= 452( 53/年) 50.2% 差 -8.7[-13,-4] 均 -0.2% 扣盤 -1.1% 40日50.2% | p2 n=1474(168/年) 44.6% 差 -9.7[-15,-4] 均 -1.4% 扣盤 -1.2% 40日49.1% | 四段   -8   -9  -12   -9
  全面性下跌 + 資金≥80%                     | p1 n= 264( 31/年) 52.7% 差 -6.2[-17,+9] 均 +0.3% 扣盤 -0.4% 40日71.2% | p2 n= 452( 52/年) 74.8% 差+20.5[+1,+31] 均 +9.0% 扣盤 +0.7% 40日85.0% | 四段  -12   +6  +30  +12
  全面性下跌 + 資金<80%                     | p1 n= 176( 21/年) 60.8% 差 +1.9[-10,+13] 均 +2.9% 扣盤 +0.9% 40日67.6% | p2 n=1051(120/年) 55.2% 差 +1.0[-8,+11] 均 +2.8% 扣盤 +1.0% 40日54.8% | 四段   +2   +2   -2   +8
  個股自己跌 + 資金≥80%                     | p1 n= 136( 16/年) 54.4% 差 -4.5[-13,+4] 均 +0.3% 扣盤 -1.0% 40日52.9% | p2 n= 399( 46/年) 46.6% 差 -7.6[-21,+4] 均 +0.8% 扣盤 +0.5% 40日59.4% | 四段   —   -3   -3   -9
  資金≥90%                             | p1 n= 232( 27/年) 59.5% 差 +0.6[-11,+11] 均 +3.4% 扣盤 +0.8% 40日69.4% | p2 n= 454( 52/年) 68.3% 差+14.0[+2,+24] 均 +7.5% 扣盤 +1.3% 40日74.4% | 四段   -2   +4  +25   +8
  5天內財報                              | p1 n=  65(  8/年) 67.7% 差 +8.8[-2,+18] 均 +2.7% 扣盤 +0.2% 40日67.7% | p2 n= 222( 25/年) 59.5% 差 +5.2[-4,+12] 均 +5.7% 扣盤 +3.1% 40日60.2% | 四段   +3   +8   +7   +4
  跌太深(≥25%)                          | p1 n= 213( 25/年) 48.4% 差-10.5[-18,-3] 均 -1.2% 扣盤 -2.2% 40日52.6% | p2 n=1227(140/年) 51.1% 差 -3.1[-13,+5] 均 +1.2% 扣盤 -0.5% 40日57.6% | 四段  -11  -10   -3   -4
  -- 分數 = 全面性下跌(大盤回檔≥10% 或 VIX≥20) + 資金≥80% + 5天內財報 − 跌太深(≥25%)
  分數 ≤0                              | p1 n= 377( 44/年) 48.5% 差-10.3[-15,-5] 均 -0.3% 扣盤 -1.3% 40日50.1% | p2 n=1569(179/年) 44.6% 差 -9.6[-14,-5] 均 -1.5% 扣盤 -1.4% 40日47.6% | 四段   -8  -13  -12   -8
  分數 1                               | p1 n= 278( 33/年) 55.8% 差 -3.1[-10,+5] 均 +1.1% 扣盤 -0.2% 40日61.9% | p2 n=1117(128/年) 60.3% 差 +6.1[-2,+13] 均 +4.5% 扣盤 +1.2% 40日64.0% | 四段   -1   -2   +8   +1
  分數 2                               | p1 n= 224( 26/年) 56.7% 差 -2.2[-13,+14] 均 +1.3% 扣盤 +0.5% 40日72.8% | p2 n= 275( 31/年) 68.0% 差+13.8[-1,+25] 均 +7.4% 扣盤 +1.6% 40日74.9% | 四段  -10  +11  +23   +6
  分數 ≥3                              | p1 n=  13(  2/年) 61.5% 差 +2.7 均 +2.7% 扣盤 -2.2% 40日76.9% | p2 n=  16(  2/年) 87.5% 差+33.3 均 +8.8% 扣盤 -2.0% 40日93.8% | 四段   —   —   —  +32

[★(TD買9/RV/殺量/CTA弱 ≥3 項)]
  全部★                                | p1 n=1726(203/年) 58.1% 差 -0.8[-7,+5] 均 +1.4% 扣盤 -0.3% 40日62.5% | p2 n=3378(386/年) 56.5% 差 +2.2[-3,+7] 均 +1.2% 扣盤 +0.1% 40日59.4% | 四段   -3   +3   -0   +3
  ★ + 資金≥65%(現行建議)                   | p1 n=1063(125/年) 62.0% 差 +3.1[-4,+11] 均 +2.1% 扣盤 +0.2% 40日65.5% | p2 n=1286(147/年) 59.7% 差 +5.5[-3,+14] 均 +3.5% 扣盤 +0.4% 40日66.8% | 四段   -2   +7   +6   +5
  ★ + 全面性下跌                          | p1 n= 852(100/年) 62.3% 差 +3.4[-5,+13] 均 +2.5% 扣盤 +0.0% 40日69.5% | p2 n=2053(235/年) 59.9% 差 +5.7[-2,+14] 均 +2.1% 扣盤 +0.4% 40日63.8% | 四段   +1   +9   +2   +7
  ★ + 資金≥65% + 全面性下跌                 | p1 n= 612( 72/年) 64.4% 差 +5.5[-4,+19] 均 +2.8% 扣盤 +0.1% 40日72.5% | p2 n= 797( 91/年) 63.5% 差 +9.3[-3,+21] 均 +5.1% 扣盤 +0.6% 40日74.8% | 四段   -2  +10   +8  +10
  ★ + 資金≥65% + SPY在20日線下             | p1 n= 749( 88/年) 65.7% 差 +6.8[-2,+18] 均 +3.1% 扣盤 +0.5% 40日68.8% | p2 n= 733( 84/年) 64.0% 差 +9.7[-6,+23] 均 +4.3% 扣盤 +0.5% 40日73.4% | 四段   -1  +11  +11   +9
  ★ + 資金≥65% + SPY在20日線上             | p1 n= 314( 37/年) 53.2% 差 -5.7[-13,+2] 均 -0.4% 扣盤 -0.5% 40日57.6% | p2 n= 553( 63/年) 54.1% 差 -0.2[-6,+6] 均 +2.5% 扣盤 +0.2% 40日58.0% | 四段   -7   -3   -0   -0
  ★ + 資金<65% + 個股自己跌                 | p1 n= 423( 50/年) 48.7% 差-10.2[-15,-5] 均 -0.7% 扣盤 -1.6% 40日55.6% | p2 n= 836( 96/年) 49.8% 差 -4.5[-10,+0] 均 -1.1% 扣盤 -0.7% 40日51.7% | 四段  -14   -8  -12   +0

[買(技判三路徑,價格部分)]
  全部買                                | p1 n=11221(1320/年) 60.1% 差 +1.2[-2,+5] 均 +1.5% 扣盤 -0.0% 40日62.3% | p2 n=17103(1955/年) 54.7% 差 +0.5[-4,+4] 均 +0.7% 扣盤 -0.2% 40日55.9% | 四段   +1   +2   -1   +1
  買 + 資金≥65%                         | p1 n=5458(642/年) 63.0% 差 +4.1[+0,+9] 均 +1.9% 扣盤 -0.0% 40日63.2% | p2 n=5851(669/年) 58.4% 差 +4.1[-1,+9] 均 +2.3% 扣盤 -0.8% 40日62.0% | 四段   +5   +5   +9   +1
  買 + 資金≥65% + SPY在20日線下             | p1 n=3354(395/年) 67.4% 差 +8.5[+3,+15] 均 +2.7% 扣盤 -0.2% 40日64.5% | p2 n=2992(342/年) 61.5% 差 +7.3[-4,+17] 均 +3.2% 扣盤 -0.3% 40日66.4% | 四段   +8   +9  +15   +2
  買 + 資金≥65% + 全面性下跌                 | p1 n=2279(268/年) 67.4% 差 +8.5[+2,+17] 均 +3.3% 扣盤 +0.0% 40日71.0% | p2 n=2884(330/年) 61.3% 差 +7.0[-3,+16] 均 +3.4% 扣盤 -1.2% 40日68.1% | 四段   +8   +7   +9   +4
  買 + 資金<65% + SPY在20日線上             | p1 n=3024(356/年) 56.6% 差 -2.3[-7,+3] 均 +1.0% 扣盤 -0.1% 40日60.2% | p2 n=4640(530/年) 48.6% 差 -5.7[-10,-1] 均 -0.9% 扣盤 -0.2% 40日47.8% | 四段   -5   -2   -7   -3

################ C. 機械式樣本外:只用一段挑條件(差≥+4 且 CI 不含 0 → +1;差≤−4 且 CI 不含 0 → −1),另一段驗證 ################

  出:用p1挑 → 加分 ['油價20日走弱(最低1/3)', '10年債殖利率20日急降(1/3)'] / 扣分 [];在p2驗證:
    分數≤−1    n=0
    分數 0     n=  678 命中 50.7%(基準 45.6,差  +5.1 [-0,+11]) 平均 -0.35% 扣大盤 -0.65%
    分數 1     n=  471 命中 62.4%(基準 45.6,差 +16.8 [+10,+22]) 平均 -4.77% 扣大盤 -1.79%
    分數≥2     n=  104 命中 69.2%(基準 45.6,差 +23.6 [+2,+34]) 平均 -15.06% 扣大盤 -8.94%

  出:用p2挑 → 加分 ['跳空跌≥2%', '當天跌≥4%', '當天收跌', '前20天有頂K', '漲更多(50日線上≥30%)', '油價20日走弱(最低1/3)'] / 扣分 ['在200日線上', 'AI/半導體股', 'QQQ在50日線下', '廣度:站上20日線<40%'];在p1驗證:
    分數≤−1    n=   95 命中 44.2%(基準 40.9,差  +3.3 [-6,+14]) 平均 +1.02% 扣大盤 -0.40%
    分數 0     n=  133 命中 46.6%(基準 40.9,差  +5.7 [-5,+18]) 平均 +0.88% 扣大盤 +0.38%
    分數 1     n=   84 命中 56.0%(基準 40.9,差 +15.1 [+4,+26]) 平均 -1.06% 扣大盤 -1.51%
    分數≥2     n=   75 命中 46.7%(基準 40.9,差  +5.8 [-4,+16]) 平均 +1.69% 扣大盤 +0.92%

  出(不看資金):用p1挑 → 加分 ['前20天有頂K', '內部人近3月賣超前10%'] / 扣分 ['財報當天/隔天', '廣度:站上20日線<40%', 'VIX≥20'];在p2驗證:
    分數≤−1    n= 1532 命中 44.5%(基準 45.6,差  -1.1 [-6,+4]) 平均 +1.40% 扣大盤 +0.09%
    分數 0     n= 1361 命中 49.8%(基準 45.6,差  +4.2 [+0,+8]) 平均 +0.47% 扣大盤 +0.15%
    分數 1     n=  579 命中 53.7%(基準 45.6,差  +8.1 [+3,+14]) 平均 -2.25% 扣大盤 -1.72%
    分數≥2     n=   49 命中 42.9%(基準 45.6,差  -2.8 [-17,+12]) 平均 +4.93% 扣大盤 +5.50%

  出(不看資金):用p2挑 → 加分 ['爆量(量≥2×)', '跳空跌≥2%', '當天跌≥4%', '前20天有頂K', '漲更多(50日線上≥30%)', '已跌破50日線', '相對QQQ弱(10日落後≥5%)', '財報當天/隔天', '10年債殖利率20日急降(1/3)', '資金偏緊≤35%'] / 扣分 ['在200日線上', 'AI/半導體股', '廣度10天掉≥15點(50日)'];在p1驗證:
    分數≤−1    n=  440 命中 36.4%(基準 40.9,差  -4.5 [-9,-0]) 平均 +2.37% 扣大盤 +0.36%
    分數 0     n=  290 命中 47.9%(基準 40.9,差  +7.0 [+1,+14]) 平均 +0.41% 扣大盤 -0.83%
    分數 1     n=  206 命中 49.5%(基準 40.9,差  +8.6 [+1,+16]) 平均 +0.67% 扣大盤 -0.93%
    分數≥2     n=  284 命中 43.7%(基準 40.9,差  +2.8 [-2,+8]) 平均 +2.50% 扣大盤 +1.00%

  頂K:用p1挑 → 加分 ['QQQ 20日報酬<0'] / 扣分 ['當天跌≥4%', '收在當日低檔(IBS≤.25)', '在200日線上', 'AI/半導體股'];在p2驗證:
    分數≤−1    n= 2556 命中 51.3%(基準 45.4,差  +5.9 [+1,+11]) 平均 +1.27% 扣大盤 -0.22%
    分數 0     n=  362 命中 50.3%(基準 45.4,差  +4.9 [-2,+13]) 平均 +0.21% 扣大盤 -1.29%
    分數 1     n=   44 命中 52.3%(基準 45.4,差  +6.9 [-4,+26]) 平均 -2.15% 扣大盤 -6.08%
    分數≥2     n=0

  頂K:用p2挑 → 加分 ['跳空跌≥2%', '資金偏緊≤35%'] / 扣分 [];在p1驗證:
    分數≤−1    n=0
    分數 0     n=  225 命中 60.0%(基準 40.7,差 +19.3 [+13,+26]) 平均 -4.12% 扣大盤 -5.36%
    分數 1     n=  154 命中 51.9%(基準 40.7,差 +11.2 [+1,+21]) 平均 +2.03% 扣大盤 +0.17%
    分數≥2     n=   14 命中 42.9%(基準 40.7,差  +2.1 [+nan,+nan]) 平均 +6.02% 扣大盤 +3.13%

  抄底:用p1挑 → 加分 ['5天內要公布財報', 'SPY在20日線上', 'QQQ從一年高點回檔≥10%'] / 扣分 ['當天跳空≥2%', '打底≥10天(低點在10天前)', 'VIX 20天內≥30且已回落15%'];在p2驗證:
    分數≤−1    n=  315 命中 71.1%(基準 54.2,差 +16.9 [-1,+30]) 平均 +9.44% 扣大盤 +2.17%
    分數 0     n=  327 命中 61.2%(基準 54.2,差  +6.9 [-8,+17]) 平均 +4.20% 扣大盤 -0.82%
    分數 1     n=  176 命中 47.7%(基準 54.2,差  -6.5 [-23,+11]) 平均 +0.79% 扣大盤 +0.44%
    分數≥2     n=   33 命中 48.5%(基準 54.2,差  -5.8 [-15,+30]) 平均 -2.42% 扣大盤 +1.01%

  抄底:用p2挑 → 加分 ['當天漲≥4%', '近20天財報反應好', 'VIX 20天內≥30且已回落15%'] / 扣分 ['在200日線上', 'VIX<20'];在p1驗證:
    分數≤−1    n=   88 命中 55.7%(基準 58.9,差  -3.2 [-14,+5]) 平均 +0.34% 扣大盤 -1.77%
    分數 0     n=  103 命中 64.1%(基準 58.9,差  +5.2 [-8,+18]) 平均 +3.22% 扣大盤 +0.34%
    分數 1     n=  148 命中 49.3%(基準 58.9,差  -9.6 [-19,+7]) 平均 -1.57% 扣大盤 -1.19%
    分數≥2     n=   61 命中 41.0%(基準 58.9,差 -17.9 [-29,-4]) 平均 -0.03% 扣大盤 +0.69%

  深跌站回(不看資金):用p1挑 → 加分 ['5天內要公布財報', 'QQQ從一年高點回檔≥10%'] / 扣分 ['當天跳空≥2%', '跌更深(50日線下≥25%)'];在p2驗證:
    分數≤−1    n= 1160 命中 48.3%(基準 54.2,差  -6.0 [-13,+0]) 平均 +0.78% 扣大盤 -0.68%
    分數 0     n= 1302 命中 54.8%(基準 54.2,差  +0.6 [-5,+7]) 平均 +2.12% 扣大盤 +0.07%
    分數 1     n=  480 命中 58.1%(基準 54.2,差  +3.9 [-6,+14]) 平均 +2.37% 扣大盤 +0.50%
    分數≥2     n=   35 命中 62.9%(基準 54.2,差  +8.6 [-3,+22]) 平均 +4.97% 扣大盤 +1.25%

  深跌站回(不看資金):用p2挑 → 加分 ['5天內要公布財報', 'AI/半導體股', 'QQQ從一年高點回檔≥10%', '20天內廣度洗盤(站上50日線≤20%)', 'VIX 20天內≥30且已回落15%', '資金≥90%'] / 扣分 ['在200日線上', 'SPY在20日線上', 'VIX<20', '油價20日走強(最高1/3)'];在p1驗證:
    分數≤−1    n=  394 命中 50.5%(基準 58.9,差  -8.4 [-13,-3]) 平均 +0.11% 扣大盤 -0.75%
    分數 0     n=  121 命中 60.3%(基準 58.9,差  +1.4 [-5,+8]) 平均 +1.67% 扣大盤 -0.16%
    分數 1     n=  170 命中 51.2%(基準 58.9,差  -7.7 [-22,+11]) 平均 -0.98% 扣大盤 -1.79%
    分數≥2     n=  207 命中 55.1%(基準 58.9,差  -3.8 [-13,+7]) 平均 +2.12% 扣大盤 +0.78%

  ★(不看資金):用p1挑 → 加分 ['二次探底守住(離低點≤8%)', '在200日線上', '廣度衝刺(10天內≤30%→≥60%)', '資金≥65%', '殖利率20日急降(最低1/3)'] / 扣分 ['當天漲≥4%', '跌更深(50日線下≥25%)', 'SPY在20日線上', 'QQQ在20日線上', 'QQQ在50日線上', '廣度已回升(站上20日線≥50%)'];在p2驗證:
    分數≤−1    n= 1553 命中 52.3%(基準 54.2,差  -1.9 [-5,+1]) 平均 +0.29% 扣大盤 -0.47%
    分數 0     n=  710 命中 63.0%(基準 54.2,差  +8.7 [+3,+14]) 平均 +2.94% 扣大盤 +0.78%
    分數 1     n=  589 命中 59.9%(基準 54.2,差  +5.7 [-4,+15]) 平均 +1.84% 扣大盤 +0.30%
    分數≥2     n=  526 命中 56.3%(基準 54.2,差  +2.0 [-12,+19]) 平均 +0.60% 扣大盤 +0.41%

  ★(不看資金):用p2挑 → 加分 ['V型(低點在5天內)', '20天內廣度洗盤(站上50日線≤20%)'] / 扣分 ['打底≥10天(低點在10天前)', '二次探底守住(離低點≤8%)', '近20天財報反應好', '近20天財報反應差', 'SPY在20日線上', '廣度已回升(站上20日線≥50%)', 'VIX<20'];在p1驗證:
    分數≤−1    n=  893 命中 56.3%(基準 58.9,差  -2.6 [-7,+2]) 平均 +0.91% 扣大盤 -0.40%
    分數 0     n=  254 命中 61.4%(基準 58.9,差  +2.5 [-5,+9]) 平均 +1.06% 扣大盤 -0.73%
    分數 1     n=  229 命中 53.3%(基準 58.9,差  -5.6 [-17,+7]) 平均 +0.46% 扣大盤 -1.12%
    分數≥2     n=  350 命中 63.1%(基準 58.9,差  +4.3 [-7,+19]) 平均 +3.38% 扣大盤 +0.93%

  買(任一路徑):用p1挑 → 加分 ['二次探底守住(離低點≤8%)', 'QQQ從一年高點回檔≥10%', '殖利率20日急降(最低1/3)'] / 扣分 ['當天漲≥4%', '相對QQQ弱(10日落後≥5%)', 'AI/半導體股', 'SPY在20日線上', 'QQQ在20日線上', 'QQQ在50日線上', '廣度已回升(站上20日線≥50%)', 'VIX<20'];在p2驗證:
    分數≤−1    n=12083 命中 54.1%(基準 54.2,差  -0.1 [-4,+3]) 平均 +0.81% 扣大盤 -0.14%
    分數 0     n= 2551 命中 57.2%(基準 54.2,差  +2.9 [-4,+10]) 平均 +0.98% 扣大盤 -0.46%
    分數 1     n= 1741 命中 55.8%(基準 54.2,差  +1.5 [-6,+11]) 平均 +0.40% 扣大盤 -0.64%
    分數≥2     n=  728 命中 53.4%(基準 54.2,差  -0.8 [-10,+12]) 平均 -0.30% 扣大盤 -0.06%

  買(任一路徑):用p2挑 → 加分 ['20天內RSI14<30', 'AI/半導體股'] / 扣分 ['SPY在20日線上', '廣度已回升(站上20日線≥50%)'];在p1驗證:
    分數≤−1    n= 5147 命中 56.4%(基準 58.9,差  -2.5 [-6,+1]) 平均 +0.92% 扣大盤 +0.03%
    分數 0     n= 3405 命中 66.4%(基準 58.9,差  +7.5 [+3,+12]) 平均 +2.39% 扣大盤 +0.20%
    分數 1     n= 2263 命中 59.7%(基準 58.9,差  +0.8 [-5,+7]) 平均 +1.35% 扣大盤 -0.60%
    分數≥2     n=  406 命中 55.9%(基準 58.9,差  -3.0 [-10,+4]) 平均 +2.10% 扣大盤 +0.01%

################ D. 大盤層級條件按「回檔事件」分組(QQQ 從一年高點回檔≥10% 的區間,間隔<40天合併)################

  深跌站回(不看資金):每次大盤回檔期間的事件(20日後較高比例 / 平均報酬)
    2009-07-10~2009-08-26 n=  19 20日  84.2% 均 +17.68% | 40日  89.5%
    2010-06-04~2010-09-02 n=  27 20日  70.4% 均  +2.25% | 40日  55.6%
    2011-08-12~2011-10-05 n=  38 20日  55.3% 均  -0.71% | 40日  65.8%
    2015-08-24~2015-09-04 n=   3 20日  33.3% 均  -2.88% | 40日  66.7%
    2016-01-15~2016-02-29 n=  45 20日  80.0% 均  +6.36% | 40日  88.9%
    2018-04-02~2018-04-02 n=   1 20日   0.0% 均  -3.44% | 40日 100.0%
    2018-10-26~2019-01-29 n=  82 20日  80.5% 均  +8.11% | 40日  79.3%
    2019-06-03~2019-06-03 n=   1 20日   0.0% 均 -17.33% | 40日   0.0%
    2020-03-05~2020-04-28 n= 190 20日  81.6% 均 +10.03% | 40日  94.2%
    2020-09-08~2020-11-02 n=   7 20日  71.4% 均 +10.66% | 40日  71.4%
    2022-01-24~2023-04-03 n= 728 20日  50.5% 均  +1.15% | 40日  46.2%
    2023-10-26~2023-10-26 n=   1 20日   0.0% 均 -76.16% | 40日   0.0%
    2024-08-06~2024-08-09 n=   6 20日  33.3% 均  -4.13% | 40日  83.3%
    2025-03-10~2025-05-07 n= 190 20日  75.3% 均  +8.85% | 40日  88.9%
    → 回檔事件中 20日命中 >50% 的次數:9/14;事件平均命中 51.1%(每次回檔等權)

  抄底:每次大盤回檔期間的事件(20日後較高比例 / 平均報酬)
    2009-07-10~2009-08-26 n=  19 20日  84.2% 均 +17.68% | 40日  89.5%
    2010-07-09~2010-08-20 n=  15 20日  80.0% 均  +3.16% | 40日  53.3%
    2011-08-12~2011-08-26 n=  32 20日  46.9% 均  -2.44% | 40日  59.4%
    2015-08-24~2015-09-04 n=   3 20日  33.3% 均  -2.88% | 40日  66.7%
    2016-01-15~2016-02-29 n=  45 20日  80.0% 均  +6.36% | 40日  88.9%
    2018-04-02~2018-04-02 n=   1 20日   0.0% 均  -3.44% | 40日 100.0%
    2020-03-17~2020-04-23 n= 148 20日  85.8% 均 +10.76% | 40日  93.2%
    2020-09-11~2020-09-11 n=   1 20日 100.0% 均 +27.70% | 40日 100.0%
    2023-01-19~2023-04-03 n=  39 20日  30.8% 均  -7.71% | 40日  51.3%
    2024-08-06~2024-08-09 n=   6 20日  33.3% 均  -4.13% | 40日  83.3%
    2025-03-10~2025-05-07 n= 190 20日  75.3% 均  +8.85% | 40日  88.9%
    → 回檔事件中 20日命中 >50% 的次數:6/11;事件平均命中 59.1%(每次回檔等權)

  ★:每次大盤回檔期間的事件(20日後較高比例 / 平均報酬)
    2009-07-20~2009-08-17 n=   3 20日  33.3% 均  -2.09% | 40日 100.0%
    2010-05-07~2010-08-31 n=  25 20日  40.0% 均  -3.46% | 40日  32.0%
    2011-08-08~2011-11-23 n=  73 20日  69.9% 均  +4.30% | 40日  58.9%
    2012-05-18~2012-06-04 n=   7 20日 100.0% 均  +8.90% | 40日  85.7%
    2012-11-08~2012-11-15 n=   6 20日  66.7% 均  +4.12% | 40日  83.3%
    2015-08-21~2015-10-01 n=  92 20日  69.6% 均  +3.80% | 40日  82.6%
    2016-01-13~2016-02-24 n=  94 20日  62.8% 均  +2.85% | 40日  85.1%
    2016-06-27~2016-06-27 n=   3 20日 100.0% 均 +17.27% | 40日 100.0%
    2018-02-08~2018-04-02 n=  17 20日  70.6% 均  +5.08% | 40日  52.9%
    2018-10-24~2019-01-30 n= 194 20日  69.6% 均  +3.65% | 40日  75.8%
    2019-06-03~2019-06-03 n=   4 20日 100.0% 均  +5.42% | 40日 100.0%
    2020-02-27~2020-05-01 n= 177 20日  47.5% 均  -0.17% | 40日  66.7%
    2020-09-08~2020-11-02 n=  16 20日 100.0% 均 +18.36% | 40日 100.0%
    2021-03-08~2021-03-08 n=   3 20日 100.0% 均  +9.25% | 40日  66.7%
    2022-01-20~2023-04-05 n= 690 20日  55.4% 均  +0.57% | 40日  54.8%
    2023-10-26~2023-10-27 n=  11 20日  81.8% 均  +8.64% | 40日 100.0%
    2024-08-02~2024-09-06 n=  36 20日  72.2% 均  +8.11% | 40日  80.6%
    2025-03-10~2025-05-07 n= 221 20日  71.9% 均  +7.46% | 40日  86.9%
    2026-03-27~2026-03-30 n=   2 20日 100.0% 均 +43.38% | 40日 100.0%
    2026-07-29~2026-07-29 n=   6 20日  83.3% 均  +7.65% | 40日  66.7%
    → 回檔事件中 20日命中 >50% 的次數:17/20;事件平均命中 74.7%(每次回檔等權)
