################ 賣出 ################
  出(現行)                                    | p1 n= 387( 46/年) 20日 48.1%(基準40.9 差 +7.2[+0,+14]) 40日 46.0%(基準38.0) 均 +0.7% 40日內跌≥10%  48% | p2 n=1253(143/年) 20日 56.7%(基準45.6 差+11.0[+6,+16]) 40日 58.9%(基準44.3) 均 -3.2% 40日內跌≥10%  69% | 四段   +9   +6  +18   +6
  出 + 總經(油弱或殖利率急降)                         | p1 n= 106( 12/年) 20日 61.3%(基準40.9 差+20.4[+8,+29]) 40日 63.2%(基準38.0) 均 -3.0% 40日內跌≥10%  64% | p2 n= 575( 66/年) 20日 63.7%(基準45.6 差+18.0[+11,+23]) 40日 63.9%(基準44.3) 均 -6.6% 40日內跌≥10%  73% | 四段  +25   -7  +21  +21
  出 + 價格(跌≥4%或前20天頂K)                      | p1 n= 152( 18/年) 20日 51.3%(基準40.9 差+10.4[+1,+19]) 40日 48.7%(基準38.0) 均 +0.7% 40日內跌≥10%  62% | p2 n= 738( 84/年) 20日 60.2%(基準45.6 差+14.5[+9,+19]) 40日 63.4%(基準44.3) 均 -5.0% 40日內跌≥10%  78% | 四段  +15   +7  +20  +10
  出 + 總經 + 價格                              | p1 n=  54(  6/年) 20日 59.3%(基準40.9 差+18.4[+0,+30]) 40日 64.8%(基準38.0) 均 -3.9% 40日內跌≥10%  70% | p2 n= 349( 40/年) 20日 69.1%(基準45.6 差+23.4[+17,+28]) 40日 69.8%(基準44.3) 均-10.0% 40日內跌≥10%  83% | 四段  +24  -13  +27  +27
  出 + 總經或價格(=出(強))                         | p1 n= 204( 24/年) 20日 54.4%(基準40.9 差+13.5[+5,+21]) 40日 52.0%(基準38.0) 均 -0.0% 40日內跌≥10%  61% | p2 n= 964(110/年) 20日 59.0%(基準45.6 差+13.4[+8,+18]) 40日 61.3%(基準44.3) 均 -4.2% 40日內跌≥10%  73% | 四段  +18   +6  +18  +10
  出 + 總經或價格,非AI                            | p1 n= 135( 16/年) 20日 51.9%(基準40.9 差+11.0[+2,+18]) 40日 48.1%(基準38.0) 均 +0.9% 40日內跌≥10%  60% | p2 n= 742( 85/年) 20日 62.1%(基準45.6 差+16.5[+12,+21]) 40日 63.4%(基準44.3) 均 -5.9% 40日內跌≥10%  75% | 四段  +15   +6  +20  +15
  出 + 都沒有(=出(弱))                           | p1 n= 183( 22/年) 20日 41.0%(基準40.9 差 +0.1[-7,+8]) 40日 39.3%(基準38.0) 均 +1.4% 40日內跌≥10%  33% | p2 n= 289( 33/年) 20日 48.8%(基準45.6 差 +3.2[-4,+11]) 40日 50.2%(基準44.3) 均 -0.1% 40日內跌≥10%  54% | 四段   -3   +7  +13   -4
  不看資金:跌≥4% + 前20天頂K                       | p1 n=  73(  9/年) 20日 57.5%(基準40.9 差+16.6[+7,+28]) 40日 52.1%(基準38.0) 均 +2.0% 40日內跌≥10%  74% | p2 n= 640( 73/年) 20日 58.6%(基準45.6 差+13.0[+7,+18]) 40日 58.6%(基準44.3) 均 -2.5% 40日內跌≥10%  80% | 四段  +16  +17  +13  +14
  不看資金:跌≥4% + 前20天頂K + 總經                  | p1 n=  29(  3/年) 20日 62.1%(基準40.9 差+21.2[+6,+35]) 40日 51.7%(基準38.0) 均 -2.4% 40日內跌≥10%  69% | p2 n= 307( 35/年) 20日 67.1%(基準45.6 差+21.5[+13,+29]) 40日 64.7%(基準44.3) 均 -7.7% 40日內跌≥10%  85% | 四段  +24  +16  +21  +23
  頂K(現行)                                   | p1 n= 393( 46/年) 20日 56.2%(基準40.7 差+15.5[+9,+21]) 40日 52.4%(基準37.8) 均 -1.3% 40日內跌≥10%  70% | p2 n=2962(339/年) 20日 51.1%(基準45.4 差 +5.8[+2,+11]) 40日 52.6%(基準44.2) 均 +1.1% 40日內跌≥10%  78% | 四段  +14  +17   +5   +7
  頂K + QQQ在20日線下                           | p1 n=  97( 11/年) 20日 63.9%(基準40.7 差+23.2[+12,+33]) 40日 55.7%(基準37.8) 均 -7.3% 40日內跌≥10%  72% | p2 n= 434( 50/年) 20日 55.8%(基準45.4 差+10.4[+3,+17]) 40日 59.3%(基準44.2) 均 -4.6% 40日內跌≥10%  83% | 四段  +21  +24   +2  +16
  頂K + SPY在20日線下                           | p1 n=  74(  9/年) 20日 64.9%(基準40.7 差+24.1[+12,+34]) 40日 59.5%(基準37.8) 均 -7.0% 40日內跌≥10%  73% | p2 n= 400( 46/年) 20日 56.5%(基準45.4 差+11.1[+3,+19]) 40日 58.1%(基準44.2) 均 -5.2% 40日內跌≥10%  83% | 四段  +21  +22   +2  +18
  頂K + (QQQ線下或殖利率急降)                       | p1 n= 145( 17/年) 20日 60.7%(基準40.7 差+20.0[+13,+26]) 40日 57.9%(基準37.8) 均 -4.1% 40日內跌≥10%  74% | p2 n=1261(144/年) 20日 54.2%(基準45.4 差 +8.8[+3,+15]) 40日 57.7%(基準44.2) 均 -2.1% 40日內跌≥10%  81% | 四段  +15  +21   +9   +9
  頂K + (QQQ線下或殖利率急降) 非AI                   | p1 n= 102( 12/年) 20日 62.7%(基準40.7 差+22.0[+12,+31]) 40日 59.8%(基準37.8) 均 -3.8% 40日內跌≥10%  75% | p2 n=1100(126/年) 20日 54.4%(基準45.4 差 +9.0[+3,+16]) 40日 59.0%(基準44.2) 均 -2.5% 40日內跌≥10%  81% | 四段  +12  +26   +8  +10
  頂K 非AI 且 QQQ在線上、殖利率沒急降                   | p1 n= 189( 22/年) 20日 58.2%(基準40.7 差+17.5[+8,+26]) 40日 51.9%(基準37.8) 均 -1.4% 40日內跌≥10%  69% | p2 n=1471(168/年) 20日 50.1%(基準45.4 差 +4.7[-1,+11]) 40日 49.9%(基準44.2) 均 +2.4% 40日內跌≥10%  77% | 四段  +17  +20   +2   +7
  減碼(現行)                                   | p1 n=  90( 11/年) 20日 56.7%(基準40.7 差+16.0[+7,+24]) 40日 64.4%(基準37.8) 均 -1.8% 40日內跌≥10%  74% | p2 n= 870( 99/年) 20日 52.9%(基準45.4 差 +7.5[+1,+14]) 40日 55.9%(基準44.2) 均 +1.5% 40日內跌≥10%  75% | 四段  +16  +16   +8   +8
  減碼 + (QQQ線下或殖利率急降)                       | p1 n=  36(  4/年) 20日 58.3%(基準40.7 差+17.6[+5,+32]) 40日 63.9%(基準37.8) 均 -2.2% 40日內跌≥10%  72% | p2 n= 422( 48/年) 20日 57.1%(基準45.4 差+11.7[+3,+19]) 40日 60.3%(基準44.2) 均 -1.8% 40日內跌≥10%  78% | 四段   -1  +31  +15  +11
  減碼 + (QQQ線下或殖利率急降) 非AI                   | p1 n=  22(  3/年) 20日 59.1%(基準40.7 差+18.4[+0,+35]) 40日 63.6%(基準37.8) 均 +0.6% 40日內跌≥10%  68% | p2 n= 371( 42/年) 20日 58.2%(基準45.4 差+12.8[+4,+21]) 40日 62.4%(基準44.2) 均 -2.2% 40日內跌≥10%  79% | 四段   -3  +31  +14  +13
  減碼 + 都沒有                                 | p1 n=  54(  6/年) 20日 55.6%(基準40.7 差+14.8[+4,+25]) 40日 64.8%(基準37.8) 均 -1.5% 40日內跌≥10%  76% | p2 n= 448( 51/年) 20日 48.9%(基準45.4 差 +3.5[-4,+12]) 40日 51.7%(基準44.2) 均 +4.7% 40日內跌≥10%  72% | 四段  +28   +6   +3   +4

################ 買進 ################
  深跌站回 + 大盤回檔≥10% + 資金≥0%                  | p1 n= 132( 16/年) 20日 70.5%(基準58.9 差+11.6[-2,+22]) 40日 75.0%(基準61.9) 均 +4.9% 中途再跌≥10%  35% | p2 n=1206(138/年) 20日 61.3%(基準54.2 差 +7.0[-5,+18]) 40日 63.0%(基準55.6) 均 +4.2% 中途再跌≥10%  56% | 四段   +7  +14   +3  +16
  深跌站回 + 大盤回檔≥10% + 資金≥35%                 | p1 n= 126( 15/年) 20日 70.6%(基準58.9 差+11.8[-2,+23]) 40日 77.0%(基準61.9) 均 +5.1% 中途再跌≥10%  36% | p2 n= 824( 94/年) 20日 71.8%(基準54.2 差+17.6[+7,+26]) 40日 77.4%(基準55.6) 均 +8.3% 中途再跌≥10%  43% | 四段   +7  +20  +18  +16
  深跌站回 + 大盤回檔≥10% + 資金≥50%                 | p1 n= 120( 14/年) 20日 70.0%(基準58.9 差+11.1[-1,+22]) 40日 75.8%(基準61.9) 均 +5.1% 中途再跌≥10%  36% | p2 n= 594( 68/年) 20日 70.0%(基準54.2 差+15.8[-4,+25]) 40日 80.8%(基準55.6) 均 +8.1% 中途再跌≥10%  44% | 四段   +6  +19  +15  +16
  深跌站回 + 大盤回檔≥10% + 資金≥65%                 | p1 n= 120( 14/年) 20日 70.0%(基準58.9 差+11.1[-1,+22]) 40日 75.8%(基準61.9) 均 +5.1% 中途再跌≥10%  36% | p2 n= 492( 56/年) 20日 70.5%(基準54.2 差+16.3[-5,+28]) 40日 82.5%(基準55.6) 均 +7.2% 中途再跌≥10%  44% | 四段   +6  +19  +18  +14
  深跌站回 + 大盤回檔≥10% + 資金≥80%                 | p1 n= 114( 13/年) 20日 70.2%(基準58.9 差+11.3[-2,+23]) 40日 75.4%(基準61.9) 均 +5.1% 中途再跌≥10%  36% | p2 n= 385( 44/年) 20日 74.0%(基準54.2 差+19.8[-15,+32]) 40日 86.8%(基準55.6) 均 +7.7% 中途再跌≥10%  39% | 四段   +5  +19  +31  +12
  深跌站回 + 大盤回檔≥10% + VIX≥20                 | p1 n= 124( 15/年) 20日 69.4%(基準58.9 差+10.5[-2,+22]) 40日 74.2%(基準61.9) 均 +4.4% 中途再跌≥10%  36% | p2 n=1107(127/年) 20日 63.4%(基準54.2 差 +9.2[-3,+20]) 40日 62.9%(基準55.6) 均 +5.1% 中途再跌≥10%  54% | 四段   +7  +13   +4  +27
  深跌站回 + 大盤回檔≥10% 不太深(<25%)                | p1 n= 104( 12/年) 20日 71.2%(基準58.9 差+12.3[-2,+24]) 40日 75.0%(基準61.9) 均 +4.6% 中途再跌≥10%  34% | p2 n= 613( 70/年) 20日 62.0%(基準54.2 差 +7.8[-4,+19]) 40日 60.5%(基準55.6) 均 +3.9% 中途再跌≥10%  49% | 四段   +8  +21   +5  +14
  深跌站回 + 大盤回檔≥10% 或 5天內財報                  | p1 n= 182( 21/年) 20日 68.7%(基準58.9 差 +9.8[-1,+18]) 40日 71.4%(基準61.9) 均 +3.5% 中途再跌≥10%  41% | p2 n=1327(152/年) 20日 60.2%(基準54.2 差 +6.0[-7,+16]) 40日 61.8%(基準55.6) 均 +4.2% 中途再跌≥10%  57% | 四段   +6  +10   +3  +11
  深跌站回 + 大盤沒回檔、VIX<20(個股自己跌)               | p1 n= 452( 53/年) 20日 50.2%(基準58.9 差 -8.7[-13,-4]) 40日 50.2%(基準61.9) 均 -0.2% 中途再跌≥10%  61% | p2 n=1474(168/年) 20日 44.6%(基準54.2 差 -9.7[-15,-4]) 40日 49.1%(基準55.6) 均 -1.4% 中途再跌≥10%  66% | 四段   -8   -9  -12   -9
  抄底(現行)                                   | p1 n= 400( 47/年) 20日 53.2%(基準58.9 差 -5.6[-14,+5]) 40日 65.0%(基準61.9) 均 +0.3% 中途再跌≥10%  55% | p2 n= 851( 97/年) 20日 61.6%(基準54.2 差 +7.3[-9,+19]) 40日 73.0%(基準55.6) 均 +5.2% 中途再跌≥10%  50% | 四段  -12   +1  +21   +0
  抄底 + 大盤回檔≥10%                            | p1 n= 114( 13/年) 20日 70.2%(基準58.9 差+11.3[-2,+23]) 40日 75.4%(基準61.9) 均 +5.1% 中途再跌≥10%  36% | p2 n= 385( 44/年) 20日 74.0%(基準54.2 差+19.8[-15,+32]) 40日 86.8%(基準55.6) 均 +7.7% 中途再跌≥10%  39% | 四段   +5  +19  +31  +12
  抄底 + 大盤沒回檔、VIX<20                        | p1 n= 136( 16/年) 20日 54.4%(基準58.9 差 -4.5[-13,+4]) 40日 52.9%(基準61.9) 均 +0.3% 中途再跌≥10%  58% | p2 n= 399( 46/年) 20日 46.6%(基準54.2 差 -7.6[-21,+4]) 40日 59.4%(基準55.6) 均 +0.8% 中途再跌≥10%  60% | 四段   —   -3   -3   -9
  ★ + 資金≥65%                               | p1 n=1063(125/年) 20日 62.0%(基準58.9 差 +3.1[-4,+11]) 40日 65.5%(基準61.9) 均 +2.1% 中途再跌≥10%  33% | p2 n=1286(147/年) 20日 59.7%(基準54.2 差 +5.5[-3,+14]) 40日 66.8%(基準55.6) 均 +3.5% 中途再跌≥10%  47% | 四段   -2   +7   +6   +5
  ★ + 資金≥65% + SPY在20日線下                   | p1 n= 749( 88/年) 20日 65.7%(基準58.9 差 +6.8[-2,+18]) 40日 68.8%(基準61.9) 均 +3.1% 中途再跌≥10%  31% | p2 n= 733( 84/年) 20日 64.0%(基準54.2 差 +9.7[-6,+23]) 40日 73.4%(基準55.6) 均 +4.3% 中途再跌≥10%  49% | 四段   -1  +11  +11   +9
  ★ + 資金≥65% + 大盤回檔≥10%                    | p1 n= 258( 30/年) 20日 65.9%(基準58.9 差 +7.0[-5,+25]) 40日 77.1%(基準61.9) 均 +3.2% 中途再跌≥10%  27% | p2 n= 530( 61/年) 20日 66.4%(基準54.2 差+12.2[-2,+24]) 40日 77.0%(基準55.6) 均 +5.5% 中途再跌≥10%  50% | 四段   +4  +10   +4  +17
  ★ + 大盤回檔≥10%(不看資金)                       | p1 n= 303( 36/年) 20日 65.7%(基準58.9 差 +6.8[-4,+19]) 40日 73.9%(基準61.9) 均 +3.2% 中途再跌≥10%  29% | p2 n=1377(157/年) 20日 60.8%(基準54.2 差 +6.5[-2,+15]) 40日 66.2%(基準55.6) 均 +2.7% 中途再跌≥10%  53% | 四段   +4  +11   +1  +13
  ★ + 資金≥65% + SPY線下 + VIX≥20              | p1 n= 547( 64/年) 20日 65.3%(基準58.9 差 +6.4[-5,+22]) 40日 72.9%(基準61.9) 均 +3.2% 中途再跌≥10%  30% | p2 n= 575( 66/年) 20日 65.0%(基準54.2 差+10.8[-6,+26]) 40日 76.5%(基準55.6) 均 +5.3% 中途再跌≥10%  49% | 四段   -0  +10  +10  +12
  買 + 資金≥65% + SPY在20日線下                   | p1 n=3354(395/年) 20日 67.4%(基準58.9 差 +8.5[+3,+15]) 40日 64.5%(基準61.9) 均 +2.7% 中途再跌≥10%  31% | p2 n=2992(342/年) 20日 61.5%(基準54.2 差 +7.3[-4,+17]) 40日 66.4%(基準55.6) 均 +3.2% 中途再跌≥10%  47% | 四段   +8   +9  +15   +2
  買 + 資金≥65% + 大盤回檔≥10%                    | p1 n= 908(107/年) 20日 71.1%(基準58.9 差+12.3[+4,+27]) 40日 73.5%(基準61.9) 均 +4.5% 中途再跌≥10%  29% | p2 n=1533(175/年) 20日 64.8%(基準54.2 差+10.6[+1,+21]) 40日 72.0%(基準55.6) 均 +4.3% 中途再跌≥10%  49% | 四段  +14  +10  +10  +10

################ 最近 10 個交易日的訊號(資料到 2026-10-08)################
  大盤狀態: {'大盤QQQ離一年高點': '-1.6%', 'QQQ在20日線': '上', 'VIX': np.float64(15.4), '資金氣候': np.float64(0.14), '油價20日百分位': np.float64(0.06), '10年債殖利率20日百分位': np.float64(0.87)}
  出: 20 筆 09-25 TEAM(-); 09-25 AI(-); 09-28 SNOW(-); 09-28 RIOT(跌≥4%); 09-28 CRWV(-); 09-28 MDB(跌≥4%); 09-28 RBLX(跌≥4%); 09-28 IREN(跌≥4%); 09-29 CLSK(-); 09-30 CRML(前有頂K); 09-30 DELL(AI); 09-30 MARA(跌≥4%); 09-30 BTBT(-); 10-01 QCOM(AI); 10-01 SWKS(AI); 10-05 SNDK(AI); 10-06 INTC(總經/AI); 10-08 BE(總經/跌≥4%); 10-08 NET(總經); 10-08 ARM(總經/跌≥4%/AI)
  出的價格部分: 20 筆 09-25 TEAM(-); 09-25 AI(-); 09-28 SNOW(-); 09-28 RIOT(跌≥4%); 09-28 CRWV(-); 09-28 MDB(跌≥4%); 09-28 RBLX(跌≥4%); 09-28 IREN(跌≥4%); 09-29 CLSK(-); 09-30 CRML(前有頂K); 09-30 DELL(AI); 09-30 MARA(跌≥4%); 09-30 BTBT(-); 10-01 QCOM(AI); 10-01 SWKS(AI); 10-05 SNDK(AI); 10-06 INTC(總經/AI); 10-08 BE(總經/跌≥4%); 10-08 NET(總經); 10-08 ARM(總經/跌≥4%/AI)
  頂K: 1 筆 10-02 CRDO(AI)
  減碼: 0 筆 
  抄底: 0 筆 
  深跌站回: 10 筆 09-25 TLN(-); 09-29 RCL(-); 09-29 CCL(-); 09-29 NCLH(-); 10-01 PINS(-); 10-02 PL(-); 10-06 LCID(-); 10-06 NRG(-); 10-07 INTU(-); 10-08 PATH(-)
  ★: 8 筆 09-28 MDB(-); 09-28 CMG(-); 09-30 MDT(-); 10-01 BAC(-); 10-01 MS(-); 10-02 NOC(-); 10-05 PNC(-); 10-08 QCOM(AI)
