== (1a) 買:大盤回檔門檻 / 用 SPY 代替 QQQ / 資金門檻(深跌站回)
  QQQ回檔≥5% + 資金≥35%                            | p1 n= 361 57.9%(差 -1.0) | p2 n=1054 66.8%(差+12.6) | 四段   -4(n220)   +5(n163)  +17(n574)   +6(n458)
  QQQ回檔≥8% + 資金≥35%                            | p1 n= 240 60.0%(差 +1.1) | p2 n= 912 67.7%(差+13.4) | 四段   -4(n158)  +12(n87)  +18(n530)   +6(n377)
  QQQ回檔≥10% + 資金≥35%                           | p1 n= 126 70.6%(差+11.8) | p2 n= 824 71.8%(差+17.6) | 四段   +7(n78)  +20(n51)  +18(n517)  +16(n304)
  QQQ回檔≥15% + 資金≥35%                           | p1 n=  20 85.0%(差+26.1) | p2 n= 617 75.4%(差+21.1) | 四段  +24(n19)   —  +17(n469)  +30(n146)
  QQQ回檔≥20% + 資金≥35%                           | p1 n=  15 86.7%(差+27.8) | p2 n= 365 70.7%(差+16.4) | 四段  +27(n15)   —  +13(n308)  +31(n57)
  SPY回檔≥10% + 資金≥35%                           | p1 n= 178 59.0%(差 +0.1) | p2 n= 759 77.3%(差+23.1) | 四段   -1(n168)  +11(n12)  +19(n538)  +31(n219)
  QQQ回檔≥10% + 資金≥35%(40日)                      | p1 n= 126 77.0%(差+15.1) | p2 n= 824 77.4%(差+21.8) | 四段   +8(n78)  +30(n51)  +19(n517)  +24(n304)
  QQQ回檔≥10% + 資金<35%                           | p1 n=   6 66.7%(差 +7.8) | p2 n= 382 38.5%(差-15.8) | 四段   —   -3(n19)  -17(n363)   —
== (1b) 買:深跌定義(先跌幅 thr / 回看 / 站回哪條線)
  先跌≥8% 站回10日線 + 回檔≥10% + 資金≥35%               | p1 n= 348 71.8%(差+13.0) | p2 n=1428 64.7%(差+10.5) | 四段  +15(n234)  +19(n166)  +11(n775)   +5(n601)
  先跌≥8% 站回20日線 + 回檔≥10% + 資金≥35%               | p1 n= 293 73.0%(差+14.2) | p2 n=1260 70.6%(差+16.3) | 四段  +11(n194)  +23(n109)  +19(n763)  +10(n487)
  先跌≥10% 站回10日線 + 回檔≥10% + 資金≥35%              | p1 n= 288 71.9%(差+13.0) | p2 n=1300 66.4%(差+12.1) | 四段  +13(n189)  +22(n147)  +13(n709)   +7(n543)
  先跌≥10% 站回20日線 + 回檔≥10% + 資金≥35%              | p1 n= 242 73.1%(差+14.3) | p2 n=1143 71.6%(差+17.3) | 四段   +9(n157)  +26(n92)  +20(n710)  +11(n426)
  先跌≥15% 站回10日線 + 回檔≥10% + 資金≥35%              | p1 n= 160 65.0%(差 +6.1) | p2 n= 972 66.9%(差+12.6) | 四段   +5(n102)  +18(n80)  +12(n545)  +11(n405)
  先跌≥15% 站回20日線 + 回檔≥10% + 資金≥35%              | p1 n= 127 70.1%(差+11.2) | p2 n= 844 71.6%(差+17.3) | 四段   +6(n76)  +20(n54)  +17(n526)  +16(n315)
== (1c) 賣:跌幅門檻 / 頂K 回看天數(不看資金,前提:漲多後跌破20日線)
  跌≥3% + 前10天頂K                                | p1 n=  47 57.4%(差+16.6) | p2 n= 492 57.7%(差+12.1) | 四段  +14(n28)  +26(n33)  +11(n185)  +13(n293)
  跌≥3% + 前20天頂K                                | p1 n=  89 58.4%(差+17.5) | p2 n= 730 56.4%(差+10.8) | 四段  +16(n45)  +18(n68)  +12(n276)  +10(n430)
  跌≥3% + 前30天頂K                                | p1 n= 108 55.6%(差+14.7) | p2 n= 814 55.2%(差 +9.5) | 四段  +14(n54)  +15(n82)  +10(n308)   +9(n478)
  跌≥4% + 前10天頂K                                | p1 n=  42 57.1%(差+16.3) | p2 n= 444 59.2%(差+13.6) | 四段  +14(n24)  +23(n30)  +12(n163)  +15(n269)
  跌≥4% + 前20天頂K                                | p1 n=  73 57.5%(差+16.6) | p2 n= 640 58.6%(差+13.0) | 四段  +16(n36)  +17(n56)  +13(n237)  +14(n384)
  跌≥4% + 前30天頂K                                | p1 n=  88 55.7%(差+14.8) | p2 n= 708 57.2%(差+11.6) | 四段  +16(n43)  +13(n67)  +12(n263)  +12(n423)
  跌≥5% + 前10天頂K                                | p1 n=  32 62.5%(差+21.6) | p2 n= 382 60.2%(差+14.6) | 四段  +21(n18)  +24(n25)  +16(n144)  +14(n227)
  跌≥5% + 前20天頂K                                | p1 n=  53 60.4%(差+19.5) | p2 n= 531 60.5%(差+14.8) | 四段  +16(n27)  +21(n40)  +15(n203)  +15(n314)
  跌≥5% + 前30天頂K                                | p1 n=  64 57.8%(差+16.9) | p2 n= 584 59.1%(差+13.5) | 四段  +15(n31)  +19(n48)  +14(n223)  +14(n346)
  跌≥4% + 前20天頂K,資金偏緊(=出的一部分)                   | p1 n=  28 60.7%(差+19.8) | p2 n= 244 68.0%(差+22.4) | 四段  +31(n17)  +13(n23)  +23(n122)  +23(n110)
  跌≥4% + 前20天頂K,資金不緊(新增的)                      | p1 n=  45 55.6%(差+14.7) | p2 n= 396 52.8%(差 +7.2) | 四段   +2(n19)  +20(n33)   +2(n115)  +10(n274)
  跌≥4% + 前20天頂K,非AI                            | p1 n=  50 60.0%(差+19.1) | p2 n= 542 60.0%(差+14.3) | 四段  +17(n28)  +21(n37)  +14(n218)  +15(n309)
== (1d) 頂K:用 SPY / QQQ 跌破 20 日線 or 50 日線
  頂K + QQQ<20日線                                | p1 n=  97 63.9%(差+23.2) | p2 n= 434 55.8%(差+10.4) | 四段  +21(n38)  +24(n70)   +2(n163)  +16(n260)
  頂K + QQQ<10日線                                | p1 n= 117 59.8%(差+19.1) | p2 n= 750 53.3%(差 +7.9) | 四段  +19(n51)  +18(n79)   +1(n285)  +12(n452)
  頂K + SPY<20日線                                | p1 n=  74 64.9%(差+24.1) | p2 n= 400 56.5%(差+11.1) | 四段  +21(n38)  +22(n49)   +2(n154)  +18(n233)
  頂K + QQQ 5日跌                                 | p1 n= 137 61.3%(差+20.6) | p2 n= 822 52.6%(差 +7.2) | 四段  +15(n60)  +23(n94)   +4(n334)   +9(n471)

== (2) 按回檔事件分組:深跌站回 + QQQ回檔≥10% + 資金≥35%;買 + 資金≥65% + 回檔≥10%
  深跌站回 + 資金≥35%:
    2009-07-10~2009-08-26 n=  19 20日  84.2% 均+17.68% | 40日  89.5%
    2010-06-09~2010-09-02 n=  21 20日  71.4% 均 +2.82% | 40日  61.9%
    2011-08-12~2011-10-05 n=  38 20日  55.3% 均 -0.71% | 40日  65.8%
    2015-08-24~2015-09-04 n=   3 20日  33.3% 均 -2.88% | 40日  66.7%
    2016-01-15~2016-02-29 n=  45 20日  80.0% 均 +6.36% | 40日  88.9%
    2018-04-02~2018-04-02 n=   1 20日   0.0% 均 -3.44% | 40日 100.0%
    2018-12-28~2019-01-29 n=  63 20日  88.9% 均+10.95% | 40日  92.1%
    2019-06-03~2019-06-03 n=   1 20日   0.0% 均-17.33% | 40日   0.0%
    2020-03-05~2020-04-28 n= 190 20日  81.6% 均+10.03% | 40日  94.2%
    2020-09-08~2020-11-02 n=   7 20日  71.4% 均+10.66% | 40日  71.4%
    2022-05-31~2023-04-03 n= 365 20日  63.3% 均 +7.09% | 40日  60.5%
    2023-10-26~2023-10-26 n=   1 20日   0.0% 均-76.16% | 40日   0.0%
    2024-08-06~2024-08-09 n=   6 20日  33.3% 均 -4.13% | 40日  83.3%
    2025-03-10~2025-05-07 n= 190 20日  75.3% 均 +8.85% | 40日  88.9%
    → 事件≥10筆的回檔 8 次,其中 20日命中>50%:8 次;等權平均命中 75.0%;全部回檔等權 52.7%
  買 + 資金≥65%:
    2009-07-01~2009-09-01 n= 148 20日  83.1% 均 +8.70% | 40日  81.8%
    2010-07-01~2010-09-02 n= 188 20日  87.8% 均 +7.64% | 40日  78.2%
    2011-08-08~2011-08-24 n= 262 20日  58.8% 均 +1.40% | 40日  50.0%
    2015-08-21~2015-10-01 n=  79 20日  82.3% 均 +6.65% | 40日  84.8%
    2016-01-13~2016-02-24 n= 226 20日  59.7% 均 +2.01% | 40日  86.7%
    2016-06-27~2016-06-27 n=   5 20日  80.0% 均 +6.92% | 40日 100.0%
    2018-04-02~2018-04-02 n=  29 20日  65.5% 均 +2.26% | 40日  69.0%
    2019-01-16~2019-01-30 n=   6 20日  83.3% 均 +9.31% | 40日  83.3%
    2019-06-03~2019-06-03 n=  17 20日 100.0% 均 +8.65% | 40日  88.2%
    2020-02-28~2020-04-22 n= 422 20日  61.6% 均 +4.95% | 40日  72.7%
    2020-09-08~2020-11-02 n= 137 20日  80.3% 均 +8.21% | 40日  85.4%
    2022-11-10~2023-03-31 n= 394 20日  61.9% 均 +2.55% | 40日  57.9%
    2023-10-26~2023-10-27 n=  46 20日  89.1% 均+12.53% | 40日  95.7%
    2024-08-02~2024-09-06 n= 105 20日  64.8% 均 +1.28% | 40日  74.3%
    2025-03-10~2025-05-07 n= 377 20日  61.0% 均 +3.84% | 40日  76.9%
    → 事件≥10筆的回檔 13 次,其中 20日命中>50%:13 次;等權平均命中 73.5%;全部回檔等權 74.6%
  ★ + 資金≥65%:
    2009-07-20~2009-08-17 n=   3 20日  33.3% 均 -2.09% | 40日 100.0%
    2010-07-01~2010-08-31 n=   8 20日  75.0% 均 +6.31% | 40日  62.5%
    2011-08-08~2011-09-09 n=  58 20日  63.8% 均 +2.13% | 40日  55.2%
    2015-08-21~2015-10-01 n=  92 20日  69.6% 均 +3.80% | 40日  82.6%
    2016-01-13~2016-02-24 n=  94 20日  62.8% 均 +2.85% | 40日  85.1%
    2016-06-27~2016-06-27 n=   3 20日 100.0% 均+17.27% | 40日 100.0%
    2018-04-02~2018-04-02 n=   3 20日   0.0% 均 -0.76% | 40日  66.7%
    2019-01-14~2019-01-30 n=  13 20日  92.3% 均 +9.76% | 40日  84.6%
    2019-06-03~2019-06-03 n=   4 20日 100.0% 均 +5.42% | 40日 100.0%
    2020-02-28~2020-05-01 n= 135 20日  58.5% 均 +3.94% | 40日  73.3%
    2020-09-08~2020-11-02 n=   9 20日 100.0% 均+12.03% | 40日 100.0%
    2022-11-10~2023-04-05 n=  98 20日  55.1% 均 +0.82% | 40日  52.0%
    2023-10-26~2023-10-27 n=  11 20日  81.8% 均 +8.64% | 40日 100.0%
    2024-08-02~2024-09-06 n=  36 20日  72.2% 均 +8.11% | 40日  80.6%
    2025-03-10~2025-05-07 n= 221 20日  71.9% 均 +7.46% | 40日  86.9%
    → 事件≥10筆的回檔 9 次,其中 20日命中>50%:9 次;等權平均命中 69.8%;全部回檔等權 69.1%

== (3) 獨立重算(不經 qlib FR:直接用 O/C 陣列,隔天開盤進、第20天收盤出)
  深跌站回+回檔≥10%+資金≥35%           前半 n= 126 70.6% | 後半 n= 824 71.8%
  買+資金≥65%+回檔≥10%              前半 n= 908 71.1% | 後半 n=1533 64.8%
  出+總經+價格                      前半 n=  54 59.3% | 後半 n= 349 69.1%
  跌≥4%+前20天頂K                  前半 n=  73 57.5% | 後半 n= 640 58.6%
  頂K+QQQ<20日線(收盤賣)             前半 n=  97 63.9% | 後半 n= 434 55.8%
