
[大盤回檔≥10% 且 資金≥35%]
  p1: 所有股票日 76.1%(股票日 n=20413) | 深跌站回 70.6%(n126) 比同狀態 -5.5
  p2: 所有股票日 61.4%(股票日 n=65938) | 深跌站回 71.8%(n824) 比同狀態+10.4

[大盤回檔≥10% 且 資金≥65%]
  p1: 所有股票日 75.6%(股票日 n=18336) | 買 71.1%(n908) 比同狀態 -4.5 | ★ 65.9%(n258) 比同狀態 -9.7 | 深跌站回 70.0%(n120) 比同狀態 -5.6
  p2: 所有股票日 62.3%(股票日 n=40058) | 買 64.8%(n1533) 比同狀態 +2.5 | ★ 66.4%(n530) 比同狀態 +4.1 | 深跌站回 70.5%(n492) 比同狀態 +8.2

[大盤沒回檔 且 VIX<20]
  p1: 所有股票日 57.2%(股票日 n=259718) | 深跌站回 50.2%(n452) 比同狀態 -7.0 | 買 58.0%(n7566) 比同狀態 +0.8 | ★ 53.9%(n874) 比同狀態 -3.3
  p2: 所有股票日 52.1%(股票日 n=308385) | 深跌站回 44.6%(n1474) 比同狀態 -7.5 | 買 52.8%(n9109) 比同狀態 +0.7 | ★ 51.2%(n1325) 比同狀態 -0.9

[資金偏緊 且 (油弱或殖利率急降)]
  p1: 所有股票日 48.5%(股票日 n=33610) | 出的價格部分 61.3%(n106) 比同狀態+12.9
  p2: 所有股票日 53.8%(股票日 n=77077) | 出的價格部分 63.7%(n575) 比同狀態 +9.9

[資金偏緊]
  p1: 所有股票日 41.5%(股票日 n=102849) | 出的價格部分 48.1%(n387) 比同狀態 +6.5
  p2: 所有股票日 52.1%(股票日 n=184968) | 出的價格部分 56.7%(n1253) 比同狀態 +4.5

[QQQ在20日線下]
  p1: 所有股票日 37.6%(股票日 n=112386) | 頂K 63.9%(n97) 比同狀態+26.6 | 減碼 71.4%(n21) 比同狀態+34.1
  p2: 所有股票日 44.1%(股票日 n=170248) | 頂K 55.8%(n434) 比同狀態+11.8 | 減碼 60.3%(n214) 比同狀態+16.3

[全部日子]
  p1: 所有股票日 40.9%(股票日 n=345381) | 跌≥4%+前20天頂K 57.5%(n73) 比同狀態+16.6
  p2: 所有股票日 45.6%(股票日 n=501050) | 跌≥4%+前20天頂K 58.6%(n640) 比同狀態+13.0
