回檔≥10% 且 資金≥35%  p1: 佔交易日  6.2% | 所有股票 20日上漲 76.1% 平均 +5.77% 40日內曾跌≥10%  21%
回檔≥10% 且 資金≥35%  p2: 佔交易日 12.8% | 所有股票 20日上漲 61.4% 平均 +3.56% 40日內曾跌≥10%  44%
回檔≥10% 且 資金<35%  p1: 佔交易日  0.9% | 所有股票 20日上漲 64.5% 平均 +2.31% 40日內曾跌≥10%  29%
回檔≥10% 且 資金<35%  p2: 佔交易日  7.8% | 所有股票 20日上漲 42.3% 平均 -3.63% 40日內曾跌≥10%  66%
沒回檔 且 VIX<20     p1: 佔交易日 73.7% | 所有股票 20日上漲 57.2% 平均 +0.83% 40日內曾跌≥10%  28%
沒回檔 且 VIX<20     p2: 佔交易日 61.8% | 所有股票 20日上漲 52.1% 平均 +0.13% 40日內曾跌≥10%  45%
深跌站回 + 回檔 + 資金≥35% p1: 20日上漲 70.6% 平均 +5.12% 中途再跌≥10% 36%
深跌站回 + 回檔 + 資金≥35% p2: 20日上漲 71.8% 平均 +8.27% 中途再跌≥10% 43%
出+總經+價格 AI       p1: n=  25 20日後較低 60.0% 平均 -4.60%
出+總經+價格 AI       p2: n=  74 20日後較低 60.8% 平均 -4.65%
出+總經+價格 非AI      p1: n=  29 20日後較低 58.6% 平均 -3.23%
出+總經+價格 非AI      p2: n= 275 20日後較低 71.3% 平均 -11.38%
出+總經 AI          p1: n=  42 20日後較低 66.7% 平均 -4.86%
出+總經 AI          p2: n= 128 20日後較低 57.8% 平均 -2.66%
出+總經 非AI         p1: n=  64 20日後較低 57.8% 平均 -1.70%
出+總經 非AI         p2: n= 447 20日後較低 65.3% 平均 -7.77%
p1 資金偏緊 佔交易日 30%
p1 資金偏緊且總經 佔交易日 10%
p1 QQQ<20日線 佔交易日 33%
p2 資金偏緊 佔交易日 37%
p2 資金偏緊且總經 佔交易日 16%
p2 QQQ<20日線 佔交易日 34%
