每檔每年 = 次數 ÷ (股票數×年);準 = 20 個交易日後方向對(賣:比較低;買:比較高)

### 出(現行)→ 強=總經或價格任一(最強=兩者都有)、弱=都沒有
  前段2009-17: 全部   387 次(每檔每年 0.28)準 48.1%(平常 40.9%) | 最強   54( 14%)準 59.3% | 強(任一)  204( 53%)準 54.4% | 弱(灰)  183( 47%)準 41.0%
  後段2018-26: 全部  1287 次(每檔每年 0.64)準 56.7%(平常 45.6%) | 最強  351( 27%)準 69.1% | 強(任一)  984( 76%)準 59.0% | 弱(灰)  303( 24%)準 48.8%
  近兩年2024-10起: 全部   587 次(每檔每年 1.14)準 51.2%(平常 46.5%) | 最強  146( 25%)準 72.2% | 強(任一)  415( 71%)準 55.2% | 弱(灰)  172( 29%)準 41.1%

### 頂K(現行)→ 強=大盤QQQ在20日線下;弱=AI股且大盤在線上
  前段2009-17: 全部   393 次(每檔每年 0.29)準 56.2%(平常 40.7%) | 強   97( 25%)準 63.9% | 一般  220( 56%)準 57.3% | 弱(灰)   76( 19%)準 43.4% | AI且大盤線下   26(  7%)準 53.8%
  後段2018-26: 全部  2965 次(每檔每年 1.48)準 51.1%(平常 45.4%) | 強  434( 15%)準 55.8% | 一般 2210( 75%)準 51.3% | 弱(灰)  321( 11%)準 44.1% | AI且大盤線下   71(  2%)準 54.9%
  近兩年2024-10起: 全部   995 次(每檔每年 1.94)準 50.8%(平常 46.4%) | 強  185( 19%)準 57.3% | 一般  649( 65%)準 52.1% | 弱(灰)  161( 16%)準 38.1% | AI且大盤線下   45(  5%)準 48.9%

### 減碼(現行)→ 強=QQQ線下或殖利率急降
  前段2009-17: 全部    90 次(每檔每年 0.07)準 56.7%(平常 40.7%) | 強   36( 40%)準 58.3% | 其他   54( 60%)準 55.6% | 其中AI    7(  8%)準 —
  後段2018-26: 全部   871 次(每檔每年 0.43)準 52.9%(平常 45.4%) | 強  422( 48%)準 57.1% | 其他  449( 52%)準 48.9% | 其中AI   53(  6%)準 39.6%
  近兩年2024-10起: 全部   329 次(每檔每年 0.64)準 49.1%(平常 46.4%) | 強  170( 52%)準 55.3% | 其他  159( 48%)準 42.4% | 其中AI   23(  7%)準 34.8%

### 抄底(現行:資金≥80%)→ 強=大盤回檔≥10%;弱=個股自己跌(沒回檔且VIX<20)
  前段2009-17: 全部   400 次(每檔每年 0.29)準 53.2%(平常 58.9%) | 強  114( 28%)準 70.2% | 一般  150( 38%)準 39.3% | 弱(灰)  136( 34%)準 54.4%
  後段2018-26: 全部   851 次(每檔每年 0.42)準 61.6%(平常 54.2%) | 強  385( 45%)準 74.0% | 一般   67(  8%)準 79.1% | 弱(灰)  399( 47%)準 46.6%
  近兩年2024-10起: 全部   271 次(每檔每年 0.53)準 57.6%(平常 53.4%) | 強  190( 70%)準 75.3% | 一般   13(  5%)準 53.8% | 弱(灰)   68( 25%)準  8.8%

### 提案「新增」的記號
  新「出」:頂K破線(資金不緊時) 前段2009-17:    45 次(每檔每年 0.03)準 55.6%(平常 40.9%)
  新「出」:頂K破線(資金不緊時) 後段2018-26:   396 次(每檔每年 0.20)準 52.8%(平常 45.6%)
  新「出」:頂K破線(資金不緊時) 近兩年2024-10起:   120 次(每檔每年 0.23)準 49.2%(平常 46.5%)
  新「抄底」:深跌站回 + 大盤回檔≥10% + 資金35–80% 前段2009-17:    12 次(每檔每年 0.01)準 75.0%(平常 58.9%)
  新「抄底」:深跌站回 + 大盤回檔≥10% + 資金35–80% 後段2018-26:   439 次(每檔每年 0.22)準 69.9%(平常 54.2%)
  新「抄底」:深跌站回 + 大盤回檔≥10% + 資金35–80% 近兩年2024-10起:     0 次(每檔每年 0.00)準  nan%(平常 53.4%)
