弱(個股自己跌)
          n     up  mean
m                       
2024-10   4   75.0  14.9
2024-12   1    0.0  -6.2
2025-02  15    0.0 -21.2
2025-03  46    2.0 -18.4
2025-06   1  100.0   9.3
2025-07   1  100.0   6.2
強(大盤回檔)
           n    up  mean
m                       
2025-03   35  11.0 -14.6
2025-04  153  90.0  14.4
2025-05    2  50.0  -2.4
AI 頂K(大盤在線上)近兩年 by month
          n     dn
m                 
2024-10   7    0.0
2024-11   7    0.0
2024-12   9   22.0
2025-01   2  100.0
2025-02   2  100.0
2025-05   1  100.0
2025-06   7   14.0
2025-07   9   56.0
2025-08   1    0.0
2025-09   2   50.0
2025-10  15   33.0
2025-11   2    0.0
2025-12   1    0.0
2026-01   3   33.0
2026-02   2    0.0
2026-03   3   67.0
2026-04  30    7.0
2026-05  31   45.0
2026-06  20   90.0
2026-07   1  100.0
2026-08   5   80.0
2026-10   1    0.0
