### 「出」(資金偏緊)× 油價/殖利率 情境
  全部「出」                                    | p1 n= 387 20日後較低 48.1%(平常40.9,差 +7.2[+0,+14]) 40日 46.0% 均 +0.7% | p2 n=1253 20日後較低 56.7%(平常45.6,差+11.0[+6,+16]) 40日 58.9% 均 -3.2% | 四段   +9   +6  +18   +6
  殖利率 20 日急升(最高 1/3)                       | p1 n= 192 20日後較低 47.9%(平常40.9,差 +7.0[+0,+14]) 40日 43.8% 均 +0.6% | p2 n= 621 20日後較低 58.6%(平常45.6,差+13.0[+5,+20]) 40日 60.1% 均 -3.0% | 四段  +10  +10  +20   -0
  殖利率 20 日持平(中間 1/3)                       | p1 n= 140 20日後較低 40.0%(平常40.9,差 -0.9[-10,+10]) 40日 42.9% 均 +2.6% | p2 n= 417 20日後較低 49.6%(平常45.6,差 +4.0[-3,+11]) 40日 56.9% 均 -1.0% | 四段   -5   +2  +16   +1
  殖利率 20 日急降(最低 1/3)                       | p1 n=  55 20日後較低 69.1%(平常40.9,差+28.2[+11,+36]) 40日 61.8% 均 -3.9% | p2 n= 215 20日後較低 64.7%(平常45.6,差+19.0[+7,+29]) 40日 59.1% 均 -8.3% | 四段  +33   -1  +13  +37
  油價 20 日大漲(最高 1/3)                        | p1 n= 169 20日後較低 45.0%(平常40.9,差 +4.1[-3,+15]) 40日 37.9% 均 +1.3% | p2 n= 484 20日後較低 49.2%(平常45.6,差 +3.6[-3,+11]) 40日 53.0% 均 +0.8% | 四段   +2  +12  +11   -4
  油價 20 日持平(中間)                            | p1 n= 129 20日後較低 43.4%(平常40.9,差 +2.5[-8,+12]) 40日 44.2% 均 +2.3% | p2 n= 305 20日後較低 56.7%(平常45.6,差+11.1[+3,+18]) 40日 54.8% 均 -2.7% | 四段   +3   +8  +17   +4
  油價 20 日走弱(最低 1/3)                        | p1 n=  89 20日後較低 60.7%(平常40.9,差+19.8[+10,+28]) 40日 64.0% 均 -3.0% | p2 n= 464 20日後較低 64.4%(平常45.6,差+18.8[+11,+24]) 40日 67.2% 均 -7.7% | 四段  +23  -13  +23  +20
  通膨恐慌:油價大漲 且 殖利率急升                        | p1 n=  96 20日後較低 45.8%(平常40.9,差 +4.9[-4,+20]) 40日 34.4% 均 +0.7% | p2 n= 304 20日後較低 48.4%(平常45.6,差 +2.7[-5,+13]) 40日 54.8% 均 +1.0% | 四段  +10  +12  +11  -10
  通膨恐慌 + 價格條件(跌≥4%或前有頂K)                   | p1 n=  30 20日後較低 50.0%(平常40.9,差 +9.1[-5,+28]) 40日 33.3% 均 +0.3% | p2 n= 182 20日後較低 50.0%(平常45.6,差 +4.4[-6,+14]) 40日 60.1% 均 +1.2% | 四段  +13  +25   +9   -9
  通膨恐慌 但沒價格條件                              | p1 n=  66 20日後較低 43.9%(平常40.9,差 +3.1[-5,+17]) 40日 34.8% 均 +0.8% | p2 n= 122 20日後較低 45.9%(平常45.6,差 +0.3[-9,+12]) 40日 46.8% 均 +0.6% | 四段   +9   +1  +14  -11
### 現行分級在「殖利率急升」時
  殖利率急升 & 現行=強                             | p1 n=  85 20日後較低 52.9%(平常40.9,差+12.1[+0,+21]) 40日 52.9% 均 +1.2% | p2 n= 448 20日後較低 62.3%(平常45.6,差+16.7[+9,+23]) 40日 64.1% 均 -3.9% | 四段  +19  +14  +21   +5
  殖利率急升 & 現行=灰                             | p1 n= 107 20日後較低 43.9%(平常40.9,差 +3.0[-5,+12]) 40日 36.4% 均 +0.1% | p2 n= 173 20日後較低 49.1%(平常45.6,差 +3.5[-5,+14]) 40日 49.4% 均 -0.7% | 四段   +3   +6  +14   -8
  殖利率不急升 & 現行=灰                            | p1 n=  76 20日後較低 36.8%(平常40.9,差 -4.0[-15,+12]) 40日 43.4% 均 +3.3% | p2 n= 116 20日後較低 48.3%(平常45.6,差 +2.7[-8,+12]) 40日 51.4% 均 +0.8% | 四段  -10  +10  +12   +0
  現行=灰(全部)                                 | p1 n= 183 20日後較低 41.0%(平常40.9,差 +0.1[-7,+8]) 40日 39.3% 均 +1.4% | p2 n= 289 20日後較低 48.8%(平常45.6,差 +3.2[-4,+11]) 40日 50.2% 均 -0.1% | 四段   -3   +7  +13   -4
### 2022(升息+通膨的典型年)
  2022 全部出       n= 223 20日後較低 70.9%(2022 所有股票日 55.0%)
  2022 現行=強      n= 190 20日後較低 71.1%(2022 所有股票日 55.0%)
  2022 現行=灰      n=  33 20日後較低 69.7%(2022 所有股票日 55.0%)
### 同狀態所有股票日(大盤本身):資金偏緊 且 殖利率急升 / 通膨恐慌
  資金偏緊&殖利率急升       p1: 佔交易日 15.0% 所有股票 20日後較低 40.6%
  資金偏緊&殖利率急升       p2: 佔交易日 18.1% 所有股票 20日後較低 52.6%
  資金偏緊&通膨恐慌        p1: 佔交易日  6.4% 所有股票 20日後較低 37.8%
  資金偏緊&通膨恐慌        p2: 佔交易日  9.8% 所有股票 20日後較低 49.2%
  資金偏緊&殖利率持平       p1: 佔交易日  9.9% 所有股票 20日後較低 38.6%
  資金偏緊&殖利率持平       p2: 佔交易日 12.1% 所有股票 20日後較低 51.2%
