== 現行:先跌10%(深跌15%)/看20天/站回20日線/冷卻20/氣候≥80%
現行 | p1: n= 400 20日命中 -5.6 平均-0.94% 扣大盤-0.64% | 40日命中 +3.1 平均+0.87% 再跌≥10% 55% | p2: n= 851 20日命中 +7.3 平均+4.28% 扣大盤+0.62% | 40日命中+17.4 平均+10.67% 再跌≥10% 50%
== 深跌門檻
deep=0.1 | p1: n= 813 20日命中 -0.5 平均+0.18% 扣大盤-0.11% | 40日命中 +3.8 平均+1.28% 再跌≥10% 44% | p2: n=1262 20日命中 +5.5 平均+3.17% 扣大盤+0.31% | 40日命中+13.5 平均+8.03% 再跌≥10% 47%
deep=0.15 | p1: n= 400 20日命中 -5.6 平均-0.94% 扣大盤-0.64% | 40日命中 +3.1 平均+0.87% 再跌≥10% 55% | p2: n= 851 20日命中 +7.3 平均+4.28% 扣大盤+0.62% | 40日命中+17.4 平均+10.67% 再跌≥10% 50%
deep=0.2 | p1: n= 192 20日命中 -8.9 平均-1.72% 扣大盤-1.15% | 40日命中 +3.7 平均+0.79% 再跌≥10% 62% | p2: n= 571 20日命中 +9.3 平均+4.72% 扣大盤+0.06% | 40日命中+19.9 平均+12.67% 再跌≥10% 52%
deep=0.25 | p1: n=  98 20日命中 -9.9 平均-2.06% 扣大盤-1.84% | 40日命中 -3.8 平均+0.83% 再跌≥10% 68% | p2: n= 382 20日命中+11.5 平均+5.94% 扣大盤+0.88% | 40日命中+24.0 平均+15.69% 再跌≥10% 56%
deep=0.3 | p1: n=  42 20日命中-13.6 平均-2.40% 扣大盤-1.74% | 40日命中 -7.2 平均-0.03% 再跌≥10% 69% | p2: n= 264 20日命中+14.7 平均+7.70% 扣大盤+1.40% | 40日命中+26.2 平均+17.54% 再跌≥10% 56%
== 回看天數
win=10 | p1: n= 331 20日命中 -3.9 平均-0.41% 扣大盤-0.43% | 40日命中 +6.1 平均+2.13% 再跌≥10% 53% | p2: n= 739 20日命中 +6.0 平均+3.90% 扣大盤+0.50% | 40日命中+16.7 平均+10.93% 再跌≥10% 52%
win=20 | p1: n= 400 20日命中 -5.6 平均-0.94% 扣大盤-0.64% | 40日命中 +3.1 平均+0.87% 再跌≥10% 55% | p2: n= 851 20日命中 +7.3 平均+4.28% 扣大盤+0.62% | 40日命中+17.4 平均+10.67% 再跌≥10% 50%
win=30 | p1: n= 450 20日命中 -5.3 平均-0.75% 扣大盤-0.69% | 40日命中 +3.2 平均+1.15% 再跌≥10% 54% | p2: n= 974 20日命中 +8.4 平均+4.51% 扣大盤+0.52% | 40日命中+15.8 平均+10.01% 再跌≥10% 49%
win=40 | p1: n= 515 20日命中 -5.1 平均-0.67% 扣大盤-0.63% | 40日命中 +2.7 平均+0.88% 再跌≥10% 51% | p2: n=1092 20日命中 +8.6 平均+4.61% 扣大盤+0.62% | 40日命中+15.6 平均+10.12% 再跌≥10% 48%
== 站回哪條均線
ma_x=10 | p1: n= 449 20日命中 -5.7 平均+0.15% 扣大盤-0.36% | 40日命中 +0.2 平均+0.80% 再跌≥10% 54% | p2: n= 979 20日命中+10.8 平均+4.68% 扣大盤+0.52% | 40日命中+18.1 平均+11.20% 再跌≥10% 51%
ma_x=20 | p1: n= 400 20日命中 -5.6 平均-0.94% 扣大盤-0.64% | 40日命中 +3.1 平均+0.87% 再跌≥10% 55% | p2: n= 851 20日命中 +7.3 平均+4.28% 扣大盤+0.62% | 40日命中+17.4 平均+10.67% 再跌≥10% 50%
ma_x=30 | p1: n= 308 20日命中 +0.9 平均+1.17% 扣大盤+0.52% | 40日命中 +1.7 平均+1.82% 再跌≥10% 49% | p2: n= 739 20日命中 +7.9 平均+5.37% 扣大盤+1.28% | 40日命中+18.6 平均+12.24% 再跌≥10% 48%
ma_x=50 | p1: n= 205 20日命中 +0.6 平均+1.30% 扣大盤+0.39% | 40日命中 +1.0 平均+1.83% 再跌≥10% 48% | p2: n= 582 20日命中+12.6 平均+7.37% 扣大盤+2.75% | 40日命中+15.9 平均+11.67% 再跌≥10% 47%
== 冷卻
cd=5 | p1: n= 558 20日命中 -2.8 平均-0.04% 扣大盤-0.21% | 40日命中 +2.4 平均+1.50% 再跌≥10% 52% | p2: n=1287 20日命中+10.3 平均+5.17% 扣大盤+1.03% | 40日命中+18.1 平均+11.39% 再跌≥10% 50%
cd=10 | p1: n= 481 20日命中 -3.6 平均-0.45% 扣大盤-0.57% | 40日命中 +1.1 平均+0.74% 再跌≥10% 54% | p2: n=1069 20日命中 +8.7 平均+4.51% 扣大盤+0.70% | 40日命中+17.2 平均+10.50% 再跌≥10% 51%
cd=20 | p1: n= 400 20日命中 -5.6 平均-0.94% 扣大盤-0.64% | 40日命中 +3.1 平均+0.87% 再跌≥10% 55% | p2: n= 851 20日命中 +7.3 平均+4.28% 扣大盤+0.62% | 40日命中+17.4 平均+10.67% 再跌≥10% 50%
cd=40 | p1: n= 325 20日命中 -6.3 平均-1.63% 扣大盤-1.22% | 40日命中 +3.3 平均+0.85% 再跌≥10% 54% | p2: n= 644 20日命中 +5.4 平均+2.62% 扣大盤-0.42% | 40日命中+16.2 平均+9.47% 再跌≥10% 53%
== 氣候門檻
cut=-0.01 | p1: n= 892 20日命中 -5.9 平均-0.68% 扣大盤-0.51% | 40日命中 -2.1 平均-0.14% 再跌≥10% 56% | p2: n=2977 20日命中 -1.3 平均+0.77% 扣大盤-0.14% | 40日命中 +1.0 平均+1.01% 再跌≥10% 61%
cut=0.35 | p1: n= 678 20日命中 -5.6 平均-1.01% 扣大盤-0.84% | 40日命中 +0.2 平均+0.45% 再跌≥10% 55% | p2: n=1799 20日命中 +6.2 平均+4.12% 扣大盤+1.01% | 40日命中+10.9 平均+6.95% 再跌≥10% 51%
cut=0.5 | p1: n= 599 20日命中 -6.8 平均-1.19% 扣大盤-0.76% | 40日命中 +0.7 平均+0.55% 再跌≥10% 55% | p2: n=1419 20日命中 +5.2 平均+4.22% 扣大盤+1.06% | 40日命中+12.6 平均+8.51% 再跌≥10% 52%
cut=0.65 | p1: n= 510 20日命中 -6.5 平均-1.58% 扣大盤-0.90% | 40日命中 +0.6 平均+0.33% 再跌≥10% 55% | p2: n=1178 20日命中 +5.0 平均+3.67% 扣大盤+0.61% | 40日命中+13.7 平均+9.02% 再跌≥10% 53%
cut=0.8 | p1: n= 400 20日命中 -5.6 平均-0.94% 扣大盤-0.64% | 40日命中 +3.1 平均+0.87% 再跌≥10% 55% | p2: n= 851 20日命中 +7.3 平均+4.28% 扣大盤+0.62% | 40日命中+17.4 平均+10.67% 再跌≥10% 50%
cut=0.9 | p1: n= 232 20日命中 +0.6 平均+2.14% 扣大盤+0.83% | 40日命中 +7.5 平均+3.24% 再跌≥10% 49% | p2: n= 454 20日命中+14.0 平均+6.61% 扣大盤+1.34% | 40日命中+18.9 平均+10.45% 再跌≥10% 44%
== 二維:深跌 × 氣候(40日命中差,前半/後半)
deep=0.10:  cut-0.01  -1.2/ +0.7(n1916/4789)  cut0.50  +0.2/+10.0(n1260/2289)  cut0.65  +0.4/+11.1(n1083/1866)  cut0.80  +3.8/+13.5(n813/1262)  cut0.90  +9.7/+15.3(n487/660)
deep=0.15:  cut-0.01  -2.1/ +1.0(n892/2940)  cut0.50  +0.7/+12.6(n599/1419)  cut0.65  +0.6/+13.7(n510/1178)  cut0.80  +3.1/+17.4(n400/851)  cut0.90  +7.5/+18.9(n232/454)
deep=0.20:  cut-0.01  -3.4/ +1.7(n424/1861)  cut0.50  -0.3/+15.6(n289/898)  cut0.65  -0.9/+16.1(n246/755)  cut0.80  +3.7/+19.9(n192/571)  cut0.90  +8.9/+20.3(n113/299)
deep=0.25:  cut-0.01  -9.3/ +2.0(n213/1213)  cut0.50  -6.8/+18.0(n147/587)  cut0.65  -8.3/+18.1(n125/495)  cut0.80  -3.8/+24.0(n98/382)  cut0.90  +5.9/+24.9(n59/195)
== 四段期間(40日命中差):現行 [np.float64(2.1), np.float64(7.0), np.float64(19.4), np.float64(15.4)]  不看氣候 [np.float64(-0.5), np.float64(-5.4), np.float64(-1.1), np.float64(3.6)]
