「波段頂」候選(都只看上升趨勢的日子;當天收盤賣一部分)。來回 = 之後第一個『回測20日線』買回(30 天內沒有就第 30 天買回),正 = 省下成本

[p1] 上升趨勢隨便一天:n=177350 | 10天內低3% 45% | 20天內低5% 39% | 20天內漲≥10% 16% | 20天後較低 41% | 來回 平均-0.44% 中位+0.09% 省到 51%
  碰布林上緣            n=  8748(每檔每年 6.4)| 10天內低3% 45% | 20天內低5% 39% | 漲≥10% 15% | 20天後較低 41% | 來回 平均-0.46% 中位+0.52% 省到 56%
  碰上緣且收盤離高≥2%      n=  3397(每檔每年 2.5)| 10天內低3% 57% | 20天內低5% 50% | 漲≥10% 24% | 20天後較低 42% | 來回 平均-0.35% 中位+0.72% 省到 56%
  TD賣數到9           n=  4200(每檔每年 3.1)| 10天內低3% 43% | 20天內低5% 37% | 漲≥10% 14% | 20天後較低 39% | 來回 平均-0.32% 中位+0.63% 省到 57%
  RSI14 站上70       n=  4409(每檔每年 3.2)| 10天內低3% 46% | 20天內低5% 39% | 漲≥10% 14% | 20天後較低 42% | 來回 平均-0.16% 中位+0.79% 省到 58%
  離20日線≥2.5倍ATR    n=  4987(每檔每年 3.6)| 10天內低3% 45% | 20天內低5% 39% | 漲≥10% 15% | 20天後較低 42% | 來回 平均-0.26% 中位+0.65% 省到 55%
  碰上緣且TD賣≥7        n=  4386(每檔每年 3.2)| 10天內低3% 44% | 20天內低5% 38% | 漲≥10% 14% | 20天後較低 41% | 來回 平均-0.30% 中位+0.59% 省到 56%

[p2] 上升趨勢隨便一天:n=223023 | 10天內低3% 59% | 20天內低5% 55% | 20天內漲≥10% 29% | 20天後較低 46% | 來回 平均+0.13% 中位+0.41% 省到 54%
  碰布林上緣            n= 11250(每檔每年 5.6)| 10天內低3% 59% | 20天內低5% 55% | 漲≥10% 30% | 20天後較低 45% | 來回 平均-0.17% 中位+0.89% 省到 58%
  碰上緣且收盤離高≥2%      n=  7287(每檔每年 3.6)| 10天內低3% 67% | 20天內低5% 63% | 漲≥10% 38% | 20天後較低 45% | 來回 平均-0.16% 中位+1.08% 省到 57%
  TD賣數到9           n=  5114(每檔每年 2.5)| 10天內低3% 58% | 20天內低5% 54% | 漲≥10% 28% | 20天後較低 46% | 來回 平均+0.04% 中位+1.27% 省到 60%
  RSI14 站上70       n=  5840(每檔每年 2.9)| 10天內低3% 60% | 20天內低5% 56% | 漲≥10% 29% | 20天後較低 46% | 來回 平均+0.19% 中位+1.22% 省到 59%
  離20日線≥2.5倍ATR    n=  6723(每檔每年 3.3)| 10天內低3% 59% | 20天內低5% 55% | 漲≥10% 30% | 20天後較低 45% | 來回 平均+0.09% 中位+1.15% 省到 58%
  碰上緣且TD賣≥7        n=  6023(每檔每年 3.0)| 10天內低3% 60% | 20天內低5% 56% | 漲≥10% 29% | 20天後較低 46% | 來回 平均+0.04% 中位+1.23% 省到 59%

買回點換別種(波段頂固定用「碰布林上緣」)
  [p1] 買回=回測20日線   來回 平均-0.46% 中位+0.52% 省到 56% | 隨便一天賣 平均-0.44% 省到 51%
  [p1] 買回=RSI2≤10  來回 平均-0.29% 中位+0.78% 省到 56% | 隨便一天賣 平均-0.27% 省到 59%
  [p1] 買回=TD買數到4   來回 平均-0.30% 中位+0.46% 省到 54% | 隨便一天賣 平均-0.20% 省到 56%
  [p2] 買回=回測20日線   來回 平均-0.17% 中位+0.89% 省到 58% | 隨便一天賣 平均+0.13% 省到 54%
  [p2] 買回=RSI2≤10  來回 平均+0.03% 中位+1.38% 省到 58% | 隨便一天賣 平均+0.29% 省到 62%
  [p2] 買回=TD買數到4   來回 平均-0.08% 中位+0.86% 省到 56% | 隨便一天賣 平均+0.18% 省到 58%
