
[2009-17] 隨便一天(收盤賣):10天後較低 43% 20天 41% 40天 38% | 40天內跌≥10% 29% | 40天平均 +3.5% | 成本調節(限價−3%/10天)平均 -0.36% 省到 57%
  日K TD賣≥9 + 碰上緣           n= 3270(每檔每年 2.39)| 10天後較低 44% 20天 40% 40天 37% | 40天內跌≥10% 25% | 40天平均 +3.0% | 成本調節 平均 -0.21% 省到 55%
  日K TD賣 9–13 + 碰上緣        n= 3191(每檔每年 2.33)| 10天後較低 44% 20天 40% 40天 37% | 40天內跌≥10% 25% | 40天平均 +3.0% | 成本調節 平均 -0.22% 省到 55%
  …再加 週K TD賣≥9             n=  540(每檔每年 0.39)| 10天後較低 48% 20天 43% 40天 36% | 40天內跌≥10% 25% | 40天平均 +2.6% | 成本調節 平均 -0.02% 省到 57%
  …再加 週K 碰上緣               n= 1722(每檔每年 1.26)| 10天後較低 45% 20天 40% 40天 36% | 40天內跌≥10% 24% | 40天平均 +3.1% | 成本調節 平均 -0.15% 省到 56%
  日+週 全部(使用者的規則)           n=  364(每檔每年 0.27)| 10天後較低 51% 20天 46% 40天 37% | 40天內跌≥10% 27% | 40天平均 +2.6% | 成本調節 平均 +0.21% 省到 60%
  只看週K:TD賣≥9 + 碰上緣         n= 1111(每檔每年 0.81)| 10天後較低 46% 20天 41% 40天 39% | 40天內跌≥10% 26% | 40天平均 +2.7% | 成本調節 平均 +0.02% 省到 58%
  頂K(對照,現行)                n=  393(每檔每年 0.29)| 10天後較低 49% 20天 56% 40天 52% | 40天內跌≥10% 70% | 40天平均 +6.4% | 成本調節 平均 -0.01% 省到 83%

[2018-26] 隨便一天(收盤賣):10天後較低 46% 20天 45% 40天 44% | 40天內跌≥10% 45% | 40天平均 +5.0% | 成本調節(限價−3%/10天)平均 -0.28% 省到 66%
  日K TD賣≥9 + 碰上緣           n= 4826(每檔每年 2.40)| 10天後較低 46% 20天 45% 40天 44% | 40天內跌≥10% 43% | 40天平均 +4.9% | 成本調節 平均 -0.27% 省到 65%
  日K TD賣 9–13 + 碰上緣        n= 4702(每檔每年 2.34)| 10天後較低 46% 20天 45% 40天 44% | 40天內跌≥10% 44% | 40天平均 +4.9% | 成本調節 平均 -0.25% 省到 65%
  …再加 週K TD賣≥9             n=  809(每檔每年 0.40)| 10天後較低 46% 20天 44% 40天 43% | 40天內跌≥10% 43% | 40天平均 +5.9% | 成本調節 平均 -0.17% 省到 66%
  …再加 週K 碰上緣               n= 2400(每檔每年 1.19)| 10天後較低 46% 20天 46% 40天 45% | 40天內跌≥10% 45% | 40天平均 +6.0% | 成本調節 平均 -0.23% 省到 66%
  日+週 全部(使用者的規則)           n=  559(每檔每年 0.28)| 10天後較低 47% 20天 45% 40天 43% | 40天內跌≥10% 46% | 40天平均 +7.6% | 成本調節 平均 -0.27% 省到 67%
  只看週K:TD賣≥9 + 碰上緣         n= 1447(每檔每年 0.72)| 10天後較低 47% 20天 44% 40天 44% | 40天內跌≥10% 42% | 40天平均 +5.1% | 成本調節 平均 -0.13% 省到 65%
  頂K(對照,現行)                n= 2962(每檔每年 1.47)| 10天後較低 50% 20天 51% 40天 53% | 40天內跌≥10% 78% | 40天平均 +16.9% | 成本調節 平均 -0.16% 省到 86%

### TSM:使用者規則(日+週全部)觸發的日子與之後
  2024-06-17 收  172.33 | 10天  -0.9% 20天  -3.4% 40天  -4.1% | 40天內最低 -24.6% 最高  +9.2%
  2026-06-03 收  434.50 | 10天  -0.8% 20天  -0.3% 40天  -7.2% | 40天內最低 -14.4% 最高  +9.9%
  2026-10-05 收  485.80 | 10天  +nan% 20天  +nan% 40天  +nan% | 40天內最低  -6.8% 最高  +0.0%
