
[2009-17] 隨便一天:10天後較低 43% 20天 41% | 20天中位數 +1.6% 40天中位數 +3.0% | 成本調節 省到 57% 平均 -0.36%
  使用者規則(日+週)                     n=  364(每檔每年 0.27) 波動分組平均 3.4/9 | 10天後較低 51%(同波動 43%) 20天 46%(40%) 40天 37%(37%) | 20天中位數 +0.7% 40天中位數 +2.3% | 成本調節 省到 60%(54%) 平均 +0.21%(-0.38%)
  使用者規則 → 5天內收破訊號日低點             n=  168(每檔每年 0.12) 波動分組平均 3.6/9 | 10天後較低 45%(同波動 43%) 20天 45%(40%) 40天 35%(37%) | 20天中位數 +0.8% 40天中位數 +3.2% | 成本調節 省到 63%(54%) 平均 +0.68%(-0.38%)
  日K TD≥9+上緣                     n= 3269(每檔每年 2.39) 波動分組平均 3.8/9 | 10天後較低 44%(同波動 43%) 20天 40%(40%) 40天 37%(37%) | 20天中位數 +1.6% 40天中位數 +2.7% | 成本調節 省到 55%(55%) 平均 -0.21%(-0.37%)
  日K TD≥9+上緣 → 5天內收破低點           n= 1483(每檔每年 1.08) 波動分組平均 3.9/9 | 10天後較低 43%(同波動 43%) 20天 40%(40%) 40天 37%(37%) | 20天中位數 +1.8% 40天中位數 +3.1% | 成本調節 省到 56%(55%) 平均 -0.24%(-0.37%)
  頂K                             n=  392(每檔每年 0.29) 波動分組平均 8.8/9 | 10天後較低 49%(同波動 47%) 20天 56%(46%) 40天 52%(43%) | 20天中位數 -2.4% 40天中位數 -2.1% | 成本調節 省到 83%(74%) 平均 -0.02%(-0.09%)
  減碼(頂K隔天收破低點)                   n=   90(每檔每年 0.07) 波動分組平均 8.9/9 | 10天後較低 48%(同波動 47%) 20天 57%(46%) 40天 64%(43%) | 20天中位數 -3.8% 40天中位數 -8.0% | 成本調節 省到 86%(74%) 平均 +0.32%(-0.09%)

[2018-26] 隨便一天:10天後較低 46% 20天 45% | 20天中位數 +1.0% 40天中位數 +2.0% | 成本調節 省到 66% 平均 -0.27%
  使用者規則(日+週)                     n=  559(每檔每年 0.28) 波動分組平均 3.8/9 | 10天後較低 47%(同波動 46%) 20天 45%(45%) 40天 43%(44%) | 20天中位數 +1.1% 40天中位數 +2.1% | 成本調節 省到 67%(64%) 平均 -0.27%(-0.27%)
  使用者規則 → 5天內收破訊號日低點             n=  289(每檔每年 0.14) 波動分組平均 4.1/9 | 10天後較低 45%(同波動 46%) 20天 44%(45%) 40天 39%(44%) | 20天中位數 +1.7% 40天中位數 +2.9% | 成本調節 省到 69%(65%) 平均 -0.07%(-0.27%)
  日K TD≥9+上緣                     n= 4825(每檔每年 2.40) 波動分組平均 4.0/9 | 10天後較低 46%(同波動 46%) 20天 45%(45%) 40天 44%(44%) | 20天中位數 +1.0% 40天中位數 +1.8% | 成本調節 省到 65%(64%) 平均 -0.27%(-0.28%)
  日K TD≥9+上緣 → 5天內收破低點           n= 2352(每檔每年 1.17) 波動分組平均 4.1/9 | 10天後較低 45%(同波動 46%) 20天 46%(45%) 40天 46%(44%) | 20天中位數 +0.9% 40天中位數 +1.1% | 成本調節 省到 65%(65%) 平均 -0.53%(-0.28%)
  頂K                             n= 2961(每檔每年 1.47) 波動分組平均 8.5/9 | 10天後較低 50%(同波動 49%) 20天 51%(49%) 40天 52%(46%) | 20天中位數 -0.7% 40天中位數 -2.6% | 成本調節 省到 86%(82%) 平均 -0.16%(-0.17%)
  減碼(頂K隔天收破低點)                   n=  870(每檔每年 0.43) 波動分組平均 8.6/9 | 10天後較低 49%(同波動 49%) 20天 53%(49%) 40天 56%(46%) | 20天中位數 -1.8% 40天中位數 -4.8% | 成本調節 省到 82%(82%) 平均 -1.18%(-0.17%)

### TSM 逐日(★=使用者規則 / K=頂K / 減=減碼);熱 = 20日漲≥30% 或 離20日線≥3ATR 或 離50日線≥25%
  2026-05-18      收 393.97 高 404.84 低 389.09 | 日TD 0 碰日上緣- 週TD 0 碰週上緣- | 20日漲 +8.1% 離20日線-0.2ATR 離50日線 +7.4% 熱- 收盤離高 2.7%
  2026-05-19      收 390.64 高 396.88 低 383.13 | 日TD 0 碰日上緣- 週TD 0 碰週上緣- | 20日漲 +6.7% 離20日線-0.5ATR 離50日線 +6.2% 熱- 收盤離高 1.6%
  2026-05-20      收 399.61 高 401.86 低 393.97 | 日TD 0 碰日上緣- 週TD 0 碰週上緣- | 20日漲 +3.7% 離20日線 0.0ATR 離50日線 +8.4% 熱- 收盤離高 0.6%
  2026-05-21      收 405.11 高 409.40 低 397.51 | 日TD 1 碰日上緣- 週TD 8 碰週上緣- | 20日漲 +6.4% 離20日線 0.3ATR 離50日線 +9.5% 熱- 收盤離高 1.0%
  2026-05-22      收 402.50 高 408.61 低 400.84 | 日TD 2 碰日上緣- 週TD 8 碰週上緣- | 20日漲 +0.5% 離20日線 0.1ATR 離50日線 +8.4% 熱- 收盤離高 1.5%
  2026-05-26      收 410.26 高 414.41 低 408.02 | 日TD 3 碰日上緣- 週TD 9 碰週上緣- | 20日漲 +1.8% 離20日線 0.6ATR 離50日線+10.1% 熱- 收盤離高 1.0%
  2026-05-27      收 420.61 高 428.39 低 413.30 | 日TD 4 碰日上緣Y 週TD 9 碰週上緣Y | 20日漲 +7.7% 離20日線 1.2ATR 離50日線+12.4% 熱- 收盤離高 1.8%
  2026-05-28      收 422.73 高 425.46 低 412.63 | 日TD 5 碰日上緣Y 週TD 9 碰週上緣Y | 20日漲 +7.9% 離20日線 1.3ATR 離50日線+12.5% 熱- 收盤離高 0.6%
  2026-05-29      收 416.36 高 428.29 低 415.16 | 日TD 6 碰日上緣Y 週TD 9 碰週上緣Y | 20日漲 +5.7% 離20日線 0.8ATR 離50日線+10.3% 熱- 收盤離高 2.8%
  2026-06-01      收 433.45 高 447.14 低 420.39 | 日TD 7 碰日上緣Y 週TD10 碰週上緣Y | 20日漲 +9.5% 離20日線 1.7ATR 離50日線+14.2% 熱- 收盤離高 3.1%
  2026-06-02      收 444.45 高 446.14 低 433.83 | 日TD 8 碰日上緣Y 週TD10 碰週上緣Y | 20日漲+11.2% 離20日線 2.3ATR 離50日線+16.4% 熱- 收盤離高 0.4%
  2026-06-03 ★    收 434.50 高 447.91 低 432.35 | 日TD 9 碰日上緣Y 週TD10 碰週上緣Y | 20日漲+10.7% 離20日線 1.5ATR 離50日線+13.2% 熱- 收盤離高 3.0%
  2026-06-04      收 442.69 高 445.77 低 425.16 | 日TD10 碰日上緣Y 週TD10 碰週上緣Y | 20日漲 +6.1% 離20日線 2.0ATR 離50日線+14.8% 熱- 收盤離高 0.7%
  2026-06-05      收 413.09 高 431.73 低 410.72 | 日TD 0 碰日上緣- 週TD10 碰週上緣Y | 20日漲 +0.2% 離20日線 0.0ATR 離50日線 +6.7% 熱- 收盤離高 4.3%
  2026-06-08      收 424.66 高 431.64 低 420.41 | 日TD 0 碰日上緣- 週TD11 碰週上緣- | 20日漲 +3.7% 離20日線 0.7ATR 離50日線 +9.1% 熱- 收盤離高 1.6%
  2026-06-09      收 425.78 高 435.97 低 403.48 | 日TD 0 碰日上緣- 週TD11 碰週上緣- | 20日漲 +5.8% 離20日線 0.6ATR 離50日線 +8.9% 熱- 收盤離高 2.3%
  2026-06-10      收 406.70 高 424.19 低 405.66 | 日TD 0 碰日上緣- 週TD11 碰週上緣Y | 20日漲 +2.9% 離20日線-0.5ATR 離50日線 +3.5% 熱- 收盤離高 4.1%
  2026-06-11      收 419.94 高 421.12 低 407.77 | 日TD 1 碰日上緣- 週TD11 碰週上緣- | 20日漲 +5.6% 離20日線 0.2ATR 離50日線 +6.4% 熱- 收盤離高 0.3%
  2026-06-12      收 422.80 高 425.80 低 416.09 | 日TD 0 碰日上緣- 週TD11 碰週上緣- | 20日漲 +1.7% 離20日線 0.3ATR 離50日線 +6.7% 熱- 收盤離高 0.7%
  2026-06-15      收 440.22 高 441.40 低 430.77 | 日TD 1 碰日上緣- 週TD12 碰週上緣- | 20日漲 +9.4% 離20日線 1.1ATR 離50日線+10.5% 熱- 收盤離高 0.3%
  2026-06-16      收 424.69 高 439.15 低 424.06 | 日TD 2 碰日上緣- 週TD12 碰週上緣- | 20日漲 +7.8% 離20日線 0.2ATR 離50日線 +6.2% 熱- 收盤離高 3.3%
  2026-06-17      收 430.99 高 441.32 低 430.49 | 日TD 3 碰日上緣- 週TD12 碰週上緣- | 20日漲+10.3% 離20日線 0.5ATR 離50日線 +7.3% 熱- 收盤離高 2.3%
  2026-06-18      收 460.88 高 463.98 低 437.22 | 日TD 4 碰日上緣Y 週TD12 碰週上緣Y | 20日漲+15.3% 離20日線 1.7ATR 離50日線+14.2% 熱- 收盤離高 0.7%
  2026-06-22      收 466.42 高 475.51 低 463.93 | 日TD 5 碰日上緣Y 週TD13 碰週上緣Y | 20日漲+15.1% 離20日線 1.9ATR 離50日線+15.0% 熱- 收盤離高 1.9%
  2026-06-23      收 435.22 高 446.13 低 433.03 | 日TD 6 碰日上緣- 週TD13 碰週上緣Y | 20日漲 +8.1% 離20日線 0.3ATR 離50日線 +6.9% 熱- 收盤離高 2.4%
  2026-06-24      收 439.65 高 442.67 低 431.42 | 日TD 7 碰日上緣- 週TD13 碰週上緣Y | 20日漲 +7.2% 離20日線 0.4ATR 離50日線 +7.6% 熱- 收盤離高 0.7%
  2026-06-25      收 433.83 高 451.69 低 431.28 | 日TD 0 碰日上緣- 週TD13 碰週上緣Y | 20日漲 +3.1% 離20日線 0.1ATR 離50日線 +5.9% 熱- 收盤離高 4.0%
  2026-06-26      收 431.19 高 434.96 低 418.07 | 日TD 0 碰日上緣- 週TD13 碰週上緣Y | 20日漲 +2.0% 離20日線-0.1ATR 離50日線 +5.0% 熱- 收盤離高 0.9%
  2026-06-29      收 453.88 高 454.88 低 429.94 | 日TD 1 碰日上緣- 週TD14 碰週上緣- | 20日漲 +9.0% 離20日線 1.0ATR 離50日線+10.0% 熱- 收盤離高 0.2%
  2026-06-30      收 476.29 高 477.72 低 451.79 | 日TD 2 碰日上緣Y 週TD14 碰週上緣Y | 20日漲 +9.9% 離20日線 2.0ATR 離50日線+14.8% 熱- 收盤離高 0.3%
  2026-07-01      收 443.04 高 467.26 低 442.28 | 日TD 3 碰日上緣- 週TD14 碰週上緣Y | 20日漲 -0.3% 離20日線 0.3ATR 離50日線 +6.4% 熱- 收盤離高 5.2%
  2026-07-02      收 433.00 高 460.24 低 428.35 | 日TD 4 碰日上緣- 週TD14 碰週上緣Y | 20日漲 -0.3% 離20日線-0.1ATR 離50日線 +3.7% 熱- 收盤離高 5.9%
  2026-07-06      收 450.58 高 458.80 低 444.41 | 日TD 0 碰日上緣- 週TD15 碰週上緣- | 20日漲 +1.8% 離20日線 0.6ATR 離50日線 +7.5% 熱- 收盤離高 1.8%
  2026-07-07      收 431.41 高 438.62 低 426.96 | 日TD 0 碰日上緣- 週TD15 碰週上緣- | 20日漲 +4.4% 離20日線-0.3ATR 離50日線 +2.7% 熱- 收盤離高 1.6%
  2026-07-08      收 435.81 高 439.31 低 427.60 | 日TD 0 碰日上緣- 週TD15 碰週上緣- | 20日漲 +2.6% 離20日線-0.1ATR 離50日線 +3.6% 熱- 收盤離高 0.8%
  2026-07-09      收 435.79 高 446.49 低 435.22 | 日TD 1 碰日上緣- 週TD15 碰週上緣- | 20日漲 +2.4% 離20日線-0.1ATR 離50日線 +3.4% 熱- 收盤離高 2.4%
  2026-07-10      收 432.95 高 438.48 低 426.95 | 日TD 0 碰日上緣- 週TD15 碰週上緣- | 20日漲 +6.5% 離20日線-0.3ATR 離50日線 +2.5% 熱- 收盤離高 1.3%
  2026-07-13      收 420.45 高 436.82 低 419.17 | 日TD 0 碰日上緣- 週TD 0 碰週上緣- | 20日漲 +0.1% 離20日線-0.9ATR 離50日線 -0.6% 熱- 收盤離高 3.7%
  2026-07-14      收 419.27 高 429.91 低 417.74 | 日TD 0 碰日上緣- 週TD 0 碰週上緣- | 20日漲 -0.8% 離20日線-1.0ATR 離50日線 -1.0% 熱- 收盤離高 2.5%
  2026-07-15      收 418.36 高 427.74 低 409.65 | 日TD 0 碰日上緣- 週TD 0 碰週上緣- | 20日漲 -5.0% 離20日線-1.0ATR 離50日線 -1.3% 熱- 收盤離高 2.2%
  2026-07-16      收 408.64 高 414.84 低 402.42 | 日TD 0 碰日上緣- 週TD 0 碰週上緣- | 20日漲 -3.8% 離20日線-1.5ATR 離50日線 -3.6% 熱- 收盤離高 1.5%
  2026-07-17      收 397.30 高 403.62 低 384.99 | 日TD 0 碰日上緣- 週TD 0 碰週上緣- | 20日漲 -7.8% 離20日線-1.9ATR 離50日線 -6.3% 熱- 收盤離高 1.6%
  2026-07-20      收 401.22 高 408.79 低 399.01 | 日TD 0 碰日上緣- 週TD 0 碰週上緣- | 20日漲-12.9% 離20日線-1.6ATR 離50日線 -5.3% 熱- 收盤離高 1.9%
  2026-07-21      收 423.47 高 424.26 低 412.45 | 日TD 1 碰日上緣- 週TD 0 碰週上緣- | 20日漲 -9.2% 離20日線-0.4ATR 離50日線 -0.1% 熱- 收盤離高 0.2%
  2026-07-22      收 420.08 高 423.67 低 413.10 | 日TD 2 碰日上緣- 週TD 0 碰週上緣- | 20日漲 -3.5% 離20日線-0.6ATR 離50日線 -1.0% 熱- 收盤離高 0.8%
  2026-07-23      收 414.47 高 419.71 低 410.70 | 日TD 3 碰日上緣- 週TD 0 碰週上緣- | 20日漲 -5.7% 離20日線-0.9ATR 離50日線 -2.3% 熱- 收盤離高 1.2%
  2026-07-24      收 402.33 高 411.82 低 399.73 | 日TD 4 碰日上緣- 週TD 0 碰週上緣- | 20日漲 -7.3% 離20日線-1.6ATR 離50日線 -5.2% 熱- 收盤離高 2.3%
  2026-09-14      收 416.89 高 423.31 低 414.90 | 日TD 0 碰日上緣- 週TD 0 碰週上緣- | 20日漲 -2.0% 離20日線-0.3ATR 離50日線 -0.1% 熱- 收盤離高 1.5%
  2026-09-15      收 412.64 高 420.81 低 411.45 | 日TD 0 碰日上緣- 週TD 0 碰週上緣- | 20日漲 -4.0% 離20日線-0.7ATR 離50日線 -1.0% 熱- 收盤離高 1.9%
  2026-09-16      收 417.72 高 419.85 低 413.88 | 日TD 0 碰日上緣- 週TD 0 碰週上緣- | 20日漲 +1.3% 離20日線-0.2ATR 離50日線 +0.3% 熱- 收盤離高 0.5%
  2026-09-17      收 430.26 高 430.53 低 423.39 | 日TD 0 碰日上緣- 週TD 6 碰週上緣- | 20日漲 +4.7% 離20日線 1.0ATR 離50日線 +3.3% 熱- 收盤離高 0.1%
  2026-09-18      收 434.67 高 434.82 低 428.98 | 日TD 1 碰日上緣- 週TD 6 碰週上緣- | 20日漲 +4.8% 離20日線 1.3ATR 離50日線 +4.4% 熱- 收盤離高 0.0%
  2026-09-21      收 445.14 高 445.72 低 437.06 | 日TD 2 碰日上緣Y 週TD 7 碰週上緣- | 20日漲 +6.5% 離20日線 2.2ATR 離50日線 +6.9% 熱- 收盤離高 0.1%
  2026-09-22      收 452.00 高 452.88 低 441.20 | 日TD 3 碰日上緣Y 週TD 7 碰週上緣- | 20日漲+10.5% 離20日線 2.6ATR 離50日線 +8.3% 熱- 收盤離高 0.2%
  2026-09-23      收 446.57 高 450.88 低 442.87 | 日TD 4 碰日上緣Y 週TD 7 碰週上緣- | 20日漲 +7.3% 離20日線 1.9ATR 離50日線 +6.9% 熱- 收盤離高 1.0%
  2026-09-24      收 451.15 高 452.56 低 440.60 | 日TD 5 碰日上緣- 週TD 7 碰週上緣- | 20日漲 +8.3% 離20日線 2.1ATR 離50日線 +7.8% 熱- 收盤離高 0.3%
  2026-09-25      收 450.61 高 455.03 低 449.01 | 日TD 6 碰日上緣- 週TD 7 碰週上緣Y | 20日漲 +5.7% 離20日線 2.1ATR 離50日線 +7.5% 熱- 收盤離高 1.0%
  2026-09-28      收 452.88 高 455.27 低 443.11 | 日TD 7 碰日上緣- 週TD 8 碰週上緣- | 20日漲 +8.8% 離20日線 2.1ATR 離50日線 +7.7% 熱- 收盤離高 0.5%
  2026-09-29      收 456.94 高 459.43 低 447.07 | 日TD 8 碰日上緣- 週TD 8 碰週上緣Y | 20日漲+10.3% 離20日線 2.3ATR 離50日線 +8.4% 熱- 收盤離高 0.5%
  2026-09-30      收 456.19 高 461.87 低 454.90 | 日TD 9 碰日上緣- 週TD 8 碰週上緣Y | 20日漲+10.5% 離20日線 2.0ATR 離50日線 +8.1% 熱- 收盤離高 1.2%
  2026-10-01      收 459.20 高 460.42 低 453.46 | 日TD10 碰日上緣- 週TD 8 碰週上緣Y | 20日漲+10.8% 離20日線 2.1ATR 離50日線 +8.6% 熱- 收盤離高 0.3%
  2026-10-02      收 472.78 高 474.79 低 464.10 | 日TD11 碰日上緣Y 週TD 8 碰週上緣Y | 20日漲+13.7% 離20日線 3.2ATR 離50日線+11.5% 熱Y 收盤離高 0.4%
  2026-10-05 ★    收 485.80 高 487.47 低 476.40 | 日TD12 碰日上緣Y 週TD 9 碰週上緣Y | 20日漲+13.6% 離20日線 4.1ATR 離50日線+14.1% 熱Y 收盤離高 0.3%
  2026-10-06      收 482.30 高 486.00 低 481.48 | 日TD13 碰日上緣Y 週TD 9 碰週上緣Y | 20日漲+10.2% 離20日線 3.6ATR 離50日線+12.8% 熱Y 收盤離高 0.8%
  2026-10-07      收 472.20 高 475.80 低 471.30 | 日TD14 碰日上緣- 週TD 9 碰週上緣Y | 20日漲 +8.8% 離20日線 2.4ATR 離50日線+10.1% 熱- 收盤離高 0.8%
  2026-10-08      收 457.99 高 471.19 低 452.88 | 日TD 0 碰日上緣- 週TD 9 碰週上緣Y | 20日漲 +7.3% 離20日線 0.8ATR 離50日線 +6.3% 熱- 收盤離高 2.8%
