
[2009-17] 全部 343481 個股票日:10天後較低 43% 20天 41%
  ① 20 日漲幅分組(收盤賣,之後較低的比例 / 20 天中位數):
    最低 20%   (20日漲幅  -71.3%~  -4.6%):10天後較低 42% 20天 41% 40天 38% | 20天中位數 +2.0%
    20–40%   (20日漲幅   -4.6%~  -0.2%):10天後較低 43% 20天 40% 40天 37% | 20天中位數 +1.7%
    40–60%   (20日漲幅   -0.2%~  +3.2%):10天後較低 43% 20天 40% 40天 37% | 20天中位數 +1.5%
    60–80%   (20日漲幅   +3.2%~  +7.5%):10天後較低 43% 20天 41% 40天 37% | 20天中位數 +1.4%
    80–95%   (20日漲幅   +7.5%~ +16.3%):10天後較低 43% 20天 42% 40天 39% | 20天中位數 +1.4%
    95–99%   (20日漲幅  +16.3%~ +31.5%):10天後較低 46% 20天 46% 40天 44% | 20天中位數 +0.7%
    最高 1%    (20日漲幅  +31.5%~+373.7%):10天後較低 49% 20天 50% 40天 46% | 20天中位數 -0.1%
  ② 離 50 日線:
    -900%~  +0%  n= 131971:10天後較低 42% 20天 40% | 20天中位數 +1.9%
      +0%~ +10%  n= 174567:10天後較低 43% 20天 40% | 20天中位數 +1.5%
     +10%~ +15%  n=  22252:10天後較低 46% 20天 44% | 20天中位數 +1.0%
     +15%~ +25%  n=  10826:10天後較低 47% 20天 45% | 20天中位數 +1.1%
     +25%~ +40%  n=   2855:10天後較低 49% 20天 47% | 20天中位數 +0.9%
     +40%~+9900%  n=   1010:10天後較低 54% 20天 58% | 20天中位數 -3.3%
  ③ 訊號 vs「同波動、同漲幅」的隨便一天:
    使用者規則(日+週)   n=  364 | 10天後較低 51%(配對 43%) 20天 46%(41%) 40天 37%(38%)
    頂K           n=  383 | 10天後較低 49%(配對 49%) 20天 56%(50%) 40天 52%(46%)
    減碼           n=   88 | 10天後較低 47%(配對 49%) 20天 56%(50%) 40天 64%(46%)

[2018-26] 全部 497205 個股票日:10天後較低 46% 20天 45%
  ① 20 日漲幅分組(收盤賣,之後較低的比例 / 20 天中位數):
    最低 20%   (20日漲幅  -88.2%~  -7.9%):10天後較低 46% 20天 45% 40天 44% | 20天中位數 +1.5%
    20–40%   (20日漲幅   -7.9%~  -1.3%):10天後較低 46% 20天 45% 40天 44% | 20天中位數 +1.1%
    40–60%   (20日漲幅   -1.3%~  +3.7%):10天後較低 46% 20天 45% 40天 44% | 20天中位數 +0.8%
    60–80%   (20日漲幅   +3.7%~ +10.4%):10天後較低 46% 20天 45% 40天 45% | 20天中位數 +1.0%
    80–95%   (20日漲幅  +10.4%~ +27.8%):10天後較低 46% 20天 45% 40天 44% | 20天中位數 +1.2%
    95–99%   (20日漲幅  +27.8%~ +63.1%):10天後較低 47% 20天 47% 40天 48% | 20天中位數 +1.1%
    最高 1%    (20日漲幅  +63.1%~+2344.8%):10天後較低 51% 20天 51% 40天 50% | 20天中位數 -1.1%
  ② 離 50 日線:
    -900%~  +0%  n= 220893:10天後較低 46% 20天 45% | 20天中位數 +1.1%
      +0%~ +10%  n= 185158:10天後較低 45% 20天 45% | 20天中位數 +0.9%
     +10%~ +15%  n=  38882:10天後較低 46% 20天 45% | 20天中位數 +1.3%
     +15%~ +25%  n=  30034:10天後較低 47% 20天 45% | 20天中位數 +1.3%
     +25%~ +40%  n=  13491:10天後較低 47% 20天 47% | 20天中位數 +1.4%
     +40%~+9900%  n=   8747:10天後較低 50% 20天 51% | 20天中位數 -0.9%
  ③ 訊號 vs「同波動、同漲幅」的隨便一天:
    使用者規則(日+週)   n=  559 | 10天後較低 47%(配對 46%) 20天 45%(45%) 40天 43%(45%)
    頂K           n= 2910 | 10天後較低 50%(配對 49%) 20天 51%(50%) 40天 53%(50%)
    減碼           n=  854 | 10天後較低 49%(配對 49%) 20天 53%(50%) 40天 56%(49%)
