
[上升趨勢 · 2009–17] 上升趨勢裡隨便一天(收盤買):10天後較高 57% 20天 60% 40天 63% | 20天中位數 +1.6% | 20天內再跌≥5% 38% | 之後10天均價 +0.45% | 股票年 790
  ①反向熱:日TD買9–13+碰下緣+週TD買≥9+碰週下緣      n=   4(太少)
  ①b 只看日K:TD買9–13+碰下緣                n= 839(每檔每年 1.06)| 10天 54%(同股 56%) 20天 60%(同股 59% 同波動 60%)差 +0.6 [-4.4,+5.8] 40天 61% | 20天中位數 +1.4% | 再跌≥5% 42% | 之後10天均價 +0.58%
  ②a 碰 CTA 短線(50日)                   n=3339(每檔每年 4.23)| 10天 55%(同股 57%) 20天 60%(同股 60% 同波動 60%)差 +0.7 [-3.3,+4.8] 40天 63% | 20天中位數 +1.7% | 再跌≥5% 41% | 之後10天均價 +0.53%
  ②b 碰 CTA 動能線(63日前收盤)               n=2239(每檔每年 2.84)| 10天 56%(同股 57%) 20天 60%(同股 59% 同波動 60%)差 +0.3 [-3.6,+4.1] 40天 62% | 20天中位數 +1.7% | 再跌≥5% 42% | 之後10天均價 +0.62%
  ②c 碰 CTA 中線(100日)                  n=2409(每檔每年 3.05)| 10天 56%(同股 57%) 20天 62%(同股 59% 同波動 60%)差 +2.6 [-2.7,+7.2] 40天 64% | 20天中位數 +2.2% | 再跌≥5% 42% | 之後10天均價 +0.54%
  ②d 碰 CTA 長線(200日)                  n=1568(每檔每年 1.99)| 10天 55%(同股 56%) 20天 60%(同股 58% 同波動 60%)差 +1.3 [-3.7,+6.0] 40天 60% | 20天中位數 +1.9% | 再跌≥5% 46% | 之後10天均價 +0.53%
  ②e 碰「價格下方第二條」CTA 線                 n=1946(每檔每年 2.46)| 10天 53%(同股 57%) 20天 58%(同股 59% 同波動 60%)差 -1.8 [-7.4,+3.1] 40天 62% | 20天中位數 +1.3% | 再跌≥5% 45% | 之後10天均價 +0.30%
  ②f 碰「價格下方第一條」CTA 線                 n=4214(每檔每年 5.34)| 10天 56%(同股 57%) 20天 60%(同股 60% 同波動 60%)差 +0.5 [-2.9,+3.8] 40天 63% | 20天中位數 +1.6% | 再跌≥5% 41% | 之後10天均價 +0.51%
  ③a 第一次碰布林中軌                        n=4278(每檔每年 5.42)| 10天 59%(同股 57%) 20天 59%(同股 60% 同波動 60%)差 -0.9 [-4.5,+2.1] 40天 63% | 20天中位數 +1.5% | 再跌≥5% 38% | 之後10天均價 +0.58%
  ③b 收破中軌、沒到下緣(第一天)                  n=5887(每檔每年 7.46)| 10天 58%(同股 57%) 20天 60%(同股 60% 同波動 60%)差 -0.4 [-4.1,+2.8] 40天 63% | 20天中位數 +1.5% | 再跌≥5% 39% | 之後10天均價 +0.57%
  ③c 碰中軌且收盤沒破下緣                      n=4236(每檔每年 5.36)| 10天 59%(同股 57%) 20天 60%(同股 60% 同波動 60%)差 -0.8 [-4.2,+2.7] 40天 63% | 20天中位數 +1.5% | 再跌≥5% 37% | 之後10天均價 +0.59%
  ④ 第一次碰週布林中軌                        n=1981(每檔每年 2.51)| 10天 55%(同股 57%) 20天 61%(同股 60% 同波動 60%)差 +2.0 [-2.7,+7.0] 40天 64% | 20天中位數 +1.9% | 再跌≥5% 41% | 之後10天均價 +0.65%
  ⑤ 碰布林下緣                            n=4526(每檔每年 5.73)| 10天 57%(同股 57%) 20天 60%(同股 60% 同波動 60%)差 +0.7 [-3.3,+4.8] 40天 63% | 20天中位數 +1.7% | 再跌≥5% 41% | 之後10天均價 +0.54%
  ⑥ 日TD買 剛數到9                        n=1507(每檔每年 1.91)| 10天 57%(同股 56%) 20天 61%(同股 59% 同波動 60%)差 +2.2 [-2.2,+7.3] 40天 62% | 20天中位數 +1.9% | 再跌≥5% 40% | 之後10天均價 +0.67%
  ⑦ RSI2<10                          n=7069(每檔每年 8.95)| 10天 58%(同股 57%) 20天 60%(同股 60% 同波動 60%)差 +0.5 [-2.7,+3.8] 40天 64% | 20天中位數 +1.7% | 再跌≥5% 39% | 之後10天均價 +0.63%
  ⑧ RSI14≤40                         n=3479(每檔每年 4.41)| 10天 57%(同股 57%) 20天 62%(同股 59% 同波動 60%)差 +2.5 [-1.5,+6.5] 40天 63% | 20天中位數 +2.1% | 再跌≥5% 41% | 之後10天均價 +0.72%
  ⑨ 連跌3天                             n=6823(每檔每年 8.64)| 10天 58%(同股 57%) 20天 61%(同股 60% 同波動 60%)差 +0.8 [-2.7,+4.3] 40天 64% | 20天中位數 +1.7% | 再跌≥5% 38% | 之後10天均價 +0.70%
  ⑩a 離20日高點 −5%                      n=4915(每檔每年 6.22)| 10天 57%(同股 56%) 20天 60%(同股 59% 同波動 59%)差 +1.0 [-2.7,+4.6] 40天 63% | 20天中位數 +1.9% | 再跌≥5% 45% | 之後10天均價 +0.67%
  ⑩b 離20日高點 −8%                      n=2817(每檔每年 3.57)| 10天 57%(同股 56%) 20天 60%(同股 58% 同波動 58%)差 +1.8 [-2.4,+5.4] 40天 61% | 20天中位數 +2.2% | 再跌≥5% 51% | 之後10天均價 +0.89%
  ⑩c 離20日高點 −10%                     n=1860(每檔每年 2.36)| 10天 57%(同股 55%) 20天 59%(同股 58% 同波動 58%)差 +1.5 [-3.5,+5.7] 40天 61% | 20天中位數 +2.1% | 再跌≥5% 56% | 之後10天均價 +0.96%
  ⑪ 收盤≤中軌−1ATR                       n=5181(每檔每年 6.56)| 10天 57%(同股 57%) 20天 61%(同股 59% 同波動 60%)差 +1.0 [-2.3,+4.9] 40天 63% | 20天中位數 +1.8% | 再跌≥5% 41% | 之後10天均價 +0.65%
  ⑫ 碰中軌+長下影線(錘子)                     n=4890(每檔每年 6.19)| 10天 57%(同股 57%) 20天 60%(同股 60% 同波動 60%)差 -0.2 [-3.4,+2.9] 40天 63% | 20天中位數 +1.6% | 再跌≥5% 40% | 之後10天均價 +0.48%
  ⑬ 碰中軌+量縮(<0.8倍)                    n=1229(每檔每年 1.56)| 10天 60%(同股 57%) 20天 61%(同股 60% 同波動 60%)差 +1.2 [-3.1,+5.1] 40天 63% | 20天中位數 +1.7% | 再跌≥5% 34% | 之後10天均價 +0.67%
  ⑭a 碰中軌+大盤也回檔(QQQ<20日線)             n=1624(每檔每年 2.06)| 10天 62%(同股 57%) 20天 63%(同股 61% 同波動 60%)差 +2.5 [-2.1,+6.4] 40天 67% | 20天中位數 +2.1% | 再跌≥5% 39% | 之後10天均價 +0.97%
  ⑭b 碰中軌+只有個股回檔                      n=2654(每檔每年 3.36)| 10天 57%(同股 57%) 20天 57%(同股 60% 同波動 60%)差 -3.0 [-6.6,+0.7] 40天 61% | 20天中位數 +1.2% | 再跌≥5% 37% | 之後10天均價 +0.35%
  ⑮a 熱之後 30 天內第一次碰中軌                 n= 279(每檔每年 0.35)| 10天 62%(同股 58%) 20天 61%(同股 61% 同波動 60%)差 -0.3 [-6.1,+5.2] 40天 67% | 20天中位數 +2.3% | 再跌≥5% 38% | 之後10天均價 +0.73%
  ⑮b 熱之後 30 天內第一次碰 50 日線             n= 140(每檔每年 0.18)| 10天 51%(同股 58%) 20天 63%(同股 61% 同波動 60%)差 +2.0 [-7.8,+13.3] 40天 69% | 20天中位數 +2.4% | 再跌≥5% 42% | 之後10天均價 +0.86%
  ⑯ 碰中軌+資金≥65%                       n=1702(每檔每年 2.16)| 10天 59%(同股 57%) 20天 60%(同股 60% 同波動 60%)差 -0.4 [-5.4,+4.6] 40天 64% | 20天中位數 +1.6% | 再跌≥5% 38% | 之後10天均價 +0.58%

[上升趨勢 · 2018–26] 上升趨勢裡隨便一天(收盤買):10天後較高 54% 20天 55% 40天 56% | 20天中位數 +1.0% | 20天內再跌≥5% 55% | 之後10天均價 +0.58% | 股票年 946
  ①反向熱:日TD買9–13+碰下緣+週TD買≥9+碰週下緣      n=   3(太少)
  ①b 只看日K:TD買9–13+碰下緣                n=1172(每檔每年 1.24)| 10天 55%(同股 53%) 20天 56%(同股 54% 同波動 55%)差 +2.1 [-2.7,+6.2] 40天 58% | 20天中位數 +1.5% | 再跌≥5% 54% | 之後10天均價 +0.27%
  ②a 碰 CTA 短線(50日)                   n=4084(每檔每年 4.32)| 10天 51%(同股 54%) 20天 54%(同股 54% 同波動 55%)差 -0.7 [-4.3,+2.9] 40天 54% | 20天中位數 +1.0% | 再跌≥5% 57% | 之後10天均價 +0.39%
  ②b 碰 CTA 動能線(63日前收盤)               n=2898(每檔每年 3.06)| 10天 52%(同股 54%) 20天 53%(同股 54% 同波動 55%)差 -1.1 [-5.1,+2.5] 40天 55% | 20天中位數 +0.7% | 再跌≥5% 57% | 之後10天均價 +0.48%
  ②c 碰 CTA 中線(100日)                  n=3206(每檔每年 3.39)| 10天 54%(同股 54%) 20天 53%(同股 54% 同波動 55%)差 -1.4 [-5.8,+2.7] 40天 54% | 20天中位數 +0.6% | 再跌≥5% 57% | 之後10天均價 +0.42%
  ②d 碰 CTA 長線(200日)                  n=2448(每檔每年 2.59)| 10天 53%(同股 53%) 20天 53%(同股 53% 同波動 54%)差 -0.1 [-4.5,+4.3] 40天 56% | 20天中位數 +0.8% | 再跌≥5% 60% | 之後10天均價 +0.49%
  ②e 碰「價格下方第二條」CTA 線                 n=2520(每檔每年 2.66)| 10天 52%(同股 54%) 20天 52%(同股 54% 同波動 55%)差 -1.9 [-5.7,+1.7] 40天 54% | 20天中位數 +0.5% | 再跌≥5% 57% | 之後10天均價 +0.36%
  ②f 碰「價格下方第一條」CTA 線                 n=5231(每檔每年 5.53)| 10天 53%(同股 54%) 20天 53%(同股 54% 同波動 55%)差 -0.9 [-4.0,+2.6] 40天 55% | 20天中位數 +0.9% | 再跌≥5% 57% | 之後10天均價 +0.46%
  ③a 第一次碰布林中軌                        n=5073(每檔每年 5.36)| 10天 54%(同股 54%) 20天 55%(同股 55% 同波動 55%)差 -0.1 [-3.6,+3.2] 40天 56% | 20天中位數 +1.1% | 再跌≥5% 56% | 之後10天均價 +0.52%
  ③b 收破中軌、沒到下緣(第一天)                  n=7139(每檔每年 7.55)| 10天 54%(同股 54%) 20天 54%(同股 55% 同波動 55%)差 -0.8 [-4.0,+2.2] 40天 55% | 20天中位數 +0.8% | 再跌≥5% 56% | 之後10天均價 +0.49%
  ③c 碰中軌且收盤沒破下緣                      n=5021(每檔每年 5.31)| 10天 54%(同股 54%) 20天 55%(同股 55% 同波動 55%)差 -0.1 [-3.4,+3.1] 40天 56% | 20天中位數 +1.1% | 再跌≥5% 55% | 之後10天均價 +0.51%
  ④ 第一次碰週布林中軌                        n=2593(每檔每年 2.74)| 10天 55%(同股 54%) 20天 54%(同股 54% 同波動 55%)差 -0.4 [-4.2,+3.9] 40天 54% | 20天中位數 +0.9% | 再跌≥5% 57% | 之後10天均價 +0.57%
  ⑤ 碰布林下緣                            n=5646(每檔每年 5.97)| 10天 52%(同股 54%) 20天 55%(同股 54% 同波動 55%)差 +1.0 [-2.6,+4.6] 40天 56% | 20天中位數 +1.2% | 再跌≥5% 56% | 之後10天均價 +0.43%
  ⑥ 日TD買 剛數到9                        n=2050(每檔每年 2.17)| 10天 54%(同股 53%) 20天 54%(同股 54% 同波動 54%)差 +0.8 [-3.0,+4.7] 40天 56% | 20天中位數 +1.1% | 再跌≥5% 57% | 之後10天均價 +0.26%
  ⑦ RSI2<10                          n=8784(每檔每年 9.28)| 10天 54%(同股 54%) 20天 55%(同股 54% 同波動 55%)差 +0.3 [-2.6,+3.5] 40天 56% | 20天中位數 +1.0% | 再跌≥5% 55% | 之後10天均價 +0.59%
  ⑧ RSI14≤40                         n=4755(每檔每年 5.03)| 10天 55%(同股 54%) 20天 55%(同股 54% 同波動 55%)差 +1.3 [-2.4,+5.2] 40天 57% | 20天中位數 +1.1% | 再跌≥5% 56% | 之後10天均價 +0.58%
  ⑨ 連跌3天                             n=8381(每檔每年 8.86)| 10天 53%(同股 54%) 20天 55%(同股 54% 同波動 55%)差 +0.2 [-2.9,+3.2] 40天 56% | 20天中位數 +1.0% | 再跌≥5% 55% | 之後10天均價 +0.63%
  ⑩a 離20日高點 −5%                      n=7596(每檔每年 8.03)| 10天 53%(同股 54%) 20天 55%(同股 54% 同波動 55%)差 +0.1 [-2.8,+3.3] 40天 56% | 20天中位數 +1.2% | 再跌≥5% 59% | 之後10天均價 +0.71%
  ⑩b 離20日高點 −8%                      n=5579(每檔每年 5.90)| 10天 54%(同股 53%) 20天 55%(同股 54% 同波動 54%)差 +1.0 [-3.0,+4.5] 40天 56% | 20天中位數 +1.4% | 再跌≥5% 63% | 之後10天均價 +0.95%
  ⑩c 離20日高點 −10%                     n=4447(每檔每年 4.70)| 10天 54%(同股 53%) 20天 55%(同股 53% 同波動 53%)差 +1.7 [-2.7,+5.8] 40天 54% | 20天中位數 +1.5% | 再跌≥5% 66% | 之後10天均價 +1.12%
  ⑪ 收盤≤中軌−1ATR                       n=6700(每檔每年 7.08)| 10天 53%(同股 54%) 20天 54%(同股 54% 同波動 55%)差 -0.1 [-3.2,+2.9] 40天 56% | 20天中位數 +0.9% | 再跌≥5% 57% | 之後10天均價 +0.60%
  ⑫ 碰中軌+長下影線(錘子)                     n=5989(每檔每年 6.33)| 10天 54%(同股 54%) 20天 55%(同股 54% 同波動 55%)差 +0.2 [-2.7,+2.8] 40天 55% | 20天中位數 +1.0% | 再跌≥5% 54% | 之後10天均價 +0.53%
  ⑬ 碰中軌+量縮(<0.8倍)                    n=1263(每檔每年 1.33)| 10天 55%(同股 54%) 20天 56%(同股 55% 同波動 55%)差 +1.0 [-2.2,+4.1] 40天 58% | 20天中位數 +1.2% | 再跌≥5% 55% | 之後10天均價 +0.69%
  ⑭a 碰中軌+大盤也回檔(QQQ<20日線)             n=1912(每檔每年 2.02)| 10天 54%(同股 54%) 20天 57%(同股 55% 同波動 55%)差 +2.0 [-2.6,+6.6] 40天 56% | 20天中位數 +1.6% | 再跌≥5% 57% | 之後10天均價 +0.36%
  ⑭b 碰中軌+只有個股回檔                      n=3161(每檔每年 3.34)| 10天 54%(同股 54%) 20天 53%(同股 55% 同波動 55%)差 -1.4 [-5.4,+2.5] 40天 55% | 20天中位數 +0.7% | 再跌≥5% 55% | 之後10天均價 +0.61%
  ⑮a 熱之後 30 天內第一次碰中軌                 n= 426(每檔每年 0.45)| 10天 56%(同股 54%) 20天 55%(同股 55% 同波動 54%)差 -0.2 [-7.9,+6.4] 40天 54% | 20天中位數 +1.4% | 再跌≥5% 60% | 之後10天均價 +1.28%
  ⑮b 熱之後 30 天內第一次碰 50 日線             n= 222(每檔每年 0.23)| 10天 50%(同股 54%) 20天 50%(同股 55% 同波動 54%)差 -4.5 [-12.6,+3.9] 40天 54% | 20天中位數 +0.1% | 再跌≥5% 66% | 之後10天均價 +0.24%
  ⑯ 碰中軌+資金≥65%                       n=2019(每檔每年 2.13)| 10天 54%(同股 54%) 20天 58%(同股 55% 同波動 55%)差 +3.3 [-1.3,+7.9] 40天 61% | 20天中位數 +1.7% | 再跌≥5% 51% | 之後10天均價 +0.53%

[上升趨勢 · 近兩年] 上升趨勢裡隨便一天(收盤買):10天後較高 52% 20天 52% 40天 54% | 20天中位數 +0.6% | 20天內再跌≥5% 62% | 之後10天均價 +0.78% | 股票年 244
  ①反向熱:日TD買9–13+碰下緣+週TD買≥9+碰週下緣      n=   1(太少)
  ①b 只看日K:TD買9–13+碰下緣                n= 298(每檔每年 1.22)| 10天 49%(同股 50%) 20天 52%(同股 49% 同波動 52%)差 +3.1 [-6.2,+12.1] 40天 52% | 20天中位數 +0.5% | 再跌≥5% 61% | 之後10天均價 -0.55%
  ②a 碰 CTA 短線(50日)                   n=1004(每檔每年 4.11)| 10天 50%(同股 52%) 20天 52%(同股 51% 同波動 52%)差 +0.9 [-5.2,+7.5] 40天 50% | 20天中位數 +0.5% | 再跌≥5% 61% | 之後10天均價 +0.74%
  ②b 碰 CTA 動能線(63日前收盤)               n= 730(每檔每年 2.99)| 10天 48%(同股 51%) 20天 48%(同股 51% 同波動 52%)差 -2.9 [-10.9,+5.1] 40天 48% | 20天中位數 -0.5% | 再跌≥5% 64% | 之後10天均價 -0.00%
  ②c 碰 CTA 中線(100日)                  n= 807(每檔每年 3.30)| 10天 51%(同股 51%) 20天 46%(同股 50% 同波動 52%)差 -3.0 [-10.6,+5.4] 40天 48% | 20天中位數 -0.7% | 再跌≥5% 66% | 之後10天均價 +0.36%
  ②d 碰 CTA 長線(200日)                  n= 631(每檔每年 2.58)| 10天 52%(同股 49%) 20天 48%(同股 48% 同波動 53%)差 +1.0 [-8.9,+12.1] 40天 55% | 20天中位數 -0.5% | 再跌≥5% 65% | 之後10天均價 +0.83%
  ②e 碰「價格下方第二條」CTA 線                 n= 592(每檔每年 2.42)| 10天 49%(同股 51%) 20天 45%(同股 50% 同波動 53%)差 -4.0 [-10.9,+3.9] 40天 46% | 20天中位數 -0.9% | 再跌≥5% 64% | 之後10天均價 +0.16%
  ②f 碰「價格下方第一條」CTA 線                 n=1368(每檔每年 5.60)| 10天 52%(同股 52%) 20天 52%(同股 51% 同波動 52%)差 +0.6 [-5.1,+6.2] 40天 52% | 20天中位數 +0.5% | 再跌≥5% 62% | 之後10天均價 +0.79%
  ③a 第一次碰布林中軌                        n=1258(每檔每年 5.15)| 10天 54%(同股 52%) 20天 53%(同股 53% 同波動 52%)差 +0.7 [-5.4,+7.2] 40天 54% | 20天中位數 +0.9% | 再跌≥5% 60% | 之後10天均價 +1.31%
  ③b 收破中軌、沒到下緣(第一天)                  n=1824(每檔每年 7.46)| 10天 53%(同股 52%) 20天 53%(同股 52% 同波動 52%)差 +0.6 [-5.0,+6.5] 40天 52% | 20天中位數 +0.7% | 再跌≥5% 61% | 之後10天均價 +1.20%
  ③c 碰中軌且收盤沒破下緣                      n=1247(每檔每年 5.10)| 10天 54%(同股 52%) 20天 53%(同股 53% 同波動 52%)差 +0.6 [-5.5,+6.7] 40天 54% | 20天中位數 +0.9% | 再跌≥5% 60% | 之後10天均價 +1.32%
  ④ 第一次碰週布林中軌                        n= 636(每檔每年 2.60)| 10天 52%(同股 51%) 20天 50%(同股 50% 同波動 52%)差 -0.3 [-8.2,+8.7] 40天 49% | 20天中位數 -0.1% | 再跌≥5% 64% | 之後10天均價 +0.30%
  ⑤ 碰布林下緣                            n=1452(每檔每年 5.94)| 10天 50%(同股 51%) 20天 54%(同股 51% 同波動 53%)差 +3.2 [-2.9,+10.6] 40天 53% | 20天中位數 +1.0% | 再跌≥5% 62% | 之後10天均價 +0.73%
  ⑥ 日TD買 剛數到9                        n= 552(每檔每年 2.26)| 10天 47%(同股 51%) 20天 49%(同股 50% 同波動 52%)差 -0.6 [-7.5,+6.8] 40天 50% | 20天中位數 -0.3% | 再跌≥5% 66% | 之後10天均價 -0.32%
  ⑦ RSI2<10                          n=2336(每檔每年 9.56)| 10天 54%(同股 52%) 20天 53%(同股 52% 同波動 52%)差 +2.0 [-3.8,+8.3] 40天 53% | 20天中位數 +0.8% | 再跌≥5% 60% | 之後10天均價 +1.32%
  ⑧ RSI14≤40                         n=1239(每檔每年 5.07)| 10天 54%(同股 51%) 20天 53%(同股 50% 同波動 52%)差 +3.9 [-3.3,+11.6] 40天 55% | 20天中位數 +0.9% | 再跌≥5% 62% | 之後10天均價 +0.78%
  ⑨ 連跌3天                             n=2204(每檔每年 9.02)| 10天 52%(同股 52%) 20天 54%(同股 52% 同波動 52%)差 +2.6 [-3.2,+8.9] 40天 53% | 20天中位數 +1.4% | 再跌≥5% 60% | 之後10天均價 +0.93%
  ⑩a 離20日高點 −5%                      n=2058(每檔每年 8.42)| 10天 54%(同股 52%) 20天 54%(同股 52% 同波動 53%)差 +2.5 [-3.8,+8.4] 40天 55% | 20天中位數 +1.2% | 再跌≥5% 63% | 之後10天均價 +1.20%
  ⑩b 離20日高點 −8%                      n=1660(每檔每年 6.79)| 10天 53%(同股 52%) 20天 52%(同股 52% 同波動 53%)差 +0.8 [-6.1,+7.7] 40天 53% | 20天中位數 +0.6% | 再跌≥5% 69% | 之後10天均價 +1.32%
  ⑩c 離20日高點 −10%                     n=1436(每檔每年 5.88)| 10天 54%(同股 52%) 20天 52%(同股 51% 同波動 52%)差 +0.6 [-7.0,+8.2] 40天 52% | 20天中位數 +0.7% | 再跌≥5% 71% | 之後10天均價 +1.66%
  ⑪ 收盤≤中軌−1ATR                       n=1757(每檔每年 7.19)| 10天 52%(同股 51%) 20天 52%(同股 51% 同波動 52%)差 +1.5 [-5.6,+7.8] 40天 53% | 20天中位數 +0.5% | 再跌≥5% 63% | 之後10天均價 +1.11%
  ⑫ 碰中軌+長下影線(錘子)                     n=1549(每檔每年 6.34)| 10天 51%(同股 52%) 20天 51%(同股 52% 同波動 52%)差 -0.5 [-6.7,+5.4] 40天 52% | 20天中位數 +0.3% | 再跌≥5% 62% | 之後10天均價 +0.46%
  ⑬ 碰中軌+量縮(<0.8倍)                    n= 311(每檔每年 1.27)| 10天 50%(同股 51%) 20天 50%(同股 51% 同波動 53%)差 -0.5 [-5.9,+6.3] 40天 57% | 20天中位數 -0.1% | 再跌≥5% 61% | 之後10天均價 +1.16%
  ⑭a 碰中軌+大盤也回檔(QQQ<20日線)             n= 477(每檔每年 1.95)| 10天 57%(同股 53%) 20天 57%(同股 54% 同波動 52%)差 +2.9 [-6.7,+12.2] 40天 53% | 20天中位數 +2.3% | 再跌≥5% 60% | 之後10天均價 +1.73%
  ⑭b 碰中軌+只有個股回檔                      n= 781(每檔每年 3.20)| 10天 51%(同股 52%) 20天 51%(同股 52% 同波動 52%)差 -0.7 [-7.2,+6.8] 40天 54% | 20天中位數 +0.3% | 再跌≥5% 61% | 之後10天均價 +1.05%
  ⑮a 熱之後 30 天內第一次碰中軌                 n= 117(每檔每年 0.48)| 10天 60%(同股 54%) 20天 55%(同股 55% 同波動 52%)差 -0.6 [-10.8,+9.1] 40天 58% | 20天中位數 +1.4% | 再跌≥5% 74% | 之後10天均價 +3.11%
  ⑮b 熱之後 30 天內第一次碰 50 日線             n=  62(每檔每年 0.25)| 10天 53%(同股 54%) 20天 53%(同股 53% 同波動 52%)差 -0.2 [-18.7,+15.3] 40天 56% | 20天中位數 +1.7% | 再跌≥5% 69% | 之後10天均價 +2.97%
  ⑯ 碰中軌+資金≥65%                       n= 399(每檔每年 1.63)| 10天 46%(同股 52%) 20天 48%(同股 52% 同波動 52%)差 -3.3 [-17.2,+11.9] 40天 57% | 20天中位數 -0.2% | 再跌≥5% 60% | 之後10天均價 +0.24%

[穩健上升(多頭排列+近40天創一年新高) · 2009–17] 上升趨勢裡隨便一天(收盤買):10天後較高 57% 20天 60% 40天 63% | 20天中位數 +1.6% | 20天內再跌≥5% 37% | 之後10天均價 +0.44% | 股票年 535
  ①反向熱:日TD買9–13+碰下緣+週TD買≥9+碰週下緣      n=   0(太少)
  ①b 只看日K:TD買9–13+碰下緣                n= 578(每檔每年 1.08)| 10天 55%(同股 56%) 20天 59%(同股 59% 同波動 60%)差 +0.6 [-4.8,+5.9] 40天 62% | 20天中位數 +1.3% | 再跌≥5% 42% | 之後10天均價 +0.50%
  ②a 碰 CTA 短線(50日)                   n=2499(每檔每年 4.67)| 10天 56%(同股 57%) 20天 61%(同股 60% 同波動 60%)差 +1.6 [-2.8,+5.9] 40天 64% | 20天中位數 +1.8% | 再跌≥5% 40% | 之後10天均價 +0.54%
  ②b 碰 CTA 動能線(63日前收盤)               n=1473(每檔每年 2.75)| 10天 57%(同股 57%) 20天 62%(同股 59% 同波動 60%)差 +2.3 [-2.0,+6.7] 40天 63% | 20天中位數 +1.8% | 再跌≥5% 41% | 之後10天均價 +0.64%
  ②c 碰 CTA 中線(100日)                  n=1608(每檔每年 3.00)| 10天 57%(同股 57%) 20天 64%(同股 59% 同波動 60%)差 +4.6 [-1.5,+9.8] 40天 64% | 20天中位數 +2.3% | 再跌≥5% 40% | 之後10天均價 +0.61%
  ②d 碰 CTA 長線(200日)                  n= 578(每檔每年 1.08)| 10天 56%(同股 56%) 20天 61%(同股 59% 同波動 60%)差 +2.8 [-4.2,+10.3] 40天 63% | 20天中位數 +1.9% | 再跌≥5% 44% | 之後10天均價 +0.91%
  ②e 碰「價格下方第二條」CTA 線                 n=1138(每檔每年 2.13)| 10天 53%(同股 57%) 20天 60%(同股 60% 同波動 60%)差 +0.1 [-5.7,+5.7] 40天 63% | 20天中位數 +1.4% | 再跌≥5% 44% | 之後10天均價 +0.37%
  ②f 碰「價格下方第一條」CTA 線                 n=2917(每檔每年 5.45)| 10天 56%(同股 57%) 20天 61%(同股 60% 同波動 60%)差 +1.6 [-2.4,+5.4] 40天 64% | 20天中位數 +1.8% | 再跌≥5% 40% | 之後10天均價 +0.56%
  ③a 第一次碰布林中軌                        n=3098(每檔每年 5.79)| 10天 58%(同股 57%) 20天 59%(同股 61% 同波動 60%)差 -1.7 [-5.1,+1.6] 40天 63% | 20天中位數 +1.4% | 再跌≥5% 38% | 之後10天均價 +0.55%
  ③b 收破中軌、沒到下緣(第一天)                  n=3929(每檔每年 7.34)| 10天 58%(同股 57%) 20天 60%(同股 60% 同波動 60%)差 -0.6 [-4.5,+2.8] 40天 64% | 20天中位數 +1.5% | 再跌≥5% 38% | 之後10天均價 +0.56%
  ③c 碰中軌且收盤沒破下緣                      n=3071(每檔每年 5.74)| 10天 58%(同股 57%) 20天 59%(同股 61% 同波動 60%)差 -1.6 [-5.1,+2.2] 40天 63% | 20天中位數 +1.4% | 再跌≥5% 38% | 之後10天均價 +0.56%
  ④ 第一次碰週布林中軌                        n=1498(每檔每年 2.80)| 10天 56%(同股 57%) 20天 63%(同股 59% 同波動 60%)差 +3.6 [-1.7,+9.1] 40天 65% | 20天中位數 +2.0% | 再跌≥5% 40% | 之後10天均價 +0.69%
  ⑤ 碰布林下緣                            n=3000(每檔每年 5.60)| 10天 57%(同股 57%) 20天 61%(同股 60% 同波動 60%)差 +1.7 [-1.9,+5.9] 40天 64% | 20天中位數 +1.8% | 再跌≥5% 40% | 之後10天均價 +0.53%
  ⑥ 日TD買 剛數到9                        n=1055(每檔每年 1.97)| 10天 57%(同股 56%) 20天 61%(同股 59% 同波動 60%)差 +1.9 [-2.6,+6.5] 40天 62% | 20天中位數 +1.9% | 再跌≥5% 40% | 之後10天均價 +0.60%
  ⑦ RSI2<10                          n=4664(每檔每年 8.71)| 10天 59%(同股 57%) 20天 61%(同股 60% 同波動 60%)差 +0.8 [-2.4,+3.9] 40天 65% | 20天中位數 +1.7% | 再跌≥5% 38% | 之後10天均價 +0.58%
  ⑧ RSI14≤40                         n=2203(每檔每年 4.12)| 10天 58%(同股 57%) 20天 63%(同股 59% 同波動 60%)差 +4.2 [-0.7,+8.2] 40天 64% | 20天中位數 +2.2% | 再跌≥5% 40% | 之後10天均價 +0.74%
  ⑨ 連跌3天                             n=4622(每檔每年 8.63)| 10天 58%(同股 57%) 20天 61%(同股 60% 同波動 60%)差 +0.9 [-2.5,+4.5] 40天 65% | 20天中位數 +1.7% | 再跌≥5% 38% | 之後10天均價 +0.71%
  ⑩a 離20日高點 −5%                      n=3173(每檔每年 5.93)| 10天 58%(同股 57%) 20天 61%(同股 59% 同波動 60%)差 +1.4 [-2.7,+5.0] 40天 64% | 20天中位數 +1.8% | 再跌≥5% 44% | 之後10天均價 +0.63%
  ⑩b 離20日高點 −8%                      n=1808(每檔每年 3.38)| 10天 58%(同股 56%) 20天 61%(同股 59% 同波動 59%)差 +2.5 [-2.4,+7.2] 40天 62% | 20天中位數 +2.2% | 再跌≥5% 50% | 之後10天均價 +0.84%
  ⑩c 離20日高點 −10%                     n=1217(每檔每年 2.27)| 10天 58%(同股 56%) 20天 61%(同股 58% 同波動 58%)差 +2.6 [-2.6,+7.5] 40天 62% | 20天中位數 +2.2% | 再跌≥5% 53% | 之後10天均價 +1.10%
  ⑪ 收盤≤中軌−1ATR                       n=3383(每檔每年 6.32)| 10天 58%(同股 57%) 20天 61%(同股 60% 同波動 60%)差 +1.6 [-2.5,+5.3] 40天 64% | 20天中位數 +1.7% | 再跌≥5% 40% | 之後10天均價 +0.61%
  ⑫ 碰中軌+長下影線(錘子)                     n=3278(每檔每年 6.12)| 10天 57%(同股 57%) 20天 60%(同股 60% 同波動 60%)差 -0.3 [-4.2,+3.2] 40天 63% | 20天中位數 +1.6% | 再跌≥5% 39% | 之後10天均價 +0.49%
  ⑬ 碰中軌+量縮(<0.8倍)                    n= 815(每檔每年 1.52)| 10天 59%(同股 57%) 20天 61%(同股 60% 同波動 60%)差 +0.9 [-3.4,+4.9] 40天 63% | 20天中位數 +1.7% | 再跌≥5% 33% | 之後10天均價 +0.56%
  ⑭a 碰中軌+大盤也回檔(QQQ<20日線)             n=1226(每檔每年 2.29)| 10天 61%(同股 58%) 20天 62%(同股 61% 同波動 60%)差 +1.5 [-2.8,+5.4] 40天 67% | 20天中位數 +1.9% | 再跌≥5% 39% | 之後10天均價 +0.90%
  ⑭b 碰中軌+只有個股回檔                      n=1872(每檔每年 3.50)| 10天 56%(同股 57%) 20天 57%(同股 60% 同波動 60%)差 -3.8 [-8.2,+0.0] 40天 61% | 20天中位數 +1.1% | 再跌≥5% 37% | 之後10天均價 +0.32%
  ⑮a 熱之後 30 天內第一次碰中軌                 n= 255(每檔每年 0.48)| 10天 62%(同股 58%) 20天 61%(同股 62% 同波動 60%)差 -0.6 [-6.2,+5.4] 40天 67% | 20天中位數 +2.4% | 再跌≥5% 38% | 之後10天均價 +0.82%
  ⑮b 熱之後 30 天內第一次碰 50 日線             n= 129(每檔每年 0.24)| 10天 50%(同股 58%) 20天 62%(同股 61% 同波動 60%)差 +0.4 [-9.1,+12.8] 40天 69% | 20天中位數 +2.3% | 再跌≥5% 42% | 之後10天均價 +0.87%
  ⑯ 碰中軌+資金≥65%                       n=1191(每檔每年 2.22)| 10天 58%(同股 57%) 20天 59%(同股 60% 同波動 60%)差 -2.0 [-7.1,+3.8] 40天 63% | 20天中位數 +1.4% | 再跌≥5% 38% | 之後10天均價 +0.54%

[穩健上升(多頭排列+近40天創一年新高) · 2018–26] 上升趨勢裡隨便一天(收盤買):10天後較高 54% 20天 54% 40天 55% | 20天中位數 +0.8% | 20天內再跌≥5% 55% | 之後10天均價 +0.50% | 股票年 617
  ①反向熱:日TD買9–13+碰下緣+週TD買≥9+碰週下緣      n=   0(太少)
  ①b 只看日K:TD買9–13+碰下緣                n= 808(每檔每年 1.31)| 10天 56%(同股 53%) 20天 57%(同股 52% 同波動 54%)差 +4.3 [-0.7,+9.0] 40天 59% | 20天中位數 +1.8% | 再跌≥5% 54% | 之後10天均價 +0.27%
  ②a 碰 CTA 短線(50日)                   n=3001(每檔每年 4.86)| 10天 53%(同股 53%) 20天 54%(同股 53% 同波動 54%)差 +0.3 [-3.1,+4.1] 40天 54% | 20天中位數 +1.0% | 再跌≥5% 58% | 之後10天均價 +0.46%
  ②b 碰 CTA 動能線(63日前收盤)               n=1889(每檔每年 3.06)| 10天 53%(同股 53%) 20天 54%(同股 53% 同波動 54%)差 +0.4 [-4.1,+5.2] 40天 55% | 20天中位數 +0.8% | 再跌≥5% 56% | 之後10天均價 +0.43%
  ②c 碰 CTA 中線(100日)                  n=2113(每檔每年 3.43)| 10天 55%(同股 53%) 20天 53%(同股 53% 同波動 54%)差 +0.3 [-4.8,+5.2] 40天 53% | 20天中位數 +0.7% | 再跌≥5% 58% | 之後10天均價 +0.54%
  ②d 碰 CTA 長線(200日)                  n= 976(每檔每年 1.58)| 10天 52%(同股 52%) 20天 51%(同股 52% 同波動 54%)差 -1.6 [-8.0,+5.4] 40天 53% | 20天中位數 +0.2% | 再跌≥5% 62% | 之後10天均價 +0.56%
  ②e 碰「價格下方第二條」CTA 線                 n=1434(每檔每年 2.32)| 10天 52%(同股 53%) 20天 52%(同股 53% 同波動 54%)差 -1.2 [-5.7,+4.0] 40天 53% | 20天中位數 +0.5% | 再跌≥5% 57% | 之後10天均價 +0.28%
  ②f 碰「價格下方第一條」CTA 線                 n=3511(每檔每年 5.69)| 10天 53%(同股 53%) 20天 53%(同股 53% 同波動 54%)差 -0.0 [-3.4,+3.7] 40天 54% | 20天中位數 +0.9% | 再跌≥5% 57% | 之後10天均價 +0.48%
  ③a 第一次碰布林中軌                        n=3543(每檔每年 5.74)| 10天 54%(同股 54%) 20天 54%(同股 54% 同波動 54%)差 +0.4 [-3.2,+4.3] 40天 54% | 20天中位數 +1.0% | 再跌≥5% 56% | 之後10天均價 +0.54%
  ③b 收破中軌、沒到下緣(第一天)                  n=4696(每檔每年 7.61)| 10天 54%(同股 54%) 20天 54%(同股 54% 同波動 54%)差 -0.1 [-3.7,+3.7] 40天 54% | 20天中位數 +0.7% | 再跌≥5% 56% | 之後10天均價 +0.55%
  ③c 碰中軌且收盤沒破下緣                      n=3507(每檔每年 5.68)| 10天 54%(同股 54%) 20天 55%(同股 54% 同波動 54%)差 +0.6 [-2.9,+4.0] 40天 55% | 20天中位數 +1.0% | 再跌≥5% 56% | 之後10天均價 +0.52%
  ④ 第一次碰週布林中軌                        n=1945(每檔每年 3.15)| 10天 56%(同股 53%) 20天 54%(同股 53% 同波動 54%)差 +1.2 [-3.0,+5.3] 40天 54% | 20天中位數 +1.0% | 再跌≥5% 56% | 之後10天均價 +0.67%
  ⑤ 碰布林下緣                            n=3673(每檔每年 5.95)| 10天 53%(同股 53%) 20天 56%(同股 53% 同波動 54%)差 +2.2 [-1.4,+5.9] 40天 55% | 20天中位數 +1.2% | 再跌≥5% 56% | 之後10天均價 +0.49%
  ⑥ 日TD買 剛數到9                        n=1430(每檔每年 2.32)| 10天 55%(同股 53%) 20天 55%(同股 52% 同波動 54%)差 +2.7 [-2.0,+6.9] 40天 56% | 20天中位數 +1.2% | 再跌≥5% 56% | 之後10天均價 +0.30%
  ⑦ RSI2<10                          n=5697(每檔每年 9.23)| 10天 54%(同股 53%) 20天 54%(同股 54% 同波動 54%)差 +0.9 [-2.5,+4.6] 40天 54% | 20天中位數 +1.0% | 再跌≥5% 55% | 之後10天均價 +0.69%
  ⑧ RSI14≤40                         n=2927(每檔每年 4.74)| 10天 55%(同股 53%) 20天 55%(同股 53% 同波動 54%)差 +2.3 [-1.9,+6.8] 40天 56% | 20天中位數 +1.1% | 再跌≥5% 56% | 之後10天均價 +0.57%
  ⑨ 連跌3天                             n=5521(每檔每年 8.95)| 10天 54%(同股 53%) 20天 54%(同股 54% 同波動 54%)差 +0.7 [-2.8,+4.2] 40天 54% | 20天中位數 +0.9% | 再跌≥5% 55% | 之後10天均價 +0.60%
  ⑩a 離20日高點 −5%                      n=4930(每檔每年 7.99)| 10天 54%(同股 53%) 20天 54%(同股 54% 同波動 54%)差 +0.7 [-2.9,+4.4] 40天 55% | 20天中位數 +1.1% | 再跌≥5% 59% | 之後10天均價 +0.85%
  ⑩b 離20日高點 −8%                      n=3622(每檔每年 5.87)| 10天 54%(同股 53%) 20天 55%(同股 53% 同波動 53%)差 +2.2 [-2.3,+5.9] 40天 55% | 20天中位數 +1.4% | 再跌≥5% 62% | 之後10天均價 +1.11%
  ⑩c 離20日高點 −10%                     n=2884(每檔每年 4.67)| 10天 55%(同股 53%) 20天 55%(同股 53% 同波動 53%)差 +2.2 [-3.1,+6.7] 40天 53% | 20天中位數 +1.5% | 再跌≥5% 65% | 之後10天均價 +1.20%
  ⑪ 收盤≤中軌−1ATR                       n=4259(每檔每年 6.90)| 10天 53%(同股 53%) 20天 54%(同股 53% 同波動 54%)差 +0.5 [-3.0,+4.1] 40天 55% | 20天中位數 +0.9% | 再跌≥5% 56% | 之後10天均價 +0.67%
  ⑫ 碰中軌+長下影線(錘子)                     n=3962(每檔每年 6.42)| 10天 54%(同股 53%) 20天 54%(同股 53% 同波動 54%)差 +0.5 [-2.5,+3.8] 40天 54% | 20天中位數 +0.8% | 再跌≥5% 55% | 之後10天均價 +0.51%
  ⑬ 碰中軌+量縮(<0.8倍)                    n= 785(每檔每年 1.27)| 10天 54%(同股 54%) 20天 55%(同股 54% 同波動 54%)差 +0.6 [-3.1,+4.7] 40天 55% | 20天中位數 +1.0% | 再跌≥5% 56% | 之後10天均價 +0.55%
  ⑭a 碰中軌+大盤也回檔(QQQ<20日線)             n=1371(每檔每年 2.22)| 10天 54%(同股 54%) 20天 57%(同股 54% 同波動 54%)差 +2.7 [-2.6,+7.9] 40天 55% | 20天中位數 +1.6% | 再跌≥5% 57% | 之後10天均價 +0.41%
  ⑭b 碰中軌+只有個股回檔                      n=2172(每檔每年 3.52)| 10天 54%(同股 54%) 20天 53%(同股 54% 同波動 54%)差 -1.0 [-5.2,+3.0] 40天 54% | 20天中位數 +0.6% | 再跌≥5% 55% | 之後10天均價 +0.62%
  ⑮a 熱之後 30 天內第一次碰中軌                 n= 384(每檔每年 0.62)| 10天 57%(同股 53%) 20天 55%(同股 53% 同波動 53%)差 +1.3 [-6.2,+8.5] 40天 54% | 20天中位數 +1.2% | 再跌≥5% 61% | 之後10天均價 +1.26%
  ⑮b 熱之後 30 天內第一次碰 50 日線             n= 202(每檔每年 0.33)| 10天 50%(同股 53%) 20天 49%(同股 53% 同波動 53%)差 -3.7 [-13.0,+5.0] 40天 55% | 20天中位數 -0.5% | 再跌≥5% 66% | 之後10天均價 +0.31%
  ⑯ 碰中軌+資金≥65%                       n=1400(每檔每年 2.27)| 10天 53%(同股 54%) 20天 58%(同股 55% 同波動 54%)差 +3.9 [-1.2,+8.8] 40天 60% | 20天中位數 +1.6% | 再跌≥5% 52% | 之後10天均價 +0.49%

[穩健上升(多頭排列+近40天創一年新高) · 近兩年] 上升趨勢裡隨便一天(收盤買):10天後較高 51% 20天 51% 40天 52% | 20天中位數 +0.2% | 20天內再跌≥5% 64% | 之後10天均價 +0.64% | 股票年 161
  ①反向熱:日TD買9–13+碰下緣+週TD買≥9+碰週下緣      n=   0(太少)
  ①b 只看日K:TD買9–13+碰下緣                n= 200(每檔每年 1.24)| 10天 50%(同股 48%) 20天 54%(同股 46% 同波動 51%)差 +7.5 [-3.3,+16.8] 40天 55% | 20天中位數 +0.9% | 再跌≥5% 60% | 之後10天均價 -0.29%
  ②a 碰 CTA 短線(50日)                   n= 755(每檔每年 4.68)| 10天 51%(同股 51%) 20天 53%(同股 50% 同波動 51%)差 +2.8 [-4.1,+10.4] 40天 51% | 20天中位數 +0.6% | 再跌≥5% 61% | 之後10天均價 +0.82%
  ②b 碰 CTA 動能線(63日前收盤)               n= 484(每檔每年 3.00)| 10天 49%(同股 50%) 20天 48%(同股 48% 同波動 51%)差 -0.8 [-9.8,+8.7] 40天 47% | 20天中位數 -0.4% | 再跌≥5% 64% | 之後10天均價 +0.09%
  ②c 碰 CTA 中線(100日)                  n= 529(每檔每年 3.28)| 10天 52%(同股 49%) 20天 46%(同股 47% 同波動 51%)差 -1.4 [-10.1,+8.4] 40天 48% | 20天中位數 -0.9% | 再跌≥5% 67% | 之後10天均價 +0.60%
  ②d 碰 CTA 長線(200日)                  n= 244(每檔每年 1.51)| 10天 52%(同股 47%) 20天 49%(同股 45% 同波動 51%)差 +3.9 [-11.6,+20.9] 40天 58% | 20天中位數 -0.1% | 再跌≥5% 67% | 之後10天均價 +1.30%
  ②e 碰「價格下方第二條」CTA 線                 n= 334(每檔每年 2.07)| 10天 46%(同股 49%) 20天 44%(同股 48% 同波動 51%)差 -3.8 [-11.9,+5.4] 40天 43% | 20天中位數 -1.4% | 再跌≥5% 66% | 之後10天均價 -0.15%
  ②f 碰「價格下方第一條」CTA 線                 n= 918(每檔每年 5.69)| 10天 53%(同股 50%) 20天 52%(同股 50% 同波動 51%)差 +2.5 [-4.0,+8.6] 40天 50% | 20天中位數 +0.5% | 再跌≥5% 61% | 之後10天均價 +0.84%
  ③a 第一次碰布林中軌                        n= 878(每檔每年 5.44)| 10天 52%(同股 52%) 20天 50%(同股 51% 同波動 51%)差 -0.0 [-6.6,+7.0] 40天 52% | 20天中位數 +0.1% | 再跌≥5% 63% | 之後10天均價 +1.06%
  ③b 收破中軌、沒到下緣(第一天)                  n=1203(每檔每年 7.46)| 10天 51%(同股 52%) 20天 51%(同股 51% 同波動 51%)差 +0.3 [-5.5,+7.3] 40天 50% | 20天中位數 +0.2% | 再跌≥5% 63% | 之後10天均價 +1.11%
  ③c 碰中軌且收盤沒破下緣                      n= 873(每檔每年 5.41)| 10天 52%(同股 52%) 20天 50%(同股 51% 同波動 51%)差 -0.1 [-6.6,+6.3] 40天 52% | 20天中位數 +0.1% | 再跌≥5% 63% | 之後10天均價 +1.07%
  ④ 第一次碰週布林中軌                        n= 480(每檔每年 2.98)| 10天 53%(同股 49%) 20天 51%(同股 48% 同波動 51%)差 +2.9 [-6.2,+12.0] 40天 47% | 20天中位數 +0.2% | 再跌≥5% 64% | 之後10天均價 +0.49%
  ⑤ 碰布林下緣                            n= 966(每檔每年 5.99)| 10天 49%(同股 50%) 20天 54%(同股 49% 同波動 51%)差 +5.4 [-0.7,+11.9] 40天 53% | 20天中位數 +1.0% | 再跌≥5% 63% | 之後10天均價 +0.76%
  ⑥ 日TD買 剛數到9                        n= 383(每檔每年 2.37)| 10天 50%(同股 49%) 20天 48%(同股 47% 同波動 51%)差 +0.6 [-7.8,+9.3] 40天 51% | 20天中位數 -0.4% | 再跌≥5% 64% | 之後10天均價 -0.25%
  ⑦ RSI2<10                          n=1519(每檔每年 9.42)| 10天 54%(同股 51%) 20天 52%(同股 50% 同波動 51%)差 +2.7 [-3.3,+9.1] 40天 52% | 20天中位數 +0.5% | 再跌≥5% 61% | 之後10天均價 +1.42%
  ⑧ RSI14≤40                         n= 767(每檔每年 4.75)| 10天 56%(同股 49%) 20天 55%(同股 48% 同波動 51%)差 +7.1 [-0.4,+14.5] 40天 55% | 20天中位數 +1.2% | 再跌≥5% 60% | 之後10天均價 +0.85%
  ⑨ 連跌3天                             n=1466(每檔每年 9.09)| 10天 51%(同股 51%) 20天 53%(同股 50% 同波動 51%)差 +3.5 [-2.8,+10.4] 40天 51% | 20天中位數 +1.0% | 再跌≥5% 62% | 之後10天均價 +0.74%
  ⑩a 離20日高點 −5%                      n=1348(每檔每年 8.36)| 10天 54%(同股 51%) 20天 54%(同股 51% 同波動 51%)差 +3.6 [-2.4,+9.9] 40天 53% | 20天中位數 +0.9% | 再跌≥5% 64% | 之後10天均價 +1.35%
  ⑩b 離20日高點 −8%                      n=1085(每檔每年 6.73)| 10天 52%(同股 51%) 20天 52%(同股 51% 同波動 51%)差 +1.9 [-4.5,+9.0] 40天 52% | 20天中位數 +0.6% | 再跌≥5% 69% | 之後10天均價 +1.58%
  ⑩c 離20日高點 −10%                     n= 948(每檔每年 5.88)| 10天 55%(同股 51%) 20天 52%(同股 50% 同波動 51%)差 +2.2 [-7.0,+10.0] 40天 51% | 20天中位數 +0.7% | 再跌≥5% 69% | 之後10天均價 +1.92%
  ⑪ 收盤≤中軌−1ATR                       n=1125(每檔每年 6.97)| 10天 52%(同股 50%) 20天 52%(同股 49% 同波動 51%)差 +3.2 [-4.1,+9.9] 40天 53% | 20天中位數 +0.5% | 再跌≥5% 63% | 之後10天均價 +1.20%
  ⑫ 碰中軌+長下影線(錘子)                     n=1031(每檔每年 6.39)| 10天 50%(同股 51%) 20天 50%(同股 50% 同波動 51%)差 -0.2 [-7.3,+6.4] 40天 50% | 20天中位數 -0.1% | 再跌≥5% 64% | 之後10天均價 +0.44%
  ⑬ 碰中軌+量縮(<0.8倍)                    n= 189(每檔每年 1.17)| 10天 44%(同股 51%) 20天 44%(同股 51% 同波動 51%)差 -6.0 [-12.2,+2.0] 40天 54% | 20天中位數 -1.1% | 再跌≥5% 66% | 之後10天均價 +0.26%
  ⑭a 碰中軌+大盤也回檔(QQQ<20日線)             n= 355(每檔每年 2.20)| 10天 55%(同股 52%) 20天 55%(同股 53% 同波動 51%)差 +2.9 [-8.8,+12.5] 40天 52% | 20天中位數 +1.8% | 再跌≥5% 61% | 之後10天均價 +1.51%
  ⑭b 碰中軌+只有個股回檔                      n= 523(每檔每年 3.24)| 10天 50%(同股 51%) 20天 48%(同股 51% 同波動 51%)差 -2.0 [-8.8,+5.5] 40天 52% | 20天中位數 -0.3% | 再跌≥5% 65% | 之後10天均價 +0.75%
  ⑮a 熱之後 30 天內第一次碰中軌                 n= 106(每檔每年 0.66)| 10天 60%(同股 53%) 20天 55%(同股 52% 同波動 50%)差 +3.5 [-7.2,+14.6] 40天 59% | 20天中位數 +1.6% | 再跌≥5% 74% | 之後10天均價 +3.34%
  ⑮b 熱之後 30 天內第一次碰 50 日線             n=  56(每檔每年 0.35)| 10天 54%(同股 52%) 20天 54%(同股 49% 同波動 50%)差 +5.6 [-12.3,+24.6] 40天 55% | 20天中位數 +1.7% | 再跌≥5% 70% | 之後10天均價 +3.27%
  ⑯ 碰中軌+資金≥65%                       n= 263(每檔每年 1.63)| 10天 40%(同股 51%) 20天 43%(同股 50% 同波動 51%)差 -6.9 [-18.0,+9.6] 40天 52% | 20天中位數 -1.3% | 再跌≥5% 66% | 之後10天均價 -0.59%
