### (1) 同一種回檔:大盤也回檔(QQQ<20日線)vs 只有個股自己跌 —— 20 天後較高,扣掉同股上升趨勢基準

[上升趨勢]
  ③a 第一次碰布林中軌        | 2009–17 大盤也回檔 63%(+2.5,n1624) 只有個股 57%(-3.0,n2654) 差 +5.5 [+0.1,+11.1] | 2018–26 大盤也回檔 57%(+2.0,n1912) 只有個股 53%(-1.4,n3161) 差 +3.5 [-1.7,+9.2] | 四段差 +6 +5 +0 +5
  ②a 碰 50 日線         | 2009–17 大盤也回檔 64%(+4.2,n1965) 只有個股 55%(-4.2,n1374) 差 +8.4 [+2.1,+15.8] | 2018–26 大盤也回檔 56%(+0.6,n2226) 只有個股 51%(-2.3,n1858) 差 +2.9 [-3.4,+9.7] | 四段差 +11 +7 +3 -0
  ②c 碰 100 日線        | 2009–17 大盤也回檔 66%(+5.7,n1540) 只有個股 55%(-2.8,n869) 差 +8.5 [+0.9,+15.3] | 2018–26 大盤也回檔 55%(+0.5,n2001) 只有個股 49%(-4.5,n1205) 差 +5.0 [-1.7,+12.2] | 四段差 +7 +12 +7 -2
  ②e 碰第二條 CTA 線      | 2009–17 大盤也回檔 61%(+1.3,n1185) 只有個股 52%(-6.5,n761) 差 +7.8 [-0.0,+16.3] | 2018–26 大盤也回檔 55%(+0.1,n1411) 只有個股 49%(-4.4,n1109) 差 +4.6 [-2.4,+11.1] | 四段差 +6 +10 +7 -2
  ④ 第一次碰週布林中軌        | 2009–17 大盤也回檔 65%(+4.8,n1320) 只有個股 54%(-3.7,n661) 差 +8.5 [+0.7,+16.4] | 2018–26 大盤也回檔 56%(+1.4,n1672) 只有個股 49%(-3.5,n921) 差 +4.9 [-2.1,+11.5] | 四段差 +5 +13 +4 -1
  ⑤ 碰布林下緣            | 2009–17 大盤也回檔 63%(+3.3,n2650) 只有個股 56%(-3.0,n1876) 差 +6.4 [+0.9,+12.9] | 2018–26 大盤也回檔 59%(+4.1,n3136) 只有個股 51%(-2.9,n2510) 差 +7.0 [+0.6,+13.2] | 四段差 +6 +9 +4 +5
  ⑩b 離20日高點 −8%      | 2009–17 大盤也回檔 64%(+5.2,n1965) 只有個股 53%(-3.7,n1237) 差 +8.9 [+1.2,+16.1] | 2018–26 大盤也回檔 57%(+2.7,n3361) 只有個股 51%(-1.4,n3126) 差 +4.1 [-1.9,+10.7] | 四段差 +9 +11 -1 +5
  ⑧ RSI14≤40         | 2009–17 大盤也回檔 65%(+5.3,n2536) 只有個股 55%(-3.1,n1445) 差 +8.4 [+1.4,+14.8] | 2018–26 大盤也回檔 58%(+4.1,n3255) 只有個股 50%(-3.0,n2138) 差 +7.0 [+0.9,+13.6] | 四段差 +8 +10 +5 +5

[穩健上升]
  ③a 第一次碰布林中軌        | 2009–17 大盤也回檔 62%(+1.5,n1226) 只有個股 57%(-3.8,n1872) 差 +5.3 [-1.0,+11.2] | 2018–26 大盤也回檔 57%(+2.7,n1371) 只有個股 53%(-1.0,n2172) 差 +3.7 [-2.9,+9.8] | 四段差 +5 +5 -1 +7
  ②a 碰 50 日線         | 2009–17 大盤也回檔 65%(+4.8,n1507) 只有個股 56%(-3.3,n992) 差 +8.1 [+0.7,+15.9] | 2018–26 大盤也回檔 56%(+1.7,n1717) 只有個股 51%(-1.6,n1284) 差 +3.4 [-4.1,+9.5] | 四段差 +10 +8 -1 +3
  ②c 碰 100 日線        | 2009–17 大盤也回檔 67%(+7.5,n1111) 只有個股 56%(-1.7,n497) 差 +9.2 [+0.2,+16.8] | 2018–26 大盤也回檔 56%(+2.5,n1440) 只有個股 47%(-4.5,n673) 差 +7.0 [-0.9,+15.5] | 四段差 +6 +16 +3 +1
  ②e 碰第二條 CTA 線      | 2009–17 大盤也回檔 62%(+2.2,n756) 只有個股 54%(-4.1,n382) 差 +6.2 [-3.2,+16.7] | 2018–26 大盤也回檔 54%(+0.7,n901) 只有個股 48%(-4.4,n533) 差 +5.1 [-2.9,+13.1] | 四段差 +4 +10 +3 +1
  ④ 第一次碰週布林中軌        | 2009–17 大盤也回檔 67%(+6.6,n1047) 只有個股 55%(-3.3,n451) 差 +9.9 [+0.6,+17.3] | 2018–26 大盤也回檔 56%(+3.1,n1326) 只有個股 49%(-2.7,n619) 差 +5.7 [-1.7,+12.6] | 四段差 +4 +16 +3 +0
  ⑤ 碰布林下緣            | 2009–17 大盤也回檔 64%(+4.3,n1807) 只有個股 56%(-2.3,n1193) 差 +6.5 [+0.1,+13.7] | 2018–26 大盤也回檔 59%(+4.8,n2120) 只有個股 51%(-1.4,n1553) 差 +6.2 [+0.4,+12.5] | 四段差 +5 +10 +1 +5
  ⑩b 離20日高點 −8%      | 2009–17 大盤也回檔 64%(+4.9,n1289) 只有個股 54%(-2.4,n752) 差 +7.2 [-0.6,+15.7] | 2018–26 大盤也回檔 58%(+3.9,n2242) 只有個股 51%(-0.9,n1954) 差 +4.9 [-3.1,+12.2] | 四段差 +10 +7 -3 +8
  ⑧ RSI14≤40         | 2009–17 大盤也回檔 66%(+6.2,n1609) 只有個股 59%(+1.0,n861) 差 +5.2 [-2.0,+11.9] | 2018–26 大盤也回檔 58%(+4.9,n2093) 只有個股 49%(-2.4,n1208) 差 +7.2 [-0.3,+14.5] | 四段差 +5 +7 +3 +5

### (2) RSI14 往下穿門檻(上升趨勢)—— 20 天後較高 − 同股基準;四段
  [上升趨勢] RSI14≤30 | 2009–17 +6.4(n660) | 2018–26 +1.2(n986) | 四段1 +6.8(n301) | 四段2 +7.8(n502) | 四段3 -2.7(n394) | 四段4 +3.5(n449)
  [上升趨勢] RSI14≤35 | 2009–17 +4.3(n1873) | 2018–26 +1.7(n2555) | 四段1 +4.1(n919) | 四段2 +5.9(n1294) | 四段3 -0.3(n1006) | 四段4 +3.4(n1209)
  [上升趨勢] RSI14≤40 | 2009–17 +2.5(n3479) | 2018–26 +1.3(n4755) | 四段1 +2.0(n1726) | 四段2 +3.6(n2338) | 四段3 +0.0(n1868) | 四段4 +3.2(n2302)
  [上升趨勢] RSI14≤45 | 2009–17 +1.0(n5061) | 2018–26 -0.9(n6571) | 四段1 +0.5(n2555) | 四段2 +1.9(n3295) | 四段3 -0.6(n2584) | 四段4 -0.8(n3198)
  [上升趨勢] RSI14≤50 | 2009–17 +0.3(n6274) | 2018–26 -1.3(n7879) | 四段1 -0.2(n3180) | 四段2 +1.1(n4003) | 四段3 -1.0(n3173) | 四段4 -1.7(n3797)
  [穩健上升] RSI14≤30 | 2009–17 +7.0(n445) | 2018–26 +2.0(n694) | 四段1 +8.3(n187) | 四段2 +8.8(n368) | 四段3 -2.6(n287) | 四段4 +5.0(n297)
  [穩健上升] RSI14≤35 | 2009–17 +6.2(n1209) | 2018–26 +3.6(n1674) | 四段1 +6.5(n574) | 四段2 +8.2(n869) | 四段3 +0.3(n682) | 四段4 +5.8(n758)
  [穩健上升] RSI14≤40 | 2009–17 +4.2(n2203) | 2018–26 +2.3(n2927) | 四段1 +4.2(n1058) | 四段2 +5.1(n1530) | 四段3 -0.8(n1180) | 四段4 +5.8(n1362)
  [穩健上升] RSI14≤45 | 2009–17 +2.1(n3185) | 2018–26 +0.0(n4064) | 四段1 +1.6(n1526) | 四段2 +3.0(n2165) | 四段3 -0.9(n1643) | 四段4 +1.2(n1915)
  [穩健上升] RSI14≤50 | 2009–17 +0.8(n4050) | 2018–26 -0.8(n4928) | 四段1 +0.1(n1954) | 四段2 +1.5(n2670) | 四段3 -0.8(n2028) | 四段4 -0.8(n2326)

### (3) 低波動(當天波動在全體下半,像 TSM)—— 20 天後較高 − 同股基準
  ③a 第一次碰布林中軌        | 2009–17 60%(同股 61%,-1.0,n2483) | 2018–26 57%(同股 56%,+1.4,n2914)
  ②a 碰 50 日線         | 2009–17 63%(同股 61%,+1.7,n1896) | 2018–26 56%(同股 55%,+0.4,n2304)
  ②c 碰 100 日線        | 2009–17 65%(同股 60%,+4.7,n1265) | 2018–26 54%(同股 55%,-0.8,n1678)
  ②e 碰第二條 CTA 線      | 2009–17 59%(同股 60%,-1.4,n993) | 2018–26 54%(同股 55%,-0.9,n1390)
  ④ 第一次碰週布林中軌        | 2009–17 64%(同股 60%,+3.5,n1052) | 2018–26 55%(同股 55%,-0.3,n1370)
  ⑤ 碰布林下緣            | 2009–17 62%(同股 61%,+1.7,n2615) | 2018–26 56%(同股 55%,+1.2,n3276)
  ⑩b 離20日高點 −8%      | 2009–17 64%(同股 60%,+3.8,n786) | 2018–26 58%(同股 55%,+2.6,n2132)
  ⑧ RSI14≤40         | 2009–17 65%(同股 60%,+4.8,n1946) | 2018–26 56%(同股 55%,+1.2,n2663)
  ①b 日TD買9–13+碰下緣    | 2009–17 63%(同股 60%,+3.4,n513) | 2018–26 57%(同股 55%,+2.0,n716)

### (4) TSM 2023 年後(上升趨勢裡)各訊號每一次:收盤買,之後 10/20/40 天、20 天內最多再跌
  ■ 碰布林中軌(13 次)
     2023-04-05 只有個股 收  85.86 10天 -1.0% 20天 -7.4% 40天 +9.7% 再跌-10.0%
     2023-06-23 只有個股 收  97.41 10天 -2.1% 20天 -3.6% 40天 -9.2% 再跌-5.5%
     2024-01-02 只有個股 收  98.01 10天 +1.4% 20天+11.3% 40天+26.7% 再跌-2.7%
     2024-03-15 大盤也跌 收 132.23 10天 +3.7% 20天 +2.7% 40天 +7.3% 再跌-2.5%
     2024-05-31 只有個股 收 146.40 10天+14.6% 20天+14.5% 40天 +2.6% 再跌-0.0%
     2024-07-17 大盤也跌 收 166.46 10天 -3.2% 20天 -0.7% 40天 +0.5% 再跌-22.0%
     2024-08-27 只有個股 收 165.83 10天 -0.2% 20天 +7.3% 40天+18.2% 再跌-8.5%
     2024-10-30 只有個股 收 189.79 10天 -4.0% 20天 -6.8% 40天 +4.0% 再跌-8.4%
     2025-08-01 大盤也跌 收 232.01 10天 +1.6% 20天 -1.8% 40天+16.5% 再跌-4.9%
     2025-10-10 大盤也跌 收 277.72 10天 +5.1% 20天 +2.1% 40天 +7.6% 再跌-1.3%
     2026-01-29 只有個股 收 336.90 10天 +8.4% 20天+10.3% 40天 -3.5% 再跌-6.0%
     2026-03-03 大盤也跌 收 350.38 10天 -1.7% 20天 -4.0% 40天+11.8% 再跌-10.9%
     2026-05-12 只有個股 收 395.29 10天 +6.4% 20天 +2.9% 40天 +9.5% 再跌-3.1%
  ■ 碰 50 日線(10 次)
     2023-03-10 大盤也跌 收  82.62 10天 +6.9% 20天 +2.6% 40天 -1.4% 再跌-2.1%
     2023-07-20 只有個股 收  93.54 10天 -2.9% 20天 -6.4% 40天 -8.3% 再跌-6.7%
     2024-04-18 大盤也跌 收 128.20 10天 +3.0% 20天+15.1% 40天+30.8% 再跌-4.9%
     2024-07-18 大盤也跌 收 167.11 10天 -8.0% 20天 +1.2% 40天 +0.7% 再跌-22.3%
     2024-11-15 大盤也跌 收 181.53 10天 +4.5% 20天 +9.1% 40天+15.8% 再跌-4.3%
     2025-01-27 大盤也跌 收 188.27 10天 +8.1% 20天 -1.5% 40天 -5.6% 再跌-2.5%
     2025-08-20 大盤也跌 收 225.49 10天 +2.9% 20天+17.9% 40天+31.6% 再跌-1.3%
     2025-11-07 大盤也跌 收 283.50 10天 -4.0% 20天 +5.4% 40天+11.5% 再跌-6.9%
     2026-03-06 大盤也跌 收 336.25 10天 -2.6% 20天 +1.1% 40天+18.8% 再跌-7.1%
     2026-07-13 大盤也跌 收 420.45 10天 -5.3% 20天 -0.7% 40天 +4.1% 再跌-11.6%
  ■ 碰 100 日線(9 次)
     2023-04-13 只有個股 收  82.86 10天 -3.9% 20天 -4.2% 40天+18.1% 再跌-6.7%
     2023-08-08 大盤也跌 收  90.32 10天 -2.4% 20天 -2.4% 40天 -7.8% 再跌-5.2%
     2024-07-25 大盤也跌 收 155.84 10天 +2.7% 20天 +3.8% 40天 +9.0% 再跌-16.7%
     2024-09-03 大盤也跌 收 156.05 10天 +4.7% 20天 +7.6% 40天+23.2% 再跌-2.8%
     2025-01-27 大盤也跌 收 188.27 10天 +8.1% 20天 -1.5% 40天 -5.6% 再跌-2.5%
     2025-02-21 大盤也跌 收 194.08 10天-10.7% 20天-10.5% 40天-25.1% 再跌-15.3%
     2026-03-30 大盤也跌 收 314.92 10天+20.0% 20天+24.0% 40天+33.6% 再跌+1.5%
     2026-07-17 大盤也跌 收 397.30 10天 +1.5% 20天 +7.0% 40天 +4.9% 再跌-6.4%
     2026-08-20 只有個股 收 414.89 10天 +0.2% 20天 +4.8% 40天  –   再跌-2.6%
  ■ 碰第二條 CTA 線(3 次)
     2024-09-03 大盤也跌 收 156.05 10天 +4.7% 20天 +7.6% 40天+23.2% 再跌-2.8%
     2025-01-27 大盤也跌 收 188.27 10天 +8.1% 20天 -1.5% 40天 -5.6% 再跌-2.5%
     2026-07-27 大盤也跌 收 398.02 10天 +4.9% 20天 +2.8% 40天+13.6% 再跌-6.6%
  ■ 碰週布林中軌(7 次)
     2023-04-13 只有個股 收  82.86 10天 -3.9% 20天 -4.2% 40天+18.1% 再跌-6.7%
     2023-08-03 大盤也跌 收  90.79 10天 -3.5% 20天 -1.5% 40天 -8.0% 再跌-5.7%
     2024-07-25 大盤也跌 收 155.84 10天 +2.7% 20天 +3.8% 40天 +9.0% 再跌-16.7%
     2024-11-27 只有個股 收 176.82 10天 +6.0% 20天+11.6% 40天+12.0% 再跌-0.0%
     2025-01-27 大盤也跌 收 188.27 10天 +8.1% 20天 -1.5% 40天 -5.6% 再跌-2.5%
     2026-03-27 大盤也跌 收 325.10 10天+13.1% 20天+23.9% 40天+26.2% 再跌-4.0%
     2026-07-17 大盤也跌 收 397.30 10天 +1.5% 20天 +7.0% 40天 +4.9% 再跌-6.4%
  ■ RSI14≤40(12 次)
     2023-04-12 只有個股 收  82.69 10天 -5.3% 20天 -2.3% 40天+15.0% 再跌-6.5%
     2023-08-02 大盤也跌 收  91.48 10天 -4.1% 20天 -1.0% 40天 -9.2% 再跌-6.4%
     2023-09-07 只有個股 收  86.07 10天 -4.7% 20天 -2.9% 40天 +1.0% 再跌-6.2%
     2024-04-18 大盤也跌 收 128.20 10天 +3.0% 20天+15.1% 40天+30.8% 再跌-4.9%
     2024-07-24 大盤也跌 收 155.38 10天 -3.0% 20天 +7.3% 40天+10.7% 再跌-16.4%
     2024-09-06 大盤也跌 收 152.48 10天+11.4% 20天+15.9% 40天+23.5% 再跌+0.6%
     2024-11-27 只有個股 收 176.82 10天 +6.0% 20天+11.6% 40天+12.0% 再跌-0.0%
     2025-02-24 大盤也跌 收 187.63 10天-11.0% 20天 -5.1% 40天-20.7% 再跌-12.4%
     2025-11-21 大盤也跌 收 272.18 10天 +9.7% 20天 +6.9% 40天+19.3% 再跌-0.7%
     2025-12-17 大盤也跌 收 274.80 10天+15.4% 20天+23.6% 40天+31.5% 再跌+1.7%
     2026-03-20 大盤也跌 收 327.59 10天 +3.8% 20天+11.2% 40天+20.3% 再跌-4.7%
     2026-07-17 大盤也跌 收 397.30 10天 +1.5% 20天 +7.0% 40天 +4.9% 再跌-6.4%
  ■ 碰布林下緣(14 次)
     2023-04-10 只有個股 收  84.74 10天 -4.9% 20天 -3.9% 40天+12.1% 再跌-8.8%
     2023-07-20 只有個股 收  93.54 10天 -2.9% 20天 -6.4% 40天 -8.3% 再跌-6.7%
     2023-09-07 只有個股 收  86.07 10天 -4.7% 20天 -2.9% 40天 +1.0% 再跌-6.2%
     2024-04-18 大盤也跌 收 128.20 10天 +3.0% 20天+15.1% 40天+30.8% 再跌-4.9%
     2024-07-18 大盤也跌 收 167.11 10天 -8.0% 20天 +1.2% 40天 +0.7% 再跌-22.3%
     2024-09-06 大盤也跌 收 152.48 10天+11.4% 20天+15.9% 40天+23.5% 再跌+0.6%
     2024-11-13 只有個股 收 182.16 10天 -2.9% 20天 +2.9% 40天 +8.3% 再跌-4.6%
     2025-01-27 大盤也跌 收 188.27 10天 +8.1% 20天 -1.5% 40天 -5.6% 再跌-2.5%
     2025-02-24 大盤也跌 收 187.63 10天-11.0% 20天 -5.1% 40天-20.7% 再跌-12.4%
     2025-08-20 大盤也跌 收 225.49 10天 +2.9% 20天+17.9% 40天+31.6% 再跌-1.3%
     2025-11-07 大盤也跌 收 283.50 10天 -4.0% 20天 +5.4% 40天+11.5% 再跌-6.9%
     2026-03-06 大盤也跌 收 336.25 10天 -2.6% 20天 +1.1% 40天+18.8% 再跌-7.1%
     2026-03-27 大盤也跌 收 325.10 10天+13.1% 20天+23.9% 40天+26.2% 再跌-4.0%
     2026-07-16 大盤也跌 收 408.64 10天 -1.6% 20天 +5.1% 40天 +5.7% 再跌-9.0%
