
######## 上升趨勢
[2009–17] 隨便一天 20天後較高:大盤在20日線下 64%(天數佔 30%)/ 大盤在線上 58%
[2018–26] 隨便一天 20天後較高:大盤在20日線下 57%(天數佔 30%)/ 大盤在線上 54%
[近兩年] 隨便一天 20天後較高:大盤在20日線下 53%(天數佔 33%)/ 大盤在線上 52%

######## 穩健上升
[2009–17] 隨便一天 20天後較高:大盤在20日線下 65%(天數佔 31%)/ 大盤在線上 58%
[2018–26] 隨便一天 20天後較高:大盤在20日線下 57%(天數佔 32%)/ 大盤在線上 53%
[近兩年] 隨便一天 20天後較高:大盤在20日線下 51%(天數佔 35%)/ 大盤在線上 50%

######## 上升趨勢:訊號 vs「同一檔、同大盤狀態」的隨便一天(20 天後較高的差,90% CI)
  ③a 第一次碰布林中軌      | 2009–17大盤也跌 63%(-1.2[-5,+3]n1624) | 2009–17只有個股 57%(-1.3[-5,+3]n2654) | 2018–26大盤也跌 57%(-0.6[-5,+4]n1912) | 2018–26只有個股 53%(-0.2[-4,+4]n3161) | 近兩年大盤也跌 57%(+3.0[-7,+12]n477) | 近兩年只有個股 51%(-0.4[-7,+6]n781)
  ②a 碰 50 日線       | 2009–17大盤也跌 64%(+0.5[-6,+6]n1965) | 2009–17只有個股 55%(-2.4[-7,+2]n1374) | 2018–26大盤也跌 56%(-2.1[-7,+3]n2226) | 2018–26只有個股 51%(-1.1[-6,+3]n1858) | 近兩年大盤也跌 53%(-0.1[-10,+11]n552) | 近兩年只有個股 50%(+1.3[-5,+7]n452)
  ②c 碰 100 日線      | 2009–17大盤也跌 66%(+1.8[-5,+8]n1540) | 2009–17只有個股 55%(-1.1[-6,+3]n869) | 2018–26大盤也跌 55%(-2.1[-8,+3]n2001) | 2018–26只有個股 49%(-3.1[-6,+0]n1205) | 近兩年大盤也跌 46%(-5.7[-15,+6]n488) | 近兩年只有個股 47%(-0.4[-7,+6]n319)
  ②e 碰第二條 CTA 線    | 2009–17大盤也跌 61%(-2.5[-9,+4]n1185) | 2009–17只有個股 52%(-4.7[-9,-1]n761) | 2018–26大盤也跌 55%(-2.5[-9,+3]n1411) | 2018–26只有個股 49%(-3.0[-6,+0]n1109) | 近兩年大盤也跌 42%(-9.4[-19,+2]n316) | 近兩年只有個股 49%(+1.1[-7,+8]n276)
  ④ 第一次碰週布林中軌      | 2009–17大盤也跌 65%(+1.1[-5,+7]n1320) | 2009–17只有個股 54%(-1.9[-7,+2]n661) | 2018–26大盤也跌 56%(-1.2[-6,+4]n1672) | 2018–26只有個股 49%(-2.2[-7,+2]n921) | 近兩年大盤也跌 50%(-1.7[-11,+9]n394) | 近兩年只有個股 49%(+1.0[-6,+7]n242)
  ⑤ 碰布林下緣          | 2009–17大盤也跌 63%(-0.5[-5,+5]n2650) | 2009–17只有個股 56%(-1.3[-5,+3]n1876) | 2018–26大盤也跌 59%(+1.5[-4,+6]n3136) | 2018–26只有個股 51%(-1.6[-5,+2]n2510) | 近兩年大盤也跌 57%(+5.3[-3,+14]n827) | 近兩年只有個股 49%(+0.5[-6,+7]n625)
  ⑧ RSI14≤40       | 2009–17大盤也跌 66%(+1.9[-3,+7]n2273) | 2009–17只有個股 54%(-2.1[-7,+3]n1206) | 2018–26大盤也跌 59%(+1.4[-4,+7]n2923) | 2018–26只有個股 50%(-1.8[-6,+2]n1832) | 近兩年大盤也跌 58%(+6.4[-4,+16]n752) | 近兩年只有個股 47%(-0.9[-8,+5]n487)
  ⑧' RSI14≤35      | 2009–17大盤也跌 67%(+3.5[-1,+9]n1325) | 2009–17只有個股 54%(-1.6[-7,+3]n548) | 2018–26大盤也跌 59%(+1.7[-5,+8]n1766) | 2018–26只有個股 49%(-2.6[-7,+1]n789) | 近兩年大盤也跌 56%(+5.0[-12,+22]n435) | 近兩年只有個股 43%(-4.2[-13,+6]n195)

######## 穩健上升:訊號 vs「同一檔、同大盤狀態」的隨便一天(20 天後較高的差,90% CI)
  ③a 第一次碰布林中軌      | 2009–17大盤也跌 62%(-2.5[-7,+2]n1226) | 2009–17只有個股 57%(-2.0[-6,+2]n1872) | 2018–26大盤也跌 57%(-0.4[-5,+5]n1371) | 2018–26只有個股 53%(+0.4[-3,+4]n2172) | 近兩年大盤也跌 55%(+2.8[-7,+14]n355) | 近兩年只有個股 48%(-1.4[-8,+7]n523)
  ②a 碰 50 日線       | 2009–17大盤也跌 65%(+0.7[-5,+6]n1507) | 2009–17只有個股 56%(-1.4[-6,+3]n992) | 2018–26大盤也跌 56%(-1.6[-7,+4]n1717) | 2018–26只有個股 51%(-0.1[-4,+4]n1284) | 近兩年大盤也跌 55%(+1.9[-9,+13]n445) | 近兩年只有個股 50%(+1.4[-5,+8]n310)
  ②c 碰 100 日線      | 2009–17大盤也跌 67%(+3.3[-3,+10]n1111) | 2009–17只有個股 56%(+0.4[-5,+5]n497) | 2018–26大盤也跌 56%(-0.5[-7,+6]n1440) | 2018–26只有個股 47%(-2.7[-7,+1]n673) | 近兩年大盤也跌 45%(-3.8[-15,+10]n361) | 近兩年只有個股 48%(+2.5[-4,+9]n168)
  ②e 碰第二條 CTA 線    | 2009–17大盤也跌 62%(-2.0[-10,+6]n756) | 2009–17只有個股 54%(-2.1[-7,+3]n382) | 2018–26大盤也跌 54%(-2.7[-9,+3]n901) | 2018–26只有個股 48%(-2.6[-7,+1]n533) | 近兩年大盤也跌 41%(-8.2[-21,+9]n202) | 近兩年只有個股 48%(+2.2[-7,+12]n132)
  ④ 第一次碰週布林中軌      | 2009–17大盤也跌 67%(+2.7[-5,+9]n1047) | 2009–17只有個股 55%(-1.2[-6,+3]n451) | 2018–26大盤也跌 56%(-0.1[-7,+6]n1326) | 2018–26只有個股 49%(-1.0[-4,+3]n619) | 近兩年大盤也跌 50%(+0.4[-10,+13]n322) | 近兩年只有個股 51%(+6.0[-2,+14]n158)
  ⑤ 碰布林下緣          | 2009–17大盤也跌 64%(+0.2[-5,+5]n1807) | 2009–17只有個股 56%(-0.3[-5,+4]n1193) | 2018–26大盤也跌 59%(+1.6[-3,+6]n2120) | 2018–26只有個股 51%(+0.2[-4,+4]n1553) | 近兩年大盤也跌 57%(+5.5[-2,+14]n576) | 近兩年只有個股 49%(+2.8[-4,+9]n390)
  ⑧ RSI14≤40       | 2009–17大盤也跌 66%(+2.1[-4,+8]n1480) | 2009–17只有個股 58%(+1.8[-2,+6]n723) | 2018–26大盤也跌 58%(+1.5[-4,+7]n1900) | 2018–26只有個股 49%(-1.2[-5,+3]n1027) | 近兩年大盤也跌 59%(+8.4[-4,+20]n498) | 近兩年只有個股 48%(+1.9[-5,+9]n269)
  ⑧' RSI14≤35      | 2009–17大盤也跌 68%(+4.0[-2,+10]n872) | 2009–17只有個股 58%(+3.1[-2,+9]n337) | 2018–26大盤也跌 59%(+2.3[-6,+10]n1229) | 2018–26只有個股 49%(-1.1[-6,+4]n445) | 近兩年大盤也跌 56%(+6.0[-11,+26]n310) | 近兩年只有個股 44%(-0.2[-6,+5]n106)

######## 候選組合(穩健上升 + 大盤 QQQ 在 20 日線下):四段、40 天、頻率
  RSI14≤40 且大盤也跌  [上升趨勢] | 2009–17 65%(+5.3;40天+3.3;每檔每年3.21) | 2018–26 58%(+4.1;40天+3.2;每檔每年3.44) | 近兩年 57%(+6.9;40天+5.3;每檔每年3.52) | 四段1 63%(+4.3;40天+2.1;每檔每年3.19) | 四段2 65%(+7.5;40天+4.8;每檔每年3.49) | 四段3 58%(+2.2;40天+1.9;每檔每年3.21) | 四段4 58%(+5.1;40天+5.1;每檔每年3.41)
  RSI14≤40 且大盤也跌  [穩健上升] | 2009–17 66%(+6.2;40天+4.4;每檔每年3.01) | 2018–26 58%(+4.9;40天+3.0;每檔每年3.39) | 近兩年 58%(+9.4;40天+7.1;每檔每年3.50) | 四段1 65%(+5.6;40天+4.7;每檔每年3.06) | 四段2 65%(+8.0;40天+4.4;每檔每年3.27) | 四段3 57%(+1.2;40天+0.3;每檔每年3.16) | 四段4 59%(+7.3;40天+5.9;每檔每年3.33)
  RSI14≤35 且大盤也跌  [上升趨勢] | 2009–17 67%(+7.1;40天+3.0;每檔每年1.80) | 2018–26 58%(+4.2;40天+2.6;每檔每年1.97) | 近兩年 56%(+5.6;40天+6.4;每檔每年1.89) | 四段1 65%(+6.1;40天+1.2;每檔每年1.81) | 四段2 68%(+10.5;40天+4.0;每檔每年2.02) | 四段3 56%(+0.0;40天+2.3;每檔每年1.86) | 四段4 58%(+5.2;40天+5.5;每檔每年1.88)
  RSI14≤35 且大盤也跌  [穩健上升] | 2009–17 68%(+8.3;40天+5.1;每檔每年1.74) | 2018–26 59%(+5.7;40天+3.1;每檔每年2.08) | 近兩年 56%(+7.7;40天+9.1;每檔每年2.01) | 四段1 66%(+7.4;40天+4.3;每檔每年1.76) | 四段2 69%(+11.9;40天+5.3;每檔每年1.98) | 四段3 55%(+0.4;40天+0.9;每檔每年1.99) | 四段4 59%(+7.9;40天+7.6;每檔每年1.94)
  碰布林下緣 且大盤也跌     [上升趨勢] | 2009–17 63%(+3.3;40天+2.5;每檔每年3.36) | 2018–26 59%(+4.1;40天+3.3;每檔每年3.31) | 近兩年 57%(+5.4;40天+3.3;每檔每年3.38) | 四段1 63%(+2.9;40天+1.1;每檔每年3.24) | 四段2 64%(+5.7;40天+4.6;每檔每年3.67) | 四段3 58%(+1.0;40天+3.1;每檔每年3.14) | 四段4 59%(+4.8;40天+2.6;每檔每年3.22)
  碰布林下緣 且大盤也跌     [穩健上升] | 2009–17 64%(+4.3;40天+3.0;每檔每年3.38) | 2018–26 59%(+4.8;40天+3.6;每檔每年3.44) | 近兩年 57%(+7.6;40天+5.6;每檔每年3.57) | 四段1 63%(+3.4;40天+2.1;每檔每年3.27) | 四段2 65%(+6.9;40天+4.6;每檔每年3.71) | 四段3 57%(+0.6;40天+2.3;每檔每年3.21) | 四段4 59%(+6.5;40天+4.3;每檔每年3.35)
  碰週中軌 且大盤也跌      [上升趨勢] | 2009–17 65%(+4.8;40天+4.8;每檔每年1.67) | 2018–26 56%(+1.4;40天+0.4;每檔每年1.77) | 近兩年 50%(-0.9;40天-2.2;每檔每年1.61) | 四段1 63%(+3.2;40天+3.2;每檔每年1.67) | 四段2 66%(+7.5;40天+3.5;每檔每年1.84) | 四段3 57%(-0.1;40天+3.3;每檔每年1.72) | 四段4 54%(+0.5;40天-0.3;每檔每年1.65)
  碰週中軌 且大盤也跌      [穩健上升] | 2009–17 67%(+6.6;40天+5.2;每檔每年1.96) | 2018–26 56%(+3.1;40天+2.6;每檔每年2.15) | 近兩年 50%(+1.8;40天+0.5;每檔每年2.00) | 四段1 64%(+5.2;40天+3.8;每檔每年2.04) | 四段2 68%(+10.0;40天+5.2;每檔每年2.12) | 四段3 55%(+0.0;40天+4.4;每檔每年2.11) | 四段4 55%(+3.1;40天+2.9;每檔每年1.96)
