
######## 穩健上升 · 全部:隔天開盤買
  [2009–17] 同樣趨勢裡隨便一天隔天開盤買:20 天後較高 60%
    加碼:RSI14 跌破 40 + 大盤也跌    n=1609 | 20天後較高 65%(同股平常 60%) 10天 60% 40天 67% | 20天中位數 +2.6% | 之後 20 天內最多再跌:一半的時候 ≤3.7%、1/4 的時候 ≥7.3%、1/10 ≥12.3% | 再跌 ≥3% 57% ≥5% 40% ≥8% 22% | 一半開盤+一半掛低5%:平均成本 +0.8%(掛單成交 40%)
    加碼:碰布林下緣 + 大盤也跌          n=1807 | 20天後較高 63%(同股平常 60%) 10天 60% 40天 66% | 20天中位數 +2.3% | 之後 20 天內最多再跌:一半的時候 ≤3.8%、1/4 的時候 ≥7.5%、1/10 ≥12.0% | 再跌 ≥3% 58% ≥5% 41% ≥8% 23% | 一半開盤+一半掛低5%:平均成本 +0.6%(掛單成交 41%)
    對照:RSI14 跌破 40,只有個股跌     n= 861 | 20天後較高 57%(同股平常 58%) 10天 53% 40天 59% | 20天中位數 +1.2% | 之後 20 天內最多再跌:一半的時候 ≤3.8%、1/4 的時候 ≥7.1%、1/10 ≥11.7% | 再跌 ≥3% 59% ≥5% 38% ≥8% 21% | 一半開盤+一半掛低5%:平均成本 +0.5%(掛單成交 38%)
    對照:碰布林下緣,只有個股跌           n=1193 | 20天後較高 56%(同股平常 58%) 10天 52% 40天 60% | 20天中位數 +1.0% | 之後 20 天內最多再跌:一半的時候 ≤3.8%、1/4 的時候 ≥7.3%、1/10 ≥12.2% | 再跌 ≥3% 59% ≥5% 39% ≥8% 22% | 一半開盤+一半掛低5%:平均成本 +0.3%(掛單成交 39%)
  [2018–26] 同樣趨勢裡隨便一天隔天開盤買:20 天後較高 54%
    加碼:RSI14 跌破 40 + 大盤也跌    n=2093 | 20天後較高 58%(同股平常 53%) 10天 55% 40天 57% | 20天中位數 +1.9% | 之後 20 天內最多再跌:一半的時候 ≤6.0%、1/4 的時候 ≥12.2%、1/10 ≥22.5% | 再跌 ≥3% 73% ≥5% 56% ≥8% 41% | 一半開盤+一半掛低5%:平均成本 +0.7%(掛單成交 56%)
    加碼:碰布林下緣 + 大盤也跌          n=2120 | 20天後較高 58%(同股平常 54%) 10天 54% 40天 57% | 20天中位數 +1.8% | 之後 20 天內最多再跌:一半的時候 ≤6.0%、1/4 的時候 ≥12.1%、1/10 ≥22.0% | 再跌 ≥3% 72% ≥5% 57% ≥8% 39% | 一半開盤+一半掛低5%:平均成本 +0.7%(掛單成交 57%)
    對照:RSI14 跌破 40,只有個股跌     n=1208 | 20天後較高 49%(同股平常 51%) 10天 51% 40天 52% | 20天中位數 -0.2% | 之後 20 天內最多再跌:一半的時候 ≤5.5%、1/4 的時候 ≥10.7%、1/10 ≥19.4% | 再跌 ≥3% 71% ≥5% 53% ≥8% 35% | 一半開盤+一半掛低5%:平均成本 +0.3%(掛單成交 53%)
    對照:碰布林下緣,只有個股跌           n=1553 | 20天後較高 51%(同股平常 52%) 10天 51% 40天 51% | 20天中位數 +0.2% | 之後 20 天內最多再跌:一半的時候 ≤5.8%、1/4 的時候 ≥10.8%、1/10 ≥18.6% | 再跌 ≥3% 71% ≥5% 55% ≥8% 36% | 一半開盤+一半掛低5%:平均成本 +0.2%(掛單成交 55%)

######## 穩健上升 · 低波動(像 TSM):隔天開盤買
  [2009–17] 同樣趨勢裡隨便一天隔天開盤買:20 天後較高 62%
    加碼:RSI14 跌破 40 + 大盤也跌    n= 910 | 20天後較高 68%(同股平常 61%) 10天 61% 40天 69% | 20天中位數 +2.7% | 之後 20 天內最多再跌:一半的時候 ≤2.8%、1/4 的時候 ≥5.8%、1/10 ≥9.5% | 再跌 ≥3% 48% ≥5% 30% ≥8% 14% | 一半開盤+一半掛低5%:平均成本 +1.0%(掛單成交 30%)
    加碼:碰布林下緣 + 大盤也跌          n=1076 | 20天後較高 66%(同股平常 61%) 10天 61% 40天 68% | 20天中位數 +2.3% | 之後 20 天內最多再跌:一半的時候 ≤3.0%、1/4 的時候 ≥5.8%、1/10 ≥9.4% | 再跌 ≥3% 50% ≥5% 32% ≥8% 14% | 一半開盤+一半掛低5%:平均成本 +0.7%(掛單成交 32%)
    對照:RSI14 跌破 40,只有個股跌     n= 417 | 20天後較高 56%(同股平常 59%) 10天 54% 40天 58% | 20天中位數 +0.6% | 之後 20 天內最多再跌:一半的時候 ≤3.0%、1/4 的時候 ≥5.1%、1/10 ≥8.8% | 再跌 ≥3% 49% ≥5% 26% ≥8% 12% | 一半開盤+一半掛低5%:平均成本 +0.4%(掛單成交 26%)
    對照:碰布林下緣,只有個股跌           n= 701 | 20天後較高 57%(同股平常 60%) 10天 53% 40天 60% | 20天中位數 +1.0% | 之後 20 天內最多再跌:一半的時候 ≤3.1%、1/4 的時候 ≥5.6%、1/10 ≥9.1% | 再跌 ≥3% 51% ≥5% 29% ≥8% 14% | 一半開盤+一半掛低5%:平均成本 +0.4%(掛單成交 29%)
  [2018–26] 同樣趨勢裡隨便一天隔天開盤買:20 天後較高 55%
    加碼:RSI14 跌破 40 + 大盤也跌    n=1117 | 20天後較高 58%(同股平常 54%) 10天 55% 40天 58% | 20天中位數 +1.6% | 之後 20 天內最多再跌:一半的時候 ≤4.7%、1/4 的時候 ≥9.0%、1/10 ≥14.5% | 再跌 ≥3% 67% ≥5% 48% ≥8% 30% | 一半開盤+一半掛低5%:平均成本 +0.6%(掛單成交 48%)
    加碼:碰布林下緣 + 大盤也跌          n=1188 | 20天後較高 59%(同股平常 55%) 10天 54% 40天 59% | 20天中位數 +1.7% | 之後 20 天內最多再跌:一半的時候 ≤4.6%、1/4 的時候 ≥8.9%、1/10 ≥14.5% | 再跌 ≥3% 64% ≥5% 48% ≥8% 28% | 一半開盤+一半掛低5%:平均成本 +0.6%(掛單成交 48%)
    對照:RSI14 跌破 40,只有個股跌     n= 670 | 20天後較高 53%(同股平常 53%) 10天 54% 40天 55% | 20天中位數 +0.5% | 之後 20 天內最多再跌:一半的時候 ≤4.3%、1/4 的時候 ≥7.3%、1/10 ≥11.2% | 再跌 ≥3% 63% ≥5% 41% ≥8% 20% | 一半開盤+一半掛低5%:平均成本 +0.2%(掛單成交 41%)
    對照:碰布林下緣,只有個股跌           n= 935 | 20天後較高 54%(同股平常 54%) 10天 52% 40天 52% | 20天中位數 +0.6% | 之後 20 天內最多再跌:一半的時候 ≤4.4%、1/4 的時候 ≥7.7%、1/10 ≥11.9% | 再跌 ≥3% 65% ≥5% 44% ≥8% 23% | 一半開盤+一半掛低5%:平均成本 +0.2%(掛單成交 44%)

######## 上升趨勢 · 全部:隔天開盤買
  [2009–17] 同樣趨勢裡隨便一天隔天開盤買:20 天後較高 60%
    加碼:RSI14 跌破 40 + 大盤也跌    n=2536 | 20天後較高 65%(同股平常 60%) 10天 60% 40天 66% | 20天中位數 +2.6% | 之後 20 天內最多再跌:一半的時候 ≤3.8%、1/4 的時候 ≥7.8%、1/10 ≥13.4% | 再跌 ≥3% 57% ≥5% 40% ≥8% 24% | 一半開盤+一半掛低5%:平均成本 +0.8%(掛單成交 40%)
    加碼:碰布林下緣 + 大盤也跌          n=2650 | 20天後較高 62%(同股平常 60%) 10天 59% 40天 65% | 20天中位數 +2.3% | 之後 20 天內最多再跌:一半的時候 ≤3.9%、1/4 的時候 ≥7.8%、1/10 ≥13.1% | 再跌 ≥3% 58% ≥5% 42% ≥8% 24% | 一半開盤+一半掛低5%:平均成本 +0.7%(掛單成交 42%)
    對照:RSI14 跌破 40,只有個股跌     n=1445 | 20天後較高 54%(同股平常 58%) 10天 51% 40天 57% | 20天中位數 +0.7% | 之後 20 天內最多再跌:一半的時候 ≤4.3%、1/4 的時候 ≥8.1%、1/10 ≥13.5% | 再跌 ≥3% 63% ≥5% 43% ≥8% 25% | 一半開盤+一半掛低5%:平均成本 +0.4%(掛單成交 43%)
    對照:碰布林下緣,只有個股跌           n=1876 | 20天後較高 56%(同股平常 59%) 10天 53% 40天 60% | 20天中位數 +1.0% | 之後 20 天內最多再跌:一半的時候 ≤4.0%、1/4 的時候 ≥7.7%、1/10 ≥12.7% | 再跌 ≥3% 60% ≥5% 41% ≥8% 24% | 一半開盤+一半掛低5%:平均成本 +0.4%(掛單成交 41%)
  [2018–26] 同樣趨勢裡隨便一天隔天開盤買:20 天後較高 54%
    加碼:RSI14 跌破 40 + 大盤也跌    n=3255 | 20天後較高 58%(同股平常 54%) 10天 55% 40天 59% | 20天中位數 +1.9% | 之後 20 天內最多再跌:一半的時候 ≤6.1%、1/4 的時候 ≥12.0%、1/10 ≥21.8% | 再跌 ≥3% 73% ≥5% 57% ≥8% 40% | 一半開盤+一半掛低5%:平均成本 +0.8%(掛單成交 57%)
    加碼:碰布林下緣 + 大盤也跌          n=3136 | 20天後較高 58%(同股平常 55%) 10天 54% 40天 59% | 20天中位數 +2.1% | 之後 20 天內最多再跌:一半的時候 ≤5.9%、1/4 的時候 ≥11.9%、1/10 ≥21.0% | 再跌 ≥3% 71% ≥5% 56% ≥8% 39% | 一半開盤+一半掛低5%:平均成本 +0.8%(掛單成交 56%)
    對照:RSI14 跌破 40,只有個股跌     n=2138 | 20天後較高 49%(同股平常 53%) 10天 51% 40天 53% | 20天中位數 -0.1% | 之後 20 天內最多再跌:一半的時候 ≤5.5%、1/4 的時候 ≥10.8%、1/10 ≥19.1% | 再跌 ≥3% 71% ≥5% 54% ≥8% 36% | 一半開盤+一半掛低5%:平均成本 +0.4%(掛單成交 54%)
    對照:碰布林下緣,只有個股跌           n=2510 | 20天後較高 51%(同股平常 53%) 10天 50% 40天 52% | 20天中位數 +0.1% | 之後 20 天內最多再跌:一半的時候 ≤5.8%、1/4 的時候 ≥11.0%、1/10 ≥18.7% | 再跌 ≥3% 72% ≥5% 55% ≥8% 36% | 一半開盤+一半掛低5%:平均成本 +0.2%(掛單成交 55%)

######## 上升趨勢 · 低波動(像 TSM):隔天開盤買
  [2009–17] 同樣趨勢裡隨便一天隔天開盤買:20 天後較高 61%
    加碼:RSI14 跌破 40 + 大盤也跌    n=1415 | 20天後較高 68%(同股平常 61%) 10天 61% 40天 68% | 20天中位數 +2.7% | 之後 20 天內最多再跌:一半的時候 ≤2.8%、1/4 的時候 ≥5.8%、1/10 ≥10.1% | 再跌 ≥3% 48% ≥5% 30% ≥8% 15% | 一半開盤+一半掛低5%:平均成本 +1.0%(掛單成交 30%)
    加碼:碰布林下緣 + 大盤也跌          n=1539 | 20天後較高 65%(同股平常 61%) 10天 61% 40天 67% | 20天中位數 +2.2% | 之後 20 天內最多再跌:一半的時候 ≤3.0%、1/4 的時候 ≥5.9%、1/10 ≥10.2% | 再跌 ≥3% 50% ≥5% 33% ≥8% 16% | 一半開盤+一半掛低5%:平均成本 +0.7%(掛單成交 33%)
    對照:RSI14 跌破 40,只有個股跌     n= 695 | 20天後較高 54%(同股平常 60%) 10天 53% 40天 57% | 20天中位數 +0.6% | 之後 20 天內最多再跌:一半的時候 ≤3.2%、1/4 的時候 ≥5.7%、1/10 ≥9.2% | 再跌 ≥3% 52% ≥5% 30% ≥8% 15% | 一半開盤+一半掛低5%:平均成本 +0.3%(掛單成交 30%)
    對照:碰布林下緣,只有個股跌           n=1076 | 20天後較高 57%(同股平常 60%) 10天 54% 40天 60% | 20天中位數 +1.0% | 之後 20 天內最多再跌:一半的時候 ≤3.1%、1/4 的時候 ≥5.7%、1/10 ≥9.3% | 再跌 ≥3% 51% ≥5% 30% ≥8% 14% | 一半開盤+一半掛低5%:平均成本 +0.4%(掛單成交 30%)
  [2018–26] 同樣趨勢裡隨便一天隔天開盤買:20 天後較高 56%
    加碼:RSI14 跌破 40 + 大盤也跌    n=1719 | 20天後較高 58%(同股平常 56%) 10天 55% 40天 61% | 20天中位數 +1.6% | 之後 20 天內最多再跌:一半的時候 ≤4.7%、1/4 的時候 ≥8.9%、1/10 ≥14.2% | 再跌 ≥3% 66% ≥5% 48% ≥8% 29% | 一半開盤+一半掛低5%:平均成本 +0.7%(掛單成交 48%)
    加碼:碰布林下緣 + 大盤也跌          n=1772 | 20天後較高 59%(同股平常 56%) 10天 54% 40天 61% | 20天中位數 +1.9% | 之後 20 天內最多再跌:一半的時候 ≤4.5%、1/4 的時候 ≥8.9%、1/10 ≥13.9% | 再跌 ≥3% 65% ≥5% 47% ≥8% 28% | 一半開盤+一半掛低5%:平均成本 +0.7%(掛單成交 47%)
    對照:RSI14 跌破 40,只有個股跌     n=1164 | 20天後較高 52%(同股平常 54%) 10天 54% 40天 56% | 20天中位數 +0.4% | 之後 20 天內最多再跌:一半的時候 ≤4.3%、1/4 的時候 ≥7.4%、1/10 ≥11.8% | 再跌 ≥3% 63% ≥5% 42% ≥8% 22% | 一半開盤+一半掛低5%:平均成本 +0.3%(掛單成交 42%)
    對照:碰布林下緣,只有個股跌           n=1504 | 20天後較高 53%(同股平常 55%) 10天 52% 40天 53% | 20天中位數 +0.5% | 之後 20 天內最多再跌:一半的時候 ≤4.4%、1/4 的時候 ≥7.8%、1/10 ≥12.1% | 再跌 ≥3% 65% ≥5% 44% ≥8% 23% | 一半開盤+一半掛低5%:平均成本 +0.2%(掛單成交 44%)

######## TSM(上升趨勢)2023 年後:隔天開盤買
  ■ 加碼:RSI14 跌破 40 + 大盤也跌(10 次)
     2023-08-02 訊號 → 隔天開盤   90.65 | 10天 -3.2% 20天 -0.1% 40天 -8.4% | 之後最多再跌 -5.6%
     2023-09-15 訊號 → 隔天開盤   85.07 | 10天 -1.9% 20天 +2.2% 40天+10.1% | 之後最多再跌 -5.1%
     2024-04-18 訊號 → 隔天開盤  125.39 | 10天 +5.3% 20天+17.7% 40天+33.8% | 之後最多再跌 -2.8%
     2024-07-24 訊號 → 隔天開盤  153.78 | 10天 -2.0% 20天 +8.4% 40天+11.8% | 之後最多再跌 -15.5%
     2024-09-06 訊號 → 隔天開盤  156.31 | 10天 +8.7% 20天+13.1% 40天+20.5% | 之後最多再跌 -1.9%
     2025-02-24 訊號 → 隔天開盤  186.65 | 10天-10.5% 20天 -4.6% 40天-20.3% | 之後最多再跌 -11.9%
     2025-11-21 訊號 → 隔天開盤  270.33 | 10天+10.5% 20天 +7.6% 40天+20.2% | 之後最多再跌 -0.0%
     2025-12-17 訊號 → 隔天開盤  282.78 | 10天+12.1% 20天+20.1% 40天+27.8% | 之後最多再跌 -1.1%
     2026-03-20 訊號 → 隔天開盤  329.44 | 10天 +3.2% 20天+10.6% 40天+19.6% | 之後最多再跌 -5.2%
     2026-07-17 訊號 → 隔天開盤  406.62 | 10天 -0.8% 20天 +4.6% 40天 +2.5% | 之後最多再跌 -8.6%
  ■ 加碼:碰布林下緣 + 大盤也跌(10 次)
     2024-04-18 訊號 → 隔天開盤  125.39 | 10天 +5.3% 20天+17.7% 40天+33.8% | 之後最多再跌 -2.8%
     2024-07-18 訊號 → 隔天開盤  164.49 | 10天 -6.5% 20天 +2.8% 40天 +2.3% | 之後最多再跌 -21.0%
     2024-09-06 訊號 → 隔天開盤  156.31 | 10天 +8.7% 20天+13.1% 40天+20.5% | 之後最多再跌 -1.9%
     2025-01-27 訊號 → 隔天開盤  191.54 | 10天 +6.3% 20天 -3.2% 40天 -7.2% | 之後最多再跌 -4.2%
     2025-02-24 訊號 → 隔天開盤  186.65 | 10天-10.5% 20天 -4.6% 40天-20.3% | 之後最多再跌 -11.9%
     2025-08-20 訊號 → 隔天開盤  225.05 | 10天 +3.1% 20天+18.1% 40天+31.8% | 之後最多再跌 -1.1%
     2025-11-07 訊號 → 隔天開盤  291.28 | 10天 -6.6% 20天 +2.6% 40天 +8.6% | 之後最多再跌 -9.4%
     2026-03-06 訊號 → 隔天開盤  332.98 | 10天 -1.6% 20天 +2.1% 40天+20.0% | 之後最多再跌 -6.2%
     2026-03-27 訊號 → 隔天開盤  325.56 | 10天+12.9% 20天+23.8% 40天+26.0% | 之後最多再跌 -4.1%
     2026-07-16 訊號 → 隔天開盤  391.07 | 10天 +2.9% 20天 +9.8% 40天+10.5% | 之後最多再跌 -4.9%
  ■ 對照:RSI14 跌破 40,只有個股跌(3 次)
     2023-04-12 訊號 → 隔天開盤   82.39 | 10天 -5.0% 20天 -1.9% 40天+15.5% | 之後最多再跌 -6.2%
     2023-09-07 訊號 → 隔天開盤   86.74 | 10天 -5.5% 20天 -3.6% 40天 +0.2% | 之後最多再跌 -6.9%
     2024-11-27 訊號 → 隔天開盤  177.14 | 10天 +5.8% 20天+11.4% 40天+11.8% | 之後最多再跌 -0.2%
  ■ 對照:碰布林下緣,只有個股跌(4 次)
     2023-04-10 訊號 → 隔天開盤   84.37 | 10天 -4.5% 20天 -3.5% 40天+12.6% | 之後最多再跌 -8.4%
     2023-07-20 訊號 → 隔天開盤   93.56 | 10天 -3.0% 20天 -6.4% 40天 -8.3% | 之後最多再跌 -6.7%
     2023-09-07 訊號 → 隔天開盤   86.74 | 10天 -5.5% 20天 -3.6% 40天 +0.2% | 之後最多再跌 -6.9%
     2024-11-13 訊號 → 隔天開盤  183.86 | 10天 -3.8% 20天 +1.9% 40天 +7.3% | 之後最多再跌 -5.5%
