### 上線版「加」(大盤也跌)vs 只有個股跌 —— 隔天開盤買,20 天後比買價高(括號=同一檔上升趨勢裡隨便一天)
[全部]
  加(大盤也跌)                | 2009–17 63%(平常 60%,+3.4,n3539) | 2018–26 58%(平常 54%,+3.6,n4220) | 近兩年 56%(平常 51%,+4.8,n1151)
  對照:只有個股跌               | 2009–17 56%(平常 58%,-2.5,n2415) | 2018–26 51%(平常 53%,-2.7,n3235) | 近兩年 49%(平常 49%,-0.2,n873)
[低波動(像 TSM)]
  加(大盤也跌)                | 2009–17 65%(平常 61%,+3.9,n2061) | 2018–26 58%(平常 56%,+2.7,n2347) | 近兩年 56%(平常 52%,+5.0,n564)
  對照:只有個股跌               | 2009–17 57%(平常 60%,-3.3,n1333) | 2018–26 53%(平常 54%,-1.7,n1876) | 近兩年 50%(平常 51%,+0.1,n551)
[高波動]
  加(大盤也跌)                | 2009–17 60%(平常 57%,+2.8,n1478) | 2018–26 57%(平常 52%,+5.1,n1873) | 近兩年 55%(平常 51%,+4.3,n587)
  對照:只有個股跌               | 2009–17 55%(平常 56%,-1.2,n1082) | 2018–26 48%(平常 51%,-3.2,n1359) | 近兩年 46%(平常 47%,-0.9,n322)
[AI/半導體]
  加(大盤也跌)                | 2009–17 60%(平常 59%,+1.9,n708) | 2018–26 62%(平常 56%,+6.0,n852) | 近兩年 60%(平常 56%,+4.1,n233)
  對照:只有個股跌               | 2009–17 56%(平常 58%,-1.8,n492) | 2018–26 53%(平常 56%,-2.4,n478) | 近兩年 57%(平常 53%,+3.8,n103)
[非 AI]
  加(大盤也跌)                | 2009–17 64%(平常 60%,+3.7,n2831) | 2018–26 57%(平常 54%,+3.1,n3368) | 近兩年 54%(平常 50%,+5.0,n918)
  對照:只有個股跌               | 2009–17 56%(平常 59%,-2.7,n1923) | 2018–26 50%(平常 53%,-2.7,n2757) | 近兩年 48%(平常 49%,-0.7,n770)

### 四段期間(全部 / 低波動)
  加 · 全部                 | 四段1 61%(平常 59%,+1.9,n1754) | 四段2 64%(平常 57%,+6.5,n2331) | 四段3 58%(平常 56%,+2.0,n1651) | 四段4 57%(平常 53%,+3.6,n2023)
  加 · 低波動(像 TSM)         | 四段1 64%(平常 61%,+2.7,n1019) | 四段2 65%(平常 58%,+6.6,n1338) | 四段3 57%(平常 57%,+0.3,n1007) | 四段4 59%(平常 55%,+3.4,n1044)

### 第二筆掛多低?(2018–26,隔天開盤買一半,另一半掛低 X%,20 天內沒成交就第 20 天收盤補)
  全部           n=4220 之後最多再跌:一半 ≤6.0%、1/4 ≥11.9% | 掛低3%:成交 72% 平均成本 +0.6% | 掛低5%:成交 57% 平均成本 +0.7% | 掛低8%:成交 39% 平均成本 +1.0% | 掛低10%:成交 31% 平均成本 +1.0%
  低波動(像 TSM)   n=2347 之後最多再跌:一半 ≤4.6%、1/4 ≥8.8% | 掛低3%:成交 65% 平均成本 +0.5% | 掛低5%:成交 48% 平均成本 +0.6% | 掛低8%:成交 28% 平均成本 +0.8% | 掛低10%:成交 20% 平均成本 +0.8%
  高波動          n=1873 之後最多再跌:一半 ≤8.8%、1/4 ≥17.0% | 掛低3%:成交 81% 平均成本 +0.6% | 掛低5%:成交 69% 平均成本 +0.9% | 掛低8%:成交 53% 平均成本 +1.2% | 掛低10%:成交 45% 平均成本 +1.3%
  AI/半導體       n= 852 之後最多再跌:一半 ≤6.6%、1/4 ≥12.6% | 掛低3%:成交 74% 平均成本 +0.8% | 掛低5%:成交 60% 平均成本 +1.1% | 掛低8%:成交 43% 平均成本 +1.4% | 掛低10%:成交 35% 平均成本 +1.4%
  非 AI         n=3368 之後最多再跌:一半 ≤5.8%、1/4 ≥11.6% | 掛低3%:成交 72% 平均成本 +0.5% | 掛低5%:成交 56% 平均成本 +0.6% | 掛低8%:成交 38% 平均成本 +0.9% | 掛低10%:成交 30% 平均成本 +0.9%

### 前面剛出過「出」的「加」(會不會打架)—— 2009–26 全部
  前 10 天前面有出:n=439 20 天後較高 51%(同股平常 55%,-3.4)
  前 10 天前面沒有出:n=7320 20 天後較高 61%(同股平常 57%,+3.8)
  前 20 天前面有出:n=672 20 天後較高 53%(同股平常 54%,-1.7)
  前 20 天前面沒有出:n=7087 20 天後較高 61%(同股平常 57%,+3.9)

### 每檔每年幾次(上升趨勢的股票,2018–26)
  加:4.46 次 / 檔 / 上升趨勢年

### TSM、NVDA、AAPL、MU、AVGO、LITE 2024 年後的「加」(隔天開盤買)
  ■ TSM(10 次)
     2024-04-18 開  125.39 20天+17.7% 40天+33.8% 最多再跌-2.8%
     2024-07-18 開  164.49 20天 +2.8% 40天 +2.3% 最多再跌-21.0%
     2024-09-06 開  156.31 20天+13.1% 40天+20.5% 最多再跌-1.9%
     2025-01-27 開  191.54 20天 -3.2% 40天 -7.2% 最多再跌-4.2%
     2025-02-24 開  186.65 20天 -4.6% 40天-20.3% 最多再跌-11.9%
     2025-08-20 開  225.05 20天+18.1% 40天+31.8% 最多再跌-1.1%
     2025-11-07 開  291.28 20天 +2.6% 40天 +8.6% 最多再跌-9.4%
     2025-12-17 開  282.78 20天+20.1% 40天+27.8% 最多再跌-1.1%
     2026-03-06 開  332.98 20天 +2.1% 40天+20.0% 最多再跌-6.2%
     2026-07-16 開  391.07 20天 +9.8% 40天+10.5% 最多再跌-4.9%
  ■ NVDA(14 次)
     2024-04-19 開   77.88 20天+18.4% 40天+67.7% 最多再跌-2.2%
     2024-07-17 開  121.51 20天 -3.1% 40天 -2.2% 最多再跌-25.6%
     2024-09-04 開  104.70 20天+13.2% 40天+32.7% 最多再跌-3.8%
     2025-01-27 開  121.49 20天 +4.0% 40天 -0.9% 最多再跌-7.2%
     2025-02-27 開  117.71 20天 -5.6% 40天 -5.9% 最多再跌-11.2%
     2025-08-20 開  174.42 20天 +0.8% 40天 +4.0% 最多再跌-6.2%
     2025-11-21 開  179.06 20天 +2.3% 40天 +3.0% 最多再跌-5.5%
     2025-12-17 開  174.12 20天 +6.7% 40天 +6.0% 最多再跌-1.6%
     2026-01-20 開  178.63 20天 +5.0% 40天 +0.8% 最多再跌-4.5%
     2026-02-04 開  174.52 20天 +4.8% 40天 +1.4% 最多再跌-2.2%
     2026-03-20 開  176.86 20天+14.0% 40天+25.4% 最多再跌-7.3%
     2026-06-05 開  209.95 20天 -6.3% 40天 +0.8% 最多再跌-9.7%
     2026-06-25 開  192.90 20天 +7.1% 40天+11.2% 最多再跌-1.7%
     2026-07-29 開  193.23 20天 +8.4% 40天+16.2% 最多再跌-1.0%
  ■ AAPL(11 次)
     2024-08-05 開  203.36 20天 +8.6% 40天+10.3% 最多再跌-2.1%
     2024-09-09 開  217.10 20天 +1.3% 40天 +1.4% 最多再跌-2.3%
     2024-11-01 開  219.16 20天 +8.5% 40天+13.4% 最多再跌-0.6%
     2025-01-10 開  231.85 20天 -2.4% 40天 -5.3% 最多再跌-6.1%
     2025-03-10 開  222.44 20天-18.9% 40天-11.3% 最多再跌-22.0%
     2025-12-18 開  271.41 20天 -9.4% 40天 -2.8% 最多再跌-10.6%
     2026-02-13 開  257.59 20天 -2.0% 40天 +0.3% 最多再跌-3.3%
     2026-03-12 開  255.02 20天 +2.0% 40天+14.8% 最多再跌-3.9%
     2026-06-09 開  290.49 20天 +8.8% 40天 +7.5% 最多再跌-5.8%
     2026-06-25 開  274.76 20天+21.1% 40天+12.6% 最多再跌-0.3%
     2026-07-31 開  309.31 20天 +3.4% 40天 +9.4% 最多再跌-2.8%
  ■ MU(7 次)
     2024-04-19 開  106.83 20天+16.4% 40天+37.4% 最多再跌-0.9%
     2024-07-17 開  119.75 20天-16.7% 40天-27.6% 最多再跌-29.5%
     2025-08-01 開  105.85 20天+12.3% 40天+54.6% 最多再跌-0.5%
     2025-11-20 開  204.33 20天+30.0% 40天+90.3% 最多再跌-5.8%
     2026-03-06 開  363.75 20天 +3.8% 40天+58.4% 最多再跌-14.4%
     2026-03-26 開  359.65 20天+38.1% 40天+108.8% 最多再跌-13.4%
     2026-07-17 開  885.57 20天 +9.7% 40天 +4.3% 最多再跌-16.7%
  ■ AVGO(15 次)
     2024-04-17 開  125.79 20天+11.5% 40天+30.4% 最多再跌-7.0%
     2024-07-18 開  158.56 20天 +2.7% 40天 +3.6% 最多再跌-20.6%
     2024-09-06 開  136.29 20天+27.4% 40天+21.8% 最多再跌-3.0%
     2024-10-31 開  165.40 20天 -3.7% 40天+40.4% 最多再跌-6.4%
     2024-11-15 開  162.84 20天+50.9% 40天+38.9% 最多再跌-4.9%
     2025-01-27 開  205.02 20天 -2.6% 40天 -9.2% 最多再跌-4.4%
     2025-02-24 開  204.02 20天 -7.3% 40天-17.8% 最多再跌-14.2%
     2025-03-26 開  175.63 20天 +5.9% 40天+29.8% 最多再跌-22.3%
     2025-08-20 開  287.43 20天+19.1% 40天+22.3% 最多再跌-1.3%
     2025-11-14 開  337.31 20天 -0.0% 40天 +0.2% 最多再跌-2.4%
     2025-12-15 開  333.54 20天 +1.3% 40天 -1.3% 最多再跌-4.3%
     2026-01-20 開  333.67 20天 -0.6% 40天 -5.8% 最多再跌-12.0%
     2026-02-26 開  309.00 20天 -0.2% 40天+36.4% 最多再跌-1.1%
     2026-06-05 開  401.25 20天 -7.8% 40天 +4.0% 最多再跌-11.3%
     2026-06-26 開  372.94 20天 +2.6% 40天 -4.0% 最多再跌-4.6%
  ■ LITE(7 次)
     2024-07-30 開   50.36 20天+14.1% 40天+21.0% 最多再跌-24.0%
     2024-10-31 開   63.14 20天+37.7% 40天+32.8% 最多再跌-1.2%
     2024-12-18 開   84.40 20天+15.5% 40天 -8.4% 最多再跌-5.2%
     2025-01-27 開   76.80 20天 -8.3% 40天 -7.5% 最多再跌-11.9%
     2025-02-21 開   73.35 20天 -9.2% 40天-31.7% 最多再跌-23.7%
     2026-06-26 開  806.01 20天-11.7% 40天 +3.0% 最多再跌-19.3%
     2026-07-28 開  655.21 20天+35.2% 40天+43.0% 最多再跌-9.2%
  ■ META(9 次)
     2024-04-19 開  485.59 20天 -3.6% 40天 +3.6% 最多再跌-15.4%
     2024-07-17 開  471.46 20天+10.9% 40天+10.7% 最多再跌-6.8%
     2024-09-06 開  502.39 20天+17.8% 40天+12.2% 最多再跌-2.1%
     2024-10-23 開  563.44 20天 -0.3% 40天 +5.1% 最多再跌-3.0%
     2024-11-15 開  553.42 20天+12.2% 40天 +9.8% 最多再跌-1.4%
     2025-02-25 開  655.89 20天 -5.0% 40天-21.1% 最多再跌-12.8%
     2025-03-28 開  560.78 20天 -2.4% 40天+14.0% 最多再跌-14.9%
     2025-09-02 開  733.02 20天 -0.2% 40天 +2.2% 最多再跌-1.3%
     2025-10-10 開  710.60 20天-12.8% 40天 -6.5% 最多再跌-15.7%
  ■ MSFT(7 次)
     2024-04-15 開  406.66 20天 -0.2% 40天 +4.6% 最多再跌-6.4%
     2024-07-17 開  436.64 20天 -6.2% 40天 -3.7% 最多再跌-13.2%
     2024-10-31 開  402.65 20天 +3.7% 40天 +4.1% 最多再跌-0.8%
     2024-12-30 開  420.31 20天 -2.6% 40天 -6.6% 最多再跌-3.6%
     2025-11-06 開  492.89 20天 -2.6% 40天 -3.5% 最多再跌-6.3%
     2025-12-15 開  468.93 20天 -2.7% 40天-14.8% 最多再跌-3.1%
     2026-01-02 開  471.07 20天-10.7% 40天-14.6% 最多再跌-11.2%
