### 事件差異(全期 2009-07~2026-10,259 檔)
  舊版 4863 次 → 新版 4838 次;消失 25、新增 0;當日同時有出的舊版事件 25
    消失 2010-05-04 UAL:當日有出
    消失 2010-05-06 AAPL:當日有出
    消失 2010-05-06 ENTG:當日有出
    消失 2010-05-06 CRM:當日有出
    消失 2010-05-06 CIEN:當日有出
    消失 2010-05-06 MAR:當日有出
    消失 2010-05-06 PNC:當日有出
    消失 2011-02-22 PWR:當日有出
    消失 2017-09-28 GILD:當日有出
    消失 2017-10-26 ABBV:當日有出
    消失 2017-11-29 ADBE:當日有出
    消失 2018-07-30 DELL:當日有出
    消失 2018-10-04 TEAM:當日有出
    消失 2018-10-04 ROKU:當日有出
    消失 2021-02-23 CLSK:當日有出
    消失 2021-02-25 CLF:當日有出
    消失 2021-02-26 VST:當日有出
    消失 2021-03-24 TME:當日有出
    消失 2021-09-17 MXL:當日有出
    消失 2021-09-20 MPWR:當日有出
    消失 2022-04-21 PANW:當日有出
    消失 2022-04-21 FCX:當日有出
    消失 2022-04-21 NEM:當日有出
    消失 2022-04-21 PWR:當日有出
    消失 2026-03-03 SLB:當日有出

### 新版統計(隔天開盤買;括號 = 同一檔穩健上漲時隨便一天;有效樣本 = 20 天結果已完整的事件)
  舊版 | 2009–17 64.8%(59.9%,+5.0,n2291,未完成0) | 2018–26 58.1%(53.3%,+4.9,n2565,未完成7) | 近兩年 55.9%(48.5%,+7.9,n689,未完成7) | 四段1 62.9%(59.2%,+3.8,n1081,未完成0) | 四段2 65.5%(57.6%,+8.0,n1567,未完成0) | 四段3 57.8%(55.7%,+2.3,n994,未完成0) | 四段4 57.2%(51.8%,+5.3,n1214,未完成7)
  新版 | 2009–17 64.9%(59.9%,+5.0,n2280,未完成0) | 2018–26 58.3%(53.3%,+5.1,n2551,未完成7) | 近兩年 55.8%(48.4%,+7.9,n688,未完成7) | 四段1 63.0%(59.2%,+3.9,n1073,未完成0) | 四段2 65.7%(57.6%,+8.1,n1561,未完成0) | 四段3 58.3%(55.8%,+2.7,n984,未完成0) | 四段4 57.1%(51.8%,+5.3,n1213,未完成7)
