PASS 舊算法把未完成當沒跌(2/7)
PASS 新算法 risk = 2/4 = 50%
PASS risk_n = 4(NaN、inf 都不算)
PASS risk_n + risk_missing_n = 事件數
PASS 索引外的事件算未完成
PASS 全部未完成 → risk 是 NaN
PASS 配對事件 = 2(排除未完成、無波動分組)
PASS 配對風險 = 2/2 = 100%
PASS 對照 = 兩個分組完整日子比例的平均
PASS risk(不配對)用 3 個完整事件
  頂K 2009–2017:事件 393、完整 393、未完成 0 | 舊 70.23% → 新 70.23%
PASS 頂K 2009 n 加總
PASS 頂K 2009 沒有未完成 → 新舊一樣
  頂K 2018–2026:事件 2965、完整 2946、未完成 19 | 舊 77.20% → 新 77.70%
PASS 頂K 2018 n 加總
PASS 頂K 2018 有未完成 → 新 ≥ 舊
  出 2009–2017:事件 387、完整 387、未完成 0 | 舊 47.80% → 新 47.80%
PASS 出 2009 n 加總
PASS 出 2009 沒有未完成 → 新舊一樣
  出 2018–2026:事件 1287、完整 1203、未完成 84 | 舊 64.34% → 新 68.83%
PASS 出 2018 n 加總
PASS 出 2018 有未完成 → 新 ≥ 舊
ALL PASS
