# t25 瀏覽器回歸(Playwright Chromium,本機伺服器;同一份即時資料:gist K 線 + flow_climate.json,資料到 2026-10-09)
# 舊版 = 上線 BUILD 2026-10-10T16:19Z(sha256 5a10b491…);新版 = 本次 BUILD 2026-10-10T17:38Z(sha256 aeeecd44…)

## 桌機 1400×1000
- old BUILD 2026-10-10T16:19Z lastDone 2026-10-09 頁面錯誤 無
  MU: 日K 1250 根(2021-10-18→2026-10-09)⑦天數 250 圖上記號 10 | 狀態列:📊 量化 10-09 出:分批賣掉大部分 大盤: 賣出偏強 不宜抄底 資金緊縮 ⓘ 詳情
  SNDK: 日K 416 根(2025-02-13→2026-10-09)⑦天數 250 圖上記號 7 | 狀態列:📊 量化 10-09 出(弱):較弱,可先觀察 大盤: 賣出偏強 不宜抄底 資金緊縮 ⓘ 詳情
  TSM: 日K 1250 根(2021-10-18→2026-10-09)⑦天數 250 圖上記號 10 | 狀態列:📊 量化 10-09 沒有訊號:不用動 大盤: 賣出偏強 不宜抄底 資金緊縮 ⓘ 詳情
  NVDA: 日K 1250 根(2021-10-18→2026-10-09)⑦天數 250 圖上記號 10 | 狀態列:📊 量化 10-09 沒有訊號:不用動 大盤: 賣出偏強 不宜抄底 資金緊縮 ⓘ 詳情
  META: 日K 1250 根(2021-10-18→2026-10-09)⑦天數 250 圖上記號 10 | 狀態列:📊 量化 10-09 出:賣掉大部分 大盤: 賣出偏強 不宜抄底 資金緊縮 ⓘ 詳情
- new BUILD 2026-10-10T17:38Z lastDone 2026-10-09 頁面錯誤 無
  MU: 日K 1250 根(2021-10-18→2026-10-09)⑦天數 250 圖上記號 10 | 狀態列:📊 量化 10-09 出:分批賣掉大部分 大盤: 賣出偏強 不宜抄底 資金緊縮 ⓘ 詳情
  SNDK: 日K 416 根(2025-02-13→2026-10-09)⑦天數 250 圖上記號 7 | 狀態列:📊 量化 10-09 出(弱):較弱,可先觀察 大盤: 賣出偏強 不宜抄底 資金緊縮 ⓘ 詳情
  TSM: 日K 1250 根(2021-10-18→2026-10-09)⑦天數 250 圖上記號 10 | 狀態列:📊 量化 10-09 沒有訊號:不用動 大盤: 賣出偏強 不宜抄底 資金緊縮 ⓘ 詳情
  NVDA: 日K 1250 根(2021-10-18→2026-10-09)⑦天數 250 圖上記號 10 | 狀態列:📊 量化 10-09 沒有訊號:不用動 大盤: 賣出偏強 不宜抄底 資金緊縮 ⓘ 詳情
  META: 日K 1250 根(2021-10-18→2026-10-09)⑦天數 250 圖上記號 10 | 狀態列:📊 量化 10-09 出:賣掉大部分 大盤: 賣出偏強 不宜抄底 資金緊縮 ⓘ 詳情
- 強制「買賣同時出現」顯示(暫時替換 qmSelectLatestValid,只測畫面):狀態列「📊 量化 10-09 買賣同時出現:先不動 大盤: 賣出偏強 不宜抄底 資金緊縮 ⓘ 詳情」
  詳情前 3 行:📊 TSM 量化訊號 / 2026-10-09 收盤 / 買賣同時出現:先不動 / 為什麼:07-16 同一天出現 出、加(一賣一買,互相矛盾) / 接下來:等下一根收盤再看;滑過圖上的字看各自原因
- 盤中暫標(假裝 10-09 盤中,MU):狀態列「📊 量化 10-08 盤中 出? 沒有訊號:不用動 大盤: 賣出偏強 不宜抄底 資金緊縮 ⓘ 詳情」盤中字 ['<b>出?</b>']
- 過去日期(假裝今天 2026-07-17,TSM):狀態列「📊 量化 07-17 加:可以加碼(分兩筆) 大盤: 賣出普通 不宜抄底 資金緊縮 ⓘ 詳情」

## 手機 390×844(觸控)
- new BUILD 2026-10-10T17:38Z lastDone 2026-10-09 頁面錯誤 無
  MU: 日K 1250 根(2021-10-18→2026-10-09)⑦天數 250 圖上記號 10 | 狀態列:📊 量化 10-09 出:分批賣掉大部分 大盤: 賣出偏強 不宜抄底 資金緊縮 ⓘ 詳情
  SNDK: 日K 416 根(2025-02-13→2026-10-09)⑦天數 250 圖上記號 7 | 狀態列:📊 量化 10-09 出(弱):較弱,可先觀察 大盤: 賣出偏強 不宜抄底 資金緊縮 ⓘ 詳情
  TSM: 日K 1250 根(2021-10-18→2026-10-09)⑦天數 250 圖上記號 10 | 狀態列:📊 量化 10-09 沒有訊號:不用動 大盤: 賣出偏強 不宜抄底 資金緊縮 ⓘ 詳情
  NVDA: 日K 1250 根(2021-10-18→2026-10-09)⑦天數 250 圖上記號 10 | 狀態列:📊 量化 10-09 沒有訊號:不用動 大盤: 賣出偏強 不宜抄底 資金緊縮 ⓘ 詳情
  META: 日K 1250 根(2021-10-18→2026-10-09)⑦天數 250 圖上記號 10 | 狀態列:📊 量化 10-09 出:賣掉大部分 大盤: 賣出偏強 不宜抄底 資金緊縮 ⓘ 詳情
- 強制「買賣同時出現」顯示(暫時替換 qmSelectLatestValid,只測畫面):狀態列「📊 量化 10-09 買賣同時出現:先不動 大盤: 賣出偏強 不宜抄底 資金緊縮 ⓘ 詳情」
  詳情前 3 行:📊 TSM 量化訊號 / 2026-10-09 收盤 / 買賣同時出現:先不動 / 為什麼:07-16 同一天出現 出、加(一賣一買,互相矛盾) / 接下來:等下一根收盤再看;滑過圖上的字看各自原因
- 盤中暫標(假裝 10-09 盤中,MU):狀態列「📊 量化 10-08 盤中 出? 沒有訊號:不用動 大盤: 賣出偏強 不宜抄底 資金緊縮 ⓘ 詳情」盤中字 ['<b>出?</b>']
- 過去日期(假裝今天 2026-07-17,TSM):狀態列「📊 量化 07-17 加:可以加碼(分兩筆) 大盤: 賣出普通 不宜抄底 資金緊縮 ⓘ 詳情」

## 五檔新舊版逐日比對(整段歷史,7 種記號)
  MU: 舊 15 個、新 15 個;只在舊 無;只在新 無;2025-10-10~2026-10-09 {'出': 5, '加': 2, '頂K': 2, '熱': 1};圖上字 = 重新計算:是
  SNDK: 舊 17 個、新 17 個;只在舊 無;只在新 無;2025-10-10~2026-10-09 {'出': 4, '減碼': 1, '熱': 2, '頂K': 5, '加': 1};圖上字 = 重新計算:圖上 7 個字都在重新計算結果裡;SNDK 選 250 日時圖只畫 164 根(2026-02-17 起,既有行為、新舊版相同),之前的 6 個記號不在圖內
  TSM: 舊 20 個、新 20 個;只在舊 無;只在新 無;2025-10-10~2026-10-09 {'加': 4, '出': 4, '熱': 2};圖上字 = 重新計算:是
  NVDA: 舊 28 個、新 28 個;只在舊 無;只在新 無;2025-10-10~2026-10-09 {'買': 5, '出': 1, '加': 4};圖上字 = 重新計算:是
  META: 舊 21 個、新 21 個;只在舊 無;只在新 無;2025-10-10~2026-10-09 {'買': 9, '出': 1};圖上字 = 重新計算:是

## 全追蹤宇宙(去掉槓桿/反向 ETF、日K ≥70 根):297 檔,新版記號 5925 個 {'出': 671, '加': 1157, '抄底': 551, '熱': 236, '買': 1306, '減碼': 490, '頂K': 1514}
  新舊差異 1 筆:[('SLB', '只在舊', '加|2026-03-03')]
  SLB 2026-03-03:同一天有「出」→ 修正 B 後不標「加」(其餘 6 種記號全部相同)
