# t25 對拍:加(含「當日 + 前 10 根有出不標」)pandas/Python vs 前端 JS;資料 = gist kline(到 2026-10-09)+ flow_climate.json(updated 2026-10-10T10:48:15Z)
# 新版 index.html sha256 aeeecd44757740c7…;舊版(上線 BUILD 2026-10-10T16:19Z)sha256 5a10b491f1a28c1b…
py 輸出 sha256 9a8da90a9bffff67… / js 輸出 sha256 9a8da90a9bffff67… → 逐字相同
AAPL  出  1 | 加 新 11 舊 11 | 消失 - 新增 -
AMD   出  6 | 加 新  6 舊  6 | 消失 - 新增 -
AVGO  出  3 | 加 新 13 舊 13 | 消失 - 新增 -
BE    出  8 | 加 新  7 舊  7 | 消失 - 新增 -
CLF   出  4 | 加 新  0 舊  0 | 消失 - 新增 -
FCX   出  2 | 加 新  3 舊  3 | 消失 - 新增 -
LITE  出  5 | 加 新  6 舊  6 | 消失 - 新增 -
META  出  1 | 加 新  9 舊  9 | 消失 - 新增 -
MPWR  出  3 | 加 新  8 舊  8 | 消失 - 新增 -
MSFT  出  1 | 加 新  4 舊  4 | 消失 - 新增 -
MU    出  5 | 加 新  4 舊  4 | 消失 - 新增 -
MXL   出  4 | 加 新  1 舊  1 | 消失 - 新增 -
NEM   出  4 | 加 新  1 舊  1 | 消失 - 新增 -
NVDA  出  2 | 加 新 11 舊 11 | 消失 - 新增 -
PANW  出  2 | 加 新  2 舊  2 | 消失 - 新增 -
PLTR  出  3 | 加 新 10 舊 10 | 消失 - 新增 -
PWR   出  3 | 加 新  9 舊  9 | 消失 - 新增 -
SLB   出  2 | 加 新  3 舊  4 | 消失 ['2026-03-03|L'] 新增 -
SNDK  出  4 | 加 新  1 舊  1 | 消失 - 新增 -
TSM   出  4 | 加 新 10 舊 10 | 消失 - 新增 -
VST   出  0 | 加 新  6 舊  6 | 消失 - 新增 -
合計:出 67、加 新版 125 / 舊版 126(21 檔)
