### 40 天內曾跌 ≥10%:舊 → 新(有效 n / 未完成 n);賣出側另列同波動平常日子(新)
| 記號 | 期間 | 進場 | 事件 | 有效 n | 未完成 n | 舊 | 新 | 差 | 同波動平常(舊→新) |
|---|---|---|---|---|---|---|---|---|---|
| 頂K | 2009–17 | 收盤 | 393 | 393 | 0 | 70.2% | 70.2% | +0.0 | 56.5% → 56.5% |
| 頂K | 2018–26 | 收盤 | 2965 | 2946 | 19 | 77.2% | 77.7% | +0.5 | 70.0% → 70.0% |
| 頂K | 近兩年 | 收盤 | 995 | 976 | 19 | 75.6% | 77.0% | +1.5 | 70.4% → 70.4% |
| 頂K | 全期 | 收盤 | 3358 | 3339 | 19 | 76.4% | 76.8% | +0.4 | 63.2% → 63.2% |
| 減碼 | 2009–17 | 收盤 | 90 | 90 | 0 | 74.4% | 74.4% | +0.0 | 56.5% → 56.5% |
| 減碼 | 2018–26 | 收盤 | 871 | 866 | 5 | 74.5% | 74.9% | +0.4 | 70.3% → 70.3% |
| 減碼 | 近兩年 | 收盤 | 329 | 324 | 5 | 69.0% | 70.1% | +1.1 | 70.4% → 70.4% |
| 減碼 | 全期 | 收盤 | 961 | 956 | 5 | 74.5% | 74.9% | +0.4 | 63.3% → 63.3% |
| 熱 | 2009–17 | 收盤 | 320 | 320 | 0 | 25.9% | 25.9% | +0.0 | 26.1% → 26.1% |
| 熱 | 2018–26 | 收盤 | 502 | 499 | 3 | 46.4% | 46.7% | +0.3 | 44.2% → 44.3% |
| 熱 | 近兩年 | 收盤 | 130 | 127 | 3 | 48.5% | 49.6% | +1.1 | 53.2% → 53.6% |
| 熱 | 全期 | 收盤 | 822 | 819 | 3 | 38.4% | 38.6% | +0.1 | 36.8% → 36.9% |
| 出 | 2009–17 | 隔天開盤 | 387 | 387 | 0 | 47.8% | 47.8% | +0.0 | 43.8% → 43.8% |
| 出 | 2018–26 | 隔天開盤 | 1287 | 1203 | 84 | 64.3% | 68.8% | +4.5 | 57.2% → 57.2% |
| 出 | 近兩年 | 隔天開盤 | 587 | 503 | 84 | 56.9% | 66.4% | +9.5 | 59.5% → 59.3% |
| 出 | 全期 | 隔天開盤 | 1674 | 1590 | 84 | 60.5% | 63.7% | +3.2 | 50.9% → 50.9% |
| 抄底 | 2009–17 | 隔天開盤 | 400 | 400 | 0 | 55.0% | 55.0% | +0.0 | — |
| 抄底 | 2018–26 | 隔天開盤 | 851 | 851 | 0 | 49.7% | 49.7% | +0.0 | — |
| 抄底 | 近兩年 | 隔天開盤 | 271 | 271 | 0 | 47.2% | 47.2% | +0.0 | — |
| 抄底 | 全期 | 隔天開盤 | 1251 | 1251 | 0 | 51.4% | 51.4% | +0.0 | — |
| 加 | 2009–17 | 隔天開盤 | 2280 | 2280 | 0 | 22.1% | 22.1% | +0.0 | — |
| 加 | 2018–26 | 隔天開盤 | 2558 | 2529 | 29 | 42.0% | 42.5% | +0.5 | — |
| 加 | 近兩年 | 隔天開盤 | 695 | 666 | 29 | 49.6% | 51.8% | +2.2 | — |
| 加 | 全期 | 隔天開盤 | 4838 | 4809 | 29 | 32.6% | 32.8% | +0.2 | — |

隔天開盤 40 天報酬完整、但 40 天最低價不完整的股票日:0
