BUILD 2026-10-11T00:14Z | 最後已收盤日 2026-10-09 | 期間 2025-10-10 ~ 2026-10-09

① 五檔 核心觸發日 → 標出 / 擋在哪一道(次數,不是勝率)

MU(日K 1250 根 2021-10-18~2026-10-09;⑦資金流 250 天;出/抄底冷卻重播與網頁事件一致=True)
  頂K:標出 2、擋在 收盤離高<5% 35、(另)只差 碰上緣 10、(另)只差 漲多 1
  減碼:擋在 沒跌破頂K低點 2
  出:標出 5、擋在 冷卻中(20根內有候選轉折) 6、擋在 20日內沒漲到50日線上15% 1
  抄底:擋在 20日內沒跌到50日線下10% 9、擋在 資金不夠寬鬆(<80%) 2
  加:標出 2、擋在 當天或前10根有出 2、擋在 同一段已標過 1
  熱:標出 1、擋在 週K TD<9 8
  買:(另)⑦資金流覆蓋不足的天 15
  期間內事件:頂K 2、出 5、加 2、熱 1

SNDK(日K 416 根 2025-02-13~2026-10-09;⑦資金流 250 天;出/抄底冷卻重播與網頁事件一致=True)
  頂K:標出 5、擋在 收盤離高<5% 47、(另)只差 碰上緣 25、(另)只差 漲多 1
  減碼:標出 1、擋在 沒跌破頂K低點 4
  出:標出 4、擋在 冷卻中(20根內有候選轉折) 2、擋在 20日內沒漲到50日線上15% 1
  抄底:擋在 20日內沒跌到50日線下10% 5、擋在 資金不夠寬鬆(<80%) 1
  加:標出 1、擋在 當天或前10根有出 3
  熱:標出 2、擋在 週K TD<9 9、擋在 同一段已標過 4
  買:(另)⑦資金流覆蓋不足的天 15
  期間內事件:頂K 5、減碼 1、出 4、加 1、熱 2

TSM(日K 1250 根 2021-10-18~2026-10-09;⑦資金流 250 天;出/抄底冷卻重播與網頁事件一致=True)
  頂K:擋在 收盤離高<5% 6
  出:標出 4、擋在 20日內沒漲到50日線上15% 8、擋在 冷卻中(20根內有候選轉折) 2
  抄底:擋在 20日內沒跌到50日線下10% 11、擋在 冷卻中 2、擋在 跌幅10–15%(要≥15%) 1
  加:標出 4、擋在 同一段已標過 5、擋在 當天或前10根有出 1
  熱:標出 2、擋在 週K TD<9 9、擋在 同一段已標過 2
  買:(另)⑦資金流覆蓋不足的天 15
  期間內事件:出 4、加 4、熱 2

NVDA(日K 1250 根 2021-10-18~2026-10-09;⑦資金流 250 天;出/抄底冷卻重播與網頁事件一致=True)
  頂K:擋在 收盤離高<5% 4、(另)只差 漲多 1
  出:標出 1、擋在 20日內沒漲到50日線上15% 15、擋在 冷卻中(20根內有候選轉折) 2
  抄底:擋在 20日內沒跌到50日線下10% 18
  加:標出 4、擋在 不是穩健上漲 6、擋在 QQQ 沒在20日線下 1
  熱:擋在 週K TD<9 3
  買:標出 5、(另)⑦資金流覆蓋不足的天 15
  期間內事件:出 1、買 5、加 4

META(日K 1250 根 2021-10-18~2026-10-09;⑦資金流 250 天;出/抄底冷卻重播與網頁事件一致=True)
  頂K:擋在 收盤離高<5% 10、(另)只差 漲多 2
  出:標出 1、擋在 20日內沒漲到50日線上15% 12
  抄底:擋在 20日內沒跌到50日線下10% 9、擋在 資金不夠寬鬆(<80%) 2、擋在 跌幅10–15%(要≥15%) 2
  加:擋在 不是穩健上漲 16
  熱:擋在 週K TD<9 10
  買:標出 9、(另)⑦資金流覆蓋不足的天 15
  期間內事件:出 1、買 9

② TSM 兩天逐條件(true=通過,false=擋下,null=資料不足)

TSM 2026-06-03
  頂K:{"hot": false, "touch": true, "off": false, "mark": false, "r20": 0.10719836921900883, "ext50": 0.1323570962060998, "dA": 1.4993979608349213, "offPct": 2.9931}
  減碼:{"prevTopK": false, "breakLow": false, "mark": false}
  出:{"crossDown": false, "ext15": true, "cool": false, "climate": true, "candidate": false, "mark": false, "extPct": 16.42, "climPct": 1}
  抄底:{"crossUp": false, "dip10": false, "dip15": false, "cool": true, "climate": false, "candidate": false, "mark": false, "dipPct": 6.25}
  加:{"steadyUp": true, "trigger": false, "rsi40": false, "lowerBand": false, "qqqBelow20": false, "noChu": true, "notRepeat": true, "mark": false}
  熱:{"tdD9to13": true, "touch": true, "tdW9": true, "touchW": true, "notRepeat": true, "mark": true, "tdD": 9, "tdW": 10}
  買:{"pathFirstDay": false, "pathT": false, "pathC": false, "pathD": false, "flowCoverageOK": true, "noBottomNear": true, "mark": false}

TSM 2026-10-05
  頂K:{"hot": true, "touch": true, "off": false, "mark": false, "r20": 0.13564639272139023, "ext50": 0.1410651008879582, "dA": 4.088748623700442, "offPct": 0.3426}
  減碼:{"prevTopK": false, "breakLow": false, "mark": false}
  出:{"crossDown": false, "ext15": false, "cool": true, "climate": true, "candidate": false, "mark": false, "extPct": 14.11, "climPct": 11}
  抄底:{"crossUp": false, "dip10": false, "dip15": false, "cool": true, "climate": false, "candidate": false, "mark": false, "dipPct": -0.98}
  加:{"steadyUp": false, "trigger": false, "rsi40": false, "lowerBand": false, "qqqBelow20": false, "noChu": true, "notRepeat": true, "mark": false}
  熱:{"tdD9to13": true, "touch": true, "tdW9": true, "touchW": true, "notRepeat": true, "mark": true, "tdD": 12, "tdW": 9}
  買:{"pathFirstDay": false, "pathT": false, "pathC": false, "pathD": false, "flowCoverageOK": true, "noBottomNear": true, "mark": false}

③ 圖層(CHIP_WIN=250;cockpitRows 在日K ≥260 根時前 252 根當暖機不畫)
  MU:圖上 250 根(10-13→10-09;推算起點 index 1000),畫出 10 個字;期間事件 10 個;沒畫到:無
  SNDK:圖上 164 根(02-17→10-09;推算起點 index 252),畫出 7 個字;期間事件 13 個;沒畫到:頂K 2025-10-17、頂K 2025-10-27、頂K 2026-01-08、頂K 2026-01-30、出 2025-11-20、熱 2025-10-27
  TSM:圖上 250 根(10-13→10-09;推算起點 index 1000),畫出 10 個字;期間事件 10 個;沒畫到:無
  NVDA:圖上 250 根(10-13→10-09;推算起點 index 1000),畫出 10 個字;期間事件 10 個;沒畫到:無
  META:圖上 250 根(10-13→10-09;推算起點 index 1000),畫出 10 個字;期間事件 10 個;沒畫到:無

④ 全追蹤宇宙(同一期間)
  候選 315 檔(chipSyms 342 檔去掉槓桿/反向 ETF);有診斷 297 檔;沒進 18 檔:
   網頁沒有日K:ACN、AKAM、BITF、CBRS、DHR、ETHA、IBIT、IEF、LQD、MDT、PTC、SH、SHY、TLT、VZ、WBD、XLK
   日K 不到 70 根:SKHY(65)
  冷卻重播與網頁事件不一致:無
  頂K:標出 366、擋在 收盤離高<5% 2795、(另)只差 漲多 568、(另)只差 碰上緣 536
  減碼:標出 111、擋在 沒跌破頂K低點 259
  出:標出 603、擋在 20日內沒漲到50日線上15% 3384、擋在 冷卻中(20根內有候選轉折) 608、擋在 資金不夠緊(>35%) 21、資料不足:20日內沒漲到50日線上15% 1
  抄底:擋在 20日內沒跌到50日線下10% 3074、擋在 冷卻中 726、擋在 資金不夠寬鬆(<80%) 488、擋在 跌幅10–15%(要≥15%) 293、資料不足:20日內沒跌到50日線下10% 2
  加:標出 468、擋在 不是穩健上漲 2898、擋在 QQQ 沒在20日線下 469、擋在 同一段已標過 283、擋在 當天或前10根有出 160
  熱:標出 65、擋在 週K TD<9 1396、擋在 同一段已標過 76、擋在 沒碰週布林上緣 30
  買:標出 1306、(另)⑦資金流覆蓋不足的天 8977
  期間內事件:買 1306、出 603、加 468、頂K 366、減碼 111、熱 65
  250 日圖畫不滿 250 根的:7 檔 SPCX(78 根/日K 83)、BMNR(87 根/日K 339)、CRCL(87 根/日K 339)、GLXY(100 根/日K 352)、CRWV(134 根/日K 386)、SNDK(164 根/日K 416)、NBIS(242 根/日K 494)
  因暖機看不到(本來在 250 根視窗內)的事件:24 個,5 檔 {'CRCL': 7, 'CRWV': 5, 'GLXY': 5, 'NBIS': 1, 'SNDK': 6};依種類 {'出': 9, '買': 6, '頂K': 6, '減碼': 2, '熱': 1}
  (另)期間第一天 2025-10-10 的事件 64 個:診斷期間 251 天、圖 250 根,本來就不在圖上,不算漏畫;依種類 {'減碼': 3, '加': 30, '頂K': 20, '出': 11}
