
[2009–17] 有出現「加」的股票 171 檔;至少 5 次且基準夠(≥40 天)的 150 檔;比自己平常好的 100 檔 = 67%
  事件數分布(合格的):中位數 15 次、最少 5、最多 28
  代號 | 加的次數 | 20天後較高 | 同股穩健上漲時平常 | 平常的天數
  BABA   |   5 |  40.0% |  71.6% | 261
  IBM    |  13 |  30.8% |  55.2% | 706
  CLF    |   8 |  25.0% |  49.0% | 431
  GE     |  11 |  27.3% |  50.9% | 680
  SWKS   |  11 |  45.5% |  66.8% | 1040
  SMCI   |   7 |  42.9% |  61.6% | 580
  TSLA   |   8 |  37.5% |  56.1% | 522
  MU     |  13 |  46.2% |  64.3% | 938
  AMD    |   5 |  40.0% |  56.5% | 416
  AMKR   |   8 |  37.5% |  53.7% | 436
  CI     |  14 |  57.1% |  71.9% | 1092
  INTC   |  19 |  47.4% |  61.8% | 798
  MTSI   |   7 |  28.6% |  43.0% | 519
  META   |  16 |  50.0% |  63.5% | 885
  V      |  27 |  55.6% |  68.7% | 1441
  NKE    |  18 |  50.0% |  62.6% | 999
  MA     |  26 |  61.5% |  72.6% | 1330
  BA     |   8 |  62.5% |  73.3% | 847
  TER    |  17 |  41.2% |  51.5% | 782
  IBKR   |   8 |  62.5% |  72.4% | 617
  NFLX   |  15 |  53.3% |  63.0% | 1197
  KKR    |  18 |  50.0% |  59.3% | 688
  LUV    |  10 |  60.0% |  68.9% | 840
  GOOGL  |  19 |  52.6% |  60.3% | 928
  MPWR   |  19 |  57.9% |  65.3% | 1088
  SBUX   |  22 |  59.1% |  66.2% | 1120
  LMT    |  23 |  60.9% |  67.6% | 1284
  MCO    |  19 |  57.9% |  64.6% | 1091
  LRCX   |  18 |  61.1% |  67.7% | 1149
  QCOM   |  11 |  54.5% |  60.7% | 562
  COHR   |  14 |  50.0% |  55.9% | 787
  BLK    |  19 |  52.6% |  58.4% | 914
  LULU   |  10 |  50.0% |  55.6% | 726
  INTU   |  24 |  58.3% |  63.6% | 1284
  GS     |  14 |  42.9% |  47.6% | 643
  ON     |  14 |  50.0% |  54.7% | 580
  UAL    |   8 |  50.0% |  54.4% | 744
  PANW   |   7 |  71.4% |  75.8% | 385
  MSFT   |  20 |  60.0% |  64.2% | 991
  KLAC   |  15 |  53.3% |  57.5% | 1077
  NOW    |  10 |  60.0% |  63.9% | 546
  MXL    |  11 |  45.5% |  49.4% | 555
  CMG    |  16 |  56.2% |  59.4% | 1022
  CME    |  14 |  57.1% |  60.2% | 845
  AXP    |  13 |  61.5% |  64.4% | 883
  SCHW   |  15 |  60.0% |  61.6% | 750
  GOOG   |  20 |  60.0% |  61.1% | 941
  USB    |  19 |  57.9% |  58.7% | 927
  ISRG   |  10 |  70.0% |  70.3% | 795
  WDAY   |   6 |  50.0% |  50.1% | 343
  NVO    |  14 |  64.3% |  63.8% | 992
  VRTX   |  12 |  58.3% |  57.7% | 743
  RCL    |  20 |  65.0% |  64.4% | 1131
  BKNG   |  19 |  68.4% |  67.5% | 1062
  PG     |  23 |  47.8% |  46.9% | 994
  JPM    |  17 |  58.8% |  57.6% | 823
  BIDU   |  16 |  62.5% |  60.6% | 878
  UPS    |  17 |  58.8% |  56.6% | 883
  ABBV   |   8 |  62.5% |  59.9% | 514
  WFC    |  19 |  57.9% |  54.9% | 849
  JD     |   7 |  57.1% |  54.1% | 233
  COF    |  13 |  53.8% |  50.1% | 765
  ORCL   |  16 |  62.5% |  58.5% | 796
  BKR    |   7 |  57.1% |  52.8% | 547
  CRM    |  19 |  63.2% |  58.7% | 1036
  NRG    |   8 |  62.5% |  57.9% | 573
  NXPI   |   8 |  75.0% |  70.3% | 811
  AMZN   |  28 |  64.3% |  59.4% | 1226
  MDT    |  17 |  64.7% |  59.7% | 898
  XOM    |  11 |  54.5% |  49.4% | 575
  ICE    |  24 |  58.3% |  53.1% | 1011
  SLB    |  11 |  54.5% |  49.0% | 580
  AMGN   |  15 |  53.3% |  47.7% | 776
  ROK    |  15 |  73.3% |  67.7% | 1126
  CIEN   |   9 |  44.4% |  38.7% | 488
  SPGI   |  20 |  70.0% |  64.2% | 1238
  BAC    |  14 |  64.3% |  58.1% | 559
  C      |  11 |  63.6% |  57.5% | 595
  DIS    |  15 |  73.3% |  67.0% | 1118
  PFE    |  13 |  61.5% |  55.2% | 959
  COST   |  23 |  60.9% |  54.3% | 1142
  PWR    |  11 |  63.6% |  56.9% | 555
  CVX    |  14 |  57.1% |  50.2% | 812
  MRVL   |  10 |  60.0% |  53.0% | 673
  TGT    |  14 |  57.1% |  50.1% | 669
  UNP    |  25 |  72.0% |  64.5% | 1300
  ADBE   |  21 |  71.4% |  63.9% | 1127
  AVGO   |  21 |  71.4% |  63.8% | 1158
  CCL    |  14 |  64.3% |  56.6% | 811
  SNPS   |  23 |  69.6% |  61.9% | 1214
  TSM    |  21 |  66.7% |  58.8% | 1056
  GILD   |  10 |  70.0% |  62.1% | 699
  NOC    |  17 |  76.5% |  68.3% | 1390
  ASML   |  20 |  65.0% |  56.9% | 1131
  LHX    |  19 |  68.4% |  60.1% | 975
  AA     |  13 |  69.2% |  60.7% | 593
  BX     |  16 |  68.8% |  60.1% | 858
  LOW    |  16 |  62.5% |  53.6% | 847
  MAR    |  16 |  75.0% |  65.5% | 1071
  TJX    |  15 |  73.3% |  63.6% | 1111
  AAPL   |  21 |  71.4% |  61.5% | 1200
  ADI    |  18 |  66.7% |  56.6% | 1114
  DE     |  12 |  75.0% |  64.3% | 862
  MCD    |  15 |  80.0% |  69.2% | 1112
  MMM    |  23 |  78.3% |  66.8% | 1302
  FDX    |  15 |  73.3% |  61.8% | 865
  PNC    |  15 |  73.3% |  61.6% | 891
  TMO    |  21 |  76.2% |  64.2% | 1106
  NCLH   |   7 |  71.4% |  59.4% | 441
  CAT    |  11 |  81.8% |  69.7% | 918
  WMT    |  12 |  66.7% |  54.1% | 801
  HD     |  24 |  79.2% |  66.1% | 1337
  WDC    |  12 |  75.0% |  61.6% | 838
  RTX    |  18 |  72.2% |  58.8% | 1019
  NVDA   |  21 |  76.2% |  62.7% | 1104
  GD     |  19 |  78.9% |  65.3% | 1036
  AMAT   |  17 |  76.5% |  62.2% | 901
  COP    |  10 |  70.0% |  55.6% | 729
  DAL    |  10 |  70.0% |  55.5% | 749
  UNH    |  18 |  83.3% |  68.8% | 1347
  STX    |  13 |  69.2% |  54.4% | 794
  JNJ    |  18 |  77.8% |  62.9% | 1087
  LLY    |  16 |  75.0% |  60.1% | 908
  HAL    |  11 |  72.7% |  57.7% | 854
  BMY    |  17 |  70.6% |  55.0% | 1076
  GLW    |  14 |  78.6% |  62.2% | 825
  REGN   |  14 |  71.4% |  54.8% | 941
  ETN    |  12 |  83.3% |  65.8% | 942
  CSCO   |  15 |  73.3% |  55.3% | 725
  HON    |  28 |  85.7% |  67.0% | 1353
  MS     |  13 |  76.9% |  57.9% | 760
  CVS    |  17 |  82.4% |  63.3% | 958
  CDNS   |  25 |  76.0% |  56.8% | 1276
  MSTR   |  10 |  70.0% |  49.1% | 676
  MRK    |  15 |  80.0% |  56.7% | 876
  APO    |  10 | 100.0% |  75.7% | 667
  MCHP   |  19 |  89.5% |  63.4% | 1108
  ENTG   |  17 |  82.4% |  56.2% | 956
  PEP    |  21 |  81.0% |  54.7% | 1087
  FSLR   |   6 |  66.7% |  40.3% | 417
  FCX    |   8 |  75.0% |  47.6% | 372
  KO     |  12 |  83.3% |  54.8% | 971
  TXN    |  21 |  95.2% |  66.7% | 1188
  NUE    |   9 |  77.8% |  44.6% | 435
  F      |  10 |  80.0% |  46.5% | 555
  GM     |   5 |  80.0% |  46.3% | 415
  AAL    |   9 |  88.9% |  54.7% | 863
  OXY    |  13 |  84.6% |  48.4% | 514
  NEM    |   7 |  85.7% |  46.8% | 417
  DVN    |   5 |  80.0% |  38.7% | 359

[2018–26] 有出現「加」的股票 246 檔;至少 5 次且基準夠(≥40 天)的 203 檔;比自己平常好的 133 檔 = 66%
  事件數分布(合格的):中位數 11 次、最少 5、最多 29
  代號 | 加的次數 | 20天後較高 | 同股穩健上漲時平常 | 平常的天數
  TMO    |  10 |  20.0% |  54.9% | 763
  GILD   |   8 |  12.5% |  46.1% | 573
  RKLB   |   5 |  20.0% |  51.6% | 403
  ASTS   |   5 |  20.0% |  50.2% | 323
  JD     |   6 |  33.3% |  62.3% | 427
  LMT    |   9 |  22.2% |  47.6% | 597
  ZS     |   9 |  33.3% |  58.5% | 706
  PEP    |  14 |  28.6% |  53.6% | 729
  CIEN   |   6 |  33.3% |  54.0% | 741
  LUV    |   5 |  20.0% |  40.5% | 259
  F      |   7 |  28.6% |  48.6% | 486
  BABA   |   8 |  12.5% |  30.8% | 441
  BILI   |   5 |  40.0% |  56.2% | 418
  IREN   |   5 |  20.0% |  36.1% | 241
  LHX    |  11 |  36.4% |  52.4% | 866
  CAT    |  10 |  40.0% |  55.9% | 823
  SWKS   |   5 |  40.0% |  55.2% | 337
  LOW    |  19 |  26.3% |  40.4% | 679
  NCLH   |   8 |  12.5% |  26.4% | 296
  IONQ   |   5 |  20.0% |  33.3% | 267
  PL     |   7 |  42.9% |  55.8% | 346
  IBKR   |  17 |  41.2% |  53.9% | 903
  ROK    |  17 |  35.3% |  47.6% | 851
  UBER   |   7 |  42.9% |  55.0% | 456
  SOFI   |   6 |  33.3% |  45.3% | 300
  HIMS   |   6 |  33.3% |  44.3% | 470
  NVO    |  12 |  50.0% |  60.6% | 1072
  PNC    |  14 |  42.9% |  53.3% | 752
  ORCL   |  19 |  47.4% |  57.2% | 928
  RDW    |   6 |  50.0% |  59.4% | 254
  META   |  16 |  50.0% |  59.3% | 875
  QCOM   |  13 |  38.5% |  47.6% | 613
  NUE    |   7 |  42.9% |  51.5% | 672
  DELL   |  13 |  53.8% |  62.0% | 963
  ETN    |  21 |  52.4% |  60.4% | 1020
  GD     |  15 |  46.7% |  54.6% | 826
  DASH   |   7 |  42.9% |  50.3% | 429
  VST    |  16 |  50.0% |  56.8% | 778
  APP    |   8 |  50.0% |  56.6% | 454
  AMZN   |  14 |  57.1% |  63.6% | 792
  CVX    |   7 |  42.9% |  49.3% | 519
  SNPS   |  15 |  46.7% |  53.1% | 893
  POET   |  10 |  30.0% |  36.3% | 474
  HOOD   |  10 |  60.0% |  66.2% | 447
  STX    |  12 |  58.3% |  63.6% | 1019
  ALLY   |  12 |  50.0% |  54.7% | 677
  MSFT   |  20 |  60.0% |  63.8% | 1207
  NKE    |  13 |  53.8% |  57.3% | 627
  HAL    |   5 |  40.0% |  43.0% | 449
  CDNS   |  22 |  54.5% |  57.3% | 1001
  ADBE   |  14 |  57.1% |  59.6% | 792
  CI     |   7 |  42.9% |  45.3% | 532
  TSLA   |   6 |  50.0% |  52.4% | 422
  PWR    |  29 |  55.2% |  57.5% | 1203
  CLF    |   6 |  50.0% |  52.2% | 435
  WDAY   |  14 |  50.0% |  52.0% | 660
  TEAM   |  17 |  58.8% |  60.7% | 881
  CVNA   |  16 |  56.2% |  57.9% | 1107
  RCL    |  12 |  41.7% |  43.2% | 651
  PG     |  12 |  58.3% |  59.8% | 870
  MU     |  12 |  58.3% |  59.7% | 775
  TTD    |  13 |  53.8% |  55.0% | 785
  USB    |   9 |  44.4% |  45.5% | 596
  TJX    |  21 |  57.1% |  58.0% | 1223
  AEHR   |   8 |  50.0% |  50.6% | 620
  SPGI   |  16 |  56.2% |  56.8% | 970
  PANW   |  14 |  57.1% |  57.6% | 872
  ENPH   |  11 |  54.5% |  54.8% | 722
  SBUX   |  11 |  54.5% |  54.8% | 684
  JNJ    |  10 |  50.0% |  50.1% | 611
  AXP    |  19 |  57.9% |  57.8% | 957
  KO     |  13 |  53.8% |  53.6% | 781
  UAL    |   7 |  42.9% |  42.5% | 454
  VRT    |  19 |  63.2% |  62.8% | 1077
  MAR    |  15 |  46.7% |  45.6% | 781
  ASML   |  18 |  61.1% |  60.0% | 1100
  SCHW   |  13 |  53.8% |  52.7% | 732
  GEV    |   5 |  60.0% |  58.8% | 272
  RIOT   |   5 |  40.0% |  38.7% | 359
  NXPI   |  14 |  50.0% |  48.7% | 709
  LULU   |  11 |  63.6% |  61.6% | 867
  AA     |   6 |  50.0% |  47.6% | 639
  TGT    |  10 |  60.0% |  57.6% | 794
  MRVL   |  18 |  55.6% |  53.1% | 876
  PFE    |   7 |  42.9% |  40.3% | 439
  REGN   |  12 |  50.0% |  47.0% | 676
  ON     |  11 |  54.5% |  51.6% | 671
  AFRM   |   9 |  33.3% |  30.3% | 274
  UNP    |  19 |  52.6% |  49.5% | 886
  ABBV   |  10 |  50.0% |  46.9% | 774
  BLK    |  13 |  61.5% |  58.1% | 798
  TSM    |  17 |  64.7% |  61.3% | 951
  CEG    |   9 |  55.6% |  51.8% | 425
  BKNG   |  11 |  54.5% |  50.4% | 678
  APO    |  21 |  61.9% |  57.8% | 838
  TXN    |  13 |  53.8% |  49.6% | 718
  MCHP   |  16 |  43.8% |  39.1% | 665
  MTSI   |  14 |  57.1% |  52.4% | 866
  ABNB   |   6 |  50.0% |  45.2% | 208
  COP    |   7 |  57.1% |  52.2% | 692
  AMAT   |  15 |  66.7% |  61.6% | 941
  PLTR   |  10 |  70.0% |  64.3% | 535
  MPWR   |  19 |  57.9% |  51.8% | 999
  MMM    |  11 |  63.6% |  57.4% | 608
  GS     |  17 |  64.7% |  58.1% | 960
  COST   |  21 |  71.4% |  64.8% | 1169
  WDC    |   9 |  66.7% |  59.7% | 704
  CRWD   |  11 |  63.6% |  56.5% | 704
  AMD    |  14 |  57.1% |  49.9% | 824
  RTX    |  15 |  60.0% |  52.7% | 921
  SMCI   |  12 |  58.3% |  50.9% | 654
  MDT    |  11 |  63.6% |  56.1% | 652
  AMKR   |  10 |  60.0% |  52.4% | 655
  AVGO   |  22 |  68.2% |  60.5% | 1171
  GE     |  10 |  70.0% |  62.1% | 870
  HUT    |   9 |  44.4% |  36.5% | 496
  NRG    |  10 |  60.0% |  51.8% | 809
  CMG    |   9 |  66.7% |  58.2% | 850
  KTOS   |  15 |  66.7% |  58.2% | 876
  V      |  23 |  65.2% |  56.8% | 1066
  SPOT   |   8 |  75.0% |  66.5% | 701
  HD     |  13 |  53.8% |  45.2% | 662
  ENTG   |  17 |  64.7% |  56.0% | 1002
  LRCX   |  14 |  71.4% |  62.7% | 922
  NEM    |   8 |  62.5% |  53.6% | 743
  BX     |  15 |  73.3% |  64.3% | 877
  PDD    |   7 |  57.1% |  47.8% | 517
  BAC    |  16 |  62.5% |  53.1% | 755
  FDX    |  11 |  54.5% |  45.1% | 565
  ADI    |  21 |  61.9% |  52.5% | 972
  WMT    |  19 |  68.4% |  58.9% | 1020
  DE     |  13 |  61.5% |  51.9% | 672
  C      |  16 |  62.5% |  52.8% | 777
  XOM    |  11 |  63.6% |  53.8% | 691
  HON    |  17 |  47.1% |  37.2% | 658
  VRTX   |  14 |  64.3% |  54.4% | 945
  CSCO   |  20 |  65.0% |  55.0% | 958
  WULF   |   9 |  55.6% |  45.5% | 648
  MS     |  18 |  66.7% |  56.1% | 915
  DKNG   |   7 |  57.1% |  46.5% | 413
  AAPL   |  22 |  68.2% |  57.5% | 1040
  IBM    |  13 |  61.5% |  50.5% | 693
  COF    |   9 |  66.7% |  55.6% | 712
  CRDO   |   8 |  62.5% |  51.3% | 470
  MA     |  20 |  70.0% |  58.7% | 1032
  KKR    |  19 |  73.7% |  62.0% | 999
  MSTR   |   5 |  60.0% |  48.3% | 431
  GM     |   8 |  62.5% |  50.6% | 547
  NOW    |  21 |  71.4% |  59.4% | 1056
  JPM    |  19 |  68.4% |  56.1% | 1074
  NFLX   |  12 |  75.0% |  62.3% | 922
  UNH    |  19 |  63.2% |  50.3% | 984
  NET    |   7 |  71.4% |  58.5% | 668
  NOC    |   8 |  62.5% |  49.5% | 742
  SLB    |   8 |  62.5% |  49.5% | 457
  BMY    |   9 |  55.6% |  42.0% | 572
  SNOW   |   5 |  60.0% |  46.1% | 256
  FUTU   |   5 |  60.0% |  46.0% | 409
  CCL    |   7 |  42.9% |  28.5% | 333
  LITE   |  10 |  70.0% |  55.1% | 572
  FSLR   |  12 |  58.3% |  43.0% | 677
  TLN    |   5 |  80.0% |  64.2% | 369
  TER    |  11 |  72.7% |  56.8% | 833
  INTU   |  22 |  72.7% |  56.7% | 1017
  LLY    |  14 |  71.4% |  55.4% | 1197
  ISRG   |  18 |  72.2% |  56.1% | 919
  GOOGL  |  18 |  72.2% |  55.9% | 1089
  ANET   |  18 |  77.8% |  60.8% | 1022
  MCD    |  20 |  65.0% |  47.9% | 849
  TWLO   |  10 |  80.0% |  62.7% | 798
  DIS    |   7 |  57.1% |  39.7% | 421
  CRM    |  11 |  72.7% |  55.2% | 685
  DAL    |   8 |  50.0% |  32.4% | 522
  GOOG   |  16 |  75.0% |  57.3% | 1101
  NVDA   |  24 |  83.3% |  64.7% | 1232
  COHR   |   9 |  77.8% |  58.3% | 600
  BKR    |  14 |  71.4% |  51.6% | 628
  CIFR   |   6 |  50.0% |  30.1% | 299
  DDOG   |   9 |  66.7% |  46.7% | 409
  MCO    |  19 |  78.9% |  58.2% | 991
  KLAC   |  20 |  80.0% |  58.7% | 1190
  BA     |   7 |  57.1% |  35.9% | 435
  WFC    |  14 |  71.4% |  49.3% | 756
  CVS    |   5 |  80.0% |  57.6% | 490
  MDB    |   7 |  71.4% |  48.6% | 687
  SHOP   |  15 |  80.0% |  56.4% | 1011
  OKLO   |   5 |  80.0% |  56.2% | 434
  APLD   |   5 |  60.0% |  36.2% | 318
  ROKU   |   9 |  77.8% |  52.7% | 639
  PYPL   |  13 |  84.6% |  59.6% | 680
  FCX    |   6 |  83.3% |  58.2% | 589
  ICE    |  22 |  77.3% |  50.0% | 1078
  OXY    |   7 |  71.4% |  43.9% | 485
  OKTA   |   9 |  88.9% |  61.3% | 762
  CME    |  16 |  81.2% |  53.6% | 908
  GLW    |  10 |  90.0% |  61.2% | 711
  MRK    |   7 |  85.7% |  55.0% | 883
  MXL    |   6 |  83.3% |  51.9% | 453
  UPS    |   8 |  75.0% |  42.9% | 403
  BE     |   9 |  88.9% |  56.2% | 505
  AVAV   |  12 |  83.3% |  49.4% | 648
  AMGN   |  10 |  80.0% |  43.9% | 785
  INTC   |  10 |  90.0% |  53.9% | 635
