資料 2004-01-02 ~ 2026-10-08;259 檔;ORIG 與 qlib.topk() 一致(assert 通過)
優勢 = ln(賣價/買回價) − 成本(正 = 比一直抱著好)。差 = 平均優勢 − 同波動×同漲幅隨便一天做同一套交易。[ ] = 日期區塊自助法 90%。

ORIG 現行頂K        p1   n=  393(未完成 0,每檔每年 0.29)| 優勢 0bp +1.43% / 10bp +1.33% / 25bp +1.18% | 中位 +2.95% 賺的比例 80% 限價成交 79% | ≤−5% 16% ≤−10% 10.2% | 對照(同波動×同漲幅)+0.42% 差 +1.00% [40日 -0.15,+2.13][60日 -0.09,+2.08] | 40日後較低 54% | 當晚收盤賣版 10bp +0.09%
ORIG 現行頂K        p2   n= 2963(未完成 2,每檔每年 1.48)| 優勢 0bp +0.54% / 10bp +0.44% / 25bp +0.29% | 中位 +2.95% 賺的比例 83% 限價成交 83% | ≤−5% 15% ≤−10% 13.2% | 對照(同波動×同漲幅)-0.17% 差 +0.71% [40日 -0.18,+1.67][60日 -0.08,+1.71] | 40日後較低 53% | 當晚收盤賣版 10bp -0.11%
ORIG 現行頂K        all  n= 3356(未完成 2,每檔每年 0.99)| 優勢 0bp +0.65% / 10bp +0.55% / 25bp +0.40% | 中位 +2.95% 賺的比例 83% 限價成交 82% | ≤−5% 15% ≤−10% 12.9% | 對照(同波動×同漲幅)-0.04% 差 +0.68% [40日 -0.14,+1.51][60日 -0.08,+1.56] | 40日後較低 53% | 當晚收盤賣版 10bp -0.09%

EXTRA 候選         p1   n=  505(未完成 0,每檔每年 0.37)| 優勢 0bp -0.83% / 10bp -0.93% / 25bp -1.08% | 中位 +0.53% 賺的比例 53% 限價成交 43% | ≤−5% 17% ≤−10% 5.5% | 對照(同波動×同漲幅)-0.15% 差 -0.68% [40日 -1.22,-0.14][60日 -1.17,-0.20] | 40日後較低 35% | 當晚收盤賣版 10bp -0.63%
EXTRA 候選         p2   n=  839(未完成 2,每檔每年 0.42)| 優勢 0bp -0.82% / 10bp -0.92% / 25bp -1.07% | 中位 +2.95% 賺的比例 61% 限價成交 55% | ≤−5% 18% ≤−10% 7.7% | 對照(同波動×同漲幅)-0.30% 差 -0.52% [40日 -1.23,+0.13][60日 -1.19,+0.10] | 40日後較低 44% | 當晚收盤賣版 10bp -0.68%
EXTRA 候選         all  n= 1344(未完成 2,每檔每年 0.40)| 優勢 0bp -0.83% / 10bp -0.93% / 25bp -1.08% | 中位 +2.95% 賺的比例 58% 限價成交 51% | ≤−5% 18% ≤−10% 6.9% | 對照(同波動×同漲幅)-0.28% 差 -0.55% [40日 -1.01,-0.10][60日 -1.01,-0.12] | 40日後較低 41% | 當晚收盤賣版 10bp -0.66%

UNION 兩者         p1   n=  898(未完成 0,每檔每年 0.66)| 優勢 0bp +0.16% / 10bp +0.06% / 25bp -0.09% | 中位 +2.95% 賺的比例 65% 限價成交 59% | ≤−5% 17% ≤−10% 7.6% | 對照(同波動×同漲幅)+0.10% 差 +0.05% [40日 -0.64,+0.76][60日 -0.60,+0.70] | 40日後較低 44% | 當晚收盤賣版 10bp -0.31%
UNION 兩者         p2   n= 3802(未完成 4,每檔每年 1.89)| 優勢 0bp +0.24% / 10bp +0.14% / 25bp -0.01% | 中位 +2.95% 賺的比例 78% 限價成交 77% | ≤−5% 16% ≤−10% 12.0% | 對照(同波動×同漲幅)-0.20% 差 +0.44% [40日 -0.27,+1.23][60日 -0.21,+1.22] | 40日後較低 51% | 當晚收盤賣版 10bp -0.24%
UNION 兩者         all  n= 4700(未完成 4,每檔每年 1.39)| 優勢 0bp +0.23% / 10bp +0.13% / 25bp -0.02% | 中位 +2.95% 賺的比例 76% 限價成交 73% | ≤−5% 16% ≤−10% 11.2% | 對照(同波動×同漲幅)-0.11% 差 +0.33% [40日 -0.27,+0.94][60日 -0.27,+0.89] | 40日後較低 49% | 當晚收盤賣版 10bp -0.25%

REST 同前提回落小      p1   n= 9289(未完成 0,每檔每年 6.78)| 優勢 0bp -0.07% / 10bp -0.17% / 25bp -0.32% | 中位 +1.87% 賺的比例 57% 限價成交 49% | ≤−5% 14% ≤−10% 4.2% | 對照(同波動×同漲幅)-0.16% 差 +0.09% [40日 -0.14,+0.33][60日 -0.13,+0.32] | 40日後較低 39% | 當晚收盤賣版 10bp -0.13%
REST 同前提回落小      p2   n=17673(未完成 66,每檔每年 8.83)| 優勢 0bp +0.04% / 10bp -0.06% / 25bp -0.21% | 中位 +2.95% 賺的比例 70% 限價成交 66% | ≤−5% 16% ≤−10% 8.4% | 對照(同波動×同漲幅)-0.27% 差 +0.31% [40日 +0.02,+0.67][60日 +0.02,+0.64] | 40日後較低 46% | 當晚收盤賣版 10bp -0.11%
REST 同前提回落小      all  n=26962(未完成 66,每檔每年 8.00)| 優勢 0bp +0.00% / 10bp -0.10% / 25bp -0.25% | 中位 +2.95% 賺的比例 66% 限價成交 60% | ≤−5% 15% ≤−10% 7.0% | 對照(同波動×同漲幅)-0.24% 差 +0.24% [40日 +0.03,+0.46][60日 +0.02,+0.46] | 40日後較低 44% | 當晚收盤賣版 10bp -0.12%

四段(EXTRA 差,0bp;n<30 算沒過)
  2009-07~2013-12 n=243 差 -1.10% 平均 10bp -1.26%
  2014-01~2018-12 n=361 差 -0.33% 平均 10bp -0.48%
  2019-01~2022-12 n=353 差 -0.42% 平均 10bp -0.70%
  2023-01~2026-10 n=387 差 -0.72% 平均 10bp -1.35%

連續操作版(不重疊;成本 10 bp)
  p1   ORIG 256 筆(每檔每年 0.19)每筆 +0.67% 合計每檔每年 +0.125% | UNION 712 筆(0.52)每筆 -0.45% 合計每檔每年 -0.234% | 增量 -0.358% [40日 -0.552,-0.172][60日 -0.533,-0.189]
  p2   ORIG 1801 筆(每檔每年 0.90)每筆 -0.11% 合計每檔每年 -0.102% | UNION 2484 筆(1.24)每筆 -0.27% 合計每檔每年 -0.338% | 增量 -0.236% [40日 -0.438,-0.052][60日 -0.422,-0.057]
  all  ORIG 2057 筆(每檔每年 0.61)每筆 -0.02% 合計每檔每年 -0.010% | UNION 3196 筆(0.95)每筆 -0.31% 合計每檔每年 -0.295% | 增量 -0.285% [40日 -0.427,-0.147][60日 -0.428,-0.161]

集中度:EXTRA 合計優勢最大的 5 檔 PDD +34.1%, WULF +31.2%, ORCL +22.3%, SWKS +18.8%, CCL +17.8%
  p1 全部 -0.93%(n=505)→ 拿掉後 -1.06%(n=487)
  p2 全部 -0.92%(n=839)→ 拿掉後 -1.04%(n=820)

每檔(2009-07~;只描述):
  ORIG 現行頂K:≥3 次的 135 檔,平均 >0 的 50%
  EXTRA 候選:≥3 次的 184 檔,平均 >0 的 42%
  MU: ORIG n=3 10bp +2.95% 賺 100% 成交 100%; EXTRA n=10 10bp -2.51% 賺 50% 成交 40%; UNION n=13 10bp -1.25% 賺 62% 成交 54%;
  SNDK: ORIG n=8 10bp -10.48% 賺 62% 成交 62%; EXTRA n=0; UNION n=8 10bp -10.48% 賺 62% 成交 62%;

敏感度:ATR 倍數(只描述,不拿來挑;判定只看 1.0)
  0.75×ATR:p1 n=1139(0.83/檔年)10bp -0.66% 差 -0.42% | p2 n=2066(1.03/檔年)10bp -0.37% 差 +0.02%
  1.00×ATR:p1 n=505(0.37/檔年)10bp -0.93% 差 -0.68% | p2 n=839(0.42/檔年)10bp -0.92% 差 -0.52%
  1.25×ATR:p1 n=231(0.17/檔年)10bp -0.91% 差 -0.64% | p2 n=397(0.20/檔年)10bp -1.02% 差 -0.60%
  1.50×ATR:p1 n=117(0.09/檔年)10bp -0.21% 差 +0.05% | p2 n=197(0.10/檔年)10bp -1.14% 差 -0.74%

判定(事前設定 dbb19ce 的 6 條,全部要過):
  沒過  1 EXTRA 平均優勢 10bp >0(p1、p2):-0.93% / -0.92%
  沒過  2 EXTRA − 對照 >0(p1、p2)且全期 90% 下緣 >0(40、60 日):-0.68% / -0.52%;全期 [40日 -1.01] [60日 -1.01]
  沒過  3 四段至少 3 段差 >0(n<30 算沒過):-1.10%(n=243) / -0.33%(n=361) / -0.42%(n=353) / -0.72%(n=387)
  沒過  4 連續操作 UNION−ORIG 每檔每年增量 >0(p1、p2):-0.358% / -0.236%
  沒過  5 EXTRA 25bp ≥0(p1、p2):-1.08% / -1.07%
  沒過  6 拿掉前 5 檔後 p1、p2 平均 >0:-1.06% / -1.04%
結論:不通過 → 不上線,這輪不換門檻重試
