資料 2004-01-02~2026-10-08;259 檔;判定只用 ≤2026-07-31 的訊號;報酬 = t+1 開盤買、t+20 收盤賣(log);成本每邊扣;差 = 毛報酬 − 同股同狀態(NOHIGH 狀態且 QQQ<20日線)平均
檢查:UTS = t23 定義 ✓;ORIG = 上線版(t23h)同一式 ✓

  共同        p1       n= 2278(未完成 0,每檔每年 1.66)| 淨報酬 0/10/25bp +2.16/+1.96/+1.66% 中位 +2.18% 賺 64% | 對照 +2.05% 差 +0.11%(n=2276) [40日 -0.71,+0.88][60日 -0.69,+0.88] | MAE 平均 -5.4% 跌≥10% 14.0%
  新增        p1       n=  704(未完成 0,每檔每年 0.51)| 淨報酬 0/10/25bp +2.42/+2.22/+1.92% 中位 +2.48% 賺 62% | 對照 +2.04% 差 +0.38%(n=703) [40日 -0.98,+1.75][60日 -1.00,+1.80] | MAE 平均 -6.2% 跌≥10% 17.8%
  消失        p1       n=    2(未完成 0,每檔每年 0.00)| 淨報酬 0/10/25bp -0.55/-0.75/-1.05% 中位 -0.75% 賺 50% | 對照 +4.19% 差 -4.74%(n=2) | MAE 平均 -7.6% 跌≥10% 50.0%
  ORIG 整版   p1       n= 2280(未完成 0,每檔每年 1.66)| 淨報酬 0/10/25bp +2.16/+1.96/+1.66% 中位 +2.18% 賺 64% | 對照 +2.05% 差 +0.10%(n=2278) | MAE 平均 -5.5% 跌≥10% 14.1%
  NOHIGH 整版 p1       n= 2982(未完成 0,每檔每年 2.18)| 淨報酬 0/10/25bp +2.22/+2.02/+1.72% 中位 +2.21% 賺 63% | 對照 +2.05% 差 +0.17%(n=2979) | MAE 平均 -5.6% 跌≥10% 14.9%

  共同        p2       n= 2529(未完成 0,每檔每年 1.29)| 淨報酬 0/10/25bp +1.42/+1.22/+0.92% 中位 +1.66% 賺 57% | 對照 +1.50% 差 -0.08%(n=2529) [40日 -2.27,+1.88][60日 -2.54,+2.06] | MAE 平均 -9.8% 跌≥10% 29.9%
  新增        p2       n=  762(未完成 0,每檔每年 0.39)| 淨報酬 0/10/25bp +2.84/+2.64/+2.34% 中位 +1.72% 賺 56% | 對照 +0.96% 差 +1.88%(n=762) [40日 +0.31,+3.44][60日 +0.07,+3.89] | MAE 平均 -9.5% 跌≥10% 31.1%
  消失        p2       事件 0(全部未完成)
  ORIG 整版   p2       n= 2529(未完成 0,每檔每年 1.29)| 淨報酬 0/10/25bp +1.42/+1.22/+0.92% 中位 +1.66% 賺 57% | 對照 +1.50% 差 -0.08%(n=2529) | MAE 平均 -9.8% 跌≥10% 29.9%
  NOHIGH 整版 p2       n= 3291(未完成 0,每檔每年 1.68)| 淨報酬 0/10/25bp +1.75/+1.55/+1.25% 中位 +1.70% 賺 57% | 對照 +1.38% 差 +0.37%(n=3291) | MAE 平均 -9.8% 跌≥10% 30.2%

  共同        全期       n= 4807(未完成 0,每檔每年 1.44)| 淨報酬 0/10/25bp +1.77/+1.57/+1.27% 中位 +1.95% 賺 60% | 對照 +1.79% 差 -0.02%(n=4807) [40日 -1.31,+1.04][60日 -1.36,+1.16] | MAE 平均 -7.8% 跌≥10% 22.4%
  新增        全期       n= 1466(未完成 0,每檔每年 0.44)| 淨報酬 0/10/25bp +2.64/+2.44/+2.14% 中位 +2.06% 賺 59% | 對照 +1.57% 差 +1.07%(n=1466) [40日 +0.02,+2.18][60日 -0.16,+2.31] | MAE 平均 -7.9% 跌≥10% 24.7%
  消失        全期       n=    2(未完成 0,每檔每年 0.00)| 淨報酬 0/10/25bp -0.55/-0.75/-1.05% 中位 -0.75% 賺 50% | 對照 +3.07% 差 -3.63%(n=2) | MAE 平均 -7.6% 跌≥10% 50.0%
  ORIG 整版   全期       n= 4809(未完成 0,每檔每年 1.44)| 淨報酬 0/10/25bp +1.77/+1.57/+1.27% 中位 +1.95% 賺 60% | 對照 +1.79% 差 -0.02%(n=4809) | MAE 平均 -7.8% 跌≥10% 22.4%
  NOHIGH 整版 全期       n= 6273(未完成 0,每檔每年 1.88)| 淨報酬 0/10/25bp +1.97/+1.77/+1.47% 中位 +1.98% 賺 60% | 對照 +1.74% 差 +0.24%(n=6273) | MAE 平均 -7.8% 跌≥10% 22.9%

  共同        近兩年      n=  729(未完成 0,每檔每年 1.44)| 淨報酬 0/10/25bp +2.78/+2.58/+2.28% 中位 +2.22% 賺 58% | 對照 +1.86% 差 +0.98%(n=720) | MAE 平均 -10.6% 跌≥10% 35.8%
  新增        近兩年      n=  205(未完成 0,每檔每年 0.41)| 淨報酬 0/10/25bp +5.47/+5.27/+4.97% 中位 +3.62% 賺 57% | 對照 +0.77% 差 +5.14%(n=197) | MAE 平均 -11.9% 跌≥10% 40.0%
  消失        近兩年      事件 0(全部未完成)
  ORIG 整版   近兩年      n=  729(未完成 0,每檔每年 1.44)| 淨報酬 0/10/25bp +2.78/+2.58/+2.28% 中位 +2.22% 賺 58% | 對照 +1.86% 差 +0.98%(n=720) | MAE 平均 -10.6% 跌≥10% 35.8%
  NOHIGH 整版 近兩年      n=  934(未完成 0,每檔每年 1.85)| 淨報酬 0/10/25bp +3.37/+3.17/+2.87% 中位 +2.42% 賺 58% | 對照 +1.63% 差 +1.88%(n=917) | MAE 平均 -10.9% 跌≥10% 36.7%

  共同        2026-08 後 n=   22(未完成 7,每檔每年 0.45)| 淨報酬 0/10/25bp +0.81/+0.61/+0.31% 中位 -4.25% 賺 27% | 對照 +nan% 差 +nan%(n=0) | MAE 平均 -8.5% 跌≥10% 31.8%
  新增        2026-08 後 n=   17(未完成 4,每檔每年 0.34)| 淨報酬 0/10/25bp +8.05/+7.85/+7.55% 中位 +6.53% 賺 71% | 對照 +nan% 差 +nan%(n=0) | MAE 平均 -7.3% 跌≥10% 17.6%
  消失        2026-08 後 事件 0(全部未完成)
  ORIG 整版   2026-08 後 n=   22(未完成 7,每檔每年 0.45)| 淨報酬 0/10/25bp +0.81/+0.61/+0.31% 中位 -4.25% 賺 27% | 對照 +nan% 差 +nan%(n=0) | MAE 平均 -8.5% 跌≥10% 31.8%
  NOHIGH 整版 2026-08 後 n=   39(未完成 11,每檔每年 0.79)| 淨報酬 0/10/25bp +3.97/+3.77/+3.47% 中位 -1.75% 賺 46% | 對照 +nan% 差 +nan%(n=0) | MAE 平均 -8.0% 跌≥10% 25.6%

次對照 B2(新增 → NOHIGH 狀態但近 40 根沒新高;共同/消失 → ORIG 狀態;只描述)
  新增 p1 差(對 B2)+0.10%(n=689)
  共同 p1 差(對 B2)+0.21%(n=2276)
  消失 p1 差(對 B2)-4.74%(n=2)
  新增 p2 差(對 B2)+0.60%(n=734)
  共同 p2 差(對 B2)+0.25%(n=2529)
  消失 p2 差(對 B2)+nan%(n=0)

四段(新增,差;n<30 算沒過)
  2009-07~2013-12 n=383 差 +0.61% 淨10bp +2.19%
  2014-01~2018-12 n=415 差 +0.48% 淨10bp +2.01%
  2019-01~2022-12 n=270 差 +1.78% 淨10bp +2.95%
  2023-01~2026-07 n=398 差 +3.24% 淨10bp +2.78%

分組(新增,全期 2009-07~2026-07;只描述)
  低波動(VQ<0.5) 新增:n=807 淨10bp +1.45% 差 +0.08% 跌≥10% 16.1%
  低波動(VQ<0.5) 共同:n=2860 淨10bp +1.20% 差 -0.10% 跌≥10% 14.5%
  高波動(VQ≥0.5) 新增:n=659 淨10bp +3.66% 差 +2.28% 跌≥10% 35.2%
  高波動(VQ≥0.5) 共同:n=1947 淨10bp +2.11% 差 +0.10% 跌≥10% 34.0%
  量縮(量比≤0.8) 新增:n=322 淨10bp +3.90% 差 +2.61% 跌≥10% 32.0%
  量縮(量比≤0.8) 共同:n=970 淨10bp +1.84% 差 +0.16% 跌≥10% 26.4%
  沒量縮(量比>0.8) 新增:n=1144 淨10bp +2.03% 差 +0.64% 跌≥10% 22.6%
  沒量縮(量比>0.8) 共同:n=3837 淨10bp +1.50% 差 -0.06% 跌≥10% 21.4%

集中度:新增事件「差」合計最大的 5 檔 ['POET', 'CRML', 'HIMS', 'AMD', 'CCL'];拿掉後 p1 +0.33%、p2 +1.19%
每檔:新增 ≥3 次的 194 檔,「差」>0 的 60%

ETF(SPY、QQQ;Yahoo 調整後;只描述;2009-07~2026-07)
  SPY ORIG   n=65 淨10bp +0.54% 賺 69% 跌≥10% 5%
  SPY NOHIGH n=70 淨10bp +0.74% 賺 71% 跌≥10% 4%
  SPY 新增     n=5 淨10bp +3.38% 賺 100% 跌≥10% 0% 日期 ['2016-10-13', '2016-11-01', '2018-06-25', '2019-10-01', '2023-05-04']
  SPY 消失     n=0 淨10bp +nan% 賺 nan% 跌≥10% nan% 日期 []
  QQQ ORIG   n=59 淨10bp +0.41% 賺 63% 跌≥10% 10%
  QQQ NOHIGH n=70 淨10bp +0.91% 賺 66% 跌≥10% 9%
  QQQ 新增     n=11 淨10bp +3.60% 賺 82% 跌≥10% 0% 日期 ['2009-08-19', '2010-06-29', '2011-04-18', '2013-02-21', '2013-04-04', '2019-09-27', '2023-09-21', '2024-09-06', '2024-11-04', '2026-01-20', '2026-02-04']
  QQQ 消失     n=0 淨10bp +nan% 賺 nan% 跌≥10% nan% 日期 []

與網頁 JS 比(2022-09-01~2026-07-31;研究 = Yahoo,網頁 = 富途/Yahoo 擴充;只報一致率)
  SPY ORIG:研究 16、網頁 16、相同 16;只在研究 [];只在網頁 []
  SPY NOHIGH:研究 17、網頁 17、相同 17;只在研究 [];只在網頁 []
  QQQ ORIG:研究 10、網頁 10、相同 10;只在研究 [];只在網頁 []
  QQQ NOHIGH:研究 15、網頁 15、相同 15;只在研究 [];只在網頁 []
  AMD ORIG:研究 6、網頁 6、相同 6;只在研究 [];只在網頁 []
  AMD NOHIGH:研究 9、網頁 9、相同 9;只在研究 [];只在網頁 []
  PLTR ORIG:研究 10、網頁 10、相同 10;只在研究 [];只在網頁 []
  PLTR NOHIGH:研究 12、網頁 12、相同 12;只在研究 [];只在網頁 []
  AVGO ORIG:研究 13、網頁 13、相同 13;只在研究 [];只在網頁 []
  AVGO NOHIGH:研究 17、網頁 17、相同 17;只在研究 [];只在網頁 []

判定(事前設定 7f65728 的 6 條,全部要過):
  過  1 新增 淨報酬 10bp >0(p1、p2):+2.22% / +2.64%
  沒過  2 新增 差 >0(p1、p2)且全期 90% 下緣 >0(40、60 日):+0.38% / +1.88%;全期下緣 40日 +0.02%、60日 -0.16%
  過  3 新增 四段 ≥3 段差 >0(n<30 算沒過):+0.61%(n=383) / +0.48%(n=415) / +1.78%(n=270) / +3.24%(n=398)
  沒過  4 整版不變差:NOHIGH 淨報酬 ≥ ORIG,且跌≥10% 比例 ≤ ORIG(p1、p2):淨 +2.02 vs +1.96% / +1.55 vs +1.22%;跌≥10% 14.9 vs 14.1% / 30.2 vs 29.9%
  過  5 拿掉前 5 檔後新增差 >0(p1、p2):+0.33% / +1.19%
  過  6 每邊 25bp 新增淨報酬 >0(p1、p2):+1.92% / +2.34%
結論:不通過 → 維持原版(近 40 根新高照舊),這輪不換回看天數重試
