== 現行頂K(漲多:20日+30%/離20日線3ATR/離50日線+25% 任一;碰布林上緣(20,2);收盤離高≥5%)
頂K 現行 | p1: n= 393(0.18/檔年) 20日命中+15.5 平均-2.65% 扣大盤-2.89% 跌≥10% 63/44 | 40日命中+14.6 平均-2.52% | p2: n=2962(1.31/檔年) 20日命中 +5.8 平均+0.11% 扣大盤-0.43% 跌≥10% 70/60 | 40日命中 +8.4 平均-0.23%
== 減碼(頂K隔天收破低點,隔天收盤賣)
減碼 現行 | p1: n=  90(0.04/檔年) 20日命中+16.0 平均-3.11% 扣大盤-3.33% 跌≥10% 62/44 | 40日命中+26.6 平均-4.67% | p2: n= 870(0.38/檔年) 20日命中 +7.5 平均+0.56% 扣大盤+0.11% 跌≥10% 66/60 | 40日命中+11.7 平均-0.34%
== 收盤離高點幅度
off=0.0 | p1: n=10187(4.63/檔年) 20日命中 +0.9 平均-0.33% 扣大盤-0.06% 跌≥10% 20/22 | 40日命中 +2.0 平均-0.52% | p2: n=21430(9.51/檔年) 20日命中 +1.3 平均+0.44% 扣大盤+0.32% 跌≥10% 41/41 | 40日命中 +2.7 平均-0.23%
off=0.03 | p1: n= 831(0.38/檔年) 20日命中+10.3 平均-1.64% 扣大盤-1.77% 跌≥10% 54/41 | 40日命中+11.3 平均-2.61% | p2: n=5292(2.34/檔年) 20日命中 +3.6 平均+1.05% 扣大盤+0.59% 跌≥10% 63/57 | 40日命中 +6.3 平均+0.77%
off=0.05 | p1: n= 393(0.18/檔年) 20日命中+15.5 平均-2.65% 扣大盤-2.89% 跌≥10% 63/44 | 40日命中+14.6 平均-2.52% | p2: n=2962(1.31/檔年) 20日命中 +5.8 平均+0.11% 扣大盤-0.43% 跌≥10% 70/60 | 40日命中 +8.4 平均-0.23%
off=0.07 | p1: n= 234(0.11/檔年) 20日命中+17.0 平均-2.67% 扣大盤-2.70% 跌≥10% 71/45 | 40日命中+13.0 平均-0.37% | p2: n=1775(0.78/檔年) 20日命中 +7.7 平均-0.39% 扣大盤-1.08% 跌≥10% 74/62 | 40日命中 +9.8 平均+0.12%
off=0.1 | p1: n= 122(0.06/檔年) 20日命中+19.9 平均-3.81% 扣大盤-4.12% 跌≥10% 78/45 | 40日命中+17.1 平均-2.26% | p2: n= 855(0.38/檔年) 20日命中 +8.6 平均-2.51% 扣大盤-3.43% 跌≥10% 76/63 | 40日命中+10.8 平均-1.37%
== 20日漲幅門檻(其餘兩條仍在)
r20=0.2 | p1: n= 481(0.22/檔年) 20日命中+16.2 平均-3.14% 扣大盤-3.20% 跌≥10% 63/44 | 40日命中+15.0 平均-3.09% | p2: n=3483(1.54/檔年) 20日命中 +5.3 平均+0.21% 扣大盤-0.34% 跌≥10% 69/59 | 40日命中 +8.0 平均-0.19%
r20=0.3 | p1: n= 393(0.18/檔年) 20日命中+15.5 平均-2.65% 扣大盤-2.89% 跌≥10% 63/44 | 40日命中+14.6 平均-2.52% | p2: n=2962(1.31/檔年) 20日命中 +5.8 平均+0.11% 扣大盤-0.43% 跌≥10% 70/60 | 40日命中 +8.4 平均-0.23%
r20=0.4 | p1: n= 362(0.16/檔年) 20日命中+15.1 平均-2.33% 扣大盤-2.58% 跌≥10% 62/44 | 40日命中+14.1 平均-1.41% | p2: n=2768(1.22/檔年) 20日命中 +6.2 平均-0.05% 扣大盤-0.59% 跌≥10% 70/60 | 40日命中 +8.7 平均-0.39%
r20=9 | p1: n= 353(0.16/檔年) 20日命中+14.8 平均-1.82% 扣大盤-2.16% 跌≥10% 62/44 | 40日命中+13.2 平均-0.95% | p2: n=2630(1.16/檔年) 20日命中 +6.3 平均-0.20% 扣大盤-0.70% 跌≥10% 70/60 | 40日命中 +9.1 平均-0.65%
== ATR 倍數
atr=2 | p1: n= 512(0.23/檔年) 20日命中+13.6 平均-2.41% 扣大盤-2.52% 跌≥10% 58/42 | 40日命中+13.0 平均-1.90% | p2: n=3404(1.51/檔年) 20日命中 +5.1 平均+0.48% 扣大盤-0.15% 跌≥10% 68/59 | 40日命中 +8.1 平均-0.10%
atr=3 | p1: n= 393(0.18/檔年) 20日命中+15.5 平均-2.65% 扣大盤-2.89% 跌≥10% 63/44 | 40日命中+14.6 平均-2.52% | p2: n=2962(1.31/檔年) 20日命中 +5.8 平均+0.11% 扣大盤-0.43% 跌≥10% 70/60 | 40日命中 +8.4 平均-0.23%
atr=4 | p1: n= 355(0.16/檔年) 20日命中+15.3 平均-2.58% 扣大盤-2.84% 跌≥10% 66/45 | 40日命中+14.6 平均-2.29% | p2: n=2873(1.27/檔年) 20日命中 +5.8 平均+0.18% 扣大盤-0.34% 跌≥10% 70/60 | 40日命中 +8.4 平均-0.09%
atr=99 | p1: n= 344(0.16/檔年) 20日命中+15.4 平均-2.77% 扣大盤-3.04% 跌≥10% 67/45 | 40日命中+15.1 平均-2.51% | p2: n=2859(1.26/檔年) 20日命中 +5.6 平均+0.28% 扣大盤-0.26% 跌≥10% 70/60 | 40日命中 +8.5 平均-0.04%
== 離50日線門檻
ext=0.15 | p1: n= 528(0.24/檔年) 20日命中+13.8 平均-2.84% 扣大盤-2.98% 跌≥10% 60/43 | 40日命中+13.1 平均-2.31% | p2: n=3613(1.60/檔年) 20日命中 +5.4 平均+0.05% 扣大盤-0.45% 跌≥10% 68/59 | 40日命中 +8.5 平均-0.72%
ext=0.25 | p1: n= 393(0.18/檔年) 20日命中+15.5 平均-2.65% 扣大盤-2.89% 跌≥10% 63/44 | 40日命中+14.6 平均-2.52% | p2: n=2962(1.31/檔年) 20日命中 +5.8 平均+0.11% 扣大盤-0.43% 跌≥10% 70/60 | 40日命中 +8.4 平均-0.23%
ext=0.35 | p1: n= 351(0.16/檔年) 20日命中+17.4 平均-3.44% 扣大盤-3.68% 跌≥10% 64/44 | 40日命中+15.2 平均-3.69% | p2: n=2680(1.18/檔年) 20日命中 +6.2 平均-0.34% 扣大盤-0.94% 跌≥10% 71/60 | 40日命中 +9.0 平均-0.79%
ext=9 | p1: n= 339(0.15/檔年) 20日命中+17.1 平均-3.60% 扣大盤-3.81% 跌≥10% 63/44 | 40日命中+15.0 平均-4.21% | p2: n=2534(1.12/檔年) 20日命中 +6.4 平均-0.41% 扣大盤-1.06% 跌≥10% 71/60 | 40日命中 +8.8 平均-0.62%
== 布林寬度
bbk=1.5 | p1: n= 521(0.24/檔年) 20日命中+15.9 平均-3.30% 扣大盤-3.43% 跌≥10% 65/44 | 40日命中+15.2 平均-2.93% | p2: n=4264(1.89/檔年) 20日命中 +5.9 平均+0.16% 扣大盤-0.33% 跌≥10% 69/60 | 40日命中 +8.3 平均-0.26%
bbk=2.0 | p1: n= 393(0.18/檔年) 20日命中+15.5 平均-2.65% 扣大盤-2.89% 跌≥10% 63/44 | 40日命中+14.6 平均-2.52% | p2: n=2962(1.31/檔年) 20日命中 +5.8 平均+0.11% 扣大盤-0.43% 跌≥10% 70/60 | 40日命中 +8.4 平均-0.23%
bbk=2.5 | p1: n= 284(0.13/檔年) 20日命中+15.3 平均-2.85% 扣大盤-2.98% 跌≥10% 63/44 | 40日命中+15.7 平均-3.57% | p2: n=1794(0.79/檔年) 20日命中 +6.7 平均-0.37% 扣大盤-1.09% 跌≥10% 71/60 | 40日命中 +8.5 平均-0.48%
== 不要漲多條件(只看碰上緣+離高5%)
無漲多 | p1: n=   0(0.00/檔年) 20日命中 +nan 平均 +nan% 扣大盤 +nan% 跌≥10% nan/nan | 40日命中 +nan 平均 +nan% | p2: n=  10(0.00/檔年) 20日命中+54.6 平均-132.70% 扣大盤-137.42% 跌≥10% 100/65 | 40日命中+55.8 平均-78.23%
== 四段期間(20日命中差):頂K [np.float64(14.1), np.float64(17.0), np.float64(4.8), np.float64(6.5)]  減碼 [np.float64(16.0), np.float64(15.5), np.float64(7.5), np.float64(7.8)]
