買-趨勢路徑(價格部分)                       p1  10日 n= 5298 (2.41/檔年) 命中 57.1% vs 56.4% | 平均 +0.72% vs +0.62% | 扣大盤 -0.10% | 中途再跌≥10% 16%
買-趨勢路徑(價格部分)                       p2  10日 n= 6967 (3.09/檔年) 命中 51.7% vs 53.4% | 平均 -0.13% vs +0.41% | 扣大盤 -0.27% | 中途再跌≥10% 33%
買-趨勢路徑(價格部分)                       all 10日 n=12265 (2.75/檔年) 命中 54.0% vs 54.6% | 平均 +0.24% vs +0.50% | 扣大盤 -0.20% | 中途再跌≥10% 26%
買-趨勢路徑(價格部分)                       p1  20日 n= 5298 (2.41/檔年) 命中 60.4% vs 58.9% [-1.3,+4.6] | 平均 +1.46% vs +1.26% [-0.41,+0.80] | 扣大盤 -0.01% | 中途再跌≥10% 16%
買-趨勢路徑(價格部分)                       p2  20日 n= 6930 (3.09/檔年) 命中 52.7% vs 54.2% [-5.2,+1.4] | 平均 +0.28% vs +0.90% [-1.79,+0.37] | 扣大盤 -0.29% | 中途再跌≥10% 33%
買-趨勢路徑(價格部分)                       all 20日 n=12228 (2.75/檔年) 命中 56.0% vs 56.1% | 平均 +0.79% vs +1.05% | 扣大盤 -0.17% | 中途再跌≥10% 26%
買-趨勢路徑(價格部分)                       p1  40日 n= 5298 (2.41/檔年) 命中 63.7% vs 61.9% | 平均 +2.87% vs +2.44% | 扣大盤 -0.03% | 中途再跌≥10% 27%
買-趨勢路徑(價格部分)                       p2  40日 n= 6873 (3.09/檔年) 命中 54.3% vs 55.6% | 平均 +1.03% vs +1.92% | 扣大盤 -0.27% | 中途再跌≥10% 43%
買-趨勢路徑(價格部分)                       all 40日 n=12171 (2.75/檔年) 命中 58.4% vs 58.2% | 平均 +1.83% vs +2.14% | 扣大盤 -0.16% | 中途再跌≥10% 36%
   四段期間 20日命中差: [np.float64(0.9), np.float64(1.7), np.float64(-2.6), np.float64(-0.7)]
   買-趨勢路徑(價格部分) × 氣候≤35%: 20日命中差 p1 -2.2(n1565) p2 -9.5(n2618)
   買-趨勢路徑(價格部分) × 中性: 20日命中差 p1 +2.1(n1352) p2 +3.3(n1800)
   買-趨勢路徑(價格部分) × 氣候≥65%: 20日命中差 p1 +3.5(n2381) p2 +3.2(n2512)
買-循環路徑(價格部分)                       p1  10日 n= 3933 (1.79/檔年) 命中 56.7% vs 56.4% | 平均 +0.85% vs +0.62% | 扣大盤 +0.04% | 中途再跌≥10% 22%
買-循環路徑(價格部分)                       p2  10日 n= 6993 (3.12/檔年) 命中 52.9% vs 53.4% | 平均 +0.12% vs +0.41% | 扣大盤 -0.18% | 中途再跌≥10% 37%
買-循環路徑(價格部分)                       all 10日 n=10926 (2.46/檔年) 命中 54.2% vs 54.6% | 平均 +0.38% vs +0.50% | 扣大盤 -0.10% | 中途再跌≥10% 32%
買-循環路徑(價格部分)                       p1  20日 n= 3933 (1.79/檔年) 命中 58.4% vs 58.9% [-4.9,+4.5] | 平均 +1.34% vs +1.26% [-0.95,+1.08] | 扣大盤 -0.09% | 中途再跌≥10% 22%
買-循環路徑(價格部分)                       p2  20日 n= 6929 (3.12/檔年) 命中 55.7% vs 54.2% [-2.8,+5.1] | 平均 +0.88% vs +0.90% [-1.61,+1.27] | 扣大盤 -0.22% | 中途再跌≥10% 37%
買-循環路徑(價格部分)                       all 20日 n=10862 (2.46/檔年) 命中 56.7% vs 56.1% | 平均 +1.05% vs +1.05% | 扣大盤 -0.17% | 中途再跌≥10% 32%
買-循環路徑(價格部分)                       p1  40日 n= 3933 (1.79/檔年) 命中 60.1% vs 61.9% | 平均 +2.06% vs +2.44% | 扣大盤 -0.21% | 中途再跌≥10% 35%
買-循環路徑(價格部分)                       p2  40日 n= 6854 (3.12/檔年) 命中 56.4% vs 55.6% | 平均 +2.30% vs +1.92% | 扣大盤 -0.19% | 中途再跌≥10% 48%
買-循環路徑(價格部分)                       all 40日 n=10787 (2.46/檔年) 命中 57.8% vs 58.2% | 平均 +2.21% vs +2.14% | 扣大盤 -0.20% | 中途再跌≥10% 43%
   四段期間 20日命中差: [np.float64(-1.5), np.float64(1.7), np.float64(-0.0), np.float64(1.8)]
   買-循環路徑(價格部分) × 氣候≤35%: 20日命中差 p1 -8.8(n1035) p2 -2.9(n3196)
   買-循環路徑(價格部分) × 中性: 20日命中差 p1 +0.5(n910) p2 +7.6(n1498)
   買-循環路徑(價格部分) × 氣候≥65%: 20日命中差 p1 +3.4(n1988) p2 +3.5(n2235)
買-災後路徑(價格部分)                       p1  10日 n= 3233 (1.47/檔年) 命中 55.4% vs 56.4% | 平均 +0.88% vs +0.62% | 扣大盤 +0.01% | 中途再跌≥10% 21%
買-災後路徑(價格部分)                       p2  10日 n= 5473 (2.43/檔年) 命中 54.7% vs 53.4% | 平均 +0.18% vs +0.41% | 扣大盤 -0.15% | 中途再跌≥10% 36%
買-災後路徑(價格部分)                       all 10日 n= 8706 (1.96/檔年) 命中 54.9% vs 54.6% | 平均 +0.44% vs +0.50% | 扣大盤 -0.09% | 中途再跌≥10% 30%
買-災後路徑(價格部分)                       p1  20日 n= 3233 (1.47/檔年) 命中 59.8% vs 58.9% [-3.8,+5.9] | 平均 +1.49% vs +1.26% [-0.88,+1.30] | 扣大盤 -0.12% | 中途再跌≥10% 21%
買-災後路徑(價格部分)                       p2  20日 n= 5433 (2.43/檔年) 命中 57.3% vs 54.2% [-1.4,+7.1] | 平均 +1.51% vs +0.90% [-1.04,+2.03] | 扣大盤 -0.09% | 中途再跌≥10% 36%
買-災後路徑(價格部分)                       all 20日 n= 8666 (1.96/檔年) 命中 58.2% vs 56.1% | 平均 +1.50% vs +1.05% | 扣大盤 -0.10% | 中途再跌≥10% 30%
買-災後路徑(價格部分)                       p1  40日 n= 3233 (1.47/檔年) 命中 61.5% vs 61.9% | 平均 +2.35% vs +2.44% | 扣大盤 -0.03% | 中途再跌≥10% 34%
買-災後路徑(價格部分)                       p2  40日 n= 5408 (2.43/檔年) 命中 58.0% vs 55.6% | 平均 +3.04% vs +1.92% | 扣大盤 -0.01% | 中途再跌≥10% 46%
買-災後路徑(價格部分)                       all 40日 n= 8641 (1.96/檔年) 命中 59.3% vs 58.2% | 平均 +2.78% vs +2.14% | 扣大盤 -0.01% | 中途再跌≥10% 42%
   四段期間 20日命中差: [np.float64(0.4), np.float64(2.8), np.float64(2.0), np.float64(3.1)]
   買-災後路徑(價格部分) × 氣候≤35%: 20日命中差 p1 -5.4(n791) p2 -1.0(n2455)
   買-災後路徑(價格部分) × 中性: 20日命中差 p1 +2.2(n737) p2 +4.7(n1160)
   買-災後路徑(價格部分) × 氣候≥65%: 20日命中差 p1 +3.3(n1705) p2 +7.5(n1818)
買-任一路徑                             p1  10日 n=11221 (5.10/檔年) 命中 56.8% vs 56.4% | 平均 +0.81% vs +0.62% | 扣大盤 -0.03% | 中途再跌≥10% 19%
買-任一路徑                             p2  10日 n=17227 (7.66/檔年) 命中 52.5% vs 53.4% | 平均 -0.00% vs +0.41% | 扣大盤 -0.23% | 中途再跌≥10% 35%
買-任一路徑                             all 10日 n=28448 (6.40/檔年) 命中 54.2% vs 54.6% | 平均 +0.32% vs +0.50% | 扣大盤 -0.15% | 中途再跌≥10% 29%
買-任一路徑                             p1  20日 n=11221 (5.10/檔年) 命中 60.1% vs 58.9% [-2.0,+4.7] | 平均 +1.50% vs +1.26% [-0.49,+0.99] | 扣大盤 -0.05% | 中途再跌≥10% 19%
買-任一路徑                             p2  20日 n=17103 (7.66/檔年) 命中 54.7% vs 54.2% [-3.2,+3.7] | 平均 +0.74% vs +0.90% [-1.48,+1.01] | 扣大盤 -0.24% | 中途再跌≥10% 35%
買-任一路徑                             all 20日 n=28324 (6.40/檔年) 命中 56.8% vs 56.1% | 平均 +1.04% vs +1.05% | 扣大盤 -0.16% | 中途再跌≥10% 29%
買-任一路徑                             p1  40日 n=11221 (5.10/檔年) 命中 62.3% vs 61.9% | 平均 +2.55% vs +2.44% | 扣大盤 -0.08% | 中途再跌≥10% 30%
買-任一路徑                             p2  40日 n=16952 (7.66/檔年) 命中 55.9% vs 55.6% | 平均 +1.91% vs +1.92% | 扣大盤 -0.21% | 中途再跌≥10% 46%
買-任一路徑                             all 40日 n=28173 (6.40/檔年) 命中 58.4% vs 58.2% | 平均 +2.17% vs +2.14% | 扣大盤 -0.16% | 中途再跌≥10% 40%
   四段期間 20日命中差: [np.float64(0.6), np.float64(2.3), np.float64(-1.0), np.float64(1.0)]
   買-任一路徑 × 氣候≤35%: 20日命中差 p1 -4.3(n3063) p2 -5.0(n7261)
   買-任一路徑 × 中性: 20日命中差 p1 +1.6(n2700) p2 +5.0(n3991)
   買-任一路徑 × 氣候≥65%: 20日命中差 p1 +4.1(n5458) p2 +4.1(n5851)
=== 頂K 拿掉「漲多」條件(只看碰上緣+收盤離高≥5%)
碰上緣+離高5%(不管漲多)                     p1  20日 n= 1377 (0.63/檔年) 命中 50.3% vs 40.7% [+5.6,+12.8] | 平均 +0.69% vs +1.31% [-2.31,+1.48] | 扣大盤 -0.89% | 跌≥10% 48% vs 同波動 38%
碰上緣+離高5%(不管漲多)                     p2  20日 n= 6561 (2.91/檔年) 命中 49.9% vs 45.4% [+1.0,+9.1] | 平均 +1.74% vs +0.98% [-2.31,+3.19] | 扣大盤 +0.29% | 跌≥10% 62% vs 同波動 54%
碰上緣+離高5%(不管漲多)                     all 20日 n= 7938 (1.79/檔年) 命中 50.0% vs 43.5% | 平均 +1.56% vs +1.11% | 扣大盤 +0.08% | 跌≥10% 60% vs 同波動 46%
頂K(現行)                             p1  20日 n=  393 (0.18/檔年) 命中 56.2% vs 40.7% [+8.4,+20.6] | 平均 -1.35% vs +1.31% [-6.35,+2.39] | 扣大盤 -2.89% | 跌≥10% 63% vs 同波動 44%
頂K(現行)                             p2  20日 n= 2962 (1.31/檔年) 命中 51.1% vs 45.4% [+1.7,+11.3] | 平均 +1.09% vs +0.98% [-4.08,+3.22] | 扣大盤 -0.43% | 跌≥10% 70% vs 同波動 60%
頂K(現行)                             all 20日 n= 3355 (0.75/檔年) 命中 51.7% vs 43.5% | 平均 +0.81% vs +1.11% | 扣大盤 -0.72% | 跌≥10% 69% vs 同波動 52%
