格式:期限 命中差(百分點)/平均報酬差(%)  — p1=2009-17, p2=2018-26
=== ◆減碼(賣出方向:命中=之後下跌)
◆ 每天                           | p1 5d -1.1/+0.15 10d -2.5/+0.43 20d -3.7/+0.74 跌≥10%:16vs28 40d -1.8/+0.50 n=4348 | p2 5d +0.0/+0.23 10d -0.4/+0.68 20d +0.6/+0.48 跌≥10%:43vs47 40d +1.7/-0.01 n=8835
◆ 首日(冷卻20)                     | p1 5d -1.0/+0.13 10d -0.5/+0.12 20d -2.6/+0.37 跌≥10%:16vs25 40d -2.3/+0.38 n=1018 | p2 5d +2.1/-0.04 10d +1.2/+0.43 20d +1.5/+0.04 跌≥10%:38vs43 40d +2.1/-0.56 n=1704
=== ★抄底(買進方向:命中=之後上漲)
★ 每天                           | p1 5d +3.1/+0.57 10d +1.9/+0.68 20d +0.4/+0.62 再跌≥10%:28 40d +2.0/+0.83 n=6307 | p2 5d +1.0/-0.05 10d +2.5/-0.43 20d +4.3/+0.39 再跌≥10%:41 40d +5.4/+1.61 n=13572
★ 首日(冷卻20)                     | p1 5d +1.2/+0.32 10d -0.3/+0.15 20d -0.8/+0.11 再跌≥10%:27 40d +0.6/-0.00 n=1726 | p2 5d +0.6/+0.29 10d +0.7/-0.14 20d +2.2/+0.26 再跌≥10%:39 40d +3.8/+1.19 n=3354
=== 2024-10→2026-07(當初 298檔×2年 的期間)
  ◆首日 10日: n=534 命中 45.9% vs 46.3%  平均 +1.48% vs +0.86%  跌≥10% 45% vs 同波動 47%
  ◆首日 20日: n=534 命中 49.3% vs 45.6%  平均 +1.68% vs +1.74%  跌≥10% 45% vs 同波動 47%
  ★首日 10日: n=894 命中 57.2% vs 53.6%  平均 +1.26% vs +0.86%  再跌≥10% 39%
  ★首日 20日: n=894 命中 55.9% vs 54.3%  平均 +2.02% vs +1.74%  再跌≥10% 39%
=== 情境:全球資金
◆首日 氣候≤35%                     | p1 5d +0.9/+0.10 10d -2.1/+0.45 20d -0.8/+0.24 跌≥10%:18vs25 40d -6.4/+0.84 n=282 | p2 5d +3.2/-0.99 10d +3.4/-1.06 20d +4.9/-2.61 跌≥10%:42vs42 40d +10.1/-4.90 n=531
★首日 氣候≤35%                     | p1 5d +0.1/-0.17 10d -4.9/-0.53 20d -7.1/-1.06 再跌≥10%:28 40d -1.5/-0.60 n=336 | p2 5d +1.6/+0.51 10d -1.1/-0.08 20d +1.1/-0.55 再跌≥10%:40 40d -1.3/-1.63 n=1365
◆首日 35–65%                     | p1 5d -4.0/+0.48 10d +3.2/+0.07 20d +1.1/+0.15 跌≥10%:15vs26 40d +1.9/-0.02 n=226 | p2 5d +3.4/-0.12 10d -0.6/+0.70 20d +2.2/+0.48 跌≥10%:39vs43 40d +1.7/-0.24 n=441
★首日 35–65%                     | p1 5d -3.0/+0.44 10d -0.7/+0.57 20d -7.2/-0.99 再跌≥10%:33 40d -6.9/-1.68 n=327 | p2 5d -1.9/+0.13 10d -1.3/-1.67 20d -1.5/-2.43 再跌≥10%:37 40d +0.3/-3.37 n=703
◆首日 ≥65%                       | p1 5d -0.8/-0.02 10d -1.3/-0.05 20d -5.2/+0.54 跌≥10%:15vs24 40d -1.9/+0.31 n=510 | p2 5d +0.4/+0.72 10d +0.7/+1.36 20d -1.5/+1.73 跌≥10%:35vs43 40d -3.5/+2.40 n=732
★首日 ≥65%                       | p1 5d +2.9/+0.45 10d +1.4/+0.24 20d +3.1/+0.82 再跌≥10%:24 40d +3.6/+0.70 n=1063 | p2 5d +0.8/+0.15 10d +3.6/+0.61 20d +5.5/+2.62 再跌≥10%:39 40d +11.2/+6.67 n=1286
=== 情境:長期趨勢(200日線上/下)
◆首日 200日線上                     | p1 5d -1.7/+0.15 10d -0.3/+0.16 20d -2.9/+0.48 跌≥10%:15vs24 40d -2.5/+0.53 n=983 | p2 5d +2.0/-0.19 10d +1.2/+0.34 20d +1.5/+0.03 跌≥10%:38vs42 40d +1.9/-0.61 n=1641
◆首日 200日線下                     | p1 5d +17.7/-0.65 10d -6.1/-1.11 20d +7.7/-2.71 跌≥10%:26vs32 40d +2.0/-3.86 n=35 | p2 5d +5.0/+3.96 10d +1.2/+2.55 20d +2.0/+0.45 跌≥10%:38vs51 40d +6.5/+0.75 n=63
★首日 200日線上(漲勢中回檔)              | p1 5d -4.1/-0.31 10d +2.8/+0.39 20d +5.0/+0.70 再跌≥10%:21 40d +5.5/+1.02 n=424 | p2 5d +3.4/+0.45 10d +0.0/-0.23 20d -1.1/-0.43 再跌≥10%:37 40d +0.3/-0.16 n=811
★首日 200日線下(跌勢中)                | p1 5d +3.0/+0.53 10d -1.3/+0.07 20d -2.7/-0.08 再跌≥10%:28 40d -1.0/-0.34 n=1302 | p2 5d -0.3/+0.24 10d +0.9/-0.12 20d +3.3/+0.49 再跌≥10%:39 40d +5.0/+1.61 n=2543
=== AI/半導體子集
◆首日 AI                         | p1 20d -3.0/-0.00 n=261 | p2 20d +2.4/-0.15 n=364
★首日 AI                         | p1 20d +0.8/+0.68 n=379 | p2 20d +3.5/+1.09 n=558
=== 單一成分(首日,冷卻20)
◆成分 sc=100                     | p1 10d +0.9/-0.17 20d -0.9/-0.10 跌≥10%:14vs16 n=8933 | p2 10d -1.1/+0.19 20d -0.3/+0.09 跌≥10%:28vs30 n=10712
◆成分 RV≥90                      | p1 10d -1.7/+0.27 20d +0.5/+0.15 跌≥10%:25vs26 n=2114 | p2 10d -1.2/-0.16 20d -0.7/+0.09 跌≥10%:39vs41 n=4462
◆成分 TD賣9                       | p1 10d +1.0/-0.17 20d -1.4/-0.03 跌≥10%:13vs17 n=5249 | p2 10d +0.6/+0.07 20d +0.1/-0.09 跌≥10%:29vs31 n=6946
◆成分 量5≥1.5                     | p1 10d +1.9/-0.05 20d +1.9/-0.24 跌≥10%:22vs23 n=4695 | p2 10d +0.7/-0.09 20d +0.3/+0.09 跌≥10%:37vs38 n=7069
★成分 TD買9                       | p1 10d -0.1/+0.20 20d +0.2/+0.20 再跌≥10%:21 n=3135 | p2 10d -0.8/-0.42 20d +0.7/-0.02 再跌≥10%:35 n=5328
★成分 RV≥80                      | p1 10d +1.3/+0.27 20d +0.7/+0.30 再跌≥10%:22 n=3559 | p2 10d +0.0/-0.23 20d -0.3/-0.10 再跌≥10%:38 n=7820
★成分 殺量竭盡                       | p1 10d -2.4/-0.25 20d -0.9/-0.12 再跌≥10%:22 n=4856 | p2 10d +0.4/-0.11 20d +1.0/+0.12 再跌≥10%:33 n=7284
★成分 sc<66                      | p1 10d +0.1/+0.20 20d +0.4/+0.17 再跌≥10%:21 n=9140 | p2 10d -0.4/-0.12 20d -0.5/-0.05 再跌≥10%:35 n=14979
=== 4 個全中
◆ TOP=4                        | p1 5d -0.1/-0.50 10d -2.1/+0.71 20d -0.7/+1.58 跌≥10%:20vs33 40d -1.7/+1.90 n=102 | p2 5d +4.0/-0.33 10d +2.6/-1.08 20d +6.4/-1.19 跌≥10%:47vs53 40d +3.6/+0.21 n=246
★ BOT=4                        | p1 5d +8.5/+1.18 10d +0.8/+0.27 20d -2.7/-0.18 再跌≥10%:30 40d -2.1/-0.28 n=299 | p2 5d +4.1/+0.85 10d +5.9/-0.41 20d +7.8/+0.73 再跌≥10%:43 40d +8.2/+2.28 n=550
=== 確認版:◆後3天內收盤跌破◆那天低點 / ★後3天內收盤站上★那天高點(確認日進場)
◆ → 3天內跌破低點                    | p1 5d -1.3/+0.34 10d -4.7/+0.17 20d -0.5/-0.34 跌≥10%:18vs25 40d -0.7/-0.21 n=381 | p2 5d +1.3/+0.06 10d +2.0/+0.27 20d +3.2/+0.01 跌≥10%:39vs42 40d +4.5/-1.38 n=672
★ → 3天內站上高點                    | p1 5d -5.7/-0.75 10d -1.2/-0.55 20d -3.2/-0.60 再跌≥10%:29 40d +1.6/-0.31 n=683 | p2 5d -3.3/-0.82 10d -0.3/-0.85 20d +2.1/+0.53 再跌≥10%:38 40d +2.4/+1.58 n=1425
=== 四段期間 20日命中差:◆首日 [np.float64(0.9), np.float64(-3.4), np.float64(-1.2), np.float64(3.0)]  ★首日 [np.float64(-3.1), np.float64(2.8), np.float64(-0.2), np.float64(2.7)]
