data through 2026-03-31 | buys 6333 sells 296749
買:任一主管/董事買進≥$25K                   p1  20日 n=  732 (0.34/檔年) 命中 56.3% vs 58.9% [-6.4,+2.0] | 平均 +1.16% vs +1.26% [-0.96,+0.82] | 扣大盤 +0.08% | 中途再跌≥10% 17%
買:任一主管/董事買進≥$25K                   p2  20日 n=  967 (0.43/檔年) 命中 53.6% vs 54.2% [-5.0,+3.1] | 平均 -0.22% vs +0.90% [-2.75,+0.61] | 扣大盤 -0.51% | 中途再跌≥10% 34%
買:任一主管/董事買進≥$25K                   all 20日 n= 1699 (0.39/檔年) 命中 54.7% vs 56.1% | 平均 +0.37% vs +1.05% | 扣大盤 -0.25% | 中途再跌≥10% 27%
買:任一主管/董事買進≥$25K                   p1  60日 n=  732 (0.34/檔年) 命中 64.8% vs 64.2% | 平均 +3.85% vs +3.60% | 扣大盤 +0.11% | 中途再跌≥10% 27%
買:任一主管/董事買進≥$25K                   p2  60日 n=  967 (0.43/檔年) 命中 57.8% vs 56.8% | 平均 +2.86% vs +2.92% | 扣大盤 -0.86% | 中途再跌≥10% 46%
買:任一主管/董事買進≥$25K                   all 60日 n= 1699 (0.39/檔年) 命中 60.8% vs 59.9% | 平均 +3.29% vs +3.20% | 扣大盤 -0.45% | 中途再跌≥10% 38%
   四段期間 20日命中差: [np.float64(0.1), np.float64(-2.2), np.float64(-2.8), np.float64(-0.6)]
買:21天內≥2位內部人買(群聚)                  p1  20日 n=  190 (0.09/檔年) 命中 61.1% vs 58.9% [-5.1,+9.1] | 平均 +1.55% vs +1.26% [-1.28,+2.09] | 扣大盤 +0.82% | 中途再跌≥10% 26%
買:21天內≥2位內部人買(群聚)                  p2  20日 n=  253 (0.11/檔年) 命中 55.7% vs 54.2% [-4.5,+8.3] | 平均 -1.03% vs +0.90% [-4.64,+1.34] | 扣大盤 -1.44% | 中途再跌≥10% 40%
買:21天內≥2位內部人買(群聚)                  all 20日 n=  443 (0.10/檔年) 命中 58.0% vs 56.1% | 平均 +0.08% vs +1.05% | 扣大盤 -0.47% | 中途再跌≥10% 34%
買:21天內≥2位內部人買(群聚)                  p1  60日 n=  190 (0.09/檔年) 命中 62.1% vs 64.2% | 平均 +4.23% vs +3.60% | 扣大盤 +0.46% | 中途再跌≥10% 34%
買:21天內≥2位內部人買(群聚)                  p2  60日 n=  253 (0.11/檔年) 命中 59.3% vs 56.8% | 平均 +3.56% vs +2.92% | 扣大盤 -1.62% | 中途再跌≥10% 50%
買:21天內≥2位內部人買(群聚)                  all 60日 n=  443 (0.10/檔年) 命中 60.5% vs 59.9% | 平均 +3.85% vs +3.20% | 扣大盤 -0.73% | 中途再跌≥10% 43%
   四段期間 20日命中差: [np.float64(8.3), np.float64(0.3), np.float64(-1.0), np.float64(1.0)]
買:單日買進≥$1M                         p1  20日 n=  140 (0.06/檔年) 命中 62.1% vs 58.9% [-3.3,+9.5] | 平均 +2.57% vs +1.26% [+0.12,+2.64] | 扣大盤 +0.93% | 中途再跌≥10% 16%
買:單日買進≥$1M                         p2  20日 n=  268 (0.12/檔年) 命中 54.5% vs 54.2% [-5.5,+6.4] | 平均 -0.30% vs +0.90% [-3.61,+1.23] | 扣大盤 -0.76% | 中途再跌≥10% 34%
買:單日買進≥$1M                         all 20日 n=  408 (0.09/檔年) 命中 57.1% vs 56.1% | 平均 +0.69% vs +1.05% | 扣大盤 -0.18% | 中途再跌≥10% 28%
買:單日買進≥$1M                         p1  60日 n=  140 (0.06/檔年) 命中 68.6% vs 64.2% | 平均 +5.39% vs +3.60% | 扣大盤 +1.11% | 中途再跌≥10% 27%
買:單日買進≥$1M                         p2  60日 n=  268 (0.12/檔年) 命中 58.2% vs 56.8% | 平均 +1.18% vs +2.92% | 扣大盤 -3.28% | 中途再跌≥10% 48%
買:單日買進≥$1M                         all 60日 n=  408 (0.09/檔年) 命中 61.8% vs 59.9% | 平均 +2.62% vs +3.20% | 扣大盤 -1.78% | 中途再跌≥10% 41%
   四段期間 20日命中差: [np.float64(2.1), np.float64(1.5), np.float64(-3.2), np.float64(6.6)]
買:CEO/CFO/總裁買≥$100K                p1  20日 n=  156 (0.07/檔年) 命中 58.3% vs 58.9% [-8.9,+6.8] | 平均 +2.21% vs +1.26% [-0.86,+2.51] | 扣大盤 +0.96% | 中途再跌≥10% 18%
買:CEO/CFO/總裁買≥$100K                p2  20日 n=  250 (0.11/檔年) 命中 56.0% vs 54.2% [-4.1,+7.3] | 平均 -1.95% vs +0.90% [-5.93,+0.36] | 扣大盤 -2.16% | 中途再跌≥10% 36%
買:CEO/CFO/總裁買≥$100K                all 20日 n=  406 (0.09/檔年) 命中 56.9% vs 56.1% | 平均 -0.35% vs +1.05% | 扣大盤 -0.96% | 中途再跌≥10% 29%
買:CEO/CFO/總裁買≥$100K                p1  60日 n=  156 (0.07/檔年) 命中 66.0% vs 64.2% | 平均 +5.62% vs +3.60% | 扣大盤 +1.08% | 中途再跌≥10% 28%
買:CEO/CFO/總裁買≥$100K                p2  60日 n=  250 (0.11/檔年) 命中 56.8% vs 56.8% | 平均 +1.65% vs +2.92% | 扣大盤 -2.85% | 中途再跌≥10% 48%
買:CEO/CFO/總裁買≥$100K                all 60日 n=  406 (0.09/檔年) 命中 60.3% vs 59.9% | 平均 +3.17% vs +3.20% | 扣大盤 -1.34% | 中途再跌≥10% 40%
   四段期間 20日命中差: [np.float64(-0.3), np.float64(4.5), np.float64(-3.8), np.float64(3.1)]
賣:21天內≥3位內部人賣(群聚)                  p1  20日 n= 3271 (1.49/檔年) 命中 39.9% vs 40.9% [-3.8,+2.0] | 平均 +1.17% vs +1.26% [-0.61,+0.42] | 扣大盤 -0.05% | 跌≥10% 15% vs 同波動 18%
賣:21天內≥3位內部人賣(群聚)                  p2  20日 n= 4880 (2.15/檔年) 命中 44.9% vs 45.6% [-4.3,+2.9] | 平均 +0.84% vs +0.90% [-1.14,+0.99] | 扣大盤 +0.32% | 跌≥10% 33% vs 同波動 34%
賣:21天內≥3位內部人賣(群聚)                  all 20日 n= 8151 (1.83/檔年) 命中 42.9% vs 43.7% | 平均 +0.98% vs +1.05% | 扣大盤 +0.17% | 跌≥10% 25% vs 同波動 28%
賣:21天內≥3位內部人賣(群聚)                  p1  60日 n= 3271 (1.49/檔年) 命中 34.1% vs 35.7% | 平均 +3.61% vs +3.60% | 扣大盤 +0.30% | 跌≥10% 25% vs 同波動 29%
賣:21天內≥3位內部人賣(群聚)                  p2  60日 n= 4880 (2.15/檔年) 命中 42.2% vs 43.1% | 平均 +3.70% vs +2.92% | 扣大盤 +0.90% | 跌≥10% 46% vs 同波動 47%
賣:21天內≥3位內部人賣(群聚)                  all 60日 n= 8151 (1.83/檔年) 命中 38.9% vs 40.0% | 平均 +3.66% vs +3.20% | 扣大盤 +0.66% | 跌≥10% 37% vs 同波動 39%
   四段期間 20日命中差: [np.float64(1.2), np.float64(-3.5), np.float64(1.3), np.float64(-1.7)]
賣:單日賣出≥平常日成交額25%                   p1  20日 n=  239 (0.11/檔年) 命中 41.0% vs 40.9% [-5.2,+6.4] | 平均 +0.84% vs +1.26% [-1.54,+0.64] | 扣大盤 -0.34% | 跌≥10% 24% vs 同波動 24%
賣:單日賣出≥平常日成交額25%                   p2  20日 n=  230 (0.10/檔年) 命中 47.8% vs 45.6% [-5.7,+9.4] | 平均 -0.21% vs +0.90% [-4.11,+2.02] | 扣大盤 -0.20% | 跌≥10% 35% vs 同波動 39%
賣:單日賣出≥平常日成交額25%                   all 20日 n=  469 (0.11/檔年) 命中 44.3% vs 43.7% | 平均 +0.33% vs +1.05% | 扣大盤 -0.27% | 跌≥10% 29% vs 同波動 33%
賣:單日賣出≥平常日成交額25%                   p1  60日 n=  239 (0.11/檔年) 命中 38.1% vs 35.7% | 平均 +2.28% vs +3.60% | 扣大盤 -1.58% | 跌≥10% 33% vs 同波動 35%
賣:單日賣出≥平常日成交額25%                   p2  60日 n=  230 (0.10/檔年) 命中 41.3% vs 43.1% | 平均 +5.75% vs +2.92% | 扣大盤 +3.41% | 跌≥10% 46% vs 同波動 51%
賣:單日賣出≥平常日成交額25%                   all 60日 n=  469 (0.11/檔年) 命中 39.7% vs 40.0% | 平均 +3.98% vs +3.20% | 扣大盤 +0.87% | 跌≥10% 40% vs 同波動 45%
   四段期間 20日命中差: [np.float64(1.2), np.float64(-1.2), np.float64(8.0), np.float64(-6.3)]
賣:單日賣出≥$10M                        p1  20日 n= 1066 (0.49/檔年) 命中 38.6% vs 40.9% [-5.9,+1.1] | 平均 +1.50% vs +1.26% [-0.30,+0.76] | 扣大盤 +0.37% | 跌≥10% 12% vs 同波動 17%
賣:單日賣出≥$10M                        p2  20日 n= 2128 (0.94/檔年) 命中 42.9% vs 45.6% [-6.7,+1.7] | 平均 +0.85% vs +0.90% [-1.21,+1.01] | 扣大盤 +0.04% | 跌≥10% 30% vs 同波動 34%
賣:單日賣出≥$10M                        all 20日 n= 3194 (0.72/檔年) 命中 41.5% vs 43.7% | 平均 +1.06% vs +1.05% | 扣大盤 +0.15% | 跌≥10% 24% vs 同波動 27%
賣:單日賣出≥$10M                        p1  60日 n= 1066 (0.49/檔年) 命中 32.3% vs 35.7% | 平均 +4.49% vs +3.60% | 扣大盤 +1.20% | 跌≥10% 20% vs 同波動 28%
賣:單日賣出≥$10M                        p2  60日 n= 2128 (0.94/檔年) 命中 40.9% vs 43.1% | 平均 +3.57% vs +2.92% | 扣大盤 +0.29% | 跌≥10% 43% vs 同波動 46%
賣:單日賣出≥$10M                        all 60日 n= 3194 (0.72/檔年) 命中 38.0% vs 40.0% | 平均 +3.88% vs +3.20% | 扣大盤 +0.59% | 跌≥10% 35% vs 同波動 38%
   四段期間 20日命中差: [np.float64(-0.4), np.float64(-5.0), np.float64(-0.8), np.float64(-3.3)]
賣:近3個月賣出額前10%(相對成交額)               p1  20日 n= 1318 (0.60/檔年) 命中 40.7% vs 40.9% [-3.2,+3.2] | 平均 +1.33% vs +1.26% [-0.59,+0.67] | 扣大盤 +0.17% | 跌≥10% 18% vs 同波動 20%
賣:近3個月賣出額前10%(相對成交額)               p2  20日 n= 1937 (0.86/檔年) 命中 44.8% vs 45.6% [-5.2,+3.3] | 平均 +1.07% vs +0.90% [-1.13,+1.43] | 扣大盤 +0.29% | 跌≥10% 36% vs 同波動 37%
賣:近3個月賣出額前10%(相對成交額)               all 20日 n= 3255 (0.73/檔年) 命中 43.1% vs 43.7% | 平均 +1.17% vs +1.05% | 扣大盤 +0.24% | 跌≥10% 29% vs 同波動 30%
賣:近3個月賣出額前10%(相對成交額)               p1  60日 n= 1318 (0.60/檔年) 命中 34.1% vs 35.7% | 平均 +4.34% vs +3.60% | 扣大盤 +0.78% | 跌≥10% 30% vs 同波動 31%
賣:近3個月賣出額前10%(相對成交額)               p2  60日 n= 1937 (0.86/檔年) 命中 40.4% vs 43.1% | 平均 +3.99% vs +2.92% | 扣大盤 +1.04% | 跌≥10% 50% vs 同波動 49%
賣:近3個月賣出額前10%(相對成交額)               all 60日 n= 3255 (0.73/檔年) 命中 37.9% vs 40.0% | 平均 +4.13% vs +3.20% | 扣大盤 +0.94% | 跌≥10% 42% vs 同波動 42%
   四段期間 20日命中差: [np.float64(1.8), np.float64(-2.3), np.float64(0.0), np.float64(-1.4)]
賣:非預定計畫賣出≥$1M(2023-04起)            p1  20日 n=    0 (0.00/檔年) 命中 nan% vs 40.9% | 平均 +nan% vs +1.26% | 扣大盤 +nan% | 跌≥10% nan% vs 同波動 nan%
賣:非預定計畫賣出≥$1M(2023-04起)            p2  20日 n= 1297 (0.57/檔年) 命中 43.9% vs 45.6% [-7.1,+3.5] | 平均 +1.43% vs +0.90% [-0.87,+2.02] | 扣大盤 -0.10% | 跌≥10% 28% vs 同波動 32%
賣:非預定計畫賣出≥$1M(2023-04起)            all 20日 n= 1297 (0.29/檔年) 命中 43.9% vs 43.7% | 平均 +1.43% vs +1.05% | 扣大盤 -0.10% | 跌≥10% 28% vs 同波動 26%
賣:非預定計畫賣出≥$1M(2023-04起)            p1  60日 n=    0 (0.00/檔年) 命中 nan% vs 35.7% | 平均 +nan% vs +3.60% | 扣大盤 +nan% | 跌≥10% nan% vs 同波動 nan%
賣:非預定計畫賣出≥$1M(2023-04起)            p2  60日 n= 1297 (0.57/檔年) 命中 39.9% vs 43.1% | 平均 +5.30% vs +2.92% | 扣大盤 -0.12% | 跌≥10% 41% vs 同波動 45%
賣:非預定計畫賣出≥$1M(2023-04起)            all 60日 n= 1297 (0.29/檔年) 命中 39.9% vs 40.0% | 平均 +5.30% vs +3.20% | 扣大盤 -0.12% | 跌≥10% 41% vs 同波動 38%
   四段期間 20日命中差: [None, None, None, np.float64(-1.4)]
=== 搭配:出 × 近3個月內部人賣超多 / 抄底 × 近3個月有內部人買
出 & 內部人賣超前10%                      p1  20日 n=   57 (0.03/檔年) 命中 54.4% vs 40.9% | 平均 -1.12% vs +1.26% | 扣大盤 -0.79% | 跌≥10% 39% vs 同波動 31%
出 & 內部人賣超前10%                      p2  20日 n=  145 (0.06/檔年) 命中 55.9% vs 45.6% | 平均 -4.70% vs +0.90% | 扣大盤 -3.24% | 跌≥10% 58% vs 同波動 45%
出 & 內部人賣超前10%                      all 20日 n=  202 (0.05/檔年) 命中 55.4% vs 43.7% | 平均 -3.69% vs +1.05% | 扣大盤 -2.55% | 跌≥10% 52% vs 同波動 39%
出 & 內部人賣超前10%                      p1  40日 n=   57 (0.03/檔年) 命中 47.4% vs 38.0% | 平均 +1.03% vs +2.44% | 扣大盤 -0.20% | 跌≥10% 51% vs 同波動 44%
出 & 內部人賣超前10%                      p2  40日 n=  145 (0.06/檔年) 命中 56.6% vs 44.3% | 平均 -7.66% vs +1.92% | 扣大盤 -5.13% | 跌≥10% 66% vs 同波動 57%
出 & 內部人賣超前10%                      all 40日 n=  202 (0.05/檔年) 命中 54.0% vs 41.7% | 平均 -5.21% vs +2.14% | 扣大盤 -3.74% | 跌≥10% 62% vs 同波動 51%
出 & 其餘                             p1  20日 n=  330 (0.15/檔年) 命中 47.0% vs 40.9% | 平均 +0.96% vs +1.26% | 扣大盤 -0.00% | 跌≥10% 37% vs 同波動 31%
出 & 其餘                             p2  20日 n= 1108 (0.50/檔年) 命中 56.8% vs 45.6% | 平均 -3.04% vs +0.90% | 扣大盤 -1.58% | 跌≥10% 53% vs 同波動 45%
出 & 其餘                             all 20日 n= 1438 (0.33/檔年) 命中 54.5% vs 43.7% | 平均 -2.12% vs +1.05% | 扣大盤 -1.21% | 跌≥10% 49% vs 同波動 39%
出 & 其餘                             p1  40日 n=  330 (0.15/檔年) 命中 45.8% vs 38.0% | 平均 +2.48% vs +2.44% | 扣大盤 +0.16% | 跌≥10% 47% vs 同波動 44%
出 & 其餘                             p2  40日 n= 1058 (0.50/檔年) 命中 59.2% vs 44.3% | 平均 -5.17% vs +1.92% | 扣大盤 -2.89% | 跌≥10% 64% vs 同波動 57%
出 & 其餘                             all 40日 n= 1388 (0.33/檔年) 命中 56.0% vs 41.7% | 平均 -3.35% vs +2.14% | 扣大盤 -2.17% | 跌≥10% 60% vs 同波動 51%
頂K & 內部人賣超前10%                     p1  20日 n=   17 (0.01/檔年) 命中 70.6% vs 40.9% | 平均 -8.78% vs +1.26% | 扣大盤 -7.41% | 跌≥10% 65% vs 同波動 43%
頂K & 內部人賣超前10%                     p2  20日 n=  265 (0.12/檔年) 命中 44.2% vs 45.6% | 平均 +2.23% vs +0.90% | 扣大盤 +0.64% | 跌≥10% 60% vs 同波動 58%
頂K & 內部人賣超前10%                     all 20日 n=  282 (0.06/檔年) 命中 45.7% vs 43.7% | 平均 +1.57% vs +1.05% | 扣大盤 +0.16% | 跌≥10% 60% vs 同波動 50%
頂K & 內部人賣超前10%                     p1  40日 n=   17 (0.01/檔年) 命中 70.6% vs 38.0% | 平均 -10.60% vs +2.44% | 扣大盤 -12.28% | 跌≥10% 82% vs 同波動 56%
頂K & 內部人賣超前10%                     p2  40日 n=  265 (0.12/檔年) 命中 41.1% vs 44.3% | 平均 +4.25% vs +1.92% | 扣大盤 +2.27% | 跌≥10% 69% vs 同波動 69%
頂K & 內部人賣超前10%                     all 40日 n=  282 (0.06/檔年) 命中 42.9% vs 41.7% | 平均 +3.36% vs +2.14% | 扣大盤 +1.39% | 跌≥10% 70% vs 同波動 61%
頂K & 其餘                            p1  20日 n=  376 (0.17/檔年) 命中 55.3% vs 40.9% | 平均 -1.89% vs +1.26% | 扣大盤 -3.58% | 跌≥10% 64% vs 同波動 44%
頂K & 其餘                            p2  20日 n= 2697 (1.19/檔年) 命中 52.8% vs 45.6% | 平均 +0.26% vs +0.90% | 扣大盤 -1.17% | 跌≥10% 71% vs 同波動 60%
頂K & 其餘                            all 20日 n= 3073 (0.69/檔年) 命中 53.1% vs 43.7% | 平均 -0.00% vs +1.05% | 扣大盤 -1.46% | 跌≥10% 71% vs 同波動 52%
頂K & 其餘                            p1  40日 n=  376 (0.17/檔年) 命中 53.7% vs 38.0% | 平均 -0.44% vs +2.44% | 扣大盤 -3.57% | 跌≥10% 70% vs 同波動 57%
頂K & 其餘                            p2  40日 n= 2681 (1.19/檔年) 命中 54.0% vs 44.3% | 平均 +0.81% vs +1.92% | 扣大盤 -1.36% | 跌≥10% 78% vs 同波動 70%
頂K & 其餘                            all 40日 n= 3057 (0.69/檔年) 命中 53.9% vs 41.7% | 平均 +0.66% vs +2.14% | 扣大盤 -1.63% | 跌≥10% 77% vs 同波動 64%
抄底 & 近3月有內部人買                      p1  20日 n=  101 (0.05/檔年) 命中 51.5% vs 58.9% | 平均 -0.53% vs +1.26% | 扣大盤 -0.96% | 中途再跌≥10% 49%
抄底 & 近3月有內部人買                      p2  20日 n=  168 (0.07/檔年) 命中 65.5% vs 54.2% | 平均 +6.29% vs +0.90% | 扣大盤 +0.98% | 中途再跌≥10% 43%
抄底 & 近3月有內部人買                      all 20日 n=  269 (0.06/檔年) 命中 60.2% vs 56.1% | 平均 +3.73% vs +1.05% | 扣大盤 +0.25% | 中途再跌≥10% 45%
抄底 & 近3月有內部人買                      p1  40日 n=  101 (0.05/檔年) 命中 67.3% vs 61.9% | 平均 +3.72% vs +2.44% | 扣大盤 +0.22% | 中途再跌≥10% 54%
抄底 & 近3月有內部人買                      p2  40日 n=  168 (0.07/檔年) 命中 76.2% vs 55.6% | 平均 +12.62% vs +1.92% | 扣大盤 +0.86% | 中途再跌≥10% 49%
抄底 & 近3月有內部人買                      all 40日 n=  269 (0.06/檔年) 命中 72.9% vs 58.2% | 平均 +9.28% vs +2.14% | 扣大盤 +0.62% | 中途再跌≥10% 51%
抄底 & 其餘                            p1  20日 n=  299 (0.14/檔年) 命中 53.8% vs 58.9% | 平均 +0.61% vs +1.26% | 扣大盤 -0.53% | 中途再跌≥10% 42%
抄底 & 其餘                            p2  20日 n=  683 (0.30/檔年) 命中 60.6% vs 54.2% | 平均 +4.90% vs +0.90% | 扣大盤 +0.53% | 中途再跌≥10% 44%
抄底 & 其餘                            all 20日 n=  982 (0.22/檔年) 命中 58.6% vs 56.1% | 平均 +3.60% vs +1.05% | 扣大盤 +0.21% | 中途再跌≥10% 44%
抄底 & 其餘                            p1  40日 n=  299 (0.14/檔年) 命中 64.2% vs 61.9% | 平均 +3.18% vs +2.44% | 扣大盤 -0.48% | 中途再跌≥10% 55%
抄底 & 其餘                            p2  40日 n=  683 (0.30/檔年) 命中 72.2% vs 55.6% | 平均 +12.59% vs +1.92% | 扣大盤 +2.12% | 中途再跌≥10% 50%
抄底 & 其餘                            all 40日 n=  982 (0.22/檔年) 命中 69.8% vs 58.2% | 平均 +9.72% vs +2.14% | 扣大盤 +1.33% | 中途再跌≥10% 51%
跌深站回(不看氣候)& 內部人買                   p1  20日 n=  393 (0.18/檔年) 命中 55.7% vs 58.9% | 平均 +1.11% vs +1.26% | 扣大盤 -0.15% | 中途再跌≥10% 37%
跌深站回(不看氣候)& 內部人買                   p2  20日 n=  757 (0.33/檔年) 命中 55.6% vs 54.2% | 平均 +2.62% vs +0.90% | 扣大盤 +0.50% | 中途再跌≥10% 42%
跌深站回(不看氣候)& 內部人買                   all 20日 n= 1150 (0.26/檔年) 命中 55.7% vs 56.1% | 平均 +2.10% vs +1.05% | 扣大盤 +0.28% | 中途再跌≥10% 40%
跌深站回(不看氣候)& 內部人買                   p1  40日 n=  393 (0.18/檔年) 命中 62.3% vs 61.9% | 平均 +3.00% vs +2.44% | 扣大盤 -0.08% | 中途再跌≥10% 48%
跌深站回(不看氣候)& 內部人買                   p2  40日 n=  757 (0.33/檔年) 命中 59.3% vs 55.6% | 平均 +3.52% vs +1.92% | 扣大盤 -0.26% | 中途再跌≥10% 54%
跌深站回(不看氣候)& 內部人買                   all 40日 n= 1150 (0.26/檔年) 命中 60.3% vs 58.2% | 平均 +3.34% vs +2.14% | 扣大盤 -0.20% | 中途再跌≥10% 52%
跌深站回(不看氣候)& 其餘                     p1  20日 n= 1523 (0.69/檔年) 命中 56.3% vs 58.9% | 平均 +1.16% vs +1.26% | 扣大盤 -0.31% | 中途再跌≥10% 32%
跌深站回(不看氣候)& 其餘                     p2  20日 n= 4083 (1.83/檔年) 命中 53.1% vs 54.2% | 平均 +1.37% vs +0.90% | 扣大盤 -0.08% | 中途再跌≥10% 44%
跌深站回(不看氣候)& 其餘                     all 20日 n= 5606 (1.27/檔年) 命中 54.0% vs 56.1% | 平均 +1.31% vs +1.05% | 扣大盤 -0.14% | 中途再跌≥10% 41%
跌深站回(不看氣候)& 其餘                     p1  40日 n= 1523 (0.69/檔年) 命中 60.3% vs 61.9% | 平均 +2.46% vs +2.44% | 扣大盤 -0.46% | 中途再跌≥10% 46%
跌深站回(不看氣候)& 其餘                     p2  40日 n= 4032 (1.83/檔年) 命中 55.7% vs 55.6% | 平均 +2.44% vs +1.92% | 扣大盤 -0.18% | 中途再跌≥10% 54%
跌深站回(不看氣候)& 其餘                     all 40日 n= 5555 (1.27/檔年) 命中 57.0% vs 58.2% | 平均 +2.45% vs +2.14% | 扣大盤 -0.26% | 中途再跌≥10% 52%
