財報事件 14939 檔數 236 兩天反應 |中位數| 3.9 %
=== 財報反應後續漂移(買進方向=之後上漲)
財報 大好 z≥2                          p1  20日 n= 1057 (0.48/檔年) 命中 58.7% vs 58.9% [-5.6,+5.0] | 平均 +1.03% vs +1.26% [-1.22,+0.81] | 扣大盤 +0.32% | 20日內中途再跌≥10% 15%(完整20日 n=1057)
財報 大好 z≥2                          p2  20日 n= 1487 (0.66/檔年) 命中 54.2% vs 54.2% [-4.0,+3.8] | 平均 +1.23% vs +0.90% [-0.92,+1.57] | 扣大盤 +0.91% | 20日內中途再跌≥10% 28%(完整20日 n=1487 未完成1)
財報 大好 z≥2                          all 20日 n= 2544 (0.57/檔年) 命中 56.1% vs 56.1% | 平均 +1.15% vs +1.05% | 扣大盤 +0.66% | 20日內中途再跌≥10% 23%(完整20日 n=2544 未完成1)
財報 大好 z≥2                          p1  60日 n= 1057 (0.48/檔年) 命中 67.5% vs 64.2% | 平均 +3.87% vs +3.60% | 扣大盤 +0.67% | 40日內中途再跌≥10% 25%(完整40日 n=1057)
財報 大好 z≥2                          p2  60日 n= 1443 (0.66/檔年) 命中 56.5% vs 56.8% | 平均 +2.28% vs +2.92% | 扣大盤 +1.36% | 40日內中途再跌≥10% 42%(完整40日 n=1480 未完成8)
財報 大好 z≥2                          all 60日 n= 2500 (0.57/檔年) 命中 61.2% vs 59.9% | 平均 +2.95% vs +3.20% | 扣大盤 +1.06% | 40日內中途再跌≥10% 35%(完整40日 n=2537 未完成8)
   四段期間 20日命中差: [np.float64(-3.2), np.float64(3.1), np.float64(-2.7), np.float64(1.1)]
財報 偏好 1≤z<2                        p1  20日 n=  717 (0.33/檔年) 命中 57.2% vs 58.9% [-6.5,+3.8] | 平均 +0.63% vs +1.26% [-1.44,+0.34] | 扣大盤 -0.31% | 20日內中途再跌≥10% 18%(完整20日 n=717)
財報 偏好 1≤z<2                        p2  20日 n=  958 (0.42/檔年) 命中 55.3% vs 54.2% [-4.0,+5.7] | 平均 +0.88% vs +0.90% [-1.32,+1.45] | 扣大盤 -0.08% | 20日內中途再跌≥10% 28%(完整20日 n=958 未完成3)
財報 偏好 1≤z<2                        all 20日 n= 1675 (0.38/檔年) 命中 56.1% vs 56.1% | 平均 +0.77% vs +1.05% | 扣大盤 -0.18% | 20日內中途再跌≥10% 24%(完整20日 n=1675 未完成3)
財報 偏好 1≤z<2                        p1  60日 n=  717 (0.33/檔年) 命中 65.0% vs 64.2% | 平均 +3.14% vs +3.60% | 扣大盤 -0.48% | 40日內中途再跌≥10% 26%(完整40日 n=717)
財報 偏好 1≤z<2                        p2  60日 n=  925 (0.42/檔年) 命中 58.9% vs 56.8% | 平均 +3.04% vs +2.92% | 扣大盤 +0.11% | 40日內中途再跌≥10% 42%(完整40日 n=951 未完成10)
財報 偏好 1≤z<2                        all 60日 n= 1642 (0.38/檔年) 命中 61.6% vs 59.9% | 平均 +3.08% vs +3.20% | 扣大盤 -0.14% | 40日內中途再跌≥10% 35%(完整40日 n=1668 未完成10)
   四段期間 20日命中差: [np.float64(-6.7), np.float64(4.8), np.float64(1.4), np.float64(-1.3)]
財報 平 −1<z<1                        p1  20日 n= 1815 (0.82/檔年) 命中 58.5% vs 58.9% [-5.0,+4.4] | 平均 +0.94% vs +1.26% [-1.31,+0.64] | 扣大盤 +0.05% | 20日內中途再跌≥10% 17%(完整20日 n=1815)
財報 平 −1<z<1                        p2  20日 n= 2588 (1.15/檔年) 命中 55.3% vs 54.2% [-3.0,+5.1] | 平均 +1.10% vs +0.90% [-1.12,+1.53] | 扣大盤 -0.40% | 20日內中途再跌≥10% 33%(完整20日 n=2588 未完成7)
財報 平 −1<z<1                        all 20日 n= 4403 (0.99/檔年) 命中 56.6% vs 56.1% | 平均 +1.03% vs +1.05% | 扣大盤 -0.21% | 20日內中途再跌≥10% 26%(完整20日 n=4403 未完成7)
財報 平 −1<z<1                        p1  60日 n= 1815 (0.82/檔年) 命中 65.3% vs 64.2% | 平均 +3.52% vs +3.60% | 扣大盤 -0.16% | 40日內中途再跌≥10% 27%(完整40日 n=1815)
財報 平 −1<z<1                        p2  60日 n= 2513 (1.15/檔年) 命中 59.5% vs 56.8% | 平均 +3.68% vs +2.92% | 扣大盤 -0.64% | 40日內中途再跌≥10% 43%(完整40日 n=2579 未完成16)
財報 平 −1<z<1                        all 60日 n= 4328 (0.99/檔年) 命中 61.9% vs 59.9% | 平均 +3.61% vs +3.20% | 扣大盤 -0.44% | 40日內中途再跌≥10% 37%(完整40日 n=4394 未完成16)
   四段期間 20日命中差: [np.float64(-4.7), np.float64(5.0), np.float64(3.5), np.float64(-2.6)]
財報 偏差 −2<z≤−1                      p1  20日 n=  589 (0.27/檔年) 命中 55.7% vs 58.9% [-7.8,+1.7] | 平均 +0.84% vs +1.26% [-1.28,+0.54] | 扣大盤 -0.09% | 20日內中途再跌≥10% 18%(完整20日 n=589)
財報 偏差 −2<z≤−1                      p2  20日 n=  997 (0.44/檔年) 命中 55.5% vs 54.2% [-4.5,+6.2] | 平均 +1.21% vs +0.90% [-1.42,+1.81] | 扣大盤 +0.43% | 20日內中途再跌≥10% 32%(完整20日 n=997 未完成1)
財報 偏差 −2<z≤−1                      all 20日 n= 1586 (0.36/檔年) 命中 55.5% vs 56.1% | 平均 +1.07% vs +1.05% | 扣大盤 +0.24% | 20日內中途再跌≥10% 27%(完整20日 n=1586 未完成1)
財報 偏差 −2<z≤−1                      p1  60日 n=  589 (0.27/檔年) 命中 67.6% vs 64.2% | 平均 +3.70% vs +3.60% | 扣大盤 +0.13% | 40日內中途再跌≥10% 26%(完整40日 n=589)
財報 偏差 −2<z≤−1                      p2  60日 n=  964 (0.44/檔年) 命中 57.7% vs 56.8% | 平均 +4.82% vs +2.92% | 扣大盤 +1.58% | 40日內中途再跌≥10% 43%(完整40日 n=990 未完成8)
財報 偏差 −2<z≤−1                      all 60日 n= 1553 (0.36/檔年) 命中 61.4% vs 59.9% | 平均 +4.40% vs +3.20% | 扣大盤 +1.03% | 40日內中途再跌≥10% 37%(完整40日 n=1579 未完成8)
   四段期間 20日命中差: [np.float64(-7.7), np.float64(4.8), np.float64(1.3), np.float64(-1.3)]
財報 大壞 z≤−2                         p1  20日 n=  889 (0.40/檔年) 命中 52.3% vs 58.9% [-11.3,-1.8] | 平均 +0.07% vs +1.26% [-2.04,-0.26] | 扣大盤 -0.80% | 20日內中途再跌≥10% 20%(完整20日 n=889)
財報 大壞 z≤−2                         p2  20日 n= 1354 (0.60/檔年) 命中 52.9% vs 54.2% [-5.1,+2.4] | 平均 +0.67% vs +0.90% [-1.49,+1.00] | 扣大盤 +0.00% | 20日內中途再跌≥10% 32%(完整20日 n=1354 未完成1)
財報 大壞 z≤−2                         all 20日 n= 2243 (0.50/檔年) 命中 52.7% vs 56.1% | 平均 +0.43% vs +1.05% | 扣大盤 -0.31% | 20日內中途再跌≥10% 27%(完整20日 n=2243 未完成1)
財報 大壞 z≤−2                         p1  60日 n=  889 (0.40/檔年) 命中 62.9% vs 64.2% | 平均 +2.79% vs +3.60% | 扣大盤 -1.00% | 40日內中途再跌≥10% 30%(完整40日 n=889)
財報 大壞 z≤−2                         p2  60日 n= 1315 (0.60/檔年) 命中 57.0% vs 56.8% | 平均 +2.69% vs +2.92% | 扣大盤 -0.09% | 40日內中途再跌≥10% 45%(完整40日 n=1345 未完成10)
財報 大壞 z≤−2                         all 60日 n= 2204 (0.50/檔年) 命中 59.3% vs 59.9% | 平均 +2.73% vs +3.20% | 扣大盤 -0.45% | 40日內中途再跌≥10% 39%(完整40日 n=2234 未完成10)
   四段期間 20日命中差: [np.float64(-13.4), np.float64(-0.9), np.float64(-2.3), np.float64(-0.5)]
=== 量化訊號 × 財報情境
出 & 近20天財報反應差                      p1  20日 n=   15 (0.01/檔年) 命中 60.0% vs 40.9% | 平均 -2.45% vs +1.26% | 扣大盤 -2.00% | 20日內跌≥10% 53% vs 同波動 33%(完整20日 n=15)
出 & 近20天財報反應差                      p2  20日 n=   56 (0.03/檔年) 命中 57.1% vs 45.6% | 平均 -0.56% vs +0.90% | 扣大盤 +0.75% | 20日內跌≥10% 54% vs 同波動 50%(完整20日 n=56 未完成2)
出 & 近20天財報反應差                      all 20日 n=   71 (0.02/檔年) 命中 57.7% vs 43.7% | 平均 -0.96% vs +1.05% | 扣大盤 +0.17% | 20日內跌≥10% 54% vs 同波動 42%(完整20日 n=71 未完成2)
出 & 近20天財報反應差                      p1  40日 n=   15 (0.01/檔年) 命中 60.0% vs 38.0% | 平均 -2.47% vs +2.44% | 扣大盤 -3.15% | 40日內跌≥10% 67% vs 同波動 46%(完整40日 n=15)
出 & 近20天財報反應差                      p2  40日 n=   53 (0.03/檔年) 命中 67.9% vs 44.3% | 平均 -5.75% vs +1.92% | 扣大盤 -0.91% | 40日內跌≥10% 70% vs 同波動 61%(完整40日 n=53 未完成5)
出 & 近20天財報反應差                      all 40日 n=   68 (0.02/檔年) 命中 66.2% vs 41.7% | 平均 -5.03% vs +2.14% | 扣大盤 -1.40% | 40日內跌≥10% 69% vs 同波動 54%(完整40日 n=68 未完成5)
出 & 近20天財報反應好                      p1  20日 n=   74 (0.03/檔年) 命中 51.4% vs 40.9% | 平均 -0.83% vs +1.26% | 扣大盤 -1.29% | 20日內跌≥10% 34% vs 同波動 33%(完整20日 n=74)
出 & 近20天財報反應好                      p2  20日 n=  201 (0.09/檔年) 命中 56.2% vs 45.6% | 平均 -0.62% vs +0.90% | 扣大盤 +0.88% | 20日內跌≥10% 50% vs 同波動 47%(完整20日 n=201 未完成4)
出 & 近20天財報反應好                      all 20日 n=  275 (0.06/檔年) 命中 54.9% vs 43.7% | 平均 -0.68% vs +1.05% | 扣大盤 +0.30% | 20日內跌≥10% 46% vs 同波動 41%(完整20日 n=275 未完成4)
出 & 近20天財報反應好                      p1  40日 n=   74 (0.03/檔年) 命中 43.2% vs 38.0% | 平均 +1.04% vs +2.44% | 扣大盤 +0.37% | 40日內跌≥10% 46% vs 同波動 46%(完整40日 n=74)
出 & 近20天財報反應好                      p2  40日 n=  185 (0.09/檔年) 命中 56.8% vs 44.3% | 平均 -3.18% vs +1.92% | 扣大盤 -0.16% | 40日內跌≥10% 63% vs 同波動 59%(完整40日 n=185 未完成20)
出 & 近20天財報反應好                      all 40日 n=  259 (0.06/檔年) 命中 52.9% vs 41.7% | 平均 -1.98% vs +2.14% | 扣大盤 -0.01% | 40日內跌≥10% 58% vs 同波動 53%(完整40日 n=259 未完成20)
出 & 其他                             p1  20日 n=  300 (0.14/檔年) 命中 47.0% vs 40.9% | 平均 +1.12% vs +1.26% | 扣大盤 +0.21% | 20日內跌≥10% 37% vs 同波動 31%(完整20日 n=300)
出 & 其他                             p2  20日 n=  997 (0.45/檔年) 命中 56.8% vs 45.6% | 平均 -3.91% vs +0.90% | 扣大盤 -2.44% | 20日內跌≥10% 56% vs 同波動 45%(完整20日 n=997 未完成28)
出 & 其他                             all 20日 n= 1297 (0.30/檔年) 命中 54.5% vs 43.7% | 平均 -2.75% vs +1.05% | 扣大盤 -1.83% | 20日內跌≥10% 52% vs 同波動 38%(完整20日 n=1297 未完成28)
出 & 其他                             p1  40日 n=  300 (0.14/檔年) 命中 45.7% vs 38.0% | 平均 +2.82% vs +2.44% | 扣大盤 +0.20% | 40日內跌≥10% 48% vs 同波動 43%(完整40日 n=300)
出 & 其他                             p2  40日 n=  966 (0.45/檔年) 命中 58.8% vs 44.3% | 平均 -5.89% vs +1.92% | 扣大盤 -3.85% | 40日內跌≥10% 70% vs 同波動 57%(完整40日 n=966 未完成59)
出 & 其他                             all 40日 n= 1266 (0.30/檔年) 命中 55.7% vs 41.7% | 平均 -3.82% vs +2.14% | 扣大盤 -2.89% | 40日內跌≥10% 65% vs 同波動 50%(完整40日 n=1266 未完成59)
頂K 發生在財報當天/隔天                      p1  20日 n=   29 (0.01/檔年) 命中 51.7% vs 40.7% | 平均 -0.24% vs +1.31% | 扣大盤 -1.18% | 20日內跌≥10% 24% vs 同波動 40%(完整20日 n=29)
頂K 發生在財報當天/隔天                      p2  20日 n=  172 (0.08/檔年) 命中 47.1% vs 45.4% | 平均 +4.11% vs +0.98% | 扣大盤 +2.57% | 20日內跌≥10% 61% vs 同波動 57%(完整20日 n=172)
頂K 發生在財報當天/隔天                      all 20日 n=  201 (0.05/檔年) 命中 47.8% vs 43.5% | 平均 +3.48% vs +1.11% | 扣大盤 +2.03% | 20日內跌≥10% 56% vs 同波動 49%(完整20日 n=201)
頂K 發生在財報當天/隔天                      p1  40日 n=   29 (0.01/檔年) 命中 44.8% vs 37.8% | 平均 +3.76% vs +2.49% | 扣大盤 +2.99% | 40日內跌≥10% 48% vs 同波動 53%(完整40日 n=29)
頂K 發生在財報當天/隔天                      p2  40日 n=  171 (0.08/檔年) 命中 53.8% vs 44.2% | 平均 +3.09% vs +2.00% | 扣大盤 +1.47% | 40日內跌≥10% 71% vs 同波動 68%(完整40日 n=171 未完成1)
頂K 發生在財報當天/隔天                      all 40日 n=  200 (0.05/檔年) 命中 52.5% vs 41.6% | 平均 +3.19% vs +2.20% | 扣大盤 +1.69% | 40日內跌≥10% 68% vs 同波動 61%(完整40日 n=200 未完成1)
頂K 非財報日                            p1  20日 n=  364 (0.17/檔年) 命中 56.6% vs 40.7% | 平均 -1.44% vs +1.31% | 扣大盤 -3.02% | 20日內跌≥10% 66% vs 同波動 44%(完整20日 n=364)
頂K 非財報日                            p2  20日 n= 2790 (1.23/檔年) 命中 51.4% vs 45.4% | 平均 +0.90% vs +0.98% | 扣大盤 -0.62% | 20日內跌≥10% 70% vs 同波動 60%(完整20日 n=2790 未完成3)
頂K 非財報日                            all 20日 n= 3154 (0.71/檔年) 命中 52.0% vs 43.5% | 平均 +0.63% vs +1.11% | 扣大盤 -0.90% | 20日內跌≥10% 70% vs 同波動 52%(完整20日 n=3154 未完成3)
頂K 非財報日                            p1  40日 n=  364 (0.17/檔年) 命中 53.0% vs 37.8% | 平均 -0.34% vs +2.49% | 扣大盤 -3.57% | 40日內跌≥10% 72% vs 同波動 57%(完整40日 n=364)
頂K 非財報日                            p2  40日 n= 2775 (1.23/檔年) 命中 52.5% vs 44.2% | 平均 +1.69% vs +2.00% | 扣大盤 -0.58% | 40日內跌≥10% 78% vs 同波動 70%(完整40日 n=2775 未完成18)
頂K 非財報日                            all 40日 n= 3139 (0.71/檔年) 命中 52.6% vs 41.6% | 平均 +1.46% vs +2.20% | 扣大盤 -0.93% | 40日內跌≥10% 77% vs 同波動 63%(完整40日 n=3139 未完成18)
頂K & 5天內要公布財報                      p1  20日 n=   20 (0.01/檔年) 命中 55.0% vs 40.7% | 平均 -4.34% vs +1.31% | 扣大盤 -4.73% | 20日內跌≥10% 60% vs 同波動 43%(完整20日 n=20)
頂K & 5天內要公布財報                      p2  20日 n=  170 (0.08/檔年) 命中 58.2% vs 45.4% | 平均 -2.38% vs +0.98% | 扣大盤 -3.57% | 20日內跌≥10% 74% vs 同波動 60%(完整20日 n=170)
頂K & 5天內要公布財報                      all 20日 n=  190 (0.04/檔年) 命中 57.9% vs 43.5% | 平均 -2.59% vs +1.11% | 扣大盤 -3.69% | 20日內跌≥10% 72% vs 同波動 52%(完整20日 n=190)
頂K & 5天內要公布財報                      p1  40日 n=   20 (0.01/檔年) 命中 55.0% vs 37.8% | 平均 -0.49% vs +2.49% | 扣大盤 -2.24% | 40日內跌≥10% 70% vs 同波動 56%(完整40日 n=20)
頂K & 5天內要公布財報                      p2  40日 n=  170 (0.08/檔年) 命中 57.1% vs 44.2% | 平均 -3.20% vs +2.00% | 扣大盤 -4.26% | 40日內跌≥10% 81% vs 同波動 70%(完整40日 n=170)
頂K & 5天內要公布財報                      all 40日 n=  190 (0.04/檔年) 命中 56.8% vs 41.6% | 平均 -2.91% vs +2.20% | 扣大盤 -4.05% | 40日內跌≥10% 80% vs 同波動 63%(完整40日 n=190)
抄底 & 近20天財報反應好                     p1  20日 n=   23 (0.01/檔年) 命中 65.2% vs 58.9% | 平均 +4.44% vs +1.26% | 扣大盤 +1.04% | 20日內中途再跌≥10% 39%(完整20日 n=23)
抄底 & 近20天財報反應好                     p2  20日 n=   39 (0.02/檔年) 命中 74.4% vs 54.2% | 平均 +11.78% vs +0.90% | 扣大盤 +5.70% | 20日內中途再跌≥10% 41%(完整20日 n=39)
抄底 & 近20天財報反應好                     all 20日 n=   62 (0.01/檔年) 命中 71.0% vs 56.1% | 平均 +9.06% vs +1.05% | 扣大盤 +3.97% | 20日內中途再跌≥10% 40%(完整20日 n=62)
抄底 & 近20天財報反應好                     p1  40日 n=   23 (0.01/檔年) 命中 73.9% vs 61.9% | 平均 +6.89% vs +2.44% | 扣大盤 +1.85% | 40日內中途再跌≥10% 43%(完整40日 n=23)
抄底 & 近20天財報反應好                     p2  40日 n=   39 (0.02/檔年) 命中 82.1% vs 55.6% | 平均 +20.09% vs +1.92% | 扣大盤 +7.64% | 40日內中途再跌≥10% 44%(完整40日 n=39)
抄底 & 近20天財報反應好                     all 40日 n=   62 (0.01/檔年) 命中 79.0% vs 58.2% | 平均 +15.19% vs +2.14% | 扣大盤 +5.49% | 40日內中途再跌≥10% 44%(完整40日 n=62)
抄底 & 近20天財報反應差                     p1  20日 n=   65 (0.03/檔年) 命中 60.0% vs 58.9% | 平均 +0.92% vs +1.26% | 扣大盤 +0.26% | 20日內中途再跌≥10% 37%(完整20日 n=65)
抄底 & 近20天財報反應差                     p2  20日 n=  121 (0.05/檔年) 命中 57.0% vs 54.2% | 平均 +4.61% vs +0.90% | 扣大盤 +1.97% | 20日內中途再跌≥10% 49%(完整20日 n=121)
抄底 & 近20天財報反應差                     all 20日 n=  186 (0.04/檔年) 命中 58.1% vs 56.1% | 平均 +3.32% vs +1.05% | 扣大盤 +1.38% | 20日內中途再跌≥10% 45%(完整20日 n=186)
抄底 & 近20天財報反應差                     p1  40日 n=   65 (0.03/檔年) 命中 58.5% vs 61.9% | 平均 +1.22% vs +2.44% | 扣大盤 -1.57% | 40日內中途再跌≥10% 51%(完整40日 n=65)
抄底 & 近20天財報反應差                     p2  40日 n=  121 (0.05/檔年) 命中 75.2% vs 55.6% | 平均 +9.02% vs +1.92% | 扣大盤 +1.36% | 40日內中途再跌≥10% 54%(完整40日 n=121)
抄底 & 近20天財報反應差                     all 40日 n=  186 (0.04/檔年) 命中 69.4% vs 58.2% | 平均 +6.30% vs +2.14% | 扣大盤 +0.33% | 40日內中途再跌≥10% 53%(完整40日 n=186)
抄底 & 其他                            p1  20日 n=  312 (0.14/檔年) 命中 51.0% vs 58.9% | 平均 -0.11% vs +1.26% | 扣大盤 -0.95% | 20日內中途再跌≥10% 46%(完整20日 n=312)
抄底 & 其他                            p2  20日 n=  694 (0.31/檔年) 命中 61.8% vs 54.2% | 平均 +5.05% vs +0.90% | 扣大盤 +0.24% | 20日內中途再跌≥10% 43%(完整20日 n=694)
抄底 & 其他                            all 20日 n= 1006 (0.23/檔年) 命中 58.4% vs 56.1% | 平均 +3.45% vs +1.05% | 扣大盤 -0.13% | 20日內中途再跌≥10% 44%(完整20日 n=1006)
抄底 & 其他                            p1  40日 n=  312 (0.14/檔年) 命中 65.7% vs 61.9% | 平均 +3.49% vs +2.44% | 扣大盤 -0.20% | 40日內中途再跌≥10% 57%(完整40日 n=312)
抄底 & 其他                            p2  40日 n=  694 (0.31/檔年) 命中 72.2% vs 55.6% | 平均 +12.92% vs +1.92% | 扣大盤 +1.76% | 40日內中途再跌≥10% 49%(完整40日 n=694)
抄底 & 其他                            all 40日 n= 1006 (0.23/檔年) 命中 70.2% vs 58.2% | 平均 +9.99% vs +2.14% | 扣大盤 +1.15% | 40日內中途再跌≥10% 52%(完整40日 n=1006)
抄底 & 5天內要公布財報                      p1  20日 n=   39 (0.02/檔年) 命中 71.8% vs 58.9% | 平均 +5.14% vs +1.26% | 扣大盤 +1.57% | 20日內中途再跌≥10% 38%(完整20日 n=39)
抄底 & 5天內要公布財報                      p2  20日 n=   70 (0.03/檔年) 命中 70.0% vs 54.2% | 平均 +11.61% vs +0.90% | 扣大盤 +4.86% | 20日內中途再跌≥10% 41%(完整20日 n=70)
抄底 & 5天內要公布財報                      all 20日 n=  109 (0.02/檔年) 命中 70.6% vs 56.1% | 平均 +9.30% vs +1.05% | 扣大盤 +3.68% | 20日內中途再跌≥10% 40%(完整20日 n=109)
抄底 & 5天內要公布財報                      p1  40日 n=   39 (0.02/檔年) 命中 76.9% vs 61.9% | 平均 +9.83% vs +2.44% | 扣大盤 +3.67% | 40日內中途再跌≥10% 46%(完整40日 n=39)
抄底 & 5天內要公布財報                      p2  40日 n=   70 (0.03/檔年) 命中 75.7% vs 55.6% | 平均 +17.86% vs +1.92% | 扣大盤 +5.62% | 40日內中途再跌≥10% 43%(完整40日 n=70)
抄底 & 5天內要公布財報                      all 40日 n=  109 (0.02/檔年) 命中 76.1% vs 58.2% | 平均 +14.99% vs +2.14% | 扣大盤 +4.92% | 40日內中途再跌≥10% 44%(完整40日 n=109)
出 & 5天內要公布財報                       p1  20日 n=   32 (0.01/檔年) 命中 43.8% vs 40.9% | 平均 +1.74% vs +1.26% | 扣大盤 +1.72% | 20日內跌≥10% 31% vs 同波動 27%(完整20日 n=32)
出 & 5天內要公布財報                       p2  20日 n=   79 (0.03/檔年) 命中 54.4% vs 45.6% | 平均 -1.96% vs +0.90% | 扣大盤 -0.51% | 20日內跌≥10% 58% vs 同波動 43%(完整20日 n=79)
出 & 5天內要公布財報                       all 20日 n=  111 (0.02/檔年) 命中 51.4% vs 43.7% | 平均 -0.89% vs +1.05% | 扣大盤 +0.13% | 20日內跌≥10% 50% vs 同波動 36%(完整20日 n=111)
出 & 5天內要公布財報                       p1  40日 n=   32 (0.01/檔年) 命中 50.0% vs 38.0% | 平均 +6.36% vs +2.44% | 扣大盤 +3.93% | 40日內跌≥10% 34% vs 同波動 39%(完整40日 n=32)
出 & 5天內要公布財報                       p2  40日 n=   76 (0.03/檔年) 命中 53.9% vs 44.3% | 平均 -7.14% vs +1.92% | 扣大盤 -3.56% | 40日內跌≥10% 66% vs 同波動 55%(完整40日 n=76 未完成3)
出 & 5天內要公布財報                       all 40日 n=  108 (0.02/檔年) 命中 52.8% vs 41.7% | 平均 -3.14% vs +2.14% | 扣大盤 -1.34% | 40日內跌≥10% 56% vs 同波動 48%(完整40日 n=108 未完成3)
