格式:各訊號在「該總經量 低/中/高 三分之一」時的 20日命中差(前半 2009-17 / 後半 2018-26);n 為事件數

### 原油20日
  出                | 低 +19.8/+18.8 (n89/464) | 中  +2.5/+11.1 (n129/305) | 高  +4.1/ +3.6 (n169/484)
  抄底               | 低  -7.7/+18.3 (n203/575) | 中  -0.5/-23.6 (n101/199) | 高  -6.8/ +1.5 (n96/70)
  頂K               | 低 +17.4/ +9.2 (n98/762) | 中 +16.2/ +3.3 (n144/1126) | 高 +13.6/ +6.0 (n151/1068)
  減碼               | 低   —  /+17.9 (n25/229) | 中 +19.3/ +2.9 (n35/327) | 高 +16.0/ +4.6 (n30/314)
  ★(氣候≥65%)        | 低  +1.7/ +8.3 (n663/681) | 中  +9.2/ +0.2 (n213/397) | 高  +1.0/ +6.3 (n187/208)
  所有股票日(大盤效應)      | 低  -3.2/ +2.1 (n21311/32228) | 中  +2.9/ -2.4 (n24478/30711) | 高  +0.6/ -0.6 (n18882/30420)

### 原油60日
  出                | 低 +10.8/+20.1 (n60/344) | 中  +7.1/ +6.5 (n196/338) | 高  +5.7/ +8.3 (n131/571)
  抄底               | 低  -8.7/+24.2 (n303/551) | 中  -2.6/-23.0 (n48/253) | 高 +10.5/-26.6 (n49/47)
  頂K               | 低 +22.9/ +4.8 (n66/1064) | 中 +12.1/ +6.6 (n159/864) | 高 +15.8/ +6.1 (n168/1028)
  減碼               | 低   —  / +3.1 (n18/303) | 中 +16.9/ +8.4 (n33/264) | 高 +15.7/+11.0 (n39/303)
  ★(氣候≥65%)        | 低  +1.2/+15.3 (n712/718) | 中  +7.3/ -7.6 (n195/399) | 高  +6.5/ -5.1 (n156/169)
  所有股票日(大盤效應)      | 低  -2.1/ +3.9 (n21899/34032) | 中  +1.0/ -2.0 (n24045/30400) | 高  +2.0/ -2.9 (n18727/29131)

### 10年債殖利率20日(bp)
  出                | 低 +28.2/+19.0 (n55/215) | 中  -0.9/ +4.0 (n140/417) | 高  +7.0/+13.0 (n192/621)
  抄底               | 低  -1.8/ +4.5 (n268/494) | 中 -12.7/+11.3 (n106/328) | 高   —  /  —   (n26/29)
  頂K               | 低 +19.0/ +9.0 (n77/930) | 中 +16.8/ +6.1 (n172/1094) | 高 +12.1/ +2.2 (n144/938)
  減碼               | 低   —  /+11.9 (n20/255) | 中 +26.8/ +7.1 (n40/347) | 高 +12.6/ +3.9 (n30/268)
  ★(氣候≥65%)        | 低  +7.4/ +3.5 (n750/772) | 中  -6.0/+11.2 (n227/382) | 高 -10.0/ +0.3 (n86/132)
  所有股票日(大盤效應)      | 低  +4.3/ +1.1 (n19383/29602) | 中  -2.4/ -1.5 (n23807/31836) | 高  -0.5/ +0.1 (n21481/32329)

### 10年債殖利率60日(bp)
  出                | 低   —  / +9.9 (n10/164) | 中  +3.9/ +7.0 (n152/435) | 高  +8.4/+14.0 (n225/654)
  抄底               | 低  -7.1/ +9.1 (n286/736) | 中  +0.3/ -8.4 (n76/85) | 高  -6.3/ +9.1 (n38/30)
  頂K               | 低 +29.3/ +5.2 (n70/966) | 中 +11.1/ +8.9 (n164/1024) | 高 +14.0/ +3.0 (n159/972)
  減碼               | 低   —  / +7.1 (n15/276) | 中 +18.9/ +7.0 (n47/311) | 高   —  / +8.3 (n28/283)
  ★(氣候≥65%)        | 低 +10.5/+11.5 (n584/791) | 中  -4.1/ -7.2 (n376/270) | 高 -12.3/ -0.5 (n103/225)
  所有股票日(大盤效應)      | 低  +2.2/ +3.3 (n18805/29740) | 中  -1.1/ +0.0 (n23604/28952) | 高  -0.0/ -3.1 (n22262/35075)

### 殖利率曲線10Y-3M
  出                | 低  +4.0/+16.8 (n207/213) | 中  +3.1/  —   (n75/28) | 高 +16.3/ +9.6 (n105/1012)
  抄底               | 低  -7.0/ -3.4 (n216/348) | 中 -10.7/+27.6 (n137/237) | 高 +15.6/ +3.3 (n47/266)
  頂K               | 低 +13.0/+11.5 (n216/987) | 中 +21.9/ -7.6 (n83/543) | 高 +15.7/ +6.8 (n94/1432)
  減碼               | 低 +17.1/+15.9 (n45/287) | 中   —  /-12.3 (n15/136) | 高  +9.3/ +8.1 (n30/447)
  ★(氣候≥65%)        | 低  +1.8/ +3.0 (n549/594) | 中  +2.6/+16.3 (n389/299) | 高 +10.7/ +1.0 (n125/393)
  所有股票日(大盤效應)      | 低  +2.0/ -1.6 (n29982/41306) | 中  -4.0/+10.1 (n19450/13256) | 高  +2.2/ -2.0 (n15239/39205)

### 10年債殖利率水準
  出                | 低  -1.3/+23.8 (n139/98) | 中 +19.0/ +7.5 (n137/525) | 高  +3.3/+12.0 (n111/630)
  抄底               | 低  -2.6/+21.4 (n277/279) | 中 -13.8/ +6.1 (n111/131) | 高   —  / -1.2 (n12/441)
  頂K               | 低 +14.6/ -1.0 (n159/735) | 中 +17.3/ +6.1 (n119/577) | 高 +14.9/ +8.7 (n115/1650)
  減碼               | 低 +15.5/ +3.3 (n32/187) | 中   —  / +3.4 (n29/162) | 高   —  /+10.3 (n29/521)
  ★(氣候≥65%)        | 低  +1.9/ +8.7 (n607/359) | 中  +4.2/+13.9 (n366/245) | 高  +6.7/ +0.8 (n90/682)
  所有股票日(大盤效應)      | 低  +2.2/ +5.6 (n30019/19280) | 中  -3.8/ +0.3 (n20947/21554) | 高  +2.3/ -2.3 (n13705/52933)

### 黃金20日
  出                | 低  +4.2/ +5.9 (n173/613) | 中  +9.5/+17.8 (n147/290) | 高  +9.9/+14.4 (n67/350)
  抄底               | 低 -12.9/+29.7 (n50/56) | 中  -1.7/ +4.0 (n84/314) | 高  -5.5/ +6.9 (n266/481)
  頂K               | 低 +11.2/ +2.6 (n129/1014) | 中 +18.3/ +3.9 (n127/800) | 高 +16.9/ +9.8 (n137/1148)
  減碼               | 低   —  / +5.1 (n24/283) | 中   —  / +6.9 (n29/243) | 高 +16.0/ +9.8 (n37/344)
  ★(氣候≥65%)        | 低 -11.4/ +0.7 (n120/153) | 中  +9.2/ -0.6 (n326/423) | 高  +2.7/+10.1 (n617/710)
  所有股票日(大盤效應)      | 低  -0.2/ +3.2 (n21166/28887) | 中  +2.1/ -3.3 (n24509/29318) | 高  -1.7/ -0.1 (n18996/35562)

### 黃金60日
  出                | 低  +0.9/+10.2 (n201/688) | 中  +9.1/+13.6 (n132/233) | 高 +25.8/+11.0 (n54/332)
  抄底               | 低 -18.9/  —   (n30/0) | 中  -7.4/+18.1 (n169/159) | 高  -2.2/ +4.9 (n201/692)
  頂K               | 低 +16.5/ +5.3 (n131/868) | 中 +12.1/ +8.3 (n108/819) | 高 +17.1/ +4.4 (n154/1275)
  減碼               | 低   —  / +7.2 (n21/228) | 中   —  /+13.8 (n27/255) | 高 +18.8/ +3.4 (n42/387)
  ★(氣候≥65%)        | 低  -4.4/ -5.0 (n246/67) | 中  +3.5/ +8.2 (n407/314) | 高  +7.2/ +5.3 (n410/905)
  所有股票日(大盤效應)      | 低  +1.6/ -0.4 (n20249/26999) | 中  -0.1/ -2.9 (n22967/27444) | 高  -0.7/ +2.1 (n21455/39324)

### 白銀20日
  出                | 低  +6.7/ +7.9 (n168/534) | 中  +8.1/+12.5 (n151/339) | 高  +6.2/+14.1 (n68/380)
  抄底               | 低  -8.1/+22.7 (n61/230) | 中 -13.1/ +7.8 (n192/356) | 高  +5.1/ -6.7 (n147/265)
  頂K               | 低 +11.0/ +2.5 (n118/753) | 中 +15.5/ +5.5 (n112/931) | 高 +18.8/ +7.8 (n163/1278)
  減碼               | 低   —  / +5.8 (n22/258) | 中   —  / +1.3 (n27/227) | 高 +22.7/+12.3 (n41/385)
  ★(氣候≥65%)        | 低  +3.4/+14.1 (n199/404) | 中  +2.7/ +3.0 (n398/461) | 高  +3.3/ -0.1 (n466/421)
  所有股票日(大盤效應)      | 低  -0.2/ +2.7 (n20328/29590) | 中  -0.0/ -3.9 (n23265/29174) | 高  +1.0/ +0.7 (n21078/35003)

### 白銀60日
  出                | 低  +1.8/ +9.9 (n178/585) | 中  +9.1/+12.6 (n130/299) | 高 +16.1/+11.6 (n79/369)
  抄底               | 低  -1.3/+24.7 (n73/247) | 中 -19.5/ +3.1 (n203/293) | 高 +14.5/ -2.5 (n124/311)
  頂K               | 低 +12.9/ +1.6 (n112/740) | 中 +14.2/ +9.5 (n131/842) | 高 +18.6/ +5.7 (n150/1380)
  減碼               | 低   —  / -1.8 (n19/179) | 中 +22.1/+12.0 (n35/263) | 高 +14.8/ +8.6 (n36/428)
  ★(氣候≥65%)        | 低  -5.5/+22.9 (n358/298) | 中  +3.2/ +2.3 (n425/571) | 高 +14.0/ -2.7 (n280/417)
  所有股票日(大盤效應)      | 低  +3.2/ +2.2 (n20684/27520) | 中  -2.3/ -2.5 (n23195/31400) | 高  +0.2/ +0.2 (n20792/34847)

### 金銀比60日
  出                | 低 +13.5/ +4.5 (n92/389) | 中  +6.1/+12.7 (n166/405) | 高  +4.1/+15.2 (n129/459)
  抄底               | 低  +1.7/ -8.3 (n66/61) | 中  -3.3/-19.5 (n144/242) | 高  -9.9/+20.9 (n190/548)
  頂K               | 低 +20.4/ +1.8 (n149/1274) | 中 +11.7/+14.3 (n143/874) | 高 +13.7/ +2.8 (n101/814)
  減碼               | 低 +26.9/ +3.8 (n34/366) | 中 +11.8/+17.4 (n40/266) | 高   —  / +2.1 (n16/238)
  ★(氣候≥65%)        | 低  +8.8/ +4.4 (n235/288) | 中  +2.0/ -4.2 (n430/286) | 高  +0.9/ +9.8 (n398/712)
  所有股票日(大盤效應)      | 低  -1.9/ +2.2 (n21700/32697) | 中  +0.6/ -4.2 (n23018/28419) | 高  +2.2/ +1.2 (n19953/32651)

### 銅金比60日
  出                | 低   —  /+18.3 (n15/277) | 中  +7.2/+11.4 (n160/486) | 高  +6.3/ +6.6 (n212/490)
  抄底               | 低  -6.7/+17.1 (n280/569) | 中  -6.4/ +1.9 (n80/164) | 高  +3.6/-32.2 (n40/118)
  頂K               | 低 +16.6/ +2.6 (n68/1100) | 中 +17.0/+12.6 (n163/854) | 高 +13.6/ +3.4 (n162/1008)
  減碼               | 低   —  / +6.6 (n18/360) | 中 +21.4/ +7.6 (n37/251) | 高 +10.7/ +8.7 (n35/259)
  ★(氣候≥65%)        | 低  +0.4/+13.8 (n698/753) | 中  +8.4/ -3.4 (n278/289) | 高  +7.8/ -9.6 (n87/244)
  所有股票日(大盤效應)      | 低  -2.9/ +4.3 (n20437/33115) | 中  -0.7/ -4.9 (n23060/32194) | 高  +4.3/ +0.1 (n21174/28458)

### 美元20日
  出                | 低 +11.4/ +2.9 (n44/202) | 中  +4.6/+10.1 (n167/384) | 高  +8.5/+14.1 (n176/667)
  抄底               | 低  -3.4/ +1.8 (n184/512) | 中  -8.6/+10.8 (n175/146) | 高  -2.8/+19.3 (n41/193)
  頂K               | 低 +18.9/ +7.0 (n156/1107) | 中 +15.9/ +5.4 (n136/1026) | 高  +9.8/ +4.5 (n101/829)
  減碼               | 低 +19.3/ +5.4 (n40/305) | 中 +19.9/+12.4 (n33/284) | 高   —  / +4.8 (n17/281)
  ★(氣候≥65%)        | 低  +0.1/ +0.6 (n358/622) | 中  +4.0/+10.0 (n412/487) | 高  +5.6/+10.2 (n293/177)
  所有股票日(大盤效應)      | 低  -1.0/ +2.5 (n21498/30261) | 中  +1.4/ -0.3 (n23370/31650) | 高  +0.2/ -2.3 (n19803/31856)

### 信用(高收益/公債)20日
  出                | 低 +12.9/+11.6 (n80/332) | 中  +6.1/ +9.1 (n168/578) | 高  +5.2/+13.9 (n139/343)
  抄底               | 低  -7.1/ +7.7 (n274/620) | 中  -3.2/ +5.4 (n79/156) | 高  -1.4/ +8.4 (n47/75)
  頂K               | 低 +25.5/ +6.2 (n68/706) | 中 +16.1/+10.6 (n162/1049) | 高 +10.8/ +1.3 (n163/1207)
  減碼               | 低   —  /+11.2 (n20/235) | 中 +19.8/+13.0 (n38/308) | 高 +12.4/ -0.4 (n32/327)
  ★(氣候≥65%)        | 低  +6.6/ +9.2 (n757/807) | 中  -5.3/ -2.2 (n183/269) | 高  -6.0/ +1.0 (n123/210)
  所有股票日(大盤效應)      | 低  +2.0/ +1.1 (n19676/30253) | 中  -0.1/ -2.7 (n26187/34389) | 高  -1.1/ +1.7 (n18808/29125)
