A 頂K(全部)                           p1  20日 n=  393 (0.18/檔年) 命中 56.2% vs 40.7% [+8.9,+20.9] | 平均 -1.35% vs +1.31% [-6.72,+2.27] | 扣大盤 -2.89% | 20日內跌≥10% 63% vs 同波動 44%(完整20日 n=393)
A 頂K(全部)                           p2  20日 n= 2962 (1.31/檔年) 命中 51.1% vs 45.4% [+1.3,+10.9] | 平均 +1.09% vs +0.98% [-4.03,+3.74] | 扣大盤 -0.43% | 20日內跌≥10% 70% vs 同波動 60%(完整20日 n=2962 未完成3)
A 頂K(全部)                           all 20日 n= 3355 (0.75/檔年) 命中 51.7% vs 43.5% | 平均 +0.81% vs +1.11% | 扣大盤 -0.72% | 20日內跌≥10% 69% vs 同波動 52%(完整20日 n=3355 未完成3)
   四段期間命中差: [np.float64(14.1), np.float64(17.0), np.float64(4.8), np.float64(6.5)]
A 頂K 非財報日                          p1  20日 n=  364 (0.17/檔年) 命中 56.6% vs 40.7% [+9.7,+21.7] | 平均 -1.44% vs +1.31% [-7.10,+2.17] | 扣大盤 -3.02% | 20日內跌≥10% 66% vs 同波動 44%(完整20日 n=364)
A 頂K 非財報日                          p2  20日 n= 2790 (1.23/檔年) 命中 51.4% vs 45.4% [+1.4,+11.4] | 平均 +0.90% vs +0.98% [-4.14,+3.54] | 扣大盤 -0.62% | 20日內跌≥10% 70% vs 同波動 60%(完整20日 n=2790 未完成3)
A 頂K 非財報日                          all 20日 n= 3154 (0.71/檔年) 命中 52.0% vs 43.5% | 平均 +0.63% vs +1.11% | 扣大盤 -0.90% | 20日內跌≥10% 70% vs 同波動 52%(完整20日 n=3154 未完成3)
   四段期間命中差: [np.float64(15.2), np.float64(17.7), np.float64(5.0), np.float64(6.8)]
A 頂K 財報當天/隔天                       p1  20日 n=   29 (0.01/檔年) 命中 51.7% vs 40.7% [-3.7,+26.0] | 平均 -0.24% vs +1.31% [-8.99,+6.11] | 扣大盤 -1.18% | 20日內跌≥10% 24% vs 同波動 40%(完整20日 n=29)
A 頂K 財報當天/隔天                       p2  20日 n=  172 (0.08/檔年) 命中 47.1% vs 45.4% [-6.6,+10.6] | 平均 +4.11% vs +0.98% [-2.99,+8.84] | 扣大盤 +2.57% | 20日內跌≥10% 61% vs 同波動 57%(完整20日 n=172)
A 頂K 財報當天/隔天                       all 20日 n=  201 (0.05/檔年) 命中 47.8% vs 43.5% | 平均 +3.48% vs +1.11% | 扣大盤 +2.03% | 20日內跌≥10% 56% vs 同波動 49%(完整20日 n=201)
   四段期間命中差: [None, np.float64(8.6), np.float64(2.0), np.float64(3.5)]
A 頂K 財報前5天內                        p1  20日 n=   20 (0.01/檔年) 命中 55.0% vs 40.7% | 平均 -4.34% vs +1.31% | 扣大盤 -4.73% | 20日內跌≥10% 60% vs 同波動 43%(完整20日 n=20)
A 頂K 財報前5天內                        p2  20日 n=  170 (0.08/檔年) 命中 58.2% vs 45.4% [+2.1,+23.5] | 平均 -2.38% vs +0.98% [-12.75,+6.05] | 扣大盤 -3.57% | 20日內跌≥10% 74% vs 同波動 60%(完整20日 n=170)
A 頂K 財報前5天內                        all 20日 n=  190 (0.04/檔年) 命中 57.9% vs 43.5% | 平均 -2.59% vs +1.11% | 扣大盤 -3.69% | 20日內跌≥10% 72% vs 同波動 52%(完整20日 n=190)
   四段期間命中差: [None, None, np.float64(9.1), np.float64(17.1)]
B 買(價格部分)全部                        p1  20日 n=11221 (5.10/檔年) 命中 60.1% vs 58.9% [-2.1,+4.4] | 平均 +1.50% vs +1.26% [-0.49,+0.94] | 扣大盤 -0.05% | 20日內中途再跌≥10% 19%(完整20日 n=11221)
B 買(價格部分)全部                        p2  20日 n=17103 (7.66/檔年) 命中 54.7% vs 54.2% [-3.4,+4.1] | 平均 +0.74% vs +0.90% [-1.48,+1.09] | 扣大盤 -0.24% | 20日內中途再跌≥10% 36%(完整20日 n=17103 未完成249)
B 買(價格部分)全部                        all 20日 n=28324 (6.40/檔年) 命中 56.8% vs 56.1% | 平均 +1.04% vs +1.05% | 扣大盤 -0.16% | 20日內中途再跌≥10% 29%(完整20日 n=28324 未完成249)
   四段期間命中差: [np.float64(0.6), np.float64(2.3), np.float64(-1.0), np.float64(1.0)]
B 買 × 氣候≥65%                       p1  20日 n= 5458 (2.48/檔年) 命中 63.0% vs 58.9% [-0.0,+8.8] | 平均 +1.94% vs +1.26% [-0.33,+1.77] | 扣大盤 -0.02% | 20日內中途再跌≥10% 19%(完整20日 n=5458)
B 買 × 氣候≥65%                       p2  20日 n= 5851 (2.58/檔年) 命中 58.4% vs 54.2% [-1.2,+9.5] | 平均 +2.28% vs +0.90% [-0.28,+3.31] | 扣大盤 -0.84% | 20日內中途再跌≥10% 34%(完整20日 n=5851)
B 買 × 氣候≥65%                       all 20日 n=11309 (2.53/檔年) 命中 60.6% vs 56.1% | 平均 +2.12% vs +1.05% | 扣大盤 -0.44% | 20日內中途再跌≥10% 26%(完整20日 n=11309)
   四段期間命中差: [np.float64(5.2), np.float64(5.0), np.float64(8.6), np.float64(1.1)]
B 買 × 氣候≥35%                       p1  20日 n= 8158 (3.71/檔年) 命中 62.1% vs 58.9% [-0.3,+7.4] | 平均 +1.74% vs +1.26% [-0.31,+1.41] | 扣大盤 -0.07% | 20日內中途再跌≥10% 19%(完整20日 n=8158)
B 買 × 氣候≥35%                       p2  20日 n= 9842 (4.34/檔年) 命中 58.7% vs 54.2% [-0.2,+9.7] | 平均 +2.16% vs +0.90% [-0.30,+3.05] | 扣大盤 -0.24% | 20日內中途再跌≥10% 31%(完整20日 n=9842)
B 買 × 氣候≥35%                       all 20日 n=18000 (4.03/檔年) 命中 60.3% vs 56.1% | 平均 +1.97% vs +1.05% | 扣大盤 -0.16% | 20日內中途再跌≥10% 25%(完整20日 n=18000)
   四段期間命中差: [np.float64(6.1), np.float64(3.4), np.float64(7.1), np.float64(1.8)]
B 買 × 氣候≤35%                       p1  20日 n= 3063 (1.39/檔年) 命中 54.6% vs 58.9% [-11.0,+2.1] | 平均 +0.84% vs +1.26% [-1.79,+0.87] | 扣大盤 +0.02% | 20日內中途再跌≥10% 20%(完整20日 n=3063)
B 買 × 氣候≤35%                       p2  20日 n= 7261 (3.32/檔年) 命中 49.3% vs 54.2% [-9.9,-0.2] | 平均 -1.18% vs +0.90% [-3.99,-0.36] | 扣大盤 -0.23% | 20日內中途再跌≥10% 42%(完整20日 n=7261 未完成249)
B 買 × 氣候≤35%                       all 20日 n=10324 (2.37/檔年) 命中 50.8% vs 56.1% | 平均 -0.58% vs +1.05% | 扣大盤 -0.16% | 20日內中途再跌≥10% 35%(完整20日 n=10324 未完成249)
   四段期間命中差: [np.float64(-9.3), np.float64(-0.2), np.float64(-8.1), np.float64(-1.0)]
C ★ 全部                             p1  40日 n= 1726 (0.78/檔年) 命中 62.5% vs 61.9% [-5.5,+5.9] | 平均 +2.44% vs +2.44% [-2.03,+1.78] | 扣大盤 -0.13% | 40日內中途再跌≥10% 36%(完整40日 n=1726)
C ★ 全部                             p2  40日 n= 3354 (1.50/檔年) 命中 59.4% vs 55.6% [-0.4,+8.2] | 平均 +3.11% vs +1.92% [-1.15,+3.64] | 扣大盤 +0.15% | 40日內中途再跌≥10% 50%(完整40日 n=3354 未完成45)
C ★ 全部                             all 40日 n= 5080 (1.15/檔年) 命中 60.5% vs 58.2% | 平均 +2.88% vs +2.14% | 扣大盤 +0.06% | 40日內中途再跌≥10% 45%(完整40日 n=5080 未完成45)
   四段期間命中差: [np.float64(-5.0), np.float64(4.3), np.float64(1.6), np.float64(5.3)]
C ★ × 氣候≥65%                       p1  40日 n= 1063 (0.48/檔年) 命中 65.5% vs 61.9% [-4.7,+11.3] | 平均 +3.14% vs +2.44% [-2.13,+3.31] | 扣大盤 +0.53% | 40日內中途再跌≥10% 33%(完整40日 n=1063)
C ★ × 氣候≥65%                       p2  40日 n= 1286 (0.57/檔年) 命中 66.8% vs 55.6% [+4.0,+18.8] | 平均 +8.59% vs +1.92% [+2.56,+10.73] | 扣大盤 +0.47% | 40日內中途再跌≥10% 47%(完整40日 n=1286)
C ★ × 氣候≥65%                       all 40日 n= 2349 (0.53/檔年) 命中 66.2% vs 58.2% | 平均 +6.13% vs +2.14% | 扣大盤 +0.50% | 40日內中途再跌≥10% 40%(完整40日 n=2349)
   四段期間命中差: [np.float64(-10.6), np.float64(11.5), np.float64(12.7), np.float64(8.7)]
C ★ × 氣候≥65% × 殖利率60日下降            p1  40日 n=  584 (0.27/檔年) 命中 65.8% vs 61.9% [-6.8,+13.6] | 平均 +3.35% vs +2.44% [-3.26,+4.77] | 扣大盤 +0.49% | 40日內中途再跌≥10% 28%(完整40日 n=584)
C ★ × 氣候≥65% × 殖利率60日下降            p2  40日 n=  791 (0.35/檔年) 命中 70.0% vs 55.6% [+5.7,+21.2] | 平均 +11.91% vs +1.92% [+4.97,+13.81] | 扣大盤 +0.63% | 40日內中途再跌≥10% 46%(完整40日 n=791)
C ★ × 氣候≥65% × 殖利率60日下降            all 40日 n= 1375 (0.31/檔年) 命中 68.2% vs 58.2% | 平均 +8.28% vs +2.14% | 扣大盤 +0.57% | 40日內中途再跌≥10% 39%(完整40日 n=1375)
   四段期間命中差: [np.float64(-16.9), np.float64(16.0), np.float64(15.1), np.float64(13.1)]
D 出(現行)                            p1  20日 n=  387 (0.18/檔年) 命中 48.1% vs 40.9% [+0.2,+14.3] | 平均 +0.65% vs +1.26% [-2.26,+1.07] | 扣大盤 -0.12% | 20日內跌≥10% 37% vs 同波動 31%(完整20日 n=387)
D 出(現行)                            p2  20日 n= 1253 (0.57/檔年) 命中 56.7% vs 45.6% [+6.0,+16.1] | 平均 -3.23% vs +0.90% [-6.63,-1.51] | 扣大盤 -1.77% | 20日內跌≥10% 55% vs 同波動 45%(完整20日 n=1253 未完成34)
D 出(現行)                            all 20日 n= 1640 (0.37/檔年) 命中 54.6% vs 43.7% | 平均 -2.32% vs +1.05% | 扣大盤 -1.38% | 20日內跌≥10% 51% vs 同波動 39%(完整20日 n=1640 未完成34)
   四段期間命中差: [np.float64(8.5), np.float64(6.5), np.float64(17.6), np.float64(5.8)]
D 出 × 油價20日走弱                      p1  20日 n=   89 (0.04/檔年) 命中 60.7% vs 40.9% [+9.8,+27.5] | 平均 -3.03% vs +1.26% [-5.55,-2.67] | 扣大盤 -1.80% | 20日內跌≥10% 40% vs 同波動 31%(完整20日 n=89)
D 出 × 油價20日走弱                      p2  20日 n=  464 (0.21/檔年) 命中 64.4% vs 45.6% [+11.5,+24.1] | 平均 -7.74% vs +0.90% [-11.27,-5.00] | 扣大盤 -3.35% | 20日內跌≥10% 61% vs 同波動 46%(完整20日 n=464 未完成4)
D 出 × 油價20日走弱                      all 20日 n=  553 (0.12/檔年) 命中 63.8% vs 43.7% | 平均 -6.98% vs +1.05% | 扣大盤 -3.10% | 20日內跌≥10% 58% vs 同波動 39%(完整20日 n=553 未完成4)
   四段期間命中差: [np.float64(23.3), np.float64(-13.0), np.float64(23.2), np.float64(20.1)]
D 出 × 其他油價                         p1  20日 n=  298 (0.14/檔年) 命中 44.3% vs 40.9% [-2.8,+11.4] | 平均 +1.75% vs +1.26% [-1.62,+2.24] | 扣大盤 +0.38% | 20日內跌≥10% 36% vs 同波動 31%(完整20日 n=298)
D 出 × 其他油價                         p2  20日 n=  789 (0.36/檔年) 命中 52.1% vs 45.6% [+1.5,+12.1] | 平均 -0.58% vs +0.90% [-3.91,+0.72] | 扣大盤 -0.84% | 20日內跌≥10% 51% vs 同波動 45%(完整20日 n=789 未完成30)
D 出 × 其他油價                         all 20日 n= 1087 (0.25/檔年) 命中 50.0% vs 43.7% | 平均 +0.06% vs +1.05% | 扣大盤 -0.50% | 20日內跌≥10% 47% vs 同波動 39%(完整20日 n=1087 未完成30)
   四段期間命中差: [np.float64(2.4), np.float64(10.6), np.float64(13.5), np.float64(-1.4)]
D 出 × 殖利率20日急降                     p1  20日 n=   55 (0.02/檔年) 命中 69.1% vs 40.9% [+9.1,+35.9] | 平均 -3.94% vs +1.26% [-7.27,-0.06] | 扣大盤 -1.22% | 20日內跌≥10% 58% vs 同波動 30%(完整20日 n=55)
D 出 × 殖利率20日急降                     p2  20日 n=  215 (0.09/檔年) 命中 64.7% vs 45.6% [+7.4,+29.4] | 平均 -8.32% vs +0.90% [-15.05,-4.03] | 扣大盤 -5.35% | 20日內跌≥10% 61% vs 同波動 48%(完整20日 n=215)
D 出 × 殖利率20日急降                     all 20日 n=  270 (0.06/檔年) 命中 65.6% vs 43.7% | 平均 -7.43% vs +1.05% | 扣大盤 -4.51% | 20日內跌≥10% 60% vs 同波動 41%(完整20日 n=270)
   四段期間命中差: [np.float64(32.9), np.float64(-1.3), np.float64(12.5), np.float64(37.0)]
E 抄底(現行)                           p1  40日 n=  400 (0.18/檔年) 命中 65.0% vs 61.9% [-4.7,+9.7] | 平均 +3.31% vs +2.44% [-2.91,+5.08] | 扣大盤 -0.30% | 40日內中途再跌≥10% 55%(完整40日 n=400)
E 抄底(現行)                           p2  40日 n=  851 (0.38/檔年) 命中 73.0% vs 55.6% [+5.8,+24.5] | 平均 +12.59% vs +1.92% [+5.00,+14.51] | 扣大盤 +1.87% | 40日內中途再跌≥10% 50%(完整40日 n=851)
E 抄底(現行)                           all 40日 n= 1251 (0.28/檔年) 命中 70.4% vs 58.2% | 平均 +9.63% vs +2.14% | 扣大盤 +1.17% | 40日內中途再跌≥10% 51%(完整40日 n=1251)
   四段期間命中差: [np.float64(2.1), np.float64(7.0), np.float64(19.4), np.float64(15.4)]
E 抄底 × 5天內要公布財報                    p1  40日 n=   39 (0.02/檔年) 命中 76.9% vs 61.9% [+1.2,+24.9] | 平均 +9.83% vs +2.44% [-0.78,+16.67] | 扣大盤 +3.67% | 40日內中途再跌≥10% 46%(完整40日 n=39)
E 抄底 × 5天內要公布財報                    p2  40日 n=   70 (0.03/檔年) 命中 75.7% vs 55.6% [+1.5,+29.2] | 平均 +17.86% vs +1.92% [+8.74,+24.78] | 扣大盤 +5.62% | 40日內中途再跌≥10% 43%(完整40日 n=70)
E 抄底 × 5天內要公布財報                    all 40日 n=  109 (0.02/檔年) 命中 76.1% vs 58.2% | 平均 +14.99% vs +2.14% | 扣大盤 +4.92% | 40日內中途再跌≥10% 44%(完整40日 n=109)
   四段期間命中差: [None, np.float64(16.3), None, np.float64(17.2)]
E 抄底 × 氣候≥90%                      p1  40日 n=  232 (0.11/檔年) 命中 69.4% vs 61.9% [-3.3,+15.7] | 平均 +5.68% vs +2.44% [-2.29,+8.02] | 扣大盤 +0.43% | 40日內中途再跌≥10% 49%(完整40日 n=232)
E 抄底 × 氣候≥90%                      p2  40日 n=  454 (0.20/檔年) 命中 74.4% vs 55.6% [+8.2,+25.8] | 平均 +12.38% vs +1.92% [+5.18,+14.09] | 扣大盤 +1.15% | 40日內中途再跌≥10% 44%(完整40日 n=454)
E 抄底 × 氣候≥90%                      all 40日 n=  686 (0.15/檔年) 命中 72.7% vs 58.2% | 平均 +10.11% vs +2.14% | 扣大盤 +0.90% | 40日內中途再跌≥10% 46%(完整40日 n=686)
   四段期間命中差: [np.float64(3.0), np.float64(12.4), np.float64(20.4), np.float64(17.1)]
